a0/rand_0 0.032602934
a0/rand_1 0.029976740
a0/rand_2 0.023614727
a0/rand_3 0.023535223
a0/rand_4 0.031863878
a0/rand_5 0.028141542
a0/rand_6 0.023340771
a0/rand_7 0.023462980
a0/rand_8 0.023636116
a0/rand_9 0.023563937
a1/rand_0 0.023932283
a1/rand_1 0.023066479
a1/rand_2 0.030721425
a1/rand_3 0.027351183
a1/rand_4 0.024910269
a1/rand_5 0.022770704
a1/rand_6 0.019854476
a1/rand_7 0.024265035
a1/rand_8 0.019143688
a1/rand_9 0.019865154
a2/rand_0 0.019133101
a2/rand_1 0.020158930
a2/rand_2 0.019434713
a2/rand_3 0.018887926
a2/rand_4 0.020633695
a2/rand_5 0.019575598
a2/rand_6 0.018432744
a2/rand_7 0.025340697
a2/rand_8 0.018793737
a2/rand_9 0.024472590
a3/rand_0 0.020196978
a3/rand_1 0.019624958
a3/rand_2 0.023324134
a3/rand_3 0.022467861
a3/rand_4 0.018883505
a3/rand_5 0.019907781
a3/rand_6 0.019079602
a3/rand_7 0.020513487
a3/rand_8 0.019609091
a3/rand_9 0.018567830
a4/rand_0 0.020093376
a4/rand_1 0.018326775
a4/rand_2 0.022660181
a4/rand_3 0.022479001
a4/rand_4 0.024472395
a4/rand_5 0.020673563
a4/rand_6 0.019736107
a4/rand_7 0.018704917
a4/rand_8 0.027656231
a4/rand_9 0.019573641
a5/rand_0 0.018748344
a5/rand_1 0.026567300
a5/rand_2 0.029261406
a5/rand_3 0.023725290
a5/rand_4 0.032940801
a5/rand_5 0.022901672
a5/rand_6 0.020123400
a5/rand_7 0.020133256
a5/rand_8 0.020470336
a5/rand_9 0.020433943
a6/rand_0 0.020833208
a6/rand_1 0.027316711
a6/rand_2 0.020799380
a6/rand_3 0.019181959
a6/rand_4 0.043368483
a6/rand_5 0.033025817
a6/rand_6 0.021577765
a6/rand_7 0.020440446
a6/rand_8 0.020191400
a6/rand_9 0.020680649
a7/rand_0 0.021091553
a7/rand_1 0.021230448
a7/rand_2 0.021674457
a7/rand_3 0.022173818
a7/rand_4 0.028120663
a7/rand_5 0.022031378
a7/rand_6 0.023130018
a7/rand_7 0.020589451
a7/rand_8 0.030818546
a7/rand_9 0.021609384
a8/rand_0 0.021154313
a8/rand_1 0.020885561
a8/rand_2 0.023062303
a8/rand_3 0.021597334
a8/rand_4 0.021271462
a8/rand_5 0.026875951
a8/rand_6 0.019855104
a8/rand_7 0.019191664
a8/rand_8 0.024411019
a8/rand_9 0.018880985
a9/rand_0 0.019843616
a9/rand_1 0.023399951
a9/rand_2 0.021463188
a9/rand_3 0.019711240
a9/rand_4 0.021093234
a9/rand_5 0.021070388
a9/rand_6 0.019936842
a9/rand_7 0.019409625
a9/rand_8 0.027095483
a9/rand_9 0.019862444
b0/rand_0 0.019153876
b0/rand_1 0.031881897
b0/rand_2 0.020316008
b0/rand_3 0.020176933
b0/rand_4 0.019519860
b0/rand_5 0.020995292
b0/rand_6 0.019613234
b0/rand_7 0.028642147
b0/rand_8 0.018801892
b0/rand_9 0.019306127
b1/rand_0 0.019995507
b1/rand_1 0.023759748
b1/rand_2 0.027186116
b1/rand_3 0.019554654
b1/rand_4 0.027222225
b1/rand_5 0.020270020
b1/rand_6 0.019525632
b1/rand_7 0.027363031
b1/rand_8 0.024987245
b1/rand_9 0.023724009
b2/rand_0 0.023366379
b2/rand_1 0.023445518
b2/rand_2 0.023776013
b2/rand_3 0.023277900
b2/rand_4 0.023644467
b2/rand_5 0.023606839
b2/rand_6 0.024965137
b2/rand_7 0.022774947
b2/rand_8 0.021158972
b2/rand_9 0.020492116
b3/rand_0 0.019343226
b3/rand_1 0.020214678
b3/rand_2 0.019476533
b3/rand_3 0.020570859
b3/rand_4 0.018553751
b3/rand_5 0.020527226
b3/rand_6 0.020071078
b3/rand_7 0.020452519
b3/rand_8 0.020590927
b3/rand_9 0.019536983
b4/rand_0 0.021105040
b4/rand_1 0.018545841
b4/rand_2 0.020261993
b4/rand_3 0.020184174
b4/rand_4 0.019445491
b4/rand_5 0.019977085
b4/rand_6 0.019478885
b4/rand_7 0.020122916
b4/rand_8 0.018888944
b4/rand_9 0.021013412
b5/rand_0 0.019621264
b5/rand_1 0.019985120
b5/rand_2 0.020324244
b5/rand_3 0.019970813
b5/rand_4 0.020719800
b5/rand_5 0.020522489
b5/rand_6 0.019835843
b5/rand_7 0.018688506
b5/rand_8 0.020340574
b5/rand_9 0.019089507
b6/rand_0 0.020401772
b6/rand_1 0.020888564
b6/rand_2 0.018727824
b6/rand_3 0.020238690
b6/rand_4 0.020665385
b6/rand_5 0.019568016
b6/rand_6 0.019442592
b6/rand_7 0.018212957
b6/rand_8 0.020754012
b6/rand_9 0.019119413
b7/rand_0 0.020160731
b7/rand_1 0.019982973
b7/rand_2 0.018528784
b7/rand_3 0.019631383
b7/rand_4 0.020665959
b7/rand_5 0.020416990
b7/rand_6 0.019888317
b7/rand_7 0.019766070
b7/rand_8 0.020189617
b7/rand_9 0.019444260
b8/rand_0 0.020330955
b8/rand_1 0.019124322
b8/rand_2 0.019296030
b8/rand_3 0.019673029
b8/rand_4 0.019633091
b8/rand_5 0.021601716
b8/rand_6 0.019432133
b8/rand_7 0.023969921
b8/rand_8 0.019667743
b8/rand_9 0.018508873
b9/rand_0 0.026420830
b9/rand_1 0.019734967
b9/rand_2 0.019118956
b9/rand_3 0.021389688
b9/rand_4 0.019529294
b9/rand_5 0.020218594
b9/rand_6 0.026413007
b9/rand_7 0.021098159
b9/rand_8 0.023765980
b9/rand_9 0.023693531
c0/rand_0 0.023488780
c0/rand_1 0.023887195
c0/rand_2 0.024086577
c0/rand_3 0.024019301
c0/rand_4 0.024052782
c0/rand_5 0.022859982
c0/rand_6 0.023301312
c0/rand_7 0.023784162
c0/rand_8 0.030128807
c0/rand_9 0.022983960
c1/rand_0 0.022965863
c1/rand_1 0.023343952
c1/rand_2 0.023008364
c1/rand_3 0.022970608
c1/rand_4 0.023166702
c1/rand_5 0.023192105
c1/rand_6 0.022855324
c1/rand_7 0.023088097
c1/rand_8 0.022995915
c1/rand_9 0.023493229
c2/rand_0 0.023303588
c2/rand_1 0.027070474
c2/rand_2 0.018447440
c2/rand_3 0.018188845
c2/rand_4 0.018070344
c2/rand_5 0.018443904
c2/rand_6 0.018489881
c2/rand_7 0.018433604
c2/rand_8 0.020302493
c2/rand_9 0.019757850
c3/rand_0 0.020111196
c3/rand_1 0.019308480
c3/rand_2 0.019098956
c3/rand_3 0.019495272
c3/rand_4 0.018261854
c3/rand_5 0.020043064
c3/rand_6 0.018872545
c3/rand_7 0.024507849
c3/rand_8 0.018138004
c3/rand_9 0.018445719
c4/rand_0 0.018090811
c4/rand_1 0.018318292
c4/rand_2 0.018595928
c4/rand_3 0.018402137
c4/rand_4 0.017736307
c4/rand_5 0.018380761
c4/rand_6 0.017678335
c4/rand_7 0.018055409
c4/rand_8 0.017862719
c4/rand_9 0.018063071
c5/rand_0 0.017963312
c5/rand_1 0.018513934
c5/rand_2 0.017988798
c5/rand_3 0.018150115
c5/rand_4 0.019470681
c5/rand_5 0.022262313
c5/rand_6 0.017738358
c5/rand_7 0.018082850
c5/rand_8 0.018483198
c5/rand_9 0.018701980
c6/rand_0 0.018075847
c6/rand_1 0.018885664
c6/rand_2 0.018524127
c6/rand_3 0.017956468
c6/rand_4 0.018049943
c6/rand_5 0.018015665
c6/rand_6 0.018400604
c6/rand_7 0.018360874
c6/rand_8 0.018046307
c6/rand_9 0.018425971
c7/rand_0 0.017838654
c7/rand_1 0.018692183
c7/rand_2 0.023574330
c7/rand_3 0.018058737
c7/rand_4 0.017935996
c7/rand_5 0.017803358
c7/rand_6 0.018131742
c7/rand_7 0.017794251
c7/rand_8 0.018618156
c7/rand_9 0.018088368
c8/rand_0 0.017843674
c8/rand_1 0.017598484
c8/rand_2 0.017769643
c8/rand_3 0.019003416
c8/rand_4 0.023541232
c8/rand_5 0.024115140
c8/rand_6 0.024320907
c8/rand_7 0.024104596
c8/rand_8 0.024477748
c8/rand_9 0.030939642
c9/rand_0 0.025329042
c9/rand_1 0.035262796
c9/rand_2 0.021902122
c9/rand_3 0.020388328
c9/rand_4 0.020955201
c9/rand_5 0.020874800
c9/rand_6 0.029692888
c9/rand_7 0.023701238
c9/rand_8 0.026282690
c9/rand_9 0.029595955
d0/rand_0 0.024313887
d0/rand_1 0.035160524
d0/rand_2 0.023763682
d0/rand_3 0.024265290
d0/rand_4 0.024059793
d0/rand_5 0.023820124
d0/rand_6 0.024001123
d0/rand_7 0.024379784
d0/rand_8 0.024202959
d0/rand_9 0.021232650
d1/rand_0 0.020388057
d1/rand_1 0.019704169
d1/rand_2 0.021821084
d1/rand_3 0.022721252
d1/rand_4 0.027170634
d1/rand_5 0.020112892
d1/rand_6 0.020127863
d1/rand_7 0.020609602
d1/rand_8 0.021413790
d1/rand_9 0.021246388
d2/rand_0 0.020574610
d2/rand_1 0.027375323
d2/rand_2 0.021494901
d2/rand_3 0.021373131
d2/rand_4 0.022209282
d2/rand_5 0.021895557
d2/rand_6 0.030220092
d2/rand_7 0.021150159
d2/rand_8 0.021001120
d2/rand_9 0.020042003
d3/rand_0 0.032026456
d3/rand_1 0.021364133
d3/rand_2 0.021207195
d3/rand_3 0.020933240
d3/rand_4 0.029055472
d3/rand_5 0.021394641
d3/rand_6 0.020069035
d3/rand_7 0.019945880
d3/rand_8 0.019961097
d3/rand_9 0.025922696
d4/rand_0 0.020262599
d4/rand_1 0.020828519
d4/rand_2 0.021534160
d4/rand_3 0.030212613
d4/rand_4 0.021423815
d4/rand_5 0.019684529
d4/rand_6 0.020427738
d4/rand_7 0.021610839
d4/rand_8 0.028805690
d4/rand_9 0.020178377
d5/rand_0 0.021027756
d5/rand_1 0.020516984
d5/rand_2 0.020668395
d5/rand_3 0.021464616
d5/rand_4 0.030501220
d5/rand_5 0.020008101
d5/rand_6 0.020369075
d5/rand_7 0.019216714
d5/rand_8 0.020888990
d5/rand_9 0.020354955
d6/rand_0 0.021386147
d6/rand_1 0.030038045
d6/rand_2 0.022147064
d6/rand_3 0.019452485
d6/rand_4 0.028316644
d6/rand_5 0.021714542
d6/rand_6 0.020648368
d6/rand_7 0.020145400
d6/rand_8 0.021034750
d6/rand_9 0.019974717
d7/rand_0 0.020716642
d7/rand_1 0.021198516
d7/rand_2 0.030543615
d7/rand_3 0.020263673
d7/rand_4 0.020847536
d7/rand_5 0.019644310
d7/rand_6 0.019849241
d7/rand_7 0.019161485
d7/rand_8 0.021719736
d7/rand_9 0.019543944
d8/rand_0 0.019821400
d8/rand_1 0.020027307
d8/rand_2 0.020030613
d8/rand_3 0.019563121
d8/rand_4 0.024066008
d8/rand_5 0.026019581
d8/rand_6 0.019251634
d8/rand_7 0.027014485
d8/rand_8 0.019275396
d8/rand_9 0.020005041
d9/rand_0 0.021785832
d9/rand_1 0.020253248
d9/rand_2 0.020261561
d9/rand_3 0.019962988
d9/rand_4 0.019559433
d9/rand_5 0.026904424
d9/rand_6 0.021301915
d9/rand_7 0.021219740
d9/rand_8 0.029229409
d9/rand_9 0.020336215
e0/rand_0 0.019183339
e0/rand_1 0.019568052
e0/rand_2 0.019789293
e0/rand_3 0.028936599
e0/rand_4 0.020116880
e0/rand_5 0.020120105
e0/rand_6 0.019404308
e0/rand_7 0.026928682
e0/rand_8 0.019759046
e0/rand_9 0.020745132
e1/rand_0 0.019879879
e1/rand_1 0.019098672
e1/rand_2 0.026001177
e1/rand_3 0.019735475
e1/rand_4 0.019536954
e1/rand_5 0.021150018
e1/rand_6 0.020320497
e1/rand_7 0.019551137
e1/rand_8 0.026581278
e1/rand_9 0.020154681
e2/rand_0 0.019253648
e2/rand_1 0.020327803
e2/rand_2 0.019676943
e2/rand_3 0.020198009
e2/rand_4 0.020726197
e2/rand_5 0.023801323
e2/rand_6 0.019828204
e2/rand_7 0.018950046
e2/rand_8 0.022586138
e2/rand_9 0.027336859
e3/rand_0 0.020762187
e3/rand_1 0.020033521
e3/rand_2 0.020103810
e3/rand_3 0.019268178
e3/rand_4 0.029468643
e3/rand_5 0.019806495
e3/rand_6 0.019650975
e3/rand_7 0.026776462
e3/rand_8 0.019706394
e3/rand_9 0.019206435
e4/rand_0 0.022701119
e4/rand_1 0.019726886
e4/rand_2 0.019875732
e4/rand_3 0.026481682
e4/rand_4 0.019281372
e4/rand_5 0.018922781
e4/rand_6 0.029688388
e4/rand_7 0.019946776
e4/rand_8 0.019589187
e4/rand_9 0.020299652
e5/rand_0 0.019851136
e5/rand_1 0.019066649
e5/rand_2 0.024904037
e5/rand_3 0.024272828
e5/rand_4 0.019567151
e5/rand_5 0.019660246
e5/rand_6 0.018276623
e5/rand_7 0.020022786
e5/rand_8 0.019333027
e5/rand_9 0.029186428
e6/rand_0 0.020584797
e6/rand_1 0.019541860
e6/rand_2 0.019377353
e6/rand_3 0.025311643
e6/rand_4 0.020828949
e6/rand_5 0.021845232
e6/rand_6 0.027880694
e6/rand_7 0.020010744
e6/rand_8 0.018931269
e6/rand_9 0.020318526
e7/rand_0 0.019946219
e7/rand_1 0.029285046
e7/rand_2 0.028215227
e7/rand_3 0.019635213
e7/rand_4 0.018595273
e7/rand_5 0.020276757
e7/rand_6 0.018686342
e7/rand_7 0.029276185
e7/rand_8 0.019538646
e7/rand_9 0.019708960
e8/rand_0 0.019484043
e8/rand_1 0.019951321
e8/rand_2 0.019446179
e8/rand_3 0.022119233
e8/rand_4 0.019258630
e8/rand_5 0.018336713
e8/rand_6 0.021780758
e8/rand_7 0.022606706
e8/rand_8 0.020185029
e8/rand_9 0.021866311
e9/rand_0 0.020935057
e9/rand_1 0.019963074
e9/rand_2 0.020306978
e9/rand_3 0.026698513
e9/rand_4 0.020031447
e9/rand_5 0.019224763
e9/rand_6 0.029375148
e9/rand_7 0.020107632
e9/rand_8 0.020009915
e9/rand_9 0.020024142
f0/rand_0 0.020219588
f0/rand_1 0.018978253
f0/rand_2 0.029551343
f0/rand_3 0.019985076
f0/rand_4 0.020288860
f0/rand_5 0.020089888
f0/rand_6 0.023053439
f0/rand_7 0.022732502
f0/rand_8 0.022402620
f0/rand_9 0.020144797
f1/rand_0 0.020415944
f1/rand_1 0.020744115
f1/rand_2 0.021128916
f1/rand_3 0.024828695
f1/rand_4 0.022575871
f1/rand_5 0.020229646
f1/rand_6 0.019738428
f1/rand_7 0.019899600
f1/rand_8 0.018940719
f1/rand_9 0.019405223
f2/rand_0 0.019715979
f2/rand_1 0.021826304
f2/rand_2 0.020544517
f2/rand_3 0.019029570
f2/rand_4 0.020168948
f2/rand_5 0.021937877
f2/rand_6 0.024332521
f2/rand_7 0.022636664
f2/rand_8 0.020431623
f2/rand_9 0.019858198
f3/rand_0 0.027569165
f3/rand_1 0.020597925
f3/rand_2 0.019261833
f3/rand_3 0.020607693
f3/rand_4 0.020263229
f3/rand_5 0.019957128
f3/rand_6 0.025772640
f3/rand_7 0.020812175
f3/rand_8 0.020164832
f3/rand_9 0.021286273
f4/rand_0 0.019296296
f4/rand_1 0.020670650
f4/rand_2 0.019816852
f4/rand_3 0.020171377
f4/rand_4 0.025784494
f4/rand_5 0.021631086
f4/rand_6 0.023480085
f4/rand_7 0.023023921
f4/rand_8 0.023449534
f4/rand_9 0.022824305
f5/rand_0 0.023175770
f5/rand_1 0.023647707
f5/rand_2 0.023647719
f5/rand_3 0.023297301
f5/rand_4 0.024006342
f5/rand_5 0.023882396
f5/rand_6 0.023437975
f5/rand_7 0.024570995
f5/rand_8 0.023675676
f5/rand_9 0.025404425
f6/rand_0 0.025852131
f6/rand_1 0.019332850
f6/rand_2 0.019891408
f6/rand_3 0.018533032
f6/rand_4 0.019492065
f6/rand_5 0.018841256
f6/rand_6 0.019211800
f6/rand_7 0.018506331
f6/rand_8 0.019459666
f6/rand_9 0.019259639
f7/rand_0 0.019223474
f7/rand_1 0.018961036
f7/rand_2 0.018587678
f7/rand_3 0.025525704
f7/rand_4 0.019527337
f7/rand_5 0.019954876
f7/rand_6 0.023636000
f7/rand_7 0.019663774
f7/rand_8 0.018650726
f7/rand_9 0.019692870
f8/rand_0 0.018332061
f8/rand_1 0.019590668
f8/rand_2 0.018996812
f8/rand_3 0.021069691
f8/rand_4 0.020319624
f8/rand_5 0.018311033
f8/rand_6 0.019129355
f8/rand_7 0.018479157
f8/rand_8 0.018918769
f8/rand_9 0.023687980
f9/rand_0 0.019522540
f9/rand_1 0.019775799
f9/rand_2 0.024798595
f9/rand_3 0.019702207
f9/rand_4 0.019205497
f9/rand_5 0.018118386
f9/rand_6 0.019959085
f9/rand_7 0.018810306
f9/rand_8 0.024065949
f9/rand_9 0.020068796
g0/rand_0 0.018403754
g0/rand_1 0.019808099
g0/rand_2 0.018631764
g0/rand_3 0.020865181
g0/rand_4 0.019167838
g0/rand_5 0.022781542
g0/rand_6 0.019619179
g0/rand_7 0.019224519
g0/rand_8 0.025317685
g0/rand_9 0.020559023
g1/rand_0 0.018895421
g1/rand_1 0.020017606
g1/rand_2 0.019333949
g1/rand_3 0.023830281
g1/rand_4 0.019578410
g1/rand_5 0.020045110
g1/rand_6 0.020268574
g1/rand_7 0.019132522
g1/rand_8 0.018295300
g1/rand_9 0.019572618
g2/rand_0 0.023958089
g2/rand_1 0.018526368
g2/rand_2 0.020217541
g2/rand_3 0.025060336
g2/rand_4 0.019210130
g2/rand_5 0.019307801
g2/rand_6 0.018209538
g2/rand_7 0.019041723
g2/rand_8 0.018482432
g2/rand_9 0.025687623
g3/rand_0 0.019536941
g3/rand_1 0.018290516
g3/rand_2 0.019039719
g3/rand_3 0.018505866
g3/rand_4 0.018216461
g3/rand_5 0.017706116
g3/rand_6 0.023693650
g3/rand_7 0.018354977
g3/rand_8 0.017643071
g3/rand_9 0.022898159
g4/rand_0 0.018459196
g4/rand_1 0.017889740
g4/rand_2 0.017967288
g4/rand_3 0.019634647
g4/rand_4 0.018574164
g4/rand_5 0.023117027
g4/rand_6 0.018610609
g4/rand_7 0.018278679
g4/rand_8 0.017532525
g4/rand_9 0.018730090
g5/rand_0 0.020830726
g5/rand_1 0.017988146
g5/rand_2 0.017465797
g5/rand_3 0.023027183
g5/rand_4 0.018030087
g5/rand_5 0.020050754
g5/rand_6 0.021338571
g5/rand_7 0.020799757
g5/rand_8 0.018925547
g5/rand_9 0.018403155
g6/rand_0 0.018203459
g6/rand_1 0.018444464
g6/rand_2 0.023070456
g6/rand_3 0.020122347
g6/rand_4 0.018518366
g6/rand_5 0.017910275
g6/rand_6 0.018668001
g6/rand_7 0.017904111
g6/rand_8 0.017702092
g6/rand_9 0.018312763
g7/rand_0 0.024106602
g7/rand_1 0.017964040
g7/rand_2 0.025375733
g7/rand_3 0.018340334
g7/rand_4 0.017788946
g7/rand_5 0.018136426
g7/rand_6 0.017985501
g7/rand_7 0.019941644
g7/rand_8 0.023542876
g7/rand_9 0.018287917
g8/rand_0 0.018134675
g8/rand_1 0.017686043
g8/rand_2 0.017499938
g8/rand_3 0.018316034
g8/rand_4 0.019931310
g8/rand_5 0.019450530
g8/rand_6 0.022350601
g8/rand_7 0.018238096
g8/rand_8 0.019011210
g8/rand_9 0.021536962
g9/rand_0 0.018166416
g9/rand_1 0.017838219
g9/rand_2 0.018205804
g9/rand_3 0.017512433
g9/rand_4 0.018230033
g9/rand_5 0.022642701
g9/rand_6 0.019197252
g9/rand_7 0.018332363
g9/rand_8 0.017997747
g9/rand_9 0.018692421
h0/rand_0 0.017621055
h0/rand_1 0.018123118
h0/rand_2 0.020612412
h0/rand_3 0.021641200
h0/rand_4 0.017730139
h0/rand_5 0.024793927
h0/rand_6 0.019747828
h0/rand_7 0.017989862
h0/rand_8 0.017943761
h0/rand_9 0.018295677
h1/rand_0 0.019133488
h1/rand_1 0.018161157
h1/rand_2 0.023089511
h1/rand_3 0.018334809
h1/rand_4 0.017724324
h1/rand_5 0.018681233
h1/rand_6 0.018040242
h1/rand_7 0.019390849
h1/rand_8 0.017904886
h1/rand_9 0.023624758
h2/rand_0 0.017986073
h2/rand_1 0.018612845
h2/rand_2 0.022554722
h2/rand_3 0.018554891
h2/rand_4 0.019521249
h2/rand_5 0.018369530
h2/rand_6 0.017946447
h2/rand_7 0.017773266
h2/rand_8 0.019483760
h2/rand_9 0.022286705
h3/rand_0 0.018097152
h3/rand_1 0.019478956
h3/rand_2 0.019139897
h3/rand_3 0.017665949
h3/rand_4 0.017544401
h3/rand_5 0.017964243
h3/rand_6 0.023602091
h3/rand_7 0.017772615
h3/rand_8 0.019847503
h3/rand_9 0.023639642
h4/rand_0 0.017545469
h4/rand_1 0.018176375
h4/rand_2 0.018504110
h4/rand_3 0.017734766
h4/rand_4 0.021771264
h4/rand_5 0.020818908
h4/rand_6 0.018072863
h4/rand_7 0.018317215
h4/rand_8 0.019026078
h4/rand_9 0.018118196
h5/rand_0 0.018153385
h5/rand_1 0.019240196
h5/rand_2 0.021174496
h5/rand_3 0.020890739
h5/rand_4 0.022736917
h5/rand_5 0.019187754
h5/rand_6 0.018070103
h5/rand_7 0.018230558
h5/rand_8 0.018830283
h5/rand_9 0.017954483
h6/rand_0 0.017943262
h6/rand_1 0.023201592
h6/rand_2 0.017749102
h6/rand_3 0.018165697
h6/rand_4 0.018135126
h6/rand_5 0.018958056
h6/rand_6 0.018382392
h6/rand_7 0.018191308
h6/rand_8 0.018231511
h6/rand_9 0.022605182
h7/rand_0 0.018213739
h7/rand_1 0.017713996
h7/rand_2 0.023575879
h7/rand_3 0.018343575
h7/rand_4 0.018343824
h7/rand_5 0.018079889
h7/rand_6 0.017837314
h7/rand_7 0.018060214
h7/rand_8 0.020282182
h7/rand_9 0.022163980
h8/rand_0 0.018500629
h8/rand_1 0.018204090
h8/rand_2 0.018259969
h8/rand_3 0.017870931
h8/rand_4 0.018312609
h8/rand_5 0.017832839
h8/rand_6 0.024663103
h8/rand_7 0.017938655
h8/rand_8 0.018375450
h8/rand_9 0.023424533
h9/rand_0 0.017924115
h9/rand_1 0.017626391
h9/rand_2 0.017639399
h9/rand_3 0.019340388
h9/rand_4 0.023007232
h9/rand_5 0.017722725
h9/rand_6 0.017542895
h9/rand_7 0.018458154
h9/rand_8 0.019619489
h9/rand_9 0.018437685
i0/rand_0 0.020276406
i0/rand_1 0.022838367
i0/rand_2 0.019415937
i0/rand_3 0.019214739
i0/rand_4 0.020825963
i0/rand_5 0.021874366
i0/rand_6 0.019675263
i0/rand_7 0.019082772
i0/rand_8 0.019286971
i0/rand_9 0.018204504
i1/rand_0 0.023167492
i1/rand_1 0.020975638
i1/rand_2 0.019520137
i1/rand_3 0.019436594
i1/rand_4 0.017802633
i1/rand_5 0.019299005
i1/rand_6 0.019327513
i1/rand_7 0.021376646
i1/rand_8 0.021457770
i1/rand_9 0.018903409
i2/rand_0 0.018897734
i2/rand_1 0.024253249
i2/rand_2 0.019005020
i2/rand_3 0.018712274
i2/rand_4 0.018254611
i2/rand_5 0.020111228
i2/rand_6 0.018601721
i2/rand_7 0.023315943
i2/rand_8 0.020601450
i2/rand_9 0.018310914
i3/rand_0 0.019382113
i3/rand_1 0.019017925
i3/rand_2 0.019478442
i3/rand_3 0.023078635
i3/rand_4 0.020407787
i3/rand_5 0.017837655
i3/rand_6 0.017558679
i3/rand_7 0.021675117
i3/rand_8 0.020321511
i3/rand_9 0.018286597
i4/rand_0 0.017799906
i4/rand_1 0.017773872
i4/rand_2 0.017619006
i4/rand_3 0.021151004
i4/rand_4 0.018972457
i4/rand_5 0.018355795
i4/rand_6 0.018558840
i4/rand_7 0.017681090
i4/rand_8 0.017851309
i4/rand_9 0.017882299
i5/rand_0 0.018240454
i5/rand_1 0.022843368
i5/rand_2 0.017973834
i5/rand_3 0.018929683
i5/rand_4 0.023731207
i5/rand_5 0.018131778
i5/rand_6 0.017937132
i5/rand_7 0.017798816
i5/rand_8 0.018244493
i5/rand_9 0.020586905
i6/rand_0 0.022042396
i6/rand_1 0.018555298
i6/rand_2 0.018329679
i6/rand_3 0.017973694
i6/rand_4 0.018714581
i6/rand_5 0.017763897
i6/rand_6 0.017555096
i6/rand_7 0.018570523
i6/rand_8 0.022502673
i6/rand_9 0.018344796
i7/rand_0 0.017653967
i7/rand_1 0.024780664
i7/rand_2 0.017365572
i7/rand_3 0.018387291
i7/rand_4 0.018775481
i7/rand_5 0.017730114
i7/rand_6 0.017986163
i7/rand_7 0.023726706
i7/rand_8 0.019592186
i7/rand_9 0.018102229
i8/rand_0 0.019115144
i8/rand_1 0.018113527
i8/rand_2 0.018223885
i8/rand_3 0.018052949
i8/rand_4 0.020232709
i8/rand_5 0.021099290
i8/rand_6 0.018855627
i8/rand_7 0.023769179
i8/rand_8 0.018128006
i8/rand_9 0.018246462
i9/rand_0 0.018296399
i9/rand_1 0.017704255
i9/rand_2 0.018341840
i9/rand_3 0.024376437
i9/rand_4 0.019304687
i9/rand_5 0.019070129
i9/rand_6 0.017615203
i9/rand_7 0.019593944
i9/rand_8 0.017954172
i9/rand_9 0.017491486
j0/rand_0 0.023415940
j0/rand_1 0.019366950
j0/rand_2 0.019016141
j0/rand_3 0.024533516
j0/rand_4 0.017478124
j0/rand_5 0.018894413
j0/rand_6 0.018517142
j0/rand_7 0.018004044
j0/rand_8 0.024409113
j0/rand_9 0.017816436
j1/rand_0 0.024495746
j1/rand_1 0.018495270
j1/rand_2 0.018625712
j1/rand_3 0.018136000
j1/rand_4 0.018548090
j1/rand_5 0.018677669
j1/rand_6 0.018376572
j1/rand_7 0.023269249
j1/rand_8 0.017970752
j1/rand_9 0.018471901
j2/rand_0 0.024515092
j2/rand_1 0.020521830
j2/rand_2 0.018710672
j2/rand_3 0.017958402
j2/rand_4 0.018012083
j2/rand_5 0.017831095
j2/rand_6 0.024307437
j2/rand_7 0.018040621
j2/rand_8 0.020519862
j2/rand_9 0.018677055
j3/rand_0 0.018476980
j3/rand_1 0.017784726
j3/rand_2 0.018089912
j3/rand_3 0.021313645
j3/rand_4 0.019707392
j3/rand_5 0.020008036
j3/rand_6 0.021779005
j3/rand_7 0.020197639
j3/rand_8 0.019238229
j3/rand_9 0.018125727
j4/rand_0 0.017459721
j4/rand_1 0.017933578
j4/rand_2 0.021766121
j4/rand_3 0.022529897
j4/rand_4 0.019541652
j4/rand_5 0.019212913
j4/rand_6 0.017882885
j4/rand_7 0.017991486
j4/rand_8 0.018729993
j4/rand_9 0.025151979
j5/rand_0 0.019792300
j5/rand_1 0.018053328
j5/rand_2 0.022092825
j5/rand_3 0.017687759
j5/rand_4 0.021470610
j5/rand_5 0.023341657
j5/rand_6 0.024972267
j5/rand_7 0.019194595
j5/rand_8 0.019155196
j5/rand_9 0.018007655
j6/rand_0 0.018521205
j6/rand_1 0.018892915
j6/rand_2 0.025412253
j6/rand_3 0.019278310
j6/rand_4 0.018276039
j6/rand_5 0.017723393
j6/rand_6 0.022523658
j6/rand_7 0.018048733
j6/rand_8 0.019748493
j6/rand_9 0.018480325
j7/rand_0 0.022142131
j7/rand_1 0.017765470
j7/rand_2 0.018472928
j7/rand_3 0.018598287
j7/rand_4 0.018324857
j7/rand_5 0.019476223
j7/rand_6 0.018291837
j7/rand_7 0.018184051
j7/rand_8 0.017703715
j7/rand_9 0.022027809
j8/rand_0 0.018042643
j8/rand_1 0.017940278
j8/rand_2 0.024129280
j8/rand_3 0.018333932
j8/rand_4 0.017894949
j8/rand_5 0.018544811
j8/rand_6 0.018257364
j8/rand_7 0.022543857
j8/rand_8 0.017954945
j8/rand_9 0.019619424
j9/rand_0 0.018681440
j9/rand_1 0.017863676
j9/rand_2 0.018145823
j9/rand_3 0.018196065
j9/rand_4 0.017805760
j9/rand_5 0.018646283
j9/rand_6 0.022631327
j9/rand_7 0.018100343
j9/rand_8 0.017863617
j9/rand_9 0.017888436
k0/rand_0 0.022515956
k0/rand_1 0.017485047
k0/rand_2 0.017685288
k0/rand_3 0.019707333
k0/rand_4 0.022865580
k0/rand_5 0.017755950
k0/rand_6 0.018087834
k0/rand_7 0.017667783
k0/rand_8 0.017782595
k0/rand_9 0.017945072
k1/rand_0 0.019357624
k1/rand_1 0.019034118
k1/rand_2 0.019836614
k1/rand_3 0.022469276
k1/rand_4 0.018171779
k1/rand_5 0.017848799
k1/rand_6 0.019124595
k1/rand_7 0.023794793
k1/rand_8 0.018098226
k1/rand_9 0.018078835
k2/rand_0 0.019572602
k2/rand_1 0.020560765
k2/rand_2 0.017871828
k2/rand_3 0.017706421
k2/rand_4 0.019906668
k2/rand_5 0.018444652
k2/rand_6 0.018348454
k2/rand_7 0.018048765
k2/rand_8 0.017796027
k2/rand_9 0.022299445
k3/rand_0 0.017907414
k3/rand_1 0.024046749
k3/rand_2 0.018886811
k3/rand_3 0.021623493
k3/rand_4 0.018763077
k3/rand_5 0.019366311
k3/rand_6 0.017723539
k3/rand_7 0.023117729
k3/rand_8 0.018953536
k3/rand_9 0.018098656
k4/rand_0 0.018190362
k4/rand_1 0.017753865
k4/rand_2 0.018430266
k4/rand_3 0.017999768
k4/rand_4 0.018066947
k4/rand_5 0.026027519
k4/rand_6 0.021044767
k4/rand_7 0.019280280
k4/rand_8 0.018062654
k4/rand_9 0.020623091
k5/rand_0 0.020496923
k5/rand_1 0.019640610
k5/rand_2 0.020087581
k5/rand_3 0.021988662
k5/rand_4 0.018082300
k5/rand_5 0.018183800
k5/rand_6 0.018297244
k5/rand_7 0.018320624
k5/rand_8 0.020471306
k5/rand_9 0.017819371
k6/rand_0 0.017321134
k6/rand_1 0.022861164
k6/rand_2 0.018761351
k6/rand_3 0.023276541
k6/rand_4 0.018623777
k6/rand_5 0.021224581
k6/rand_6 0.023199313
k6/rand_7 0.018012327
k6/rand_8 0.018124248
k6/rand_9 0.022903652
k7/rand_0 0.017653890
k7/rand_1 0.019220234
k7/rand_2 0.018907882
k7/rand_3 0.019045831
k7/rand_4 0.017964852
k7/rand_5 0.017788467
k7/rand_6 0.018480141
k7/rand_7 0.018305668
k7/rand_8 0.025143106
k7/rand_9 0.019160493
k8/rand_0 0.023429112
k8/rand_1 0.017604535
k8/rand_2 0.022743191
k8/rand_3 0.018203713
k8/rand_4 0.018289147
k8/rand_5 0.020343993
k8/rand_6 0.023425487
k8/rand_7 0.017609909
k8/rand_8 0.017610257
k8/rand_9 0.017773555
k9/rand_0 0.018229211
k9/rand_1 0.017931245
k9/rand_2 0.020028134
k9/rand_3 0.018511788
k9/rand_4 0.023167316
k9/rand_5 0.018180301
k9/rand_6 0.022940167
k9/rand_7 0.017958123
k9/rand_8 0.024356711
k9/rand_9 0.019496306
l0/rand_0 0.017970856
l0/rand_1 0.017952625
l0/rand_2 0.023247147
l0/rand_3 0.018402970
l0/rand_4 0.017270903
l0/rand_5 0.018799744
l0/rand_6 0.020641010
l0/rand_7 0.018075615
l0/rand_8 0.017808403
l0/rand_9 0.017952003
l1/rand_0 0.018747084
l1/rand_1 0.022365242
l1/rand_2 0.023791921
l1/rand_3 0.019350802
l1/rand_4 0.021272179
l1/rand_5 0.018261554
l1/rand_6 0.017906016
l1/rand_7 0.017830683
l1/rand_8 0.018486950
l1/rand_9 0.025239055
l2/rand_0 0.017640461
l2/rand_1 0.017966796
l2/rand_2 0.018472946
l2/rand_3 0.017817391
l2/rand_4 0.017575888
l2/rand_5 0.017958256
l2/rand_6 0.020320396
l2/rand_7 0.024174449
l2/rand_8 0.017680456
l2/rand_9 0.022828036
l3/rand_0 0.017610268
l3/rand_1 0.023470185
l3/rand_2 0.018642463
l3/rand_3 0.020304283
l3/rand_4 0.019415381
l3/rand_5 0.024750662
l3/rand_6 0.018081116
l3/rand_7 0.017582309
l3/rand_8 0.017945355
l3/rand_9 0.019691318
l4/rand_0 0.018770702
l4/rand_1 0.018546144
l4/rand_2 0.018035154
l4/rand_3 0.023913034
l4/rand_4 0.018086525
l4/rand_5 0.022527106
l4/rand_6 0.020258729
l4/rand_7 0.025088875
l4/rand_8 0.018161212
l4/rand_9 0.017834636
l5/rand_0 0.017637607
l5/rand_1 0.024391255
l5/rand_2 0.018353481
l5/rand_3 0.019211997
l5/rand_4 0.019238268
l5/rand_5 0.018399807
l5/rand_6 0.018096999
l5/rand_7 0.018469243
l5/rand_8 0.018279585
l5/rand_9 0.022637375
l6/rand_0 0.018136622
l6/rand_1 0.026730879
l6/rand_2 0.018151632
l6/rand_3 0.023918635
l6/rand_4 0.018019519
l6/rand_5 0.017630179
l6/rand_6 0.018167349
l6/rand_7 0.024275916
l6/rand_8 0.020072950
l6/rand_9 0.017389731
l7/rand_0 0.018284034
l7/rand_1 0.018150291
l7/rand_2 0.018050009
l7/rand_3 0.018267037
l7/rand_4 0.017818370
l7/rand_5 0.025192286
l7/rand_6 0.018226754
l7/rand_7 0.022555553
l7/rand_8 0.017868717
l7/rand_9 0.022992647
l8/rand_0 0.017777990
l8/rand_1 0.019991948
l8/rand_2 0.018550695
l8/rand_3 0.024024848
l8/rand_4 0.017777886
l8/rand_5 0.017493388
l8/rand_6 0.018380735
l8/rand_7 0.018317380
l8/rand_8 0.019835636
l8/rand_9 0.019717091
l9/rand_0 0.017569403
l9/rand_1 0.022302786
l9/rand_2 0.018900561
l9/rand_3 0.022776959
l9/rand_4 0.017826193
l9/rand_5 0.022496208
l9/rand_6 0.021298502
l9/rand_7 0.017888107
l9/rand_8 0.018458177
l9/rand_9 0.019373622
m0/rand_0 0.021208891
m0/rand_1 0.019062494
m0/rand_2 0.020647268
m0/rand_3 0.019514974
m0/rand_4 0.018175463
m0/rand_5 0.019974425
m0/rand_6 0.019143079
m0/rand_7 0.019033324
m0/rand_8 0.026378543
m0/rand_9 0.026455691
m1/rand_0 0.026094243
m1/rand_1 0.023468586
m1/rand_2 0.024778487
m1/rand_3 0.025308631
m1/rand_4 0.024494781
m1/rand_5 0.023647417
m1/rand_6 0.023453063
m1/rand_7 0.023584803
m1/rand_8 0.023515323
m1/rand_9 0.024101981
m2/rand_0 0.023764961
m2/rand_1 0.024270460
m2/rand_2 0.023511478
m2/rand_3 0.023507739
m2/rand_4 0.023273001
m2/rand_5 0.023428261
m2/rand_6 0.023678467
m2/rand_7 0.023140153
m2/rand_8 0.023366956
m2/rand_9 0.023377247
m3/rand_0 0.023694040
m3/rand_1 0.019579090
m3/rand_2 0.019053393
m3/rand_3 0.018618284
m3/rand_4 0.019336191
m3/rand_5 0.018698514
m3/rand_6 0.018462986
m3/rand_7 0.018904425
m3/rand_8 0.019083326
m3/rand_9 0.020077321
m4/rand_0 0.018819563
m4/rand_1 0.018571081
m4/rand_2 0.019221823
m4/rand_3 0.019707386
m4/rand_4 0.019393257
m4/rand_5 0.018130436
m4/rand_6 0.020406518
m4/rand_7 0.027113544
m4/rand_8 0.024417300
m4/rand_9 0.033077810
m5/rand_0 0.032629667
m5/rand_1 0.025071673
m5/rand_2 0.033362436
m5/rand_3 0.025941212
m5/rand_4 0.023960478
m5/rand_5 0.023770948
m5/rand_6 0.035226509
m5/rand_7 0.025489420
m5/rand_8 0.032333652
m5/rand_9 0.021807227
m6/rand_0 0.022308086
m6/rand_1 0.021126900
m6/rand_2 0.022238934
m6/rand_3 0.020677649
m6/rand_4 0.021791387
m6/rand_5 0.022384586
m6/rand_6 0.021783962
m6/rand_7 0.023021963
m6/rand_8 0.022185096
m6/rand_9 0.020685040
m7/rand_0 0.021899728
m7/rand_1 0.021410538
m7/rand_2 0.019942065
m7/rand_3 0.021031305
m7/rand_4 0.020075308
m7/rand_5 0.031393207
m7/rand_6 0.021458602
m7/rand_7 0.021457573
m7/rand_8 0.021010813
m7/rand_9 0.022140686
m8/rand_0 0.021628072
m8/rand_1 0.020649110
m8/rand_2 0.022098736
m8/rand_3 0.020604478
m8/rand_4 0.021115806
m8/rand_5 0.023873033
m8/rand_6 0.023871637
m8/rand_7 0.023506166
m8/rand_8 0.021933320
m8/rand_9 0.024600173
m9/rand_0 0.024036777
m9/rand_1 0.023575700
m9/rand_2 0.023236377
m9/rand_3 0.023560013
m9/rand_4 0.029438310
m9/rand_5 0.023512853
m9/rand_6 0.025195326
m9/rand_7 0.028651269
m9/rand_8 0.020310834
m9/rand_9 0.018442194
n0/rand_0 0.018175971
n0/rand_1 0.018932296
n0/rand_2 0.019962705
n0/rand_3 0.020355574
n0/rand_4 0.018675211
n0/rand_5 0.018194002
n0/rand_6 0.018446570
n0/rand_7 0.018257705
n0/rand_8 0.017990454
n0/rand_9 0.018327442
n1/rand_0 0.025839780
n1/rand_1 0.019420628
n1/rand_2 0.020819883
n1/rand_3 0.017635507
n1/rand_4 0.018481030
n1/rand_5 0.017729962
n1/rand_6 0.019823015
n1/rand_7 0.018386347
n1/rand_8 0.018014923
n1/rand_9 0.018506828
n2/rand_0 0.018568692
n2/rand_1 0.018595763
n2/rand_2 0.017871500
n2/rand_3 0.019200126
n2/rand_4 0.020177985
n2/rand_5 0.018137117
n2/rand_6 0.020458305
n2/rand_7 0.021279976
n2/rand_8 0.020431685
n2/rand_9 0.019383147
n3/rand_0 0.019528079
n3/rand_1 0.018263910
n3/rand_2 0.018567693
n3/rand_3 0.018271110
n3/rand_4 0.018113720
n3/rand_5 0.018272403
n3/rand_6 0.018095460
n3/rand_7 0.018364943
n3/rand_8 0.018794565
n3/rand_9 0.019667760
n4/rand_0 0.019225335
n4/rand_1 0.018106702
n4/rand_2 0.018818271
n4/rand_3 0.017766082
n4/rand_4 0.023150337
n4/rand_5 0.023090832
n4/rand_6 0.022344228
n4/rand_7 0.018657475
n4/rand_8 0.019568055
n4/rand_9 0.020790606
n5/rand_0 0.020724911
n5/rand_1 0.019382306
n5/rand_2 0.020755458
n5/rand_3 0.020337585
n5/rand_4 0.019504126
n5/rand_5 0.020407733
n5/rand_6 0.019417546
n5/rand_7 0.019666233
n5/rand_8 0.019379700
n5/rand_9 0.021085714
n6/rand_0 0.024800794
n6/rand_1 0.018164508
n6/rand_2 0.026499400
n6/rand_3 0.020149278
n6/rand_4 0.019242983
n6/rand_5 0.021048538
n6/rand_6 0.019466749
n6/rand_7 0.019720630
n6/rand_8 0.020642135
n6/rand_9 0.019401464
n7/rand_0 0.019705257
n7/rand_1 0.020378794
n7/rand_2 0.020224686
n7/rand_3 0.019428496
n7/rand_4 0.021662096
n7/rand_5 0.022037475
n7/rand_6 0.022795597
n7/rand_7 0.020052004
n7/rand_8 0.020016999
n7/rand_9 0.019648620
n8/rand_0 0.019115998
n8/rand_1 0.018721194
n8/rand_2 0.018549904
n8/rand_3 0.018106545
n8/rand_4 0.018398664
n8/rand_5 0.018930984
n8/rand_6 0.019348594
n8/rand_7 0.018982431
n8/rand_8 0.018954900
n8/rand_9 0.018230043
n9/rand_0 0.019779170
n9/rand_1 0.018061704
n9/rand_2 0.024392760
n9/rand_3 0.023932204
n9/rand_4 0.019290852
n9/rand_5 0.018268656
n9/rand_6 0.018385378
n9/rand_7 0.018413166
n9/rand_8 0.018498741
n9/rand_9 0.020402586
o0/rand_0 0.018824677
o0/rand_1 0.018177720
o0/rand_2 0.018307950
o0/rand_3 0.018445030
o0/rand_4 0.018242748
o0/rand_5 0.018167127
o0/rand_6 0.020588375
o0/rand_7 0.018971219
o0/rand_8 0.023053845
o0/rand_9 0.018295930
o1/rand_0 0.024205050
o1/rand_1 0.018309679
o1/rand_2 0.019808542
o1/rand_3 0.019908118
o1/rand_4 0.018619265
o1/rand_5 0.018658257
o1/rand_6 0.019330928
o1/rand_7 0.018448895
o1/rand_8 0.018122142
o1/rand_9 0.018963363
o2/rand_0 0.019863506
o2/rand_1 0.018333437
o2/rand_2 0.017901934
o2/rand_3 0.018754190
o2/rand_4 0.022781067
o2/rand_5 0.017672350
o2/rand_6 0.020632901
o2/rand_7 0.024257082
o2/rand_8 0.017964823
o2/rand_9 0.018677444
o3/rand_0 0.017797398
o3/rand_1 0.018150449
o3/rand_2 0.018769425
o3/rand_3 0.019334852
o3/rand_4 0.024546383
o3/rand_5 0.018714359
o3/rand_6 0.018371923
o3/rand_7 0.017962288
o3/rand_8 0.019128156
o3/rand_9 0.018258042
o4/rand_0 0.024816085
o4/rand_1 0.019143259
o4/rand_2 0.024282905
o4/rand_3 0.017953748
o4/rand_4 0.017629925
o4/rand_5 0.019850557
o4/rand_6 0.018123782
o4/rand_7 0.021181908
o4/rand_8 0.018767080
o4/rand_9 0.018173548
o5/rand_0 0.023986465
o5/rand_1 0.018533167
o5/rand_2 0.018158842
o5/rand_3 0.019049775
o5/rand_4 0.019465114
o5/rand_5 0.018379550
o5/rand_6 0.023289348
o5/rand_7 0.018216858
o5/rand_8 0.024163999
o5/rand_9 0.017964607
o6/rand_0 0.019601737
o6/rand_1 0.019291123
o6/rand_2 0.018150393
o6/rand_3 0.018615208
o6/rand_4 0.018512044
o6/rand_5 0.018279568
o6/rand_6 0.023575333
o6/rand_7 0.021411668
o6/rand_8 0.018551414
o6/rand_9 0.018478624
o7/rand_0 0.018112843
o7/rand_1 0.018628397
o7/rand_2 0.018396641
o7/rand_3 0.019516317
o7/rand_4 0.022514813
o7/rand_5 0.022232298
o7/rand_6 0.019067568
o7/rand_7 0.018494598
o7/rand_8 0.018821238
o7/rand_9 0.018271900
o8/rand_0 0.018285224
o8/rand_1 0.020023965
o8/rand_2 0.019631597
o8/rand_3 0.023792635
o8/rand_4 0.018200286
o8/rand_5 0.018268759
o8/rand_6 0.018013165
o8/rand_7 0.019013797
o8/rand_8 0.018776825
o8/rand_9 0.017847857
o9/rand_0 0.022362152
o9/rand_1 0.017788820
o9/rand_2 0.022939004
o9/rand_3 0.017868618
o9/rand_4 0.019112587
o9/rand_5 0.019334299
o9/rand_6 0.018612137
o9/rand_7 0.018142603
o9/rand_8 0.018215749
o9/rand_9 0.022927031
p0/rand_0 0.018073700
p0/rand_1 0.019664576
p0/rand_2 0.018596906
p0/rand_3 0.017993891
p0/rand_4 0.018247459
p0/rand_5 0.017576987
p0/rand_6 0.019832711
p0/rand_7 0.021878911
p0/rand_8 0.023765359
p0/rand_9 0.018633016
p1/rand_0 0.018730344
p1/rand_1 0.018570955
p1/rand_2 0.017487188
p1/rand_3 0.018009947
p1/rand_4 0.019259232
p1/rand_5 0.025230992
p1/rand_6 0.018339512
p1/rand_7 0.017599296
p1/rand_8 0.017287567
p1/rand_9 0.019320041
p2/rand_0 0.018387192
p2/rand_1 0.017755068
p2/rand_2 0.018980101
p2/rand_3 0.024490535
p2/rand_4 0.017428827
p2/rand_5 0.022174351
p2/rand_6 0.017959528
p2/rand_7 0.017754025
p2/rand_8 0.018855775
p2/rand_9 0.020550339
p3/rand_0 0.017745656
p3/rand_1 0.023346599
p3/rand_2 0.018691226
p3/rand_3 0.019180636
p3/rand_4 0.018276095
p3/rand_5 0.018348713
p3/rand_6 0.020504320
p3/rand_7 0.017885828
p3/rand_8 0.017544844
p3/rand_9 0.019853204
p4/rand_0 0.024546621
p4/rand_1 0.019344349
p4/rand_2 0.019009901
p4/rand_3 0.018970545
p4/rand_4 0.019028047
p4/rand_5 0.019716626
p4/rand_6 0.018245862
p4/rand_7 0.019174801
p4/rand_8 0.022649002
p4/rand_9 0.019017185
p5/rand_0 0.018339847
p5/rand_1 0.018923061
p5/rand_2 0.017815926
p5/rand_3 0.017997658
p5/rand_4 0.018036172
p5/rand_5 0.018155845
p5/rand_6 0.023844987
p5/rand_7 0.025320400
p5/rand_8 0.017997548
p5/rand_9 0.017775112
p6/rand_0 0.017443957
p6/rand_1 0.018997761
p6/rand_2 0.017775339
p6/rand_3 0.020382837
p6/rand_4 0.025286370
p6/rand_5 0.018715139
p6/rand_6 0.017600712
p6/rand_7 0.018283559
p6/rand_8 0.018602152
p6/rand_9 0.017837993
p7/rand_0 0.024707465
p7/rand_1 0.017875735
p7/rand_2 0.024792785
p7/rand_3 0.022508192
p7/rand_4 0.018517828
p7/rand_5 0.017876650
p7/rand_6 0.019720536
p7/rand_7 0.019891867
p7/rand_8 0.017293376
p7/rand_9 0.017988490
p8/rand_0 0.023964943
p8/rand_1 0.017996507
p8/rand_2 0.017332335
p8/rand_3 0.019134565
p8/rand_4 0.019642811
p8/rand_5 0.017639343
p8/rand_6 0.019223663
p8/rand_7 0.024995327
p8/rand_8 0.020071783
p8/rand_9 0.021534633
p9/rand_0 0.021525456
p9/rand_1 0.018600071
p9/rand_2 0.017934276
p9/rand_3 0.017961245
p9/rand_4 0.018106869
p9/rand_5 0.019092529
p9/rand_6 0.017717285
p9/rand_7 0.022769381
p9/rand_8 0.021551897
p9/rand_9 0.017637728
q0/rand_0 0.018197089
q0/rand_1 0.018760155
q0/rand_2 0.018296493
q0/rand_3 0.017526108
q0/rand_4 0.024721794
q0/rand_5 0.018373475
q0/rand_6 0.018292814
q0/rand_7 0.022599300
q0/rand_8 0.018011248
q0/rand_9 0.019774472
q1/rand_0 0.019176369
q1/rand_1 0.019123922
q1/rand_2 0.017930738
q1/rand_3 0.023337360
q1/rand_4 0.017319542
q1/rand_5 0.018796991
q1/rand_6 0.018059658
q1/rand_7 0.018415808
q1/rand_8 0.019692487
q1/rand_9 0.021647686
q2/rand_0 0.019089495
q2/rand_1 0.018835215
q2/rand_2 0.021166240
q2/rand_3 0.020131785
q2/rand_4 0.019436225
q2/rand_5 0.018966399
q2/rand_6 0.017919716
q2/rand_7 0.017743612
q2/rand_8 0.018177782
q2/rand_9 0.018334050
q3/rand_0 0.022212216
q3/rand_1 0.019996812
q3/rand_2 0.019342857
q3/rand_3 0.017872669
q3/rand_4 0.018890552
q3/rand_5 0.018303974
q3/rand_6 0.022993041
q3/rand_7 0.017903071
q3/rand_8 0.020432754
q3/rand_9 0.023311528
q4/rand_0 0.017491500
q4/rand_1 0.018573460
q4/rand_2 0.018575002
q4/rand_3 0.018883098
q4/rand_4 0.018085298
q4/rand_5 0.019958316
q4/rand_6 0.017723457
q4/rand_7 0.022654133
q4/rand_8 0.018855379
q4/rand_9 0.017599264
q5/rand_0 0.017957281
q5/rand_1 0.017578582
q5/rand_2 0.018284897
q5/rand_3 0.022010439
q5/rand_4 0.022771645
q5/rand_5 0.019887021
q5/rand_6 0.023470921
q5/rand_7 0.017928715
q5/rand_8 0.018790824
q5/rand_9 0.018514623
q6/rand_0 0.020437058
q6/rand_1 0.019523209
q6/rand_2 0.017982003
q6/rand_3 0.022647565
q6/rand_4 0.019642014
q6/rand_5 0.018174404
q6/rand_6 0.018364395
q6/rand_7 0.019531745
q6/rand_8 0.020916397
q6/rand_9 0.021499641
q7/rand_0 0.017781418
q7/rand_1 0.021187780
q7/rand_2 0.022303224
q7/rand_3 0.017800712
q7/rand_4 0.020526129
q7/rand_5 0.019302659
q7/rand_6 0.018442463
q7/rand_7 0.020398688
q7/rand_8 0.020887803
q7/rand_9 0.020530135
q8/rand_0 0.020261478
q8/rand_1 0.019573074
q8/rand_2 0.019347182
q8/rand_3 0.019119478
q8/rand_4 0.020350434
q8/rand_5 0.022334753
q8/rand_6 0.019547821
q8/rand_7 0.026329429
q8/rand_8 0.020575807
q8/rand_9 0.018754442
q9/rand_0 0.019086249
q9/rand_1 0.020198266
q9/rand_2 0.018961570
q9/rand_3 0.020393670
q9/rand_4 0.019347693
q9/rand_5 0.024872405
q9/rand_6 0.019989335
q9/rand_7 0.018922108
q9/rand_8 0.018307343
q9/rand_9 0.018431204
r0/rand_0 0.019711412
r0/rand_1 0.024018308
r0/rand_2 0.018442490
r0/rand_3 0.017950189
r0/rand_4 0.024448532
r0/rand_5 0.018633079
r0/rand_6 0.017818637
r0/rand_7 0.020370515
r0/rand_8 0.020702027
r0/rand_9 0.019254525
r1/rand_0 0.023863878
r1/rand_1 0.017980261
r1/rand_2 0.017931026
r1/rand_3 0.018380688
r1/rand_4 0.018264333
r1/rand_5 0.020137118
r1/rand_6 0.018097603
r1/rand_7 0.024249709
r1/rand_8 0.018445394
r1/rand_9 0.026992768
r2/rand_0 0.023036023
r2/rand_1 0.023088319
r2/rand_2 0.022899741
r2/rand_3 0.023158393
r2/rand_4 0.025917771
r2/rand_5 0.022991335
r2/rand_6 0.023191089
r2/rand_7 0.023496165
r2/rand_8 0.023620348
r2/rand_9 0.023155589
r3/rand_0 0.023110928
r3/rand_1 0.020866896
r3/rand_2 0.018239063
r3/rand_3 0.018772067
r3/rand_4 0.019522555
r3/rand_5 0.018835123
r3/rand_6 0.018372068
r3/rand_7 0.018761405
r3/rand_8 0.018387861
r3/rand_9 0.017737255
r4/rand_0 0.019672200
r4/rand_1 0.019459605
r4/rand_2 0.018205141
r4/rand_3 0.018184866
r4/rand_4 0.018225079
r4/rand_5 0.018856881
r4/rand_6 0.018653114
r4/rand_7 0.019449952
r4/rand_8 0.019395414
r4/rand_9 0.019678564
r5/rand_0 0.019269908
r5/rand_1 0.018426251
r5/rand_2 0.018960569
r5/rand_3 0.018612540
r5/rand_4 0.019500794
r5/rand_5 0.018866462
r5/rand_6 0.019000389
r5/rand_7 0.018235233
r5/rand_8 0.018822930
r5/rand_9 0.019566248
r6/rand_0 0.020157530
r6/rand_1 0.020038315
r6/rand_2 0.017977581
r6/rand_3 0.017790450
r6/rand_4 0.020075938
r6/rand_5 0.018749449
r6/rand_6 0.018766927
r6/rand_7 0.017649278
r6/rand_8 0.020830899
r6/rand_9 0.024501455
r7/rand_0 0.018780150
r7/rand_1 0.019809850
r7/rand_2 0.018614297
r7/rand_3 0.018627618
r7/rand_4 0.018558690
r7/rand_5 0.019496069
r7/rand_6 0.019050543
r7/rand_7 0.019483777
r7/rand_8 0.018496243
r7/rand_9 0.018193661
r8/rand_0 0.018983866
r8/rand_1 0.018606411
r8/rand_2 0.019174408
r8/rand_3 0.019486550
r8/rand_4 0.019412435
r8/rand_5 0.018745124
r8/rand_6 0.018080884
r8/rand_7 0.018787898
r8/rand_8 0.017461260
r8/rand_9 0.020581793
r9/rand_0 0.018979699
r9/rand_1 0.019042728
r9/rand_2 0.018822915
r9/rand_3 0.018210024
r9/rand_4 0.020265472
r9/rand_5 0.018713002
r9/rand_6 0.020587009
r9/rand_7 0.019333865
r9/rand_8 0.018543809
r9/rand_9 0.018086471
s0/rand_0 0.019294848
s0/rand_1 0.019641785
s0/rand_2 0.018649538
s0/rand_3 0.020270957
s0/rand_4 0.018805386
s0/rand_5 0.018900079
s0/rand_6 0.019511023
s0/rand_7 0.019272331
s0/rand_8 0.018452516
s0/rand_9 0.018464374
s1/rand_0 0.020001813
s1/rand_1 0.019171322
s1/rand_2 0.018910850
s1/rand_3 0.020031402
s1/rand_4 0.024439479
s1/rand_5 0.018208882
s1/rand_6 0.018313437
s1/rand_7 0.020589199
s1/rand_8 0.018683767
s1/rand_9 0.018057551
s2/rand_0 0.019918331
s2/rand_1 0.018245644
s2/rand_2 0.019448080
s2/rand_3 0.018060782
s2/rand_4 0.021270229
s2/rand_5 0.020464808
s2/rand_6 0.018803256
s2/rand_7 0.018282563
s2/rand_8 0.019026623
s2/rand_9 0.019366900
s3/rand_0 0.019640300
s3/rand_1 0.019324261
s3/rand_2 0.019908174
s3/rand_3 0.018921300
s3/rand_4 0.019425637
s3/rand_5 0.020106015
s3/rand_6 0.019098617
s3/rand_7 0.020450403
s3/rand_8 0.018765189
s3/rand_9 0.020401908
s4/rand_0 0.019692345
s4/rand_1 0.018372737
s4/rand_2 0.019623512
s4/rand_3 0.018743243
s4/rand_4 0.020343552
s4/rand_5 0.019407742
s4/rand_6 0.019348763
s4/rand_7 0.019858531
s4/rand_8 0.018712632
s4/rand_9 0.020733659
s5/rand_0 0.020579470
s5/rand_1 0.020508781
s5/rand_2 0.019904071
s5/rand_3 0.018705910
s5/rand_4 0.019279573
s5/rand_5 0.019896152
s5/rand_6 0.020303181
s5/rand_7 0.019345345
s5/rand_8 0.020321056
s5/rand_9 0.020306826
s6/rand_0 0.019860078
s6/rand_1 0.018721606
s6/rand_2 0.018882162
s6/rand_3 0.019152577
s6/rand_4 0.020537783
s6/rand_5 0.018978279
s6/rand_6 0.020500049
s6/rand_7 0.019010159
s6/rand_8 0.019438596
s6/rand_9 0.019862814
s7/rand_0 0.024465783
s7/rand_1 0.019459069
s7/rand_2 0.018879827
s7/rand_3 0.019274799
s7/rand_4 0.019981917
s7/rand_5 0.018650139
s7/rand_6 0.019798803
s7/rand_7 0.018945257
s7/rand_8 0.018070708
s7/rand_9 0.019879613
s8/rand_0 0.019618177
s8/rand_1 0.020197956
s8/rand_2 0.021659734
s8/rand_3 0.018780106
s8/rand_4 0.019124436
s8/rand_5 0.018876085
s8/rand_6 0.020418487
s8/rand_7 0.018337528
s8/rand_8 0.018735975
s8/rand_9 0.018441011
s9/rand_0 0.018777476
s9/rand_1 0.019421037
s9/rand_2 0.018672387
s9/rand_3 0.019227137
s9/rand_4 0.019106890
s9/rand_5 0.018059111
s9/rand_6 0.018177071
s9/rand_7 0.018010659
s9/rand_8 0.018224209
s9/rand_9 0.017733708
t0/rand_0 0.017983922
t0/rand_1 0.018822681
t0/rand_2 0.018543860
t0/rand_3 0.018271692
t0/rand_4 0.018745181
t0/rand_5 0.018232354
t0/rand_6 0.017862271
t0/rand_7 0.017807362
t0/rand_8 0.020973460
t0/rand_9 0.018068328
t1/rand_0 0.018151866
t1/rand_1 0.018647165
t1/rand_2 0.017331104
t1/rand_3 0.018802248
t1/rand_4 0.017972000
t1/rand_5 0.020032458
t1/rand_6 0.018314152
t1/rand_7 0.018243978
t1/rand_8 0.018346666
t1/rand_9 0.017807477
t2/rand_0 0.018243587
t2/rand_1 0.018071306
t2/rand_2 0.018809308
t2/rand_3 0.018126593
t2/rand_4 0.017760874
t2/rand_5 0.017843232
t2/rand_6 0.019905585
t2/rand_7 0.023620131
t2/rand_8 0.018399823
t2/rand_9 0.019084777
t3/rand_0 0.017592836
t3/rand_1 0.018979444
t3/rand_2 0.018544916
t3/rand_3 0.018616262
t3/rand_4 0.018400759
t3/rand_5 0.018256795
t3/rand_6 0.019322526
t3/rand_7 0.019251814
t3/rand_8 0.018918345
t3/rand_9 0.017923514
t4/rand_0 0.017691892
t4/rand_1 0.019894396
t4/rand_2 0.018259596
t4/rand_3 0.018362506
t4/rand_4 0.019032348
t4/rand_5 0.017948749
t4/rand_6 0.018391847
t4/rand_7 0.020919261
t4/rand_8 0.018195781
t4/rand_9 0.018061088
t5/rand_0 0.018193343
t5/rand_1 0.022291017
t5/rand_2 0.018031604
t5/rand_3 0.017980327
t5/rand_4 0.017920715
t5/rand_5 0.017740990
t5/rand_6 0.018314856
t5/rand_7 0.017845777
t5/rand_8 0.019382993
t5/rand_9 0.017837870
t6/rand_0 0.017511095
t6/rand_1 0.018285973
t6/rand_2 0.018496668
t6/rand_3 0.017631816
t6/rand_4 0.017658673
t6/rand_5 0.018635535
t6/rand_6 0.018488814
t6/rand_7 0.017833427
t6/rand_8 0.024827811
t6/rand_9 0.017384118
t7/rand_0 0.017759968
t7/rand_1 0.018522845
t7/rand_2 0.019958168
t7/rand_3 0.018714776
t7/rand_4 0.017893746
t7/rand_5 0.018265045
t7/rand_6 0.017856508
t7/rand_7 0.018853851
t7/rand_8 0.022818955
t7/rand_9 0.020054392
t8/rand_0 0.018293102
t8/rand_1 0.017838510
t8/rand_2 0.018116304
t8/rand_3 0.017835555
t8/rand_4 0.017645251
t8/rand_5 0.019247639
t8/rand_6 0.021544200
t8/rand_7 0.018122427
t8/rand_8 0.018199402
t8/rand_9 0.018008743
t9/rand_0 0.017885744
t9/rand_1 0.017564951
t9/rand_2 0.018641856
t9/rand_3 0.018007368
t9/rand_4 0.018872817
t9/rand_5 0.018024051
t9/rand_6 0.018508389
t9/rand_7 0.017990728
t9/rand_8 0.017539505
t9/rand_9 0.018296684
u0/rand_0 0.017721415
u0/rand_1 0.019396895
u0/rand_2 0.022151959
u0/rand_3 0.018220331
u0/rand_4 0.017481612
u0/rand_5 0.017430370
u0/rand_6 0.018387129
u0/rand_7 0.018090642
u0/rand_8 0.020737843
u0/rand_9 0.018685918
u1/rand_0 0.018800677
u1/rand_1 0.019315272
u1/rand_2 0.019871620
u1/rand_3 0.017818239
u1/rand_4 0.018186976
u1/rand_5 0.018425240
u1/rand_6 0.023831611
u1/rand_7 0.019065320
u1/rand_8 0.018613609
u1/rand_9 0.019699376
u2/rand_0 0.018098402
u2/rand_1 0.017782329
u2/rand_2 0.020223263
u2/rand_3 0.018865976
u2/rand_4 0.017859503
u2/rand_5 0.018432872
u2/rand_6 0.019368348
u2/rand_7 0.018463621
u2/rand_8 0.021085438
u2/rand_9 0.018731030
u3/rand_0 0.017934603
u3/rand_1 0.017850244
u3/rand_2 0.024594725
u3/rand_3 0.018413251
u3/rand_4 0.017662238
u3/rand_5 0.018864569
u3/rand_6 0.018019719
u3/rand_7 0.018290277
u3/rand_8 0.017932099
u3/rand_9 0.019131627
u4/rand_0 0.019531575
u4/rand_1 0.018063922
u4/rand_2 0.018401325
u4/rand_3 0.018223065
u4/rand_4 0.017813329
u4/rand_5 0.018036738
u4/rand_6 0.019155848
u4/rand_7 0.025616957
u4/rand_8 0.018928973
u4/rand_9 0.017961180
u5/rand_0 0.026789268
u5/rand_1 0.018372577
u5/rand_2 0.017749040
u5/rand_3 0.019613554
u5/rand_4 0.018077993
u5/rand_5 0.018758298
u5/rand_6 0.018594563
u5/rand_7 0.018178178
u5/rand_8 0.018282498
u5/rand_9 0.017832478
u6/rand_0 0.019299362
u6/rand_1 0.019691558
u6/rand_2 0.019144972
u6/rand_3 0.019251527
u6/rand_4 0.017877149
u6/rand_5 0.018665999
u6/rand_6 0.019350773
u6/rand_7 0.024911982
u6/rand_8 0.018854830
u6/rand_9 0.018158514
u7/rand_0 0.018896830
u7/rand_1 0.019458646
u7/rand_2 0.024575830
u7/rand_3 0.018624638
u7/rand_4 0.020063143
u7/rand_5 0.018348694
u7/rand_6 0.017950012
u7/rand_7 0.018099995
u7/rand_8 0.018482225
u7/rand_9 0.019900393
u8/rand_0 0.018002624
u8/rand_1 0.020182711
u8/rand_2 0.022884833
u8/rand_3 0.020924293
u8/rand_4 0.019520097
u8/rand_5 0.018061407
u8/rand_6 0.018190624
u8/rand_7 0.018184789
u8/rand_8 0.020543001
u8/rand_9 0.019158352
u9/rand_0 0.020508056
u9/rand_1 0.018645147
u9/rand_2 0.017718185
u9/rand_3 0.017935489
u9/rand_4 0.019915048
u9/rand_5 0.020620828
u9/rand_6 0.017604556
u9/rand_7 0.018176596
u9/rand_8 0.018181580
u9/rand_9 0.018559096
v0/rand_0 0.023506299
v0/rand_1 0.021091456
v0/rand_2 0.019977295
v0/rand_3 0.018385973
v0/rand_4 0.017980564
v0/rand_5 0.019093505
v0/rand_6 0.018528326
v0/rand_7 0.017998445
v0/rand_8 0.018489866
v0/rand_9 0.020964612
v1/rand_0 0.019725311
v1/rand_1 0.018400719
v1/rand_2 0.018831186
v1/rand_3 0.017767613
v1/rand_4 0.017821576
v1/rand_5 0.019150925
v1/rand_6 0.026480496
v1/rand_7 0.018797360
v1/rand_8 0.018306125
v1/rand_9 0.018034166
v2/rand_0 0.018770447
v2/rand_1 0.017587503
v2/rand_2 0.018155102
v2/rand_3 0.020691345
v2/rand_4 0.018203444
v2/rand_5 0.019010558
v2/rand_6 0.018115303
v2/rand_7 0.018110339
v2/rand_8 0.019450506
v2/rand_9 0.018786741
v3/rand_0 0.019822431
v3/rand_1 0.018757904
v3/rand_2 0.024209105
v3/rand_3 0.018563313
v3/rand_4 0.017821606
v3/rand_5 0.018665634
v3/rand_6 0.019905640
v3/rand_7 0.019497145
v3/rand_8 0.018143128
v3/rand_9 0.018970021
v4/rand_0 0.018922535
v4/rand_1 0.019070008
v4/rand_2 0.018533071
v4/rand_3 0.019665936
v4/rand_4 0.018359395
v4/rand_5 0.017594020
v4/rand_6 0.019056468
v4/rand_7 0.017846458
v4/rand_8 0.018247675
v4/rand_9 0.025358663
v5/rand_0 0.019908338
v5/rand_1 0.018791938
v5/rand_2 0.018120757
v5/rand_3 0.018638555
v5/rand_4 0.018505588
v5/rand_5 0.018232623
v5/rand_6 0.018191175
v5/rand_7 0.026524977
v5/rand_8 0.018523578
v5/rand_9 0.018321003
v6/rand_0 0.018490309
v6/rand_1 0.018392669
v6/rand_2 0.017554016
v6/rand_3 0.018583912
v6/rand_4 0.019653466
v6/rand_5 0.021368171
v6/rand_6 0.022322415
v6/rand_7 0.017694974
v6/rand_8 0.018761548
v6/rand_9 0.018485000
v7/rand_0 0.018457429
v7/rand_1 0.020639697
v7/rand_2 0.019320874
v7/rand_3 0.019540025
v7/rand_4 0.018652243
v7/rand_5 0.018455391
v7/rand_6 0.019502307
v7/rand_7 0.018405784
v7/rand_8 0.020502103
v7/rand_9 0.018465992
v8/rand_0 0.017480593
v8/rand_1 0.018561801
v8/rand_2 0.024024211
v8/rand_3 0.018574156
v8/rand_4 0.019649956
v8/rand_5 0.021030010
v8/rand_6 0.017801659
v8/rand_7 0.018442763
v8/rand_8 0.017921454
v8/rand_9 0.018501545
v9/rand_0 0.020787825
v9/rand_1 0.019169262
v9/rand_2 0.019902368
v9/rand_3 0.018407830
v9/rand_4 0.018778746
v9/rand_5 0.019678679
v9/rand_6 0.019026783
v9/rand_7 0.017853385
v9/rand_8 0.018898980
v9/rand_9 0.026151555
w0/rand_0 0.018007666
w0/rand_1 0.017948183
w0/rand_2 0.018797737
w0/rand_3 0.018285469
w0/rand_4 0.018797162
w0/rand_5 0.019180967
w0/rand_6 0.020322227
w0/rand_7 0.018737649
w0/rand_8 0.017681217
w0/rand_9 0.017886549
w1/rand_0 0.017779049
w1/rand_1 0.018560429
w1/rand_2 0.022389684
w1/rand_3 0.019298476
w1/rand_4 0.018444213
w1/rand_5 0.018078446
w1/rand_6 0.023662523
w1/rand_7 0.019041636
w1/rand_8 0.018328343
w1/rand_9 0.018529280
w2/rand_0 0.019667050
w2/rand_1 0.018543455
w2/rand_2 0.018060110
w2/rand_3 0.021289349
w2/rand_4 0.017887205
w2/rand_5 0.018073617
w2/rand_6 0.019173405
w2/rand_7 0.019693964
w2/rand_8 0.020157138
w2/rand_9 0.018750591
w3/rand_0 0.018194221
w3/rand_1 0.018586095
w3/rand_2 0.018974881
w3/rand_3 0.025833339
w3/rand_4 0.018035128
w3/rand_5 0.019884768
w3/rand_6 0.018168404
w3/rand_7 0.017522143
w3/rand_8 0.019578517
w3/rand_9 0.017462611
w4/rand_0 0.021183772
w4/rand_1 0.019213456
w4/rand_2 0.018524241
w4/rand_3 0.021749929
w4/rand_4 0.021406504
w4/rand_5 0.023684712
w4/rand_6 0.018817742
w4/rand_7 0.020307716
w4/rand_8 0.025459565
w4/rand_9 0.018744245
w5/rand_0 0.019748239
w5/rand_1 0.018060488
w5/rand_2 0.018099356
w5/rand_3 0.020161835
w5/rand_4 0.019181396
w5/rand_5 0.020753706
w5/rand_6 0.023472758
w5/rand_7 0.019092062
w5/rand_8 0.018512109
w5/rand_9 0.020158120
w6/rand_0 0.020243280
w6/rand_1 0.019037194
w6/rand_2 0.019907862
w6/rand_3 0.017798949
w6/rand_4 0.023413879
w6/rand_5 0.017533079
w6/rand_6 0.018457528
w6/rand_7 0.019467246
w6/rand_8 0.017463335
w6/rand_9 0.019157710
w7/rand_0 0.018306448
w7/rand_1 0.018356880
w7/rand_2 0.017891922
w7/rand_3 0.018375314
w7/rand_4 0.019797521
w7/rand_5 0.018182393
w7/rand_6 0.018933195
w7/rand_7 0.017961494
w7/rand_8 0.017595431
w7/rand_9 0.018908162
w8/rand_0 0.018346515
w8/rand_1 0.024552326
w8/rand_2 0.017709980
w8/rand_3 0.018283157
w8/rand_4 0.019368529
w8/rand_5 0.018232761
w8/rand_6 0.019014139
w8/rand_7 0.017592931
w8/rand_8 0.019423636
w8/rand_9 0.017709824
w9/rand_0 0.018306993
w9/rand_1 0.018536700
w9/rand_2 0.017604558
w9/rand_3 0.018762242
w9/rand_4 0.018963157
w9/rand_5 0.019242486
w9/rand_6 0.019270099
w9/rand_7 0.018234723
w9/rand_8 0.018841563
w9/rand_9 0.024183877
x0/rand_0 0.017921660
x0/rand_1 0.017975226
x0/rand_2 0.019687391
x0/rand_3 0.019335614
x0/rand_4 0.017801310
x0/rand_5 0.018311897
x0/rand_6 0.018316454
x0/rand_7 0.018136307
x0/rand_8 0.017832888
x0/rand_9 0.019351274
x1/rand_0 0.018948449
x1/rand_1 0.018021731
x1/rand_2 0.018748989
x1/rand_3 0.018238235
x1/rand_4 0.017841668
x1/rand_5 0.018334954
x1/rand_6 0.025078914
x1/rand_7 0.017727052
x1/rand_8 0.018202278
x1/rand_9 0.018141432
x2/rand_0 0.017677230
x2/rand_1 0.017691974
x2/rand_2 0.018292788
x2/rand_3 0.019632070
x2/rand_4 0.019004027
x2/rand_5 0.017636122
x2/rand_6 0.018656237
x2/rand_7 0.017596020
x2/rand_8 0.018888442
x2/rand_9 0.017738275
x3/rand_0 0.018922761
x3/rand_1 0.019311264
x3/rand_2 0.021498030
x3/rand_3 0.020042694
x3/rand_4 0.018164591
x3/rand_5 0.017874338
x3/rand_6 0.018412829
x3/rand_7 0.018010201
x3/rand_8 0.019427587
x3/rand_9 0.018268610
x4/rand_0 0.018137564
x4/rand_1 0.018568966
x4/rand_2 0.017799824
x4/rand_3 0.018275973
x4/rand_4 0.017756792
x4/rand_5 0.020350229
x4/rand_6 0.018265155
x4/rand_7 0.018111731
x4/rand_8 0.017910350
x4/rand_9 0.020009793
x5/rand_0 0.020527954
x5/rand_1 0.021577483
x5/rand_2 0.019276781
x5/rand_3 0.018648389
x5/rand_4 0.018075779
x5/rand_5 0.017661707
x5/rand_6 0.018813126
x5/rand_7 0.017749562
x5/rand_8 0.017254665
x5/rand_9 0.019531401
x6/rand_0 0.018338174
x6/rand_1 0.018279850
x6/rand_2 0.021083501
x6/rand_3 0.018396987
x6/rand_4 0.018704403
x6/rand_5 0.017579505
x6/rand_6 0.018730323
x6/rand_7 0.025219089
x6/rand_8 0.017575356
x6/rand_9 0.018247904
x7/rand_0 0.018219590
x7/rand_1 0.017529332
x7/rand_2 0.018110988
x7/rand_3 0.022978302
x7/rand_4 0.019507658
x7/rand_5 0.018935898
x7/rand_6 0.018651098
x7/rand_7 0.017730602
x7/rand_8 0.018487441
x7/rand_9 0.018110648
x8/rand_0 0.020578197
x8/rand_1 0.017577148
x8/rand_2 0.017476794
x8/rand_3 0.023569601
x8/rand_4 0.020902901
x8/rand_5 0.018064578
x8/rand_6 0.018202509
x8/rand_7 0.019887240
x8/rand_8 0.018313555
x8/rand_9 0.017506353
x9/rand_0 0.019345255
x9/rand_1 0.018230488
x9/rand_2 0.017943564
x9/rand_3 0.017824145
x9/rand_4 0.019240193
x9/rand_5 0.018562880
x9/rand_6 0.020756726
x9/rand_7 0.018539566
x9/rand_8 0.017551483
x9/rand_9 0.021165063
y0/rand_0 0.019704394
y0/rand_1 0.021974392
y0/rand_2 0.018986829
y0/rand_3 0.018396189
y0/rand_4 0.018361478
y0/rand_5 0.018010935
y0/rand_6 0.018313606
y0/rand_7 0.020109585
y0/rand_8 0.019213394
y0/rand_9 0.018097635
y1/rand_0 0.017915400
y1/rand_1 0.017647427
y1/rand_2 0.018435010
y1/rand_3 0.018774754
y1/rand_4 0.018209552
y1/rand_5 0.018790464
y1/rand_6 0.023706191
y1/rand_7 0.019125385
y1/rand_8 0.019301466
y1/rand_9 0.018473240
y2/rand_0 0.018711616
y2/rand_1 0.018380481
y2/rand_2 0.019262454
y2/rand_3 0.018504698
y2/rand_4 0.017916074
y2/rand_5 0.017397227
y2/rand_6 0.019273991
y2/rand_7 0.019140498
y2/rand_8 0.017652612
y2/rand_9 0.020244754
y3/rand_0 0.017946005
y3/rand_1 0.017369134
y3/rand_2 0.017684512
y3/rand_3 0.026075124
y3/rand_4 0.018511596
y3/rand_5 0.017619015
y3/rand_6 0.018541965
y3/rand_7 0.017979579
y3/rand_8 0.019357947
y3/rand_9 0.018097970
y4/rand_0 0.017928101
y4/rand_1 0.018949056
y4/rand_2 0.018391937
y4/rand_3 0.018332496
y4/rand_4 0.021486049
y4/rand_5 0.018335112
y4/rand_6 0.018898872
y4/rand_7 0.017652841
y4/rand_8 0.017887446
y4/rand_9 0.018296540
y5/rand_0 0.023127538
y5/rand_1 0.019021622
y5/rand_2 0.018094217
y5/rand_3 0.019823478
y5/rand_4 0.017687115
y5/rand_5 0.018033836
y5/rand_6 0.018715921
y5/rand_7 0.018604296
y5/rand_8 0.019608194
y5/rand_9 0.017924900
y6/rand_0 0.017476764
y6/rand_1 0.018583326
y6/rand_2 0.017608165
y6/rand_3 0.018677683
y6/rand_4 0.020947793
y6/rand_5 0.018167656
y6/rand_6 0.017967491
y6/rand_7 0.017453919
y6/rand_8 0.023370184
y6/rand_9 0.018294511
y7/rand_0 0.017766327
y7/rand_1 0.018057950
y7/rand_2 0.018542330
y7/rand_3 0.017473355
y7/rand_4 0.018506740
y7/rand_5 0.018090570
y7/rand_6 0.018069647
y7/rand_7 0.017558402
y7/rand_8 0.017733211
y7/rand_9 0.017746986
y8/rand_0 0.017933630
y8/rand_1 0.018505459
y8/rand_2 0.017525907
y8/rand_3 0.017680505
y8/rand_4 0.017974282
y8/rand_5 0.022913604
y8/rand_6 0.017902940
y8/rand_7 0.019252486
y8/rand_8 0.018146600
y8/rand_9 0.018605797
y9/rand_0 0.018421348
y9/rand_1 0.017810263
y9/rand_2 0.017661456
y9/rand_3 0.018263737
y9/rand_4 0.018792037
y9/rand_5 0.018526188
y9/rand_6 0.018975664
y9/rand_7 0.018293810
y9/rand_8 0.017811528
y9/rand_9 0.018745741
z0/rand_0 0.018758997
z0/rand_1 0.018987103
z0/rand_2 0.026816179
z0/rand_3 0.023165712
z0/rand_4 0.022973529
z0/rand_5 0.022982527
z0/rand_6 0.023367526
z0/rand_7 0.022907035
z0/rand_8 0.030899769
z0/rand_9 0.020541121
z1/rand_0 0.018286737
z1/rand_1 0.018628818
z1/rand_2 0.018758153
z1/rand_3 0.018411217
z1/rand_4 0.017926045
z1/rand_5 0.018315292
z1/rand_6 0.018328534
z1/rand_7 0.021664021
z1/rand_8 0.021581276
z1/rand_9 0.018703102
z2/rand_0 0.018299826
z2/rand_1 0.019417531
z2/rand_2 0.017955815
z2/rand_3 0.018943536
z2/rand_4 0.023241155
z2/rand_5 0.019092555
z2/rand_6 0.017802837
z2/rand_7 0.017942988
z2/rand_8 0.018028038
z2/rand_9 0.018439685
z3/rand_0 0.018585099
z3/rand_1 0.019100625
z3/rand_2 0.017788735
z3/rand_3 0.017911648
z3/rand_4 0.022938289
z3/rand_5 0.018806394
z3/rand_6 0.017657678
z3/rand_7 0.018316721
z3/rand_8 0.018925872
z3/rand_9 0.017706707
z4/rand_0 0.018921407
z4/rand_1 0.023990451
z4/rand_2 0.018393804
z4/rand_3 0.017600875
z4/rand_4 0.018915237
z4/rand_5 0.018461407
z4/rand_6 0.018672634
z4/rand_7 0.018470365
z4/rand_8 0.018120235
z4/rand_9 0.018382159
z5/rand_0 0.019183863
z5/rand_1 0.023349463
z5/rand_2 0.018011077
z5/rand_3 0.018543197
z5/rand_4 0.018129437
z5/rand_5 0.018925053
z5/rand_6 0.017936632
z5/rand_7 0.017917414
z5/rand_8 0.024778043
z5/rand_9 0.017535023
z6/rand_0 0.018543051
z6/rand_1 0.018594036
z6/rand_2 0.018508858
z6/rand_3 0.018143204
z6/rand_4 0.018897919
z6/rand_5 0.017779970
z6/rand_6 0.018511750
z6/rand_7 0.022019437
z6/rand_8 0.020501767
z6/rand_9 0.017823201
z7/rand_0 0.018650261
z7/rand_1 0.017916216
z7/rand_2 0.018767916
z7/rand_3 0.018170206
z7/rand_4 0.018558609
z7/rand_5 0.023094440
z7/rand_6 0.017862771
z7/rand_7 0.017485676
z7/rand_8 0.019267889
z7/rand_9 0.018079034
z8/rand_0 0.018566971
z8/rand_1 0.019556337
z8/rand_2 0.017746653
z8/rand_3 0.018157345
z8/rand_4 0.022949379
z8/rand_5 0.018864352
z8/rand_6 0.018975415
z8/rand_7 0.018770253
z8/rand_8 0.017913950
z8/rand_9 0.018182046
z9/rand_0 0.017567640
z9/rand_1 0.018124564
z9/rand_2 0.022907188
z9/rand_3 0.017836265
z9/rand_4 0.018165073
z9/rand_5 0.017995659
z9/rand_6 0.017906877
z9/rand_7 0.017894816
z9/rand_8 0.018676715
z9/rand_9 0.017259963
TOTAL TIME: 52.171474448 seconds
