a0/rand_0 0.118524055
a0/rand_1 0.087384805
a0/rand_2 0.087744084
a0/rand_3 0.090264913
a0/rand_4 0.087587166
a0/rand_5 0.088014600
a0/rand_6 0.090100631
a0/rand_7 0.090522623
a0/rand_8 0.087726866
a0/rand_9 0.087846100
a1/rand_0 0.087657194
a1/rand_1 0.087693040
a1/rand_2 0.087575356
a1/rand_3 0.088107188
a1/rand_4 0.087971983
a1/rand_5 0.087807252
a1/rand_6 0.090705283
a1/rand_7 0.087994416
a1/rand_8 0.087712399
a1/rand_9 0.087571910
a2/rand_0 0.087809913
a2/rand_1 0.089308555
a2/rand_2 0.087778119
a2/rand_3 0.087423796
a2/rand_4 0.088099416
a2/rand_5 0.087542990
a2/rand_6 0.088074710
a2/rand_7 0.087637638
a2/rand_8 0.089543900
a2/rand_9 0.087579717
a3/rand_0 0.087828426
a3/rand_1 0.087984881
a3/rand_2 0.087387408
a3/rand_3 0.088381901
a3/rand_4 0.087551692
a3/rand_5 0.087995587
a3/rand_6 0.087414723
a3/rand_7 0.089806930
a3/rand_8 0.087922659
a3/rand_9 0.087458977
a4/rand_0 0.087729409
a4/rand_1 0.087909026
a4/rand_2 0.087909704
a4/rand_3 0.087885439
a4/rand_4 0.087364193
a4/rand_5 0.087876657
a4/rand_6 0.087820519
a4/rand_7 0.087385139
a4/rand_8 0.087467435
a4/rand_9 0.087645993
a5/rand_0 0.087823913
a5/rand_1 0.087430304
a5/rand_2 0.087624804
a5/rand_3 0.087656403
a5/rand_4 0.087911138
a5/rand_5 0.087843489
a5/rand_6 0.087237629
a5/rand_7 0.087717291
a5/rand_8 0.088109246
a5/rand_9 0.087766786
a6/rand_0 0.087895756
a6/rand_1 0.087602639
a6/rand_2 0.087671196
a6/rand_3 0.088159822
a6/rand_4 0.087985014
a6/rand_5 0.090372559
a6/rand_6 0.089379899
a6/rand_7 0.087776452
a6/rand_8 0.087765285
a6/rand_9 0.087880368
a7/rand_0 0.087503605
a7/rand_1 0.087596622
a7/rand_2 0.087749377
a7/rand_3 0.087919061
a7/rand_4 0.087764427
a7/rand_5 0.087486631
a7/rand_6 0.087466339
a7/rand_7 0.088067690
a7/rand_8 0.087628746
a7/rand_9 0.089615461
a8/rand_0 0.087843306
a8/rand_1 0.088617765
a8/rand_2 0.087389479
a8/rand_3 0.087756950
a8/rand_4 0.088021974
a8/rand_5 0.087550953
a8/rand_6 0.087286512
a8/rand_7 0.087404793
a8/rand_8 0.087924405
a8/rand_9 0.087547573
a9/rand_0 0.088013856
a9/rand_1 0.087497972
a9/rand_2 0.087798952
a9/rand_3 0.088981506
a9/rand_4 0.087623506
a9/rand_5 0.087738275
a9/rand_6 0.088097699
a9/rand_7 0.087801797
a9/rand_8 0.089191396
a9/rand_9 0.090024760
b0/rand_0 0.087839451
b0/rand_1 0.087845912
b0/rand_2 0.088810891
b0/rand_3 0.087830732
b0/rand_4 0.087674934
b0/rand_5 0.087706788
b0/rand_6 0.087797898
b0/rand_7 0.088339842
b0/rand_8 0.087562716
b0/rand_9 0.087627075
b1/rand_0 0.087585278
b1/rand_1 0.088036159
b1/rand_2 0.087487316
b1/rand_3 0.087794153
b1/rand_4 0.089758933
b1/rand_5 0.087482658
b1/rand_6 0.087755564
b1/rand_7 0.087399575
b1/rand_8 0.087546257
b1/rand_9 0.090417208
b2/rand_0 0.087475450
b2/rand_1 0.088519688
b2/rand_2 0.087313786
b2/rand_3 0.087873727
b2/rand_4 0.087695819
b2/rand_5 0.087899623
b2/rand_6 0.087799916
b2/rand_7 0.087907660
b2/rand_8 0.088119401
b2/rand_9 0.088067336
b3/rand_0 0.089530550
b3/rand_1 0.088104409
b3/rand_2 0.088303399
b3/rand_3 0.090791882
b3/rand_4 0.087813530
b3/rand_5 0.088405989
b3/rand_6 0.090520124
b3/rand_7 0.088372558
b3/rand_8 0.090792811
b3/rand_9 0.088741226
b4/rand_0 0.088532335
b4/rand_1 0.088295682
b4/rand_2 0.089009073
b4/rand_3 0.088187784
b4/rand_4 0.088314140
b4/rand_5 0.088886283
b4/rand_6 0.088508975
b4/rand_7 0.088547344
b4/rand_8 0.088587794
b4/rand_9 0.088564859
b5/rand_0 0.088647929
b5/rand_1 0.088819035
b5/rand_2 0.087832118
b5/rand_3 0.089161027
b5/rand_4 0.088019391
b5/rand_5 0.088463370
b5/rand_6 0.088687652
b5/rand_7 0.087973674
b5/rand_8 0.088639669
b5/rand_9 0.088360302
b6/rand_0 0.088809012
b6/rand_1 0.088139098
b6/rand_2 0.088567422
b6/rand_3 0.088831710
b6/rand_4 0.088468470
b6/rand_5 0.088550492
b6/rand_6 0.088377871
b6/rand_7 0.088729887
b6/rand_8 0.088562267
b6/rand_9 0.088351603
b7/rand_0 0.088704637
b7/rand_1 0.089155827
b7/rand_2 0.088072920
b7/rand_3 0.090983002
b7/rand_4 0.088521062
b7/rand_5 0.088366767
b7/rand_6 0.088387083
b7/rand_7 0.088565367
b7/rand_8 0.087911583
b7/rand_9 0.090347325
b8/rand_0 0.088631752
b8/rand_1 0.089804075
b8/rand_2 0.088520896
b8/rand_3 0.087846062
b8/rand_4 0.088159660
b8/rand_5 0.141329423
b8/rand_6 0.089463231
b8/rand_7 0.088916194
b8/rand_8 0.089191047
b8/rand_9 0.088081422
b9/rand_0 0.089055562
b9/rand_1 0.088949706
b9/rand_2 0.089167071
b9/rand_3 0.088637216
b9/rand_4 0.088658170
b9/rand_5 0.088913033
b9/rand_6 0.088316674
b9/rand_7 0.089317326
b9/rand_8 0.088918466
b9/rand_9 0.088933036
c0/rand_0 0.088241873
c0/rand_1 0.089089036
c0/rand_2 0.088680647
c0/rand_3 0.088665028
c0/rand_4 0.088119584
c0/rand_5 0.088106700
c0/rand_6 0.088133690
c0/rand_7 0.088374786
c0/rand_8 0.087764831
c0/rand_9 0.088286256
c1/rand_0 0.089815611
c1/rand_1 0.087454105
c1/rand_2 0.090531613
c1/rand_3 0.087642080
c1/rand_4 0.087681987
c1/rand_5 0.087369743
c1/rand_6 0.088275940
c1/rand_7 0.087842796
c1/rand_8 0.087875592
c1/rand_9 0.087469243
c2/rand_0 0.087569244
c2/rand_1 0.087670388
c2/rand_2 0.088109996
c2/rand_3 0.087495873
c2/rand_4 0.087809281
c2/rand_5 0.087795774
c2/rand_6 0.087893719
c2/rand_7 0.087903967
c2/rand_8 0.087843460
c2/rand_9 0.087890722
c3/rand_0 0.087881494
c3/rand_1 0.087753314
c3/rand_2 0.087801027
c3/rand_3 0.088287552
c3/rand_4 0.087706786
c3/rand_5 0.087680517
c3/rand_6 0.087675757
c3/rand_7 0.087794935
c3/rand_8 0.087795573
c3/rand_9 0.087828282
c4/rand_0 0.088215074
c4/rand_1 0.087659344
c4/rand_2 0.088035426
c4/rand_3 0.087731267
c4/rand_4 0.087742405
c4/rand_5 0.088278681
c4/rand_6 0.087900584
c4/rand_7 0.087672510
c4/rand_8 0.087834652
c4/rand_9 0.087914708
c5/rand_0 0.087607924
c5/rand_1 0.087771775
c5/rand_2 0.087883970
c5/rand_3 0.088081336
c5/rand_4 0.087853206
c5/rand_5 0.090381330
c5/rand_6 0.088159193
c5/rand_7 0.088255529
c5/rand_8 0.088339471
c5/rand_9 0.088488170
c6/rand_0 0.089089123
c6/rand_1 0.089412043
c6/rand_2 0.087672065
c6/rand_3 0.088541656
c6/rand_4 0.088560836
c6/rand_5 0.088320054
c6/rand_6 0.089464669
c6/rand_7 0.090793705
c6/rand_8 0.088875271
c6/rand_9 0.088866818
c7/rand_0 0.087919905
c7/rand_1 0.091222831
c7/rand_2 0.089757498
c7/rand_3 0.088843251
c7/rand_4 0.088097814
c7/rand_5 0.090944976
c7/rand_6 0.088494687
c7/rand_7 0.089020780
c7/rand_8 0.088167625
c7/rand_9 0.088233495
c8/rand_0 0.089292507
c8/rand_1 0.089207192
c8/rand_2 0.089302882
c8/rand_3 0.088161765
c8/rand_4 0.088791214
c8/rand_5 0.088604490
c8/rand_6 0.087807608
c8/rand_7 0.088299494
c8/rand_8 0.088913764
c8/rand_9 0.088492946
c9/rand_0 0.088351381
c9/rand_1 0.088556807
c9/rand_2 0.088849704
c9/rand_3 0.088517322
c9/rand_4 0.088002092
c9/rand_5 0.087869733
c9/rand_6 0.088690162
c9/rand_7 0.088823453
c9/rand_8 0.088640576
c9/rand_9 0.089667094
d0/rand_0 0.088374965
d0/rand_1 0.089041029
d0/rand_2 0.090605540
d0/rand_3 0.089122994
d0/rand_4 0.088828934
d0/rand_5 0.089038734
d0/rand_6 0.087911891
d0/rand_7 0.088595551
d0/rand_8 0.088689562
d0/rand_9 0.088433017
d1/rand_0 0.087801962
d1/rand_1 0.089002040
d1/rand_2 0.088713151
d1/rand_3 0.088015342
d1/rand_4 0.088136648
d1/rand_5 0.090050243
d1/rand_6 0.088429839
d1/rand_7 0.089955369
d1/rand_8 0.088847534
d1/rand_9 0.088314265
d2/rand_0 0.088308486
d2/rand_1 0.089740022
d2/rand_2 0.088840697
d2/rand_3 0.089195270
d2/rand_4 0.089497064
d2/rand_5 0.088475220
d2/rand_6 0.088501676
d2/rand_7 0.089293543
d2/rand_8 0.088666445
d2/rand_9 0.089014366
d3/rand_0 0.088257749
d3/rand_1 0.088736277
d3/rand_2 0.090089643
d3/rand_3 0.088441293
d3/rand_4 0.089161527
d3/rand_5 0.088952075
d3/rand_6 0.089366408
d3/rand_7 0.088996277
d3/rand_8 0.088681582
d3/rand_9 0.088655279
d4/rand_0 0.088967312
d4/rand_1 0.088820622
d4/rand_2 0.089377711
d4/rand_3 0.089652366
d4/rand_4 0.089328873
d4/rand_5 0.089007835
d4/rand_6 0.089090160
d4/rand_7 0.089154433
d4/rand_8 0.088985454
d4/rand_9 0.089179420
d5/rand_0 0.089858647
d5/rand_1 0.089471610
d5/rand_2 0.088703457
d5/rand_3 0.089037921
d5/rand_4 0.089308161
d5/rand_5 0.088471045
d5/rand_6 0.088498141
d5/rand_7 0.088171424
d5/rand_8 0.088774352
d5/rand_9 0.088674933
d6/rand_0 0.087837329
d6/rand_1 0.088269786
d6/rand_2 0.088520925
d6/rand_3 0.088212340
d6/rand_4 0.088140723
d6/rand_5 0.088283212
d6/rand_6 0.088070311
d6/rand_7 0.088016930
d6/rand_8 0.089453878
d6/rand_9 0.087838199
d7/rand_0 0.088310220
d7/rand_1 0.087967657
d7/rand_2 0.087799468
d7/rand_3 0.087886480
d7/rand_4 0.088133559
d7/rand_5 0.087909707
d7/rand_6 0.087562857
d7/rand_7 0.088210058
d7/rand_8 0.087755475
d7/rand_9 0.088313658
d8/rand_0 0.087843321
d8/rand_1 0.087890829
d8/rand_2 0.088249180
d8/rand_3 0.088010943
d8/rand_4 0.088126434
d8/rand_5 0.088099199
d8/rand_6 0.088655467
d8/rand_7 0.088816896
d8/rand_8 0.088321269
d8/rand_9 0.089259877
d9/rand_0 0.089175224
d9/rand_1 0.088989000
d9/rand_2 0.088101592
d9/rand_3 0.088600515
d9/rand_4 0.088981382
d9/rand_5 0.088846212
d9/rand_6 0.088300377
d9/rand_7 0.091567618
d9/rand_8 0.088904180
d9/rand_9 0.088935597
e0/rand_0 0.087822966
e0/rand_1 0.088113938
e0/rand_2 0.089917624
e0/rand_3 0.089332933
e0/rand_4 0.088872317
e0/rand_5 0.087715804
e0/rand_6 0.088220482
e0/rand_7 0.089256931
e0/rand_8 0.088648826
e0/rand_9 0.088149335
e1/rand_0 0.088194820
e1/rand_1 0.090657926
e1/rand_2 0.089410112
e1/rand_3 0.089378802
e1/rand_4 0.090818277
e1/rand_5 0.089061999
e1/rand_6 0.089217295
e1/rand_7 0.088452883
e1/rand_8 0.088594697
e1/rand_9 0.088910814
e2/rand_0 0.088867704
e2/rand_1 0.088222358
e2/rand_2 0.088601927
e2/rand_3 0.089367380
e2/rand_4 0.089082630
e2/rand_5 0.088204102
e2/rand_6 0.091103532
e2/rand_7 0.089531349
e2/rand_8 0.088989486
e2/rand_9 0.088600665
e3/rand_0 0.088219037
e3/rand_1 0.088608627
e3/rand_2 0.089078930
e3/rand_3 0.088132584
e3/rand_4 0.088278591
e3/rand_5 0.089464209
e3/rand_6 0.089713324
e3/rand_7 0.088560568
e3/rand_8 0.087939265
e3/rand_9 0.088783996
e4/rand_0 0.088700707
e4/rand_1 0.089143138
e4/rand_2 0.087936595
e4/rand_3 0.088579780
e4/rand_4 0.089150970
e4/rand_5 0.088906704
e4/rand_6 0.089053942
e4/rand_7 0.089236186
e4/rand_8 0.088961515
e4/rand_9 0.088843454
e5/rand_0 0.089368696
e5/rand_1 0.089087756
e5/rand_2 0.089631662
e5/rand_3 0.088868932
e5/rand_4 0.088724222
e5/rand_5 0.089297505
e5/rand_6 0.089688813
e5/rand_7 0.089014154
e5/rand_8 0.089359100
e5/rand_9 0.089270568
e6/rand_0 0.088702796
e6/rand_1 0.090165191
e6/rand_2 0.090628319
e6/rand_3 0.089718129
e6/rand_4 0.089192793
e6/rand_5 0.088674159
e6/rand_6 0.089377567
e6/rand_7 0.089701039
e6/rand_8 0.089126091
e6/rand_9 0.089525990
e7/rand_0 0.088986631
e7/rand_1 0.089264512
e7/rand_2 0.088784983
e7/rand_3 0.088832246
e7/rand_4 0.088968332
e7/rand_5 0.088924058
e7/rand_6 0.090059963
e7/rand_7 0.091716245
e7/rand_8 0.089217468
e7/rand_9 0.089372170
e8/rand_0 0.089738331
e8/rand_1 0.089236498
e8/rand_2 0.088527684
e8/rand_3 0.090826279
e8/rand_4 0.088185593
e8/rand_5 0.088429340
e8/rand_6 0.088409883
e8/rand_7 0.090062367
e8/rand_8 0.088139015
e8/rand_9 0.090840005
e9/rand_0 0.088103554
e9/rand_1 0.088346106
e9/rand_2 0.090771677
e9/rand_3 0.088426597
e9/rand_4 0.088194486
e9/rand_5 0.088393311
e9/rand_6 0.088471752
e9/rand_7 0.088172882
e9/rand_8 0.090848567
e9/rand_9 0.088223567
f0/rand_0 0.087986375
f0/rand_1 0.087911888
f0/rand_2 0.088231385
f0/rand_3 0.087885762
f0/rand_4 0.087793530
f0/rand_5 0.087625607
f0/rand_6 0.087852536
f0/rand_7 0.088028251
f0/rand_8 0.087822058
f0/rand_9 0.088120428
f1/rand_0 0.088105110
f1/rand_1 0.088283429
f1/rand_2 0.087950099
f1/rand_3 0.088581480
f1/rand_4 0.088456199
f1/rand_5 0.089077961
f1/rand_6 0.088758077
f1/rand_7 0.088718372
f1/rand_8 0.088501053
f1/rand_9 0.088116244
f2/rand_0 0.087927360
f2/rand_1 0.088748888
f2/rand_2 0.088341698
f2/rand_3 0.088380381
f2/rand_4 0.088077711
f2/rand_5 0.088977266
f2/rand_6 0.088975391
f2/rand_7 0.088155448
f2/rand_8 0.088415121
f2/rand_9 0.088776882
f3/rand_0 0.089156519
f3/rand_1 0.088071921
f3/rand_2 0.088010738
f3/rand_3 0.088870471
f3/rand_4 0.089182173
f3/rand_5 0.088744796
f3/rand_6 0.090220434
f3/rand_7 0.088644910
f3/rand_8 0.089101452
f3/rand_9 0.087850187
f4/rand_0 0.089811931
f4/rand_1 0.090601777
f4/rand_2 0.088338913
f4/rand_3 0.088088698
f4/rand_4 0.088404743
f4/rand_5 0.089087467
f4/rand_6 0.088803309
f4/rand_7 0.088062026
f4/rand_8 0.088653657
f4/rand_9 0.088733795
f5/rand_0 0.089217321
f5/rand_1 0.088064009
f5/rand_2 0.088542406
f5/rand_3 0.088437885
f5/rand_4 0.088525237
f5/rand_5 0.087522333
f5/rand_6 0.088585551
f5/rand_7 0.090050145
f5/rand_8 0.089067400
f5/rand_9 0.087958396
f6/rand_0 0.088242826
f6/rand_1 0.089233618
f6/rand_2 0.088735498
f6/rand_3 0.088722193
f6/rand_4 0.088152538
f6/rand_5 0.088352319
f6/rand_6 0.088840041
f6/rand_7 0.088880004
f6/rand_8 0.087715715
f6/rand_9 0.088616526
f7/rand_0 0.088490197
f7/rand_1 0.088952715
f7/rand_2 0.087886438
f7/rand_3 0.088770235
f7/rand_4 0.088769440
f7/rand_5 0.089427927
f7/rand_6 0.089365455
f7/rand_7 0.088413533
f7/rand_8 0.089132191
f7/rand_9 0.088898107
f8/rand_0 0.089935128
f8/rand_1 0.089617911
f8/rand_2 0.088888538
f8/rand_3 0.089198922
f8/rand_4 0.089115554
f8/rand_5 0.089538001
f8/rand_6 0.089053886
f8/rand_7 0.088415346
f8/rand_8 0.089363500
f8/rand_9 0.089705076
f9/rand_0 0.089222836
f9/rand_1 0.088990253
f9/rand_2 0.090232757
f9/rand_3 0.091847199
f9/rand_4 0.089739095
f9/rand_5 0.088741610
f9/rand_6 0.089108749
f9/rand_7 0.088772905
f9/rand_8 0.089119312
f9/rand_9 0.088585493
g0/rand_0 0.089001739
g0/rand_1 0.089082171
g0/rand_2 0.088486849
g0/rand_3 0.089014426
g0/rand_4 0.089210522
g0/rand_5 0.089070541
g0/rand_6 0.089277520
g0/rand_7 0.088955807
g0/rand_8 0.089467410
g0/rand_9 0.089202608
g1/rand_0 0.089025001
g1/rand_1 0.089141809
g1/rand_2 0.088433836
g1/rand_3 0.088231643
g1/rand_4 0.087981259
g1/rand_5 0.087998811
g1/rand_6 0.087942723
g1/rand_7 0.088259388
g1/rand_8 0.087927666
g1/rand_9 0.087803936
g2/rand_0 0.087972004
g2/rand_1 0.087957626
g2/rand_2 0.088388509
g2/rand_3 0.088479079
g2/rand_4 0.087949071
g2/rand_5 0.087918691
g2/rand_6 0.088630099
g2/rand_7 0.087606175
g2/rand_8 0.088057786
g2/rand_9 0.088074886
g3/rand_0 0.088115020
g3/rand_1 0.087905594
g3/rand_2 0.087651502
g3/rand_3 0.088189034
g3/rand_4 0.087948889
g3/rand_5 0.089493266
g3/rand_6 0.088061996
g3/rand_7 0.090877294
g3/rand_8 0.088272669
g3/rand_9 0.088244540
g4/rand_0 0.087889624
g4/rand_1 0.088974756
g4/rand_2 0.088747780
g4/rand_3 0.088416200
g4/rand_4 0.088930409
g4/rand_5 0.089236652
g4/rand_6 0.088279397
g4/rand_7 0.089539588
g4/rand_8 0.088870506
g4/rand_9 0.089418326
g5/rand_0 0.088410223
g5/rand_1 0.088415185
g5/rand_2 0.089547028
g5/rand_3 0.089350266
g5/rand_4 0.088215775
g5/rand_5 0.088312871
g5/rand_6 0.090297645
g5/rand_7 0.089277742
g5/rand_8 0.088632774
g5/rand_9 0.088286937
g6/rand_0 0.089272142
g6/rand_1 0.088844509
g6/rand_2 0.088567491
g6/rand_3 0.088147034
g6/rand_4 0.089473534
g6/rand_5 0.088956381
g6/rand_6 0.088411181
g6/rand_7 0.088671325
g6/rand_8 0.088826192
g6/rand_9 0.088911233
g7/rand_0 0.088529387
g7/rand_1 0.088486816
g7/rand_2 0.088827072
g7/rand_3 0.088914266
g7/rand_4 0.088789794
g7/rand_5 0.090339708
g7/rand_6 0.089680856
g7/rand_7 0.088835202
g7/rand_8 0.088046702
g7/rand_9 0.088118755
g8/rand_0 0.089548795
g8/rand_1 0.089219255
g8/rand_2 0.088624152
g8/rand_3 0.088669470
g8/rand_4 0.088988068
g8/rand_5 0.088677153
g8/rand_6 0.088171675
g8/rand_7 0.088502419
g8/rand_8 0.088898956
g8/rand_9 0.088724035
g9/rand_0 0.088083396
g9/rand_1 0.088539774
g9/rand_2 0.089398687
g9/rand_3 0.088144601
g9/rand_4 0.090797287
g9/rand_5 0.088362290
g9/rand_6 0.088817650
g9/rand_7 0.090668631
g9/rand_8 0.088802643
g9/rand_9 0.088840462
h0/rand_0 0.088889781
h0/rand_1 0.088736029
h0/rand_2 0.088811880
h0/rand_3 0.088995520
h0/rand_4 0.089973381
h0/rand_5 0.089186433
h0/rand_6 0.088630546
h0/rand_7 0.088911929
h0/rand_8 0.089187635
h0/rand_9 0.089114778
h1/rand_0 0.088757356
h1/rand_1 0.089067747
h1/rand_2 0.093003072
h1/rand_3 0.088862281
h1/rand_4 0.089153244
h1/rand_5 0.088721489
h1/rand_6 0.089254790
h1/rand_7 0.088935552
h1/rand_8 0.089896291
h1/rand_9 0.089068027
h2/rand_0 0.088827127
h2/rand_1 0.089123400
h2/rand_2 0.088941235
h2/rand_3 0.089859997
h2/rand_4 0.089343530
h2/rand_5 0.088942923
h2/rand_6 0.089582924
h2/rand_7 0.089150107
h2/rand_8 0.088554691
h2/rand_9 0.088941345
h3/rand_0 0.089023303
h3/rand_1 0.088867938
h3/rand_2 0.089188283
h3/rand_3 0.088747702
h3/rand_4 0.088826998
h3/rand_5 0.087729091
h3/rand_6 0.088024854
h3/rand_7 0.088574368
h3/rand_8 0.087993686
h3/rand_9 0.088138178
h4/rand_0 0.088219155
h4/rand_1 0.088498571
h4/rand_2 0.088270090
h4/rand_3 0.087716434
h4/rand_4 0.088057541
h4/rand_5 0.088023601
h4/rand_6 0.087849684
h4/rand_7 0.088147121
h4/rand_8 0.088074204
h4/rand_9 0.087635355
h5/rand_0 0.087876672
h5/rand_1 0.088194263
h5/rand_2 0.087776687
h5/rand_3 0.087525657
h5/rand_4 0.088038487
h5/rand_5 0.088088485
h5/rand_6 0.087828635
h5/rand_7 0.087987091
h5/rand_8 0.087871459
h5/rand_9 0.088087639
h6/rand_0 0.088107240
h6/rand_1 0.089300169
h6/rand_2 0.088210572
h6/rand_3 0.087635774
h6/rand_4 0.088020430
h6/rand_5 0.087855188
h6/rand_6 0.090062990
h6/rand_7 0.088905588
h6/rand_8 0.088219789
h6/rand_9 0.088820224
h7/rand_0 0.088606287
h7/rand_1 0.089752079
h7/rand_2 0.088464095
h7/rand_3 0.088235755
h7/rand_4 0.088690514
h7/rand_5 0.089029921
h7/rand_6 0.089749690
h7/rand_7 0.088565200
h7/rand_8 0.088408194
h7/rand_9 0.090313673
h8/rand_0 0.090166126
h8/rand_1 0.089094231
h8/rand_2 0.088712280
h8/rand_3 0.089224831
h8/rand_4 0.089065322
h8/rand_5 0.088526805
h8/rand_6 0.088625244
h8/rand_7 0.088993240
h8/rand_8 0.088449244
h8/rand_9 0.088380685
h9/rand_0 0.088765136
h9/rand_1 0.088791026
h9/rand_2 0.089321343
h9/rand_3 0.088425972
h9/rand_4 0.088575713
h9/rand_5 0.088542720
h9/rand_6 0.088797879
h9/rand_7 0.088126937
h9/rand_8 0.088389834
h9/rand_9 0.089218386
i0/rand_0 0.088919466
i0/rand_1 0.087811405
i0/rand_2 0.088410921
i0/rand_3 0.152566165
i0/rand_4 0.088837493
i0/rand_5 0.087894429
i0/rand_6 0.088486829
i0/rand_7 0.088645504
i0/rand_8 0.088716984
i0/rand_9 0.088177061
i1/rand_0 0.088290282
i1/rand_1 0.089040703
i1/rand_2 0.088682239
i1/rand_3 0.088318455
i1/rand_4 0.087958907
i1/rand_5 0.088801889
i1/rand_6 0.088782499
i1/rand_7 0.088439527
i1/rand_8 0.087685393
i1/rand_9 0.090915326
i2/rand_0 0.088935383
i2/rand_1 0.088719815
i2/rand_2 0.087983588
i2/rand_3 0.088667767
i2/rand_4 0.088643288
i2/rand_5 0.088622659
i2/rand_6 0.089121369
i2/rand_7 0.089271523
i2/rand_8 0.089314361
i2/rand_9 0.089628562
i3/rand_0 0.089984835
i3/rand_1 0.089050382
i3/rand_2 0.089013413
i3/rand_3 0.089158742
i3/rand_4 0.088991734
i3/rand_5 0.089677607
i3/rand_6 0.089070267
i3/rand_7 0.088922093
i3/rand_8 0.089142584
i3/rand_9 0.088819530
i4/rand_0 0.088794813
i4/rand_1 0.088977757
i4/rand_2 0.089236920
i4/rand_3 0.088855124
i4/rand_4 0.090165800
i4/rand_5 0.089762420
i4/rand_6 0.089083689
i4/rand_7 0.090843901
i4/rand_8 0.088883112
i4/rand_9 0.089344985
i5/rand_0 0.089067002
i5/rand_1 0.089201041
i5/rand_2 0.089717150
i5/rand_3 0.088981899
i5/rand_4 0.089196300
i5/rand_5 0.089266166
i5/rand_6 0.089404136
i5/rand_7 0.089018815
i5/rand_8 0.088761521
i5/rand_9 0.189188620
i6/rand_0 0.087988147
i6/rand_1 0.089913130
i6/rand_2 0.089548327
i6/rand_3 0.088008615
i6/rand_4 0.088641077
i6/rand_5 0.087934489
i6/rand_6 0.088117170
i6/rand_7 0.088067529
i6/rand_8 0.091055981
i6/rand_9 0.088262860
i7/rand_0 0.089083819
i7/rand_1 0.088455539
i7/rand_2 0.088534576
i7/rand_3 0.087777270
i7/rand_4 0.088198497
i7/rand_5 0.088126861
i7/rand_6 0.088085004
i7/rand_7 0.087924630
i7/rand_8 0.088369557
i7/rand_9 0.088276075
i8/rand_0 0.088234976
i8/rand_1 0.089398104
i8/rand_2 0.088161834
i8/rand_3 0.087824837
i8/rand_4 0.087727695
i8/rand_5 0.090782405
i8/rand_6 0.090674126
i8/rand_7 0.088469764
i8/rand_8 0.088190454
i8/rand_9 0.088356097
i9/rand_0 0.088337381
i9/rand_1 0.088383148
i9/rand_2 0.088267581
i9/rand_3 0.088213865
i9/rand_4 0.088033936
i9/rand_5 0.088544072
i9/rand_6 0.088689677
i9/rand_7 0.090903557
i9/rand_8 0.088876700
i9/rand_9 0.088644451
j0/rand_0 0.088487377
j0/rand_1 0.088491425
j0/rand_2 0.088930987
j0/rand_3 0.088891354
j0/rand_4 0.089601957
j0/rand_5 0.088032499
j0/rand_6 0.089285941
j0/rand_7 0.089098445
j0/rand_8 0.088112620
j0/rand_9 0.088802515
j1/rand_0 0.088593148
j1/rand_1 0.089038717
j1/rand_2 0.088162705
j1/rand_3 0.088583208
j1/rand_4 0.088484399
j1/rand_5 0.089193599
j1/rand_6 0.088496846
j1/rand_7 0.088415164
j1/rand_8 0.089139239
j1/rand_9 0.088649247
j2/rand_0 0.088552054
j2/rand_1 0.089006187
j2/rand_2 0.088491168
j2/rand_3 0.090703937
j2/rand_4 0.088252231
j2/rand_5 0.089801530
j2/rand_6 0.089623818
j2/rand_7 0.088802649
j2/rand_8 0.088050712
j2/rand_9 0.087904013
j3/rand_0 0.089583031
j3/rand_1 0.089433835
j3/rand_2 0.087910617
j3/rand_3 0.088550720
j3/rand_4 0.089291418
j3/rand_5 0.088926560
j3/rand_6 0.088502608
j3/rand_7 0.088491307
j3/rand_8 0.089743239
j3/rand_9 0.089127424
j4/rand_0 0.088420226
j4/rand_1 0.088303185
j4/rand_2 0.089197371
j4/rand_3 0.089517037
j4/rand_4 0.088392472
j4/rand_5 0.088193075
j4/rand_6 0.089545049
j4/rand_7 0.089399224
j4/rand_8 0.088594475
j4/rand_9 0.088382867
j5/rand_0 0.089772135
j5/rand_1 0.089011431
j5/rand_2 0.088460942
j5/rand_3 0.088556764
j5/rand_4 0.089723245
j5/rand_5 0.091977035
j5/rand_6 0.088401548
j5/rand_7 0.089182493
j5/rand_8 0.088998421
j5/rand_9 0.088875066
j6/rand_0 0.089348800
j6/rand_1 0.089063063
j6/rand_2 0.089208672
j6/rand_3 0.089002022
j6/rand_4 0.089493817
j6/rand_5 0.089234233
j6/rand_6 0.089840124
j6/rand_7 0.089294204
j6/rand_8 0.089086760
j6/rand_9 0.089511421
j7/rand_0 0.089714865
j7/rand_1 0.089437766
j7/rand_2 0.089690498
j7/rand_3 0.089436055
j7/rand_4 0.089775167
j7/rand_5 0.090153382
j7/rand_6 0.089376967
j7/rand_7 0.089398425
j7/rand_8 0.089786763
j7/rand_9 0.088896153
j8/rand_0 0.089500100
j8/rand_1 0.088874584
j8/rand_2 0.089228253
j8/rand_3 0.088894084
j8/rand_4 0.090251256
j8/rand_5 0.088844116
j8/rand_6 0.089068512
j8/rand_7 0.089336884
j8/rand_8 0.088935705
j8/rand_9 0.089744449
j9/rand_0 0.088939385
j9/rand_1 0.089284743
j9/rand_2 0.088378630
j9/rand_3 0.088104608
j9/rand_4 0.090948895
j9/rand_5 0.089457932
j9/rand_6 0.088115271
j9/rand_7 0.089374641
j9/rand_8 0.088444833
j9/rand_9 0.088511556
k0/rand_0 0.088034196
k0/rand_1 0.088348515
k0/rand_2 0.088475801
k0/rand_3 0.088248260
k0/rand_4 0.088299434
k0/rand_5 0.088181776
k0/rand_6 0.090893476
k0/rand_7 0.088162448
k0/rand_8 0.088259916
k0/rand_9 0.088308412
k1/rand_0 0.088098449
k1/rand_1 0.088450249
k1/rand_2 0.088213925
k1/rand_3 0.088225481
k1/rand_4 0.088523318
k1/rand_5 0.088105858
k1/rand_6 0.088614732
k1/rand_7 0.090646365
k1/rand_8 0.088294432
k1/rand_9 0.087931296
k2/rand_0 0.088348541
k2/rand_1 0.088237286
k2/rand_2 0.089252415
k2/rand_3 0.088794780
k2/rand_4 0.088892549
k2/rand_5 0.088968308
k2/rand_6 0.088741020
k2/rand_7 0.089099751
k2/rand_8 0.089129686
k2/rand_9 0.089427478
k3/rand_0 0.088230044
k3/rand_1 0.088887219
k3/rand_2 0.089335332
k3/rand_3 0.089254676
k3/rand_4 0.088127566
k3/rand_5 0.088303985
k3/rand_6 0.089244063
k3/rand_7 0.089205272
k3/rand_8 0.087976673
k3/rand_9 0.088646564
k4/rand_0 0.088975988
k4/rand_1 0.088943798
k4/rand_2 0.088414658
k4/rand_3 0.089001517
k4/rand_4 0.089149235
k4/rand_5 0.088904251
k4/rand_6 0.088404517
k4/rand_7 0.088599502
k4/rand_8 0.088699102
k4/rand_9 0.088972323
k5/rand_0 0.088095719
k5/rand_1 0.088592334
k5/rand_2 0.089468135
k5/rand_3 0.089895475
k5/rand_4 0.088447674
k5/rand_5 0.088272721
k5/rand_6 0.088864861
k5/rand_7 0.089144693
k5/rand_8 0.088671833
k5/rand_9 0.088167484
k6/rand_0 0.089463581
k6/rand_1 0.089084973
k6/rand_2 0.089469223
k6/rand_3 0.088448301
k6/rand_4 0.088687489
k6/rand_5 0.089257581
k6/rand_6 0.089309941
k6/rand_7 0.088136908
k6/rand_8 0.088465627
k6/rand_9 0.088883614
k7/rand_0 0.088832550
k7/rand_1 0.088176916
k7/rand_2 0.089049383
k7/rand_3 0.088953458
k7/rand_4 0.089126638
k7/rand_5 0.088239359
k7/rand_6 0.088822703
k7/rand_7 0.089027350
k7/rand_8 0.089678600
k7/rand_9 0.088805993
k8/rand_0 0.088602074
k8/rand_1 0.089136359
k8/rand_2 0.089600401
k8/rand_3 0.089911731
k8/rand_4 0.089701561
k8/rand_5 0.089592945
k8/rand_6 0.089089729
k8/rand_7 0.089785193
k8/rand_8 0.089333363
k8/rand_9 0.089147470
k9/rand_0 0.089391781
k9/rand_1 0.089106789
k9/rand_2 0.089371769
k9/rand_3 0.089119888
k9/rand_4 0.089086732
k9/rand_5 0.089036259
k9/rand_6 0.088971362
k9/rand_7 0.089281673
k9/rand_8 0.089181416
k9/rand_9 0.089252789
l0/rand_0 0.089451399
l0/rand_1 0.089590471
l0/rand_2 0.089974018
l0/rand_3 0.089486452
l0/rand_4 0.089523782
l0/rand_5 0.089045341
l0/rand_6 0.089501661
l0/rand_7 0.089146058
l0/rand_8 0.089406367
l0/rand_9 0.089434629
l1/rand_0 0.088861712
l1/rand_1 0.089663458
l1/rand_2 0.089294576
l1/rand_3 0.089544208
l1/rand_4 0.089741842
l1/rand_5 0.088989570
l1/rand_6 0.088050413
l1/rand_7 0.090792136
l1/rand_8 0.088274049
l1/rand_9 0.088639170
l2/rand_0 0.088246220
l2/rand_1 0.088081475
l2/rand_2 0.088522675
l2/rand_3 0.087780820
l2/rand_4 0.087917580
l2/rand_5 0.089551868
l2/rand_6 0.088279673
l2/rand_7 0.088787789
l2/rand_8 0.088284138
l2/rand_9 0.088279374
l3/rand_0 0.089332281
l3/rand_1 0.087948913
l3/rand_2 0.087718067
l3/rand_3 0.088664419
l3/rand_4 0.088532404
l3/rand_5 0.088265483
l3/rand_6 0.088088660
l3/rand_7 0.088586331
l3/rand_8 0.088460122
l3/rand_9 0.088443042
l4/rand_0 0.088334865
l4/rand_1 0.088223848
l4/rand_2 0.087927008
l4/rand_3 0.088166169
l4/rand_4 0.088756933
l4/rand_5 0.088193115
l4/rand_6 0.088889744
l4/rand_7 0.088671288
l4/rand_8 0.089291367
l4/rand_9 0.088859762
l5/rand_0 0.089396808
l5/rand_1 0.089235852
l5/rand_2 0.088717417
l5/rand_3 0.089582099
l5/rand_4 0.088851289
l5/rand_5 0.088993636
l5/rand_6 0.088425187
l5/rand_7 0.088599511
l5/rand_8 0.089179980
l5/rand_9 0.089629758
l6/rand_0 0.088373975
l6/rand_1 0.091187264
l6/rand_2 0.089010528
l6/rand_3 0.089138186
l6/rand_4 0.088587536
l6/rand_5 0.088877169
l6/rand_6 0.088859136
l6/rand_7 0.088929016
l6/rand_8 0.088022280
l6/rand_9 0.088930000
l7/rand_0 0.089306772
l7/rand_1 0.088402671
l7/rand_2 0.088473786
l7/rand_3 0.087968815
l7/rand_4 0.088964826
l7/rand_5 0.088471400
l7/rand_6 0.087822312
l7/rand_7 0.091187669
l7/rand_8 0.088208359
l7/rand_9 0.088920084
l8/rand_0 0.087360543
l8/rand_1 0.088617762
l8/rand_2 0.090099605
l8/rand_3 0.088456283
l8/rand_4 0.088194734
l8/rand_5 0.087746659
l8/rand_6 0.090039681
l8/rand_7 0.089206181
l8/rand_8 0.088321274
l8/rand_9 0.087749706
l9/rand_0 0.088526435
l9/rand_1 0.088624951
l9/rand_2 0.089191774
l9/rand_3 0.087606193
l9/rand_4 0.088701504
l9/rand_5 0.088723735
l9/rand_6 0.088925120
l9/rand_7 0.088218408
l9/rand_8 0.088036474
l9/rand_9 0.088594651
m0/rand_0 0.088604734
m0/rand_1 0.088149473
m0/rand_2 0.088287896
m0/rand_3 0.088720243
m0/rand_4 0.088911391
m0/rand_5 0.088638205
m0/rand_6 0.088394287
m0/rand_7 0.088702344
m0/rand_8 0.088348861
m0/rand_9 0.089268247
m1/rand_0 0.088744271
m1/rand_1 0.088989896
m1/rand_2 0.088967360
m1/rand_3 0.089850956
m1/rand_4 0.090055157
m1/rand_5 0.088733532
m1/rand_6 0.088504343
m1/rand_7 0.090069114
m1/rand_8 0.088367037
m1/rand_9 0.089134558
m2/rand_0 0.088882021
m2/rand_1 0.088730507
m2/rand_2 0.089145928
m2/rand_3 0.089567921
m2/rand_4 0.089414234
m2/rand_5 0.088684892
m2/rand_6 0.089436923
m2/rand_7 0.088980248
m2/rand_8 0.088499108
m2/rand_9 0.088702875
m3/rand_0 0.089426978
m3/rand_1 0.088892896
m3/rand_2 0.088752026
m3/rand_3 0.088909729
m3/rand_4 0.089457570
m3/rand_5 0.088531895
m3/rand_6 0.088434699
m3/rand_7 0.089437298
m3/rand_8 0.088996146
m3/rand_9 0.089737632
m4/rand_0 0.089230092
m4/rand_1 0.088804265
m4/rand_2 0.088607335
m4/rand_3 0.088255501
m4/rand_4 0.087842395
m4/rand_5 0.089479687
m4/rand_6 0.088093027
m4/rand_7 0.088374149
m4/rand_8 0.088253103
m4/rand_9 0.087796860
m5/rand_0 0.087900631
m5/rand_1 0.087888631
m5/rand_2 0.088392945
m5/rand_3 0.087861520
m5/rand_4 0.089334431
m5/rand_5 0.088493056
m5/rand_6 0.087767048
m5/rand_7 0.090859615
m5/rand_8 0.087587330
m5/rand_9 0.088037074
m6/rand_0 0.088719360
m6/rand_1 0.087965980
m6/rand_2 0.088456196
m6/rand_3 0.087683341
m6/rand_4 0.088019036
m6/rand_5 0.088046950
m6/rand_6 0.087987830
m6/rand_7 0.088555546
m6/rand_8 0.090532589
m6/rand_9 0.087623809
m7/rand_0 0.087811319
m7/rand_1 0.087914357
m7/rand_2 0.089120220
m7/rand_3 0.088278069
m7/rand_4 0.088627528
m7/rand_5 0.088147600
m7/rand_6 0.089025162
m7/rand_7 0.090673844
m7/rand_8 0.087924466
m7/rand_9 0.088370206
m8/rand_0 0.090057920
m8/rand_1 0.089026166
m8/rand_2 0.088267997
m8/rand_3 0.088558167
m8/rand_4 0.089146829
m8/rand_5 0.088704811
m8/rand_6 0.087249970
m8/rand_7 0.088569950
m8/rand_8 0.089276046
m8/rand_9 0.089132852
m9/rand_0 0.087829094
m9/rand_1 0.088635771
m9/rand_2 0.088640096
m9/rand_3 0.089145126
m9/rand_4 0.088382051
m9/rand_5 0.091811246
m9/rand_6 0.088750851
m9/rand_7 0.088321295
m9/rand_8 0.088540978
m9/rand_9 0.089391146
n0/rand_0 0.088314305
n0/rand_1 0.087710526
n0/rand_2 0.088829528
n0/rand_3 0.088652214
n0/rand_4 0.088427966
n0/rand_5 0.088216805
n0/rand_6 0.089226978
n0/rand_7 0.142181540
n0/rand_8 0.088152088
n0/rand_9 0.087535080
n1/rand_0 0.088913899
n1/rand_1 0.088562094
n1/rand_2 0.088738788
n1/rand_3 0.087930463
n1/rand_4 0.088931674
n1/rand_5 0.089160093
n1/rand_6 0.088830769
n1/rand_7 0.089498602
n1/rand_8 0.088164117
n1/rand_9 0.088787913
n2/rand_0 0.088615488
n2/rand_1 0.088419713
n2/rand_2 0.088494664
n2/rand_3 0.088493619
n2/rand_4 0.090417231
n2/rand_5 0.088258398
n2/rand_6 0.088068790
n2/rand_7 0.088752213
n2/rand_8 0.088668027
n2/rand_9 0.088675097
n3/rand_0 0.088377352
n3/rand_1 0.088765183
n3/rand_2 0.088710220
n3/rand_3 0.089049737
n3/rand_4 0.088812622
n3/rand_5 0.088923721
n3/rand_6 0.089142006
n3/rand_7 0.089253329
n3/rand_8 0.089041355
n3/rand_9 0.088946104
n4/rand_0 0.088671966
n4/rand_1 0.088898197
n4/rand_2 0.091468134
n4/rand_3 0.089216828
n4/rand_4 0.089809871
n4/rand_5 0.089017456
n4/rand_6 0.089515358
n4/rand_7 0.088937302
n4/rand_8 0.089219613
n4/rand_9 0.088559941
n5/rand_0 0.089703387
n5/rand_1 0.089450502
n5/rand_2 0.088783330
n5/rand_3 0.089533880
n5/rand_4 0.089215865
n5/rand_5 0.089535464
n5/rand_6 0.089117286
n5/rand_7 0.088762311
n5/rand_8 0.088511887
n5/rand_9 0.090002132
n6/rand_0 0.088595015
n6/rand_1 0.089216819
n6/rand_2 0.088749936
n6/rand_3 0.176222131
n6/rand_4 0.088781511
n6/rand_5 0.090043100
n6/rand_6 0.088923853
n6/rand_7 0.088868378
n6/rand_8 0.089720152
n6/rand_9 0.087508838
n7/rand_0 0.087925136
n7/rand_1 0.087694570
n7/rand_2 0.088265999
n7/rand_3 0.088083878
n7/rand_4 0.088038592
n7/rand_5 0.087912971
n7/rand_6 0.088010682
n7/rand_7 0.088357794
n7/rand_8 0.088190437
n7/rand_9 0.087973943
n8/rand_0 0.087733476
n8/rand_1 0.088179987
n8/rand_2 0.087831486
n8/rand_3 0.088030329
n8/rand_4 0.088044066
n8/rand_5 0.088619341
n8/rand_6 0.088521888
n8/rand_7 0.087743369
n8/rand_8 0.090550956
n8/rand_9 0.088132163
n9/rand_0 0.088332256
n9/rand_1 0.087878360
n9/rand_2 0.088373949
n9/rand_3 0.088195908
n9/rand_4 0.088220468
n9/rand_5 0.087802872
n9/rand_6 0.088345033
n9/rand_7 0.087951647
n9/rand_8 0.087958241
n9/rand_9 0.088388561
o0/rand_0 0.088787950
o0/rand_1 0.088800977
o0/rand_2 0.090275821
o0/rand_3 0.088760196
o0/rand_4 0.087749432
o0/rand_5 0.088456032
o0/rand_6 0.089982214
o0/rand_7 0.089605441
o0/rand_8 0.088221539
o0/rand_9 0.088626241
o1/rand_0 0.089063589
o1/rand_1 0.088520629
o1/rand_2 0.087796286
o1/rand_3 0.088095673
o1/rand_4 0.088859859
o1/rand_5 0.088843326
o1/rand_6 0.087713187
o1/rand_7 0.088877481
o1/rand_8 0.089362442
o1/rand_9 0.090088643
o2/rand_0 0.088340339
o2/rand_1 0.088098092
o2/rand_2 0.088904304
o2/rand_3 0.089335487
o2/rand_4 0.088891605
o2/rand_5 0.088250563
o2/rand_6 0.088913585
o2/rand_7 0.089001581
o2/rand_8 0.088236268
o2/rand_9 0.088524596
o3/rand_0 0.089041601
o3/rand_1 0.089251904
o3/rand_2 0.088554758
o3/rand_3 0.090471545
o3/rand_4 0.088108753
o3/rand_5 0.088780548
o3/rand_6 0.088717769
o3/rand_7 0.088774016
o3/rand_8 0.088591030
o3/rand_9 0.089257676
o4/rand_0 0.088881055
o4/rand_1 0.088788678
o4/rand_2 0.088555517
o4/rand_3 0.089631386
o4/rand_4 0.088567540
o4/rand_5 0.088119446
o4/rand_6 0.088228381
o4/rand_7 0.089262409
o4/rand_8 0.088629401
o4/rand_9 0.088064132
o5/rand_0 0.088659906
o5/rand_1 0.088745359
o5/rand_2 0.088848942
o5/rand_3 0.088030973
o5/rand_4 0.088478162
o5/rand_5 0.088735567
o5/rand_6 0.088918757
o5/rand_7 0.087672902
o5/rand_8 0.091825355
o5/rand_9 0.088720987
o6/rand_0 0.089237578
o6/rand_1 0.089253526
o6/rand_2 0.089703035
o6/rand_3 0.089692447
o6/rand_4 0.088702030
o6/rand_5 0.088937415
o6/rand_6 0.089721560
o6/rand_7 0.088798028
o6/rand_8 0.089426742
o6/rand_9 0.088574726
o7/rand_0 0.090355210
o7/rand_1 0.089267583
o7/rand_2 0.089391550
o7/rand_3 0.089079631
o7/rand_4 0.089467896
o7/rand_5 0.088519076
o7/rand_6 0.089986703
o7/rand_7 0.087988004
o7/rand_8 0.089647792
o7/rand_9 0.089964643
o8/rand_0 0.088888681
o8/rand_1 0.088440272
o8/rand_2 0.088358747
o8/rand_3 0.088870466
o8/rand_4 0.089379522
o8/rand_5 0.089084388
o8/rand_6 0.088508389
o8/rand_7 0.088816378
o8/rand_8 0.089435905
o8/rand_9 0.089689771
o9/rand_0 0.088528407
o9/rand_1 0.088706139
o9/rand_2 0.088906603
o9/rand_3 0.088678041
o9/rand_4 0.089219319
o9/rand_5 0.089673062
o9/rand_6 0.088651741
o9/rand_7 0.088387462
o9/rand_8 0.087878506
o9/rand_9 0.090585578
p0/rand_0 0.087905503
p0/rand_1 0.087762913
p0/rand_2 0.089162104
p0/rand_3 0.090020959
p0/rand_4 0.087925597
p0/rand_5 0.088010358
p0/rand_6 0.088122519
p0/rand_7 0.088153551
p0/rand_8 0.087873241
p0/rand_9 0.087249932
p1/rand_0 0.087868571
p1/rand_1 0.087906348
p1/rand_2 0.088257134
p1/rand_3 0.087791491
p1/rand_4 0.088577445
p1/rand_5 0.088095661
p1/rand_6 0.088052615
p1/rand_7 0.088241472
p1/rand_8 0.087657794
p1/rand_9 0.088204898
p2/rand_0 0.087953179
p2/rand_1 0.088158523
p2/rand_2 0.087874245
p2/rand_3 0.087727759
p2/rand_4 0.088424272
p2/rand_5 0.089111917
p2/rand_6 0.088765182
p2/rand_7 0.089033915
p2/rand_8 0.088769526
p2/rand_9 0.089772261
p3/rand_0 0.089709855
p3/rand_1 0.087895932
p3/rand_2 0.142645702
p3/rand_3 0.090052324
p3/rand_4 0.088894240
p3/rand_5 0.087823362
p3/rand_6 0.089792817
p3/rand_7 0.089317765
p3/rand_8 0.088246332
p3/rand_9 0.087888711
p4/rand_0 0.088652038
p4/rand_1 0.089331569
p4/rand_2 0.088915804
p4/rand_3 0.087837419
p4/rand_4 0.088834466
p4/rand_5 0.088497279
p4/rand_6 0.089213631
p4/rand_7 0.090961400
p4/rand_8 0.089270804
p4/rand_9 0.088866740
p5/rand_0 0.088910595
p5/rand_1 0.089195518
p5/rand_2 0.089530354
p5/rand_3 0.088668027
p5/rand_4 0.088620616
p5/rand_5 0.089679325
p5/rand_6 0.089059124
p5/rand_7 0.088834100
p5/rand_8 0.088033403
p5/rand_9 0.088638446
p6/rand_0 0.088524718
p6/rand_1 0.089211607
p6/rand_2 0.088790107
p6/rand_3 0.089123528
p6/rand_4 0.090103778
p6/rand_5 0.089121112
p6/rand_6 0.088741555
p6/rand_7 0.089015621
p6/rand_8 0.090011456
p6/rand_9 0.089116362
p7/rand_0 0.089034521
p7/rand_1 0.088417447
p7/rand_2 0.088298181
p7/rand_3 0.089813828
p7/rand_4 0.088976038
p7/rand_5 0.088670004
p7/rand_6 0.088254453
p7/rand_7 0.089632464
p7/rand_8 0.090089628
p7/rand_9 0.089429301
p8/rand_0 0.087898443
p8/rand_1 0.089292960
p8/rand_2 0.089266233
p8/rand_3 0.089488127
p8/rand_4 0.089379897
p8/rand_5 0.088645692
p8/rand_6 0.088931428
p8/rand_7 0.089726406
p8/rand_8 0.089580644
p8/rand_9 0.089720392
p9/rand_0 0.088795846
p9/rand_1 0.090124020
p9/rand_2 0.088537116
p9/rand_3 0.088892205
p9/rand_4 0.089013174
p9/rand_5 0.089382410
p9/rand_6 0.089278490
p9/rand_7 0.088531012
p9/rand_8 0.088561303
p9/rand_9 0.088599032
q0/rand_0 0.089526841
q0/rand_1 0.090792684
q0/rand_2 0.089139986
q0/rand_3 0.088869257
q0/rand_4 0.089576936
q0/rand_5 0.088931161
q0/rand_6 0.089476776
q0/rand_7 0.089112927
q0/rand_8 0.089022892
q0/rand_9 0.089701436
q1/rand_0 0.088498375
q1/rand_1 0.089075649
q1/rand_2 0.089128720
q1/rand_3 0.088914379
q1/rand_4 0.089573586
q1/rand_5 0.089322475
q1/rand_6 0.088986589
q1/rand_7 0.089686045
q1/rand_8 0.088764712
q1/rand_9 0.088977740
q2/rand_0 0.089280389
q2/rand_1 0.089392030
q2/rand_2 0.088383410
q2/rand_3 0.088128709
q2/rand_4 0.087947386
q2/rand_5 0.088573359
q2/rand_6 0.089249533
q2/rand_7 0.088367433
q2/rand_8 0.088424035
q2/rand_9 0.088099026
q3/rand_0 0.088289293
q3/rand_1 0.087835399
q3/rand_2 0.088270554
q3/rand_3 0.088408165
q3/rand_4 0.088663450
q3/rand_5 0.087903676
q3/rand_6 0.087604831
q3/rand_7 0.087700968
q3/rand_8 0.087848978
q3/rand_9 0.088350848
q4/rand_0 0.088862500
q4/rand_1 0.088028614
q4/rand_2 0.089028369
q4/rand_3 0.087962815
q4/rand_4 0.088060751
q4/rand_5 0.087941987
q4/rand_6 0.087902847
q4/rand_7 0.089601424
q4/rand_8 0.089014537
q4/rand_9 0.087979138
q5/rand_0 0.087517037
q5/rand_1 0.089966328
q5/rand_2 0.091162815
q5/rand_3 0.089775889
q5/rand_4 0.088314851
q5/rand_5 0.088778150
q5/rand_6 0.089998997
q5/rand_7 0.088561797
q5/rand_8 0.088046929
q5/rand_9 0.088230855
q6/rand_0 0.090245866
q6/rand_1 0.089237255
q6/rand_2 0.088029614
q6/rand_3 0.089273061
q6/rand_4 0.088632467
q6/rand_5 0.088997803
q6/rand_6 0.088378718
q6/rand_7 0.088662067
q6/rand_8 0.088677022
q6/rand_9 0.088896806
q7/rand_0 0.088086640
q7/rand_1 0.088365141
q7/rand_2 0.088789237
q7/rand_3 0.087632412
q7/rand_4 0.087793983
q7/rand_5 0.088654454
q7/rand_6 0.089114163
q7/rand_7 0.088450344
q7/rand_8 0.087915609
q7/rand_9 0.088667055
q8/rand_0 0.089558336
q8/rand_1 0.088713839
q8/rand_2 0.088237625
q8/rand_3 0.088606206
q8/rand_4 0.088607912
q8/rand_5 0.089274576
q8/rand_6 0.088048678
q8/rand_7 0.088587670
q8/rand_8 0.088595482
q8/rand_9 0.088354783
q9/rand_0 0.088500990
q9/rand_1 0.089397077
q9/rand_2 0.089001832
q9/rand_3 0.087993444
q9/rand_4 0.087985100
q9/rand_5 0.088990199
q9/rand_6 0.089214701
q9/rand_7 0.089653735
q9/rand_8 0.088656657
q9/rand_9 0.091159214
r0/rand_0 0.088849693
r0/rand_1 0.089778645
r0/rand_2 0.089346919
r0/rand_3 0.089140835
r0/rand_4 0.088613760
r0/rand_5 0.088941244
r0/rand_6 0.090085334
r0/rand_7 0.090295631
r0/rand_8 0.088634135
r0/rand_9 0.088855185
r1/rand_0 0.088646148
r1/rand_1 0.088514574
r1/rand_2 0.089991349
r1/rand_3 0.088863715
r1/rand_4 0.088941726
r1/rand_5 0.089381681
r1/rand_6 0.089031385
r1/rand_7 0.089176493
r1/rand_8 0.088893242
r1/rand_9 0.089342119
r2/rand_0 0.088989013
r2/rand_1 0.089143845
r2/rand_2 0.088752144
r2/rand_3 0.088888315
r2/rand_4 0.089230060
r2/rand_5 0.089172610
r2/rand_6 0.088742861
r2/rand_7 0.088758147
r2/rand_8 0.088734685
r2/rand_9 0.089453338
r3/rand_0 0.089525728
r3/rand_1 0.089994385
r3/rand_2 0.088898293
r3/rand_3 0.090849598
r3/rand_4 0.089298395
r3/rand_5 0.089030912
r3/rand_6 0.088614221
r3/rand_7 0.088701838
r3/rand_8 0.089146434
r3/rand_9 0.089799964
r4/rand_0 0.088794081
r4/rand_1 0.090062442
r4/rand_2 0.091476759
r4/rand_3 0.088819811
r4/rand_4 0.088916546
r4/rand_5 0.088512256
r4/rand_6 0.089244854
r4/rand_7 0.088603047
r4/rand_8 0.088980583
r4/rand_9 0.089074408
r5/rand_0 0.088887449
r5/rand_1 0.089173744
r5/rand_2 0.089059411
r5/rand_3 0.088190177
r5/rand_4 0.088787084
r5/rand_5 0.088215770
r5/rand_6 0.087778401
r5/rand_7 0.088621242
r5/rand_8 0.088955256
r5/rand_9 0.088937013
r6/rand_0 0.088595670
r6/rand_1 0.087880992
r6/rand_2 0.088760161
r6/rand_3 0.088366816
r6/rand_4 0.091447184
r6/rand_5 0.088323520
r6/rand_6 0.087771201
r6/rand_7 0.091171409
r6/rand_8 0.089982065
r6/rand_9 0.088561053
r7/rand_0 0.087674236
r7/rand_1 0.088012670
r7/rand_2 0.088293232
r7/rand_3 0.088566873
r7/rand_4 0.087824002
r7/rand_5 0.088678168
r7/rand_6 0.089941812
r7/rand_7 0.088724092
r7/rand_8 0.088216480
r7/rand_9 0.090591186
r8/rand_0 0.088276168
r8/rand_1 0.091390415
r8/rand_2 0.088328334
r8/rand_3 0.088591843
r8/rand_4 0.088969815
r8/rand_5 0.088192806
r8/rand_6 0.089506657
r8/rand_7 0.088509304
r8/rand_8 0.089045160
r8/rand_9 0.087987577
r9/rand_0 0.089842157
r9/rand_1 0.088908520
r9/rand_2 0.089070821
r9/rand_3 0.088240136
r9/rand_4 0.088959726
r9/rand_5 0.089023733
r9/rand_6 0.088490777
r9/rand_7 0.088162065
r9/rand_8 0.088732346
r9/rand_9 0.089505742
s0/rand_0 0.088740626
s0/rand_1 0.090585532
s0/rand_2 0.088708243
s0/rand_3 0.089381876
s0/rand_4 0.089085592
s0/rand_5 0.088870576
s0/rand_6 0.088929577
s0/rand_7 0.088900590
s0/rand_8 0.089204461
s0/rand_9 0.087960370
s1/rand_0 0.089221356
s1/rand_1 0.089125534
s1/rand_2 0.089419904
s1/rand_3 0.088410215
s1/rand_4 0.088968539
s1/rand_5 0.088425094
s1/rand_6 0.089280195
s1/rand_7 0.088330836
s1/rand_8 0.088812578
s1/rand_9 0.088860484
s2/rand_0 0.088917966
s2/rand_1 0.089091637
s2/rand_2 0.088945623
s2/rand_3 0.088699137
s2/rand_4 0.088153914
s2/rand_5 0.089653526
s2/rand_6 0.089466363
s2/rand_7 0.088753068
s2/rand_8 0.088528995
s2/rand_9 0.088647009
s3/rand_0 0.090108794
s3/rand_1 0.089210975
s3/rand_2 0.089131155
s3/rand_3 0.088599846
s3/rand_4 0.088425894
s3/rand_5 0.088663542
s3/rand_6 0.089228854
s3/rand_7 0.091032086
s3/rand_8 0.089223841
s3/rand_9 0.089444540
s4/rand_0 0.088818859
s4/rand_1 0.088997665
s4/rand_2 0.089922265
s4/rand_3 0.089279751
s4/rand_4 0.089680638
s4/rand_5 0.089149261
s4/rand_6 0.089188574
s4/rand_7 0.088727513
s4/rand_8 0.088883972
s4/rand_9 0.089623152
s5/rand_0 0.090297834
s5/rand_1 0.089927803
s5/rand_2 0.089386494
s5/rand_3 0.089226404
s5/rand_4 0.089233134
s5/rand_5 0.089187942
s5/rand_6 0.089107826
s5/rand_7 0.090188980
s5/rand_8 0.089587412
s5/rand_9 0.088402541
s6/rand_0 0.089258213
s6/rand_1 0.088923014
s6/rand_2 0.089333955
s6/rand_3 0.089071118
s6/rand_4 0.089731269
s6/rand_5 0.088723998
s6/rand_6 0.088902720
s6/rand_7 0.089195945
s6/rand_8 0.090396952
s6/rand_9 0.089845455
s7/rand_0 0.088398259
s7/rand_1 0.088258266
s7/rand_2 0.088859932
s7/rand_3 0.088755895
s7/rand_4 0.089898981
s7/rand_5 0.088736586
s7/rand_6 0.089040573
s7/rand_7 0.089100515
s7/rand_8 0.090090660
s7/rand_9 0.089191435
s8/rand_0 0.088198902
s8/rand_1 0.091663063
s8/rand_2 0.089144035
s8/rand_3 0.088022180
s8/rand_4 0.088057396
s8/rand_5 0.088339384
s8/rand_6 0.088762701
s8/rand_7 0.088407517
s8/rand_8 0.088161297
s8/rand_9 0.088037461
s9/rand_0 0.088688479
s9/rand_1 0.089002533
s9/rand_2 0.088634036
s9/rand_3 0.088196818
s9/rand_4 0.090474936
s9/rand_5 0.088867482
s9/rand_6 0.088074798
s9/rand_7 0.087970034
s9/rand_8 0.088198639
s9/rand_9 0.088394553
t0/rand_0 0.088237296
t0/rand_1 0.088557497
t0/rand_2 0.089406098
t0/rand_3 0.088508958
t0/rand_4 0.087990433
t0/rand_5 0.088603090
t0/rand_6 0.088686904
t0/rand_7 0.089998044
t0/rand_8 0.089101019
t0/rand_9 0.089101317
t1/rand_0 0.089191703
t1/rand_1 0.088519576
t1/rand_2 0.088700673
t1/rand_3 0.091586828
t1/rand_4 0.088528410
t1/rand_5 0.088634793
t1/rand_6 0.088810671
t1/rand_7 0.088902012
t1/rand_8 0.088086839
t1/rand_9 0.091111404
t2/rand_0 0.088916948
t2/rand_1 0.088493111
t2/rand_2 0.088617393
t2/rand_3 0.090926068
t2/rand_4 0.089828927
t2/rand_5 0.089636779
t2/rand_6 0.088822091
t2/rand_7 0.088852467
t2/rand_8 0.090401569
t2/rand_9 0.089077742
t3/rand_0 0.088694589
t3/rand_1 0.088581595
t3/rand_2 0.088597457
t3/rand_3 0.089020586
t3/rand_4 0.088721909
t3/rand_5 0.088560254
t3/rand_6 0.089113640
t3/rand_7 0.088863843
t3/rand_8 0.088550989
t3/rand_9 0.088765260
t4/rand_0 0.088794602
t4/rand_1 0.088299844
t4/rand_2 0.088367482
t4/rand_3 0.088619710
t4/rand_4 0.089258954
t4/rand_5 0.088849254
t4/rand_6 0.088028447
t4/rand_7 0.088230472
t4/rand_8 0.088963524
t4/rand_9 0.088758248
t5/rand_0 0.088194422
t5/rand_1 0.090910858
t5/rand_2 0.089441935
t5/rand_3 0.088653340
t5/rand_4 0.088111942
t5/rand_5 0.088635138
t5/rand_6 0.088878336
t5/rand_7 0.088416022
t5/rand_8 0.088583099
t5/rand_9 0.091224384
t6/rand_0 0.088832437
t6/rand_1 0.088849171
t6/rand_2 0.088629032
t6/rand_3 0.088666783
t6/rand_4 0.091452056
t6/rand_5 0.089085629
t6/rand_6 0.089194725
t6/rand_7 0.090893713
t6/rand_8 0.089720817
t6/rand_9 0.088818492
t7/rand_0 0.089736201
t7/rand_1 0.088821358
t7/rand_2 0.089008227
t7/rand_3 0.091179119
t7/rand_4 0.089242603
t7/rand_5 0.089250355
t7/rand_6 0.088850068
t7/rand_7 0.088733284
t7/rand_8 0.088698344
t7/rand_9 0.088831326
t8/rand_0 0.089100715
t8/rand_1 0.088689052
t8/rand_2 0.088256007
t8/rand_3 0.089275534
t8/rand_4 0.088624011
t8/rand_5 0.088896459
t8/rand_6 0.089091442
t8/rand_7 0.089138483
t8/rand_8 0.089043988
t8/rand_9 0.088657536
t9/rand_0 0.088345266
t9/rand_1 0.090812765
t9/rand_2 0.089253177
t9/rand_3 0.088983654
t9/rand_4 0.089325277
t9/rand_5 0.089083272
t9/rand_6 0.088310560
t9/rand_7 0.089971681
t9/rand_8 0.088724586
t9/rand_9 0.089140976
u0/rand_0 0.088788127
u0/rand_1 0.088656367
u0/rand_2 0.088794837
u0/rand_3 0.088949264
u0/rand_4 0.089814723
u0/rand_5 0.088011207
u0/rand_6 0.088495464
u0/rand_7 0.088429559
u0/rand_8 0.090201563
u0/rand_9 0.087840198
u1/rand_0 0.088342026
u1/rand_1 0.089428467
u1/rand_2 0.087890565
u1/rand_3 0.087903497
u1/rand_4 0.088308368
u1/rand_5 0.089070143
u1/rand_6 0.088371124
u1/rand_7 0.088361955
u1/rand_8 0.091001427
u1/rand_9 0.088184053
u2/rand_0 0.089585972
u2/rand_1 0.088769539
u2/rand_2 0.088313332
u2/rand_3 0.091186296
u2/rand_4 0.088879889
u2/rand_5 0.088468639
u2/rand_6 0.088543745
u2/rand_7 0.088226647
u2/rand_8 0.088691845
u2/rand_9 0.088140669
u3/rand_0 0.088049625
u3/rand_1 0.088244373
u3/rand_2 0.088460973
u3/rand_3 0.089286755
u3/rand_4 0.089834293
u3/rand_5 0.089697935
u3/rand_6 0.103421351
u3/rand_7 0.088823427
u3/rand_8 0.088609017
u3/rand_9 0.088676183
u4/rand_0 0.089546591
u4/rand_1 0.089343591
u4/rand_2 0.088798782
u4/rand_3 0.089362756
u4/rand_4 0.091591405
u4/rand_5 0.089064778
u4/rand_6 0.089352881
u4/rand_7 0.089942017
u4/rand_8 0.088405321
u4/rand_9 0.088419352
u5/rand_0 0.088572862
u5/rand_1 0.089169613
u5/rand_2 0.090098656
u5/rand_3 0.088860027
u5/rand_4 0.088513928
u5/rand_5 0.089780313
u5/rand_6 0.089216239
u5/rand_7 0.089064175
u5/rand_8 0.089840168
u5/rand_9 0.089550968
u6/rand_0 0.089094391
u6/rand_1 0.089440666
u6/rand_2 0.089342137
u6/rand_3 0.088132539
u6/rand_4 0.088579951
u6/rand_5 0.088705224
u6/rand_6 0.089874246
u6/rand_7 0.088837239
u6/rand_8 0.088387477
u6/rand_9 0.088978178
u7/rand_0 0.089856678
u7/rand_1 0.088696903
u7/rand_2 0.091235654
u7/rand_3 0.090239223
u7/rand_4 0.089231416
u7/rand_5 0.089848844
u7/rand_6 0.088901311
u7/rand_7 0.089828251
u7/rand_8 0.089813952
u7/rand_9 0.088888235
u8/rand_0 0.088827632
u8/rand_1 0.089737327
u8/rand_2 0.089840866
u8/rand_3 0.089304080
u8/rand_4 0.088729054
u8/rand_5 0.089032934
u8/rand_6 0.091322825
u8/rand_7 0.089805181
u8/rand_8 0.090203491
u8/rand_9 0.088742632
u9/rand_0 0.088785113
u9/rand_1 0.091448685
u9/rand_2 0.204105452
u9/rand_3 0.089479330
u9/rand_4 0.089758772
u9/rand_5 0.088880775
u9/rand_6 0.089222115
u9/rand_7 0.090404083
u9/rand_8 0.089189256
u9/rand_9 0.089165570
v0/rand_0 0.088931314
v0/rand_1 0.089681221
v0/rand_2 0.089138870
v0/rand_3 0.089352648
v0/rand_4 0.089069231
v0/rand_5 0.089828549
v0/rand_6 0.089421356
v0/rand_7 0.089248992
v0/rand_8 0.089804708
v0/rand_9 0.089983815
v1/rand_0 0.089536530
v1/rand_1 0.089445985
v1/rand_2 0.089033988
v1/rand_3 0.089794605
v1/rand_4 0.090374375
v1/rand_5 0.089261405
v1/rand_6 0.088909611
v1/rand_7 0.088378025
v1/rand_8 0.089516908
v1/rand_9 0.089756882
v2/rand_0 0.089136452
v2/rand_1 0.089787034
v2/rand_2 0.089237261
v2/rand_3 0.089404958
v2/rand_4 0.089142950
v2/rand_5 0.088887582
v2/rand_6 0.089335583
v2/rand_7 0.089831678
v2/rand_8 0.090177918
v2/rand_9 0.088859069
v3/rand_0 0.089489882
v3/rand_1 0.088499454
v3/rand_2 0.091511449
v3/rand_3 0.090936616
v3/rand_4 0.088826213
v3/rand_5 0.087929823
v3/rand_6 0.088773475
v3/rand_7 0.090619174
v3/rand_8 0.088209672
v3/rand_9 0.088271388
v4/rand_0 0.088934078
v4/rand_1 0.088161121
v4/rand_2 0.088219362
v4/rand_3 0.088060987
v4/rand_4 0.087762665
v4/rand_5 0.089038712
v4/rand_6 0.088607999
v4/rand_7 0.087659667
v4/rand_8 0.088283166
v4/rand_9 0.088828030
v5/rand_0 0.088364659
v5/rand_1 0.088001588
v5/rand_2 0.088346516
v5/rand_3 0.088732713
v5/rand_4 0.088738458
v5/rand_5 0.089375192
v5/rand_6 0.088161084
v5/rand_7 0.088081224
v5/rand_8 0.089028354
v5/rand_9 0.088984021
v6/rand_0 0.089070434
v6/rand_1 0.088157147
v6/rand_2 0.088552153
v6/rand_3 0.089302322
v6/rand_4 0.089180510
v6/rand_5 0.088998622
v6/rand_6 0.089487544
v6/rand_7 0.089063199
v6/rand_8 0.089220176
v6/rand_9 0.089599323
v7/rand_0 0.089248822
v7/rand_1 0.088877924
v7/rand_2 0.088877776
v7/rand_3 0.089569335
v7/rand_4 0.088828014
v7/rand_5 0.089059884
v7/rand_6 0.088602533
v7/rand_7 0.088788583
v7/rand_8 0.088547326
v7/rand_9 0.088896186
v8/rand_0 0.089347456
v8/rand_1 0.088365731
v8/rand_2 0.088993365
v8/rand_3 0.091258246
v8/rand_4 0.088797679
v8/rand_5 0.088376614
v8/rand_6 0.090057242
v8/rand_7 0.088551402
v8/rand_8 0.089137831
v8/rand_9 0.090835432
v9/rand_0 0.089163542
v9/rand_1 0.089155599
v9/rand_2 0.089105900
v9/rand_3 0.089195694
v9/rand_4 0.088710404
v9/rand_5 0.089154433
v9/rand_6 0.089083384
v9/rand_7 0.089428985
v9/rand_8 0.088050687
v9/rand_9 0.088937605
w0/rand_0 0.088726430
w0/rand_1 0.088770104
w0/rand_2 0.088361583
w0/rand_3 0.089147654
w0/rand_4 0.090304971
w0/rand_5 0.088047175
w0/rand_6 0.088183560
w0/rand_7 0.088861410
w0/rand_8 0.089073329
w0/rand_9 0.088990424
w1/rand_0 0.088818504
w1/rand_1 0.088647675
w1/rand_2 0.089523387
w1/rand_3 0.089374136
w1/rand_4 0.088658423
w1/rand_5 0.088538874
w1/rand_6 0.089869963
w1/rand_7 0.089111565
w1/rand_8 0.089387879
w1/rand_9 0.088940446
w2/rand_0 0.089047400
w2/rand_1 0.089744654
w2/rand_2 0.089320043
w2/rand_3 0.089482802
w2/rand_4 0.089512821
w2/rand_5 0.089828454
w2/rand_6 0.089603228
w2/rand_7 0.089039272
w2/rand_8 0.089149424
w2/rand_9 0.089095874
w3/rand_0 0.089783098
w3/rand_1 0.089238623
w3/rand_2 0.088962834
w3/rand_3 0.090073219
w3/rand_4 0.090068676
w3/rand_5 0.089430121
w3/rand_6 0.088868434
w3/rand_7 0.090288321
w3/rand_8 0.089333886
w3/rand_9 0.089545128
w4/rand_0 0.089136561
w4/rand_1 0.089176205
w4/rand_2 0.089819547
w4/rand_3 0.089798362
w4/rand_4 0.089357517
w4/rand_5 0.089305176
w4/rand_6 0.090624224
w4/rand_7 0.089464531
w4/rand_8 0.091606013
w4/rand_9 0.088958306
w5/rand_0 0.089440350
w5/rand_1 0.089350110
w5/rand_2 0.089184156
w5/rand_3 0.089033699
w5/rand_4 0.089799161
w5/rand_5 0.088937813
w5/rand_6 0.088977362
w5/rand_7 0.089386549
w5/rand_8 0.088421954
w5/rand_9 0.088397153
w6/rand_0 0.088133840
w6/rand_1 0.088143137
w6/rand_2 0.088448475
w6/rand_3 0.088294355
w6/rand_4 0.088218361
w6/rand_5 0.088594580
w6/rand_6 0.088728199
w6/rand_7 0.088573832
w6/rand_8 0.088468070
w6/rand_9 0.088424059
w7/rand_0 0.088049919
w7/rand_1 0.090994454
w7/rand_2 0.087786410
w7/rand_3 0.088229451
w7/rand_4 0.088756571
w7/rand_5 0.087981614
w7/rand_6 0.091225309
w7/rand_7 0.088621320
w7/rand_8 0.091438555
w7/rand_9 0.087910167
w8/rand_0 0.088417507
w8/rand_1 0.088404183
w8/rand_2 0.088649917
w8/rand_3 0.090498166
w8/rand_4 0.088077394
w8/rand_5 0.088536049
w8/rand_6 0.089435114
w8/rand_7 0.088861935
w8/rand_8 0.089932123
w8/rand_9 0.089364399
w9/rand_0 0.089469134
w9/rand_1 0.089123510
w9/rand_2 0.089012508
w9/rand_3 0.089891551
w9/rand_4 0.091348152
w9/rand_5 0.089582757
w9/rand_6 0.089460845
w9/rand_7 0.089236297
w9/rand_8 0.088541448
w9/rand_9 0.088895057
x0/rand_0 0.089066002
x0/rand_1 0.089246964
x0/rand_2 0.088560098
x0/rand_3 0.088677960
x0/rand_4 0.089644370
x0/rand_5 0.088881695
x0/rand_6 0.088985913
x0/rand_7 0.088283636
x0/rand_8 0.089792342
x0/rand_9 0.089017794
x1/rand_0 0.089043705
x1/rand_1 0.088019706
x1/rand_2 0.088670420
x1/rand_3 0.089195631
x1/rand_4 0.089490229
x1/rand_5 0.089840837
x1/rand_6 0.089284255
x1/rand_7 0.089359165
x1/rand_8 0.089039141
x1/rand_9 0.087854046
x2/rand_0 0.088501128
x2/rand_1 0.089622731
x2/rand_2 0.089014444
x2/rand_3 0.089293557
x2/rand_4 0.088472315
x2/rand_5 0.089776388
x2/rand_6 0.088688739
x2/rand_7 0.090322349
x2/rand_8 0.089087107
x2/rand_9 0.091372952
x3/rand_0 0.088458203
x3/rand_1 0.089351683
x3/rand_2 0.089890563
x3/rand_3 0.088449276
x3/rand_4 0.088531726
x3/rand_5 0.088785601
x3/rand_6 0.089055321
x3/rand_7 0.088356124
x3/rand_8 0.088386115
x3/rand_9 0.088869826
x4/rand_0 0.089164364
x4/rand_1 0.089604763
x4/rand_2 0.088772502
x4/rand_3 0.088943235
x4/rand_4 0.089022882
x4/rand_5 0.089467215
x4/rand_6 0.088906791
x4/rand_7 0.089009544
x4/rand_8 0.089222536
x4/rand_9 0.089657763
x5/rand_0 0.090235173
x5/rand_1 0.089445721
x5/rand_2 0.088876276
x5/rand_3 0.089306524
x5/rand_4 0.089556452
x5/rand_5 0.089147974
x5/rand_6 0.089162754
x5/rand_7 0.089196216
x5/rand_8 0.089883927
x5/rand_9 0.088657433
x6/rand_0 0.088647647
x6/rand_1 0.089244357
x6/rand_2 0.088043683
x6/rand_3 0.089174578
x6/rand_4 0.088573039
x6/rand_5 0.088469542
x6/rand_6 0.088860942
x6/rand_7 0.088655352
x6/rand_8 0.089131181
x6/rand_9 0.088756144
x7/rand_0 0.088565641
x7/rand_1 0.089441583
x7/rand_2 0.088637699
x7/rand_3 0.089173975
x7/rand_4 0.088964661
x7/rand_5 0.088525267
x7/rand_6 0.088381955
x7/rand_7 0.088961262
x7/rand_8 0.088693984
x7/rand_9 0.088052012
x8/rand_0 0.089302314
x8/rand_1 0.088597959
x8/rand_2 0.088476673
x8/rand_3 0.088783915
x8/rand_4 0.088671536
x8/rand_5 0.088475083
x8/rand_6 0.087859347
x8/rand_7 0.087641537
x8/rand_8 0.087961092
x8/rand_9 0.090614286
x9/rand_0 0.087988509
x9/rand_1 0.087447892
x9/rand_2 0.088256687
x9/rand_3 0.087717572
x9/rand_4 0.087577071
x9/rand_5 0.087379328
x9/rand_6 0.088082199
x9/rand_7 0.088460771
x9/rand_8 0.087548584
x9/rand_9 0.087365982
y0/rand_0 0.088329719
y0/rand_1 0.087780021
y0/rand_2 0.088053527
y0/rand_3 0.087564173
y0/rand_4 0.087974203
y0/rand_5 0.087335172
y0/rand_6 0.088171000
y0/rand_7 0.088120782
y0/rand_8 0.089429959
y0/rand_9 0.087617573
y1/rand_0 0.088235733
y1/rand_1 0.087277488
y1/rand_2 0.088678895
y1/rand_3 0.087855206
y1/rand_4 0.088822080
y1/rand_5 0.088136248
y1/rand_6 0.088457548
y1/rand_7 0.088399681
y1/rand_8 0.087896228
y1/rand_9 0.088724041
y2/rand_0 0.088530880
y2/rand_1 0.088910717
y2/rand_2 0.088104845
y2/rand_3 0.088560002
y2/rand_4 0.088674808
y2/rand_5 0.088982603
y2/rand_6 0.088090115
y2/rand_7 0.088275763
y2/rand_8 0.088661553
y2/rand_9 0.089024617
y3/rand_0 0.088014636
y3/rand_1 0.088748284
y3/rand_2 0.088815967
y3/rand_3 0.088222642
y3/rand_4 0.087409529
y3/rand_5 0.089245270
y3/rand_6 0.088857128
y3/rand_7 0.088613719
y3/rand_8 0.089215565
y3/rand_9 0.088456557
y4/rand_0 0.088968490
y4/rand_1 0.088236300
y4/rand_2 0.089128584
y4/rand_3 0.089272891
y4/rand_4 0.088322314
y4/rand_5 0.088172481
y4/rand_6 0.090962700
y4/rand_7 0.088649470
y4/rand_8 0.088595286
y4/rand_9 0.088273004
y5/rand_0 0.087732192
y5/rand_1 0.089311831
y5/rand_2 0.088593809
y5/rand_3 0.088029444
y5/rand_4 0.088436572
y5/rand_5 0.088255723
y5/rand_6 0.091433984
y5/rand_7 0.088307988
y5/rand_8 0.088326738
y5/rand_9 0.088673718
y6/rand_0 0.088974647
y6/rand_1 0.089624716
y6/rand_2 0.087863700
y6/rand_3 0.088181260
y6/rand_4 0.088622746
y6/rand_5 0.088580354
y6/rand_6 0.087696261
y6/rand_7 0.088649848
y6/rand_8 0.088155765
y6/rand_9 0.088323471
y7/rand_0 0.088502167
y7/rand_1 0.088632108
y7/rand_2 0.088600155
y7/rand_3 0.089441160
y7/rand_4 0.088864120
y7/rand_5 0.089303447
y7/rand_6 0.089866422
y7/rand_7 0.088321542
y7/rand_8 0.088947726
y7/rand_9 0.088361797
y8/rand_0 0.088915097
y8/rand_1 0.088969287
y8/rand_2 0.088670590
y8/rand_3 0.097818342
y8/rand_4 0.089494340
y8/rand_5 0.089658153
y8/rand_6 0.088389767
y8/rand_7 0.089135274
y8/rand_8 0.089386840
y8/rand_9 0.089112290
y9/rand_0 0.088868674
y9/rand_1 0.089101170
y9/rand_2 0.089007630
y9/rand_3 0.091391246
y9/rand_4 0.089510698
y9/rand_5 0.088582418
y9/rand_6 0.088775930
y9/rand_7 0.088915897
y9/rand_8 0.089190378
y9/rand_9 0.089064406
z0/rand_0 0.088653367
z0/rand_1 0.088984537
z0/rand_2 0.088972546
z0/rand_3 0.088881110
z0/rand_4 0.088507986
z0/rand_5 0.088627855
z0/rand_6 0.089120356
z0/rand_7 0.088598108
z0/rand_8 0.088579159
z0/rand_9 0.089139432
z1/rand_0 0.088472257
z1/rand_1 0.089031520
z1/rand_2 0.088366432
z1/rand_3 0.088123332
z1/rand_4 0.087829258
z1/rand_5 0.088095091
z1/rand_6 0.087726868
z1/rand_7 0.087777484
z1/rand_8 0.088088074
z1/rand_9 0.087736737
z2/rand_0 0.088483279
z2/rand_1 0.087962582
z2/rand_2 0.087674705
z2/rand_3 0.087858626
z2/rand_4 0.087840097
z2/rand_5 0.090405938
z2/rand_6 0.088086245
z2/rand_7 0.087744013
z2/rand_8 0.087597686
z2/rand_9 0.087992475
z3/rand_0 0.088133681
z3/rand_1 0.087905404
z3/rand_2 0.088318759
z3/rand_3 0.088143746
z3/rand_4 0.088014705
z3/rand_5 0.087817683
z3/rand_6 0.087675511
z3/rand_7 0.088225166
z3/rand_8 0.088374657
z3/rand_9 0.088203470
z4/rand_0 0.089644140
z4/rand_1 0.089510045
z4/rand_2 0.088362463
z4/rand_3 0.088482199
z4/rand_4 0.088219753
z4/rand_5 0.087443878
z4/rand_6 0.088240644
z4/rand_7 0.088240050
z4/rand_8 0.088358576
z4/rand_9 0.088735662
z5/rand_0 0.089052022
z5/rand_1 0.088492341
z5/rand_2 0.088095908
z5/rand_3 0.087987294
z5/rand_4 0.089105941
z5/rand_5 0.088361693
z5/rand_6 0.087941310
z5/rand_7 0.090999710
z5/rand_8 0.088383061
z5/rand_9 0.088797056
z6/rand_0 0.088340366
z6/rand_1 0.088563904
z6/rand_2 0.088373644
z6/rand_3 0.088503518
z6/rand_4 0.088636463
z6/rand_5 0.088889104
z6/rand_6 0.088299840
z6/rand_7 0.089012063
z6/rand_8 0.088577119
z6/rand_9 0.088164746
z7/rand_0 0.088518260
z7/rand_1 0.088841962
z7/rand_2 0.088199153
z7/rand_3 0.087564135
z7/rand_4 0.088432347
z7/rand_5 0.088983053
z7/rand_6 0.088178451
z7/rand_7 0.088245556
z7/rand_8 0.088982736
z7/rand_9 0.089170687
z8/rand_0 0.087579550
z8/rand_1 0.090498524
z8/rand_2 0.089222288
z8/rand_3 0.088746537
z8/rand_4 0.088567021
z8/rand_5 0.087718470
z8/rand_6 0.088941452
z8/rand_7 0.088530675
z8/rand_8 0.088872617
z8/rand_9 0.087694574
z9/rand_0 0.089692098
z9/rand_1 0.088638647
z9/rand_2 0.087534246
z9/rand_3 0.088000444
z9/rand_4 0.089595934
z9/rand_5 0.088520185
z9/rand_6 0.088006298
z9/rand_7 0.087736585
z9/rand_8 0.089663262
z9/rand_9 0.088443842
TOTAL TIME: 232.756951088 seconds
