a0/rand_0 0.066545889
a0/rand_1 0.060606820
a0/rand_2 0.060575350
a0/rand_3 0.044577089
a0/rand_4 0.037383756
a0/rand_5 0.037317885
a0/rand_6 0.037344903
a0/rand_7 0.037409216
a0/rand_8 0.037358418
a0/rand_9 0.037370012
a1/rand_0 0.037357014
a1/rand_1 0.037366823
a1/rand_2 0.037392894
a1/rand_3 0.040486902
a1/rand_4 0.037962173
a1/rand_5 0.037677310
a1/rand_6 0.037807519
a1/rand_7 0.037662027
a1/rand_8 0.037621024
a1/rand_9 0.037769122
a2/rand_0 0.037769343
a2/rand_1 0.037726224
a2/rand_2 0.037696819
a2/rand_3 0.038395760
a2/rand_4 0.037695446
a2/rand_5 0.037462861
a2/rand_6 0.037522566
a2/rand_7 0.037559459
a2/rand_8 0.038331263
a2/rand_9 0.037542952
a3/rand_0 0.037680243
a3/rand_1 0.037741102
a3/rand_2 0.037745853
a3/rand_3 0.037462635
a3/rand_4 0.037602472
a3/rand_5 0.037363701
a3/rand_6 0.037668463
a3/rand_7 0.037670914
a3/rand_8 0.037788861
a3/rand_9 0.037377475
a4/rand_0 0.037508205
a4/rand_1 0.037681677
a4/rand_2 0.037832522
a4/rand_3 0.037619290
a4/rand_4 0.037879194
a4/rand_5 0.038237020
a4/rand_6 0.038498339
a4/rand_7 0.037870958
a4/rand_8 0.038054987
a4/rand_9 0.038212379
a5/rand_0 0.038148738
a5/rand_1 0.038053227
a5/rand_2 0.038064937
a5/rand_3 0.038100050
a5/rand_4 0.038174147
a5/rand_5 0.038923479
a5/rand_6 0.037982308
a5/rand_7 0.039161103
a5/rand_8 0.038149936
a5/rand_9 0.038440268
a6/rand_0 0.038079629
a6/rand_1 0.038016595
a6/rand_2 0.038169630
a6/rand_3 0.038074044
a6/rand_4 0.038293161
a6/rand_5 0.037886161
a6/rand_6 0.038277938
a6/rand_7 0.038046721
a6/rand_8 0.037703923
a6/rand_9 0.038057002
a7/rand_0 0.043348048
a7/rand_1 0.043516704
a7/rand_2 0.042161134
a7/rand_3 0.044221790
a7/rand_4 0.043778357
a7/rand_5 0.057257830
a7/rand_6 0.045455978
a7/rand_7 0.045332191
a7/rand_8 0.045477217
a7/rand_9 0.045420464
a8/rand_0 0.047109402
a8/rand_1 0.046457466
a8/rand_2 0.047390711
a8/rand_3 0.048229434
a8/rand_4 0.048113683
a8/rand_5 0.049308065
a8/rand_6 0.048897145
a8/rand_7 0.050649986
a8/rand_8 0.051466237
a8/rand_9 0.051275005
a9/rand_0 0.051855652
a9/rand_1 0.053190605
a9/rand_2 0.053630483
a9/rand_3 0.054727691
a9/rand_4 0.054863794
a9/rand_5 0.056570418
a9/rand_6 0.056551495
a9/rand_7 0.058366116
a9/rand_8 0.058720288
a9/rand_9 0.061150580
b0/rand_0 0.061424214
b0/rand_1 0.063311898
b0/rand_2 0.063892435
b0/rand_3 0.065739142
b0/rand_4 0.067254549
b0/rand_5 0.069676985
b0/rand_6 0.070826025
b0/rand_7 0.074291272
b0/rand_8 0.076283396
b0/rand_9 0.079187630
b1/rand_0 0.081509609
b1/rand_1 0.084390571
b1/rand_2 0.087095513
b1/rand_3 0.089402875
b1/rand_4 0.092119813
b1/rand_5 0.095021322
b1/rand_6 0.099925084
b1/rand_7 0.100266528
b1/rand_8 0.106196429
b1/rand_9 0.113642961
b2/rand_0 0.117141142
b2/rand_1 0.123140498
b2/rand_2 0.123887965
b2/rand_3 0.122205102
b2/rand_4 0.127031904
b2/rand_5 0.128075197
b2/rand_6 0.132835026
b2/rand_7 0.145835631
b2/rand_8 0.150883065
b2/rand_9 0.151830145
b3/rand_0 0.157327618
b3/rand_1 0.160692211
b3/rand_2 0.162619562
b3/rand_3 0.161504683
b3/rand_4 0.150996335
b3/rand_5 0.148182853
b3/rand_6 0.152511566
b3/rand_7 0.150753077
b3/rand_8 0.153230001
b3/rand_9 0.147125531
b4/rand_0 0.144635805
b4/rand_1 0.151766414
b4/rand_2 0.149651413
b4/rand_3 0.150235293
b4/rand_4 0.146040191
b4/rand_5 0.148177170
b4/rand_6 0.148933675
b4/rand_7 0.134516050
b4/rand_8 0.130392303
b4/rand_9 0.132071348
b5/rand_0 0.133115216
b5/rand_1 0.137227369
b5/rand_2 0.136606571
b5/rand_3 0.133175929
b5/rand_4 0.136061713
b5/rand_5 0.133702366
b5/rand_6 0.131053493
b5/rand_7 0.128457776
b5/rand_8 0.131346587
b5/rand_9 0.130184615
b6/rand_0 0.130319961
b6/rand_1 0.133556689
b6/rand_2 0.133418947
b6/rand_3 0.135241978
b6/rand_4 0.135694553
b6/rand_5 0.129581766
b6/rand_6 0.127990058
b6/rand_7 0.132983384
b6/rand_8 0.167553619
b6/rand_9 0.160695856
b7/rand_0 0.175143557
b7/rand_1 0.172429305
b7/rand_2 0.174032323
b7/rand_3 0.167675009
b7/rand_4 0.170164906
b7/rand_5 0.175328908
b7/rand_6 0.174081802
b7/rand_7 0.166906348
b7/rand_8 0.161497821
b7/rand_9 0.157264729
b8/rand_0 0.150781535
b8/rand_1 0.144516639
b8/rand_2 0.143739271
b8/rand_3 0.146549028
b8/rand_4 0.139992409
b8/rand_5 0.141367618
b8/rand_6 0.140467575
b8/rand_7 0.136829317
b8/rand_8 0.137480913
b8/rand_9 0.138995312
b9/rand_0 0.142834748
b9/rand_1 0.141909202
b9/rand_2 0.143159541
b9/rand_3 0.142096012
b9/rand_4 0.148279066
b9/rand_5 0.150111066
b9/rand_6 0.144214748
b9/rand_7 0.141941714
b9/rand_8 0.145832197
b9/rand_9 0.146478992
c0/rand_0 0.145864439
c0/rand_1 0.152710577
c0/rand_2 0.153377583
c0/rand_3 0.157012258
c0/rand_4 0.154141517
c0/rand_5 0.156935705
c0/rand_6 0.165062248
c0/rand_7 0.170642484
c0/rand_8 0.159766942
c0/rand_9 0.155021684
c1/rand_0 0.154281389
c1/rand_1 0.132344846
c1/rand_2 0.137535299
c1/rand_3 0.139895630
c1/rand_4 0.142349326
c1/rand_5 0.152145705
c1/rand_6 0.158608784
c1/rand_7 0.160710112
c1/rand_8 0.161995996
c1/rand_9 0.166361126
c2/rand_0 0.167214069
c2/rand_1 0.173057366
c2/rand_2 0.177497771
c2/rand_3 0.177582284
c2/rand_4 0.172986554
c2/rand_5 0.161371413
c2/rand_6 0.152243491
c2/rand_7 0.147338898
c2/rand_8 0.145165578
c2/rand_9 0.142878207
c3/rand_0 0.144815983
c3/rand_1 0.141232828
c3/rand_2 0.144461410
c3/rand_3 0.145168642
c3/rand_4 0.135096101
c3/rand_5 0.139774073
c3/rand_6 0.136575618
c3/rand_7 0.135910482
c3/rand_8 0.135828701
c3/rand_9 0.137297301
c4/rand_0 0.138708149
c4/rand_1 0.144748950
c4/rand_2 0.150527369
c4/rand_3 0.156425875
c4/rand_4 0.158198255
c4/rand_5 0.153803050
c4/rand_6 0.151475678
c4/rand_7 0.152057894
c4/rand_8 0.150983187
c4/rand_9 0.148869232
c5/rand_0 0.145425664
c5/rand_1 0.147498124
c5/rand_2 0.151735617
c5/rand_3 0.153566489
c5/rand_4 0.147999943
c5/rand_5 0.147209592
c5/rand_6 0.150358313
c5/rand_7 0.156161576
c5/rand_8 0.150213458
c5/rand_9 0.151031448
c6/rand_0 0.138118343
c6/rand_1 0.168436623
c6/rand_2 0.163913650
c6/rand_3 0.161862515
c6/rand_4 0.157257210
c6/rand_5 0.152712202
c6/rand_6 0.147455777
c6/rand_7 0.154087656
c6/rand_8 0.151966198
c6/rand_9 0.151326416
c7/rand_0 0.149071727
c7/rand_1 0.151319589
c7/rand_2 0.153255205
c7/rand_3 0.161164642
c7/rand_4 0.162227669
c7/rand_5 0.162612298
c7/rand_6 0.166702670
c7/rand_7 0.171569489
c7/rand_8 0.169573822
c7/rand_9 0.168167150
c8/rand_0 0.168294475
c8/rand_1 0.165306956
c8/rand_2 0.167843133
c8/rand_3 0.163439441
c8/rand_4 0.153377347
c8/rand_5 0.159006446
c8/rand_6 0.157625131
c8/rand_7 0.158737889
c8/rand_8 0.159440820
c8/rand_9 0.163981858
c9/rand_0 0.157614229
c9/rand_1 0.152978067
c9/rand_2 0.151896337
c9/rand_3 0.148054786
c9/rand_4 0.145948285
c9/rand_5 0.145413037
c9/rand_6 0.141188827
c9/rand_7 0.141281716
c9/rand_8 0.145109888
c9/rand_9 0.144873248
d0/rand_0 0.141628595
d0/rand_1 0.137473053
d0/rand_2 0.137768613
d0/rand_3 0.136143916
d0/rand_4 0.133959182
d0/rand_5 0.133375332
d0/rand_6 0.135049037
d0/rand_7 0.117812062
d0/rand_8 0.119917906
d0/rand_9 0.122961662
d1/rand_0 0.125559520
d1/rand_1 0.128862079
d1/rand_2 0.133835566
d1/rand_3 0.137392530
d1/rand_4 0.142947792
d1/rand_5 0.148274675
d1/rand_6 0.151198705
d1/rand_7 0.153372279
d1/rand_8 0.150853244
d1/rand_9 0.147799939
d2/rand_0 0.146606518
d2/rand_1 0.147307424
d2/rand_2 0.148376531
d2/rand_3 0.142470005
d2/rand_4 0.144395685
d2/rand_5 0.150717508
d2/rand_6 0.153907809
d2/rand_7 0.150841365
d2/rand_8 0.148502940
d2/rand_9 0.148609784
d3/rand_0 0.149587011
d3/rand_1 0.152162071
d3/rand_2 0.149590474
d3/rand_3 0.139323825
d3/rand_4 0.135269187
d3/rand_5 0.134221298
d3/rand_6 0.138451729
d3/rand_7 0.145786939
d3/rand_8 0.145862745
d3/rand_9 0.149310940
d4/rand_0 0.146789540
d4/rand_1 0.142211824
d4/rand_2 0.139594145
d4/rand_3 0.142590498
d4/rand_4 0.147796656
d4/rand_5 0.152982974
d4/rand_6 0.159664934
d4/rand_7 0.156484508
d4/rand_8 0.160021969
d4/rand_9 0.165769831
d5/rand_0 0.165193499
d5/rand_1 0.171496531
d5/rand_2 0.168603183
d5/rand_3 0.163904749
d5/rand_4 0.196864050
d5/rand_5 0.197627142
d5/rand_6 0.200018741
d5/rand_7 0.190633838
d5/rand_8 0.186180064
d5/rand_9 0.184709736
d6/rand_0 0.178887667
d6/rand_1 0.175733522
d6/rand_2 0.170056674
d6/rand_3 0.164471024
d6/rand_4 0.164826776
d6/rand_5 0.161513761
d6/rand_6 0.147794886
d6/rand_7 0.155417466
d6/rand_8 0.156533116
d6/rand_9 0.162330603
d7/rand_0 0.161371969
d7/rand_1 0.157295527
d7/rand_2 0.153961954
d7/rand_3 0.149542468
d7/rand_4 0.149085061
d7/rand_5 0.150162169
d7/rand_6 0.147605013
d7/rand_7 0.141584384
d7/rand_8 0.144693244
d7/rand_9 0.144601533
d8/rand_0 0.147760114
d8/rand_1 0.146856293
d8/rand_2 0.144279096
d8/rand_3 0.145928345
d8/rand_4 0.150105832
d8/rand_5 0.151894809
d8/rand_6 0.148271321
d8/rand_7 0.143693165
d8/rand_8 0.136574700
d8/rand_9 0.135642648
d9/rand_0 0.136756623
d9/rand_1 0.138950926
d9/rand_2 0.141451338
d9/rand_3 0.144381143
d9/rand_4 0.139178308
d9/rand_5 0.139294456
d9/rand_6 0.144413640
d9/rand_7 0.147031954
d9/rand_8 0.143978955
d9/rand_9 0.139508249
e0/rand_0 0.135392232
e0/rand_1 0.135771162
e0/rand_2 0.135488174
e0/rand_3 0.135065003
e0/rand_4 0.132953384
e0/rand_5 0.134531719
e0/rand_6 0.138338232
e0/rand_7 0.145329011
e0/rand_8 0.148093985
e0/rand_9 0.148709806
e1/rand_0 0.152306691
e1/rand_1 0.152556786
e1/rand_2 0.155018456
e1/rand_3 0.157876058
e1/rand_4 0.150797104
e1/rand_5 0.152266920
e1/rand_6 0.153048168
e1/rand_7 0.154731944
e1/rand_8 0.150323139
e1/rand_9 0.151970544
e2/rand_0 0.149242132
e2/rand_1 0.151426463
e2/rand_2 0.157821235
e2/rand_3 0.160313653
e2/rand_4 0.152953685
e2/rand_5 0.140764965
e2/rand_6 0.144352977
e2/rand_7 0.143668603
e2/rand_8 0.147035724
e2/rand_9 0.148203901
e3/rand_0 0.148484554
e3/rand_1 0.148317819
e3/rand_2 0.151717055
e3/rand_3 0.160460042
e3/rand_4 0.159511563
e3/rand_5 0.165615101
e3/rand_6 0.164345574
e3/rand_7 0.165263200
e3/rand_8 0.166630439
e3/rand_9 0.170292834
e4/rand_0 0.160288871
e4/rand_1 0.149294123
e4/rand_2 0.145898610
e4/rand_3 0.142171417
e4/rand_4 0.135451030
e4/rand_5 0.131819909
e4/rand_6 0.159103435
e4/rand_7 0.162764070
e4/rand_8 0.159127591
e4/rand_9 0.165687729
e5/rand_0 0.161803907
e5/rand_1 0.162644599
e5/rand_2 0.161402827
e5/rand_3 0.159811814
e5/rand_4 0.162015555
e5/rand_5 0.165024278
e5/rand_6 0.166747333
e5/rand_7 0.164263613
e5/rand_8 0.161931333
e5/rand_9 0.161216537
e6/rand_0 0.153923117
e6/rand_1 0.149384049
e6/rand_2 0.150054929
e6/rand_3 0.151106823
e6/rand_4 0.151157602
e6/rand_5 0.149873778
e6/rand_6 0.183653691
e6/rand_7 0.154235088
e6/rand_8 0.153531666
e6/rand_9 0.142448285
e7/rand_0 0.138227138
e7/rand_1 0.138596282
e7/rand_2 0.139963440
e7/rand_3 0.139051173
e7/rand_4 0.142533544
e7/rand_5 0.148812750
e7/rand_6 0.150677628
e7/rand_7 0.152730879
e7/rand_8 0.157289526
e7/rand_9 0.156470990
e8/rand_0 0.157726993
e8/rand_1 0.156513917
e8/rand_2 0.151907836
e8/rand_3 0.149539004
e8/rand_4 0.144624796
e8/rand_5 0.144888591
e8/rand_6 0.149667829
e8/rand_7 0.148109284
e8/rand_8 0.149343908
e8/rand_9 0.146655256
e9/rand_0 0.136610009
e9/rand_1 0.138394870
e9/rand_2 0.136822359
e9/rand_3 0.139500475
e9/rand_4 0.144594802
e9/rand_5 0.150720911
e9/rand_6 0.154127592
e9/rand_7 0.165483219
e9/rand_8 0.173389308
e9/rand_9 0.177509686
f0/rand_0 0.178063892
f0/rand_1 0.171219763
f0/rand_2 0.172216975
f0/rand_3 0.164654557
f0/rand_4 0.170029876
f0/rand_5 0.168994849
f0/rand_6 0.168871128
f0/rand_7 0.164195807
f0/rand_8 0.156622772
f0/rand_9 0.156959510
f1/rand_0 0.160793923
f1/rand_1 0.154845571
f1/rand_2 0.153425679
f1/rand_3 0.150962986
f1/rand_4 0.159916909
f1/rand_5 0.168856570
f1/rand_6 0.173313667
f1/rand_7 0.171111104
f1/rand_8 0.175577925
f1/rand_9 0.181584169
f2/rand_0 0.177072761
f2/rand_1 0.162729814
f2/rand_2 0.148725199
f2/rand_3 0.147540060
f2/rand_4 0.151908157
f2/rand_5 0.159463151
f2/rand_6 0.157926024
f2/rand_7 0.152573122
f2/rand_8 0.144880751
f2/rand_9 0.148335618
f3/rand_0 0.152876786
f3/rand_1 0.156314254
f3/rand_2 0.154588077
f3/rand_3 0.156206959
f3/rand_4 0.152993200
f3/rand_5 0.149123016
f3/rand_6 0.147460649
f3/rand_7 0.145854664
f3/rand_8 0.160057653
f3/rand_9 0.149266889
f4/rand_0 0.146575725
f4/rand_1 0.145596017
f4/rand_2 0.141656591
f4/rand_3 0.146513764
f4/rand_4 0.145458211
f4/rand_5 0.143068070
f4/rand_6 0.143157170
f4/rand_7 0.145661684
f4/rand_8 0.156279898
f4/rand_9 0.161412490
f5/rand_0 0.169502187
f5/rand_1 0.175499628
f5/rand_2 0.179881666
f5/rand_3 0.181645634
f5/rand_4 0.184622732
f5/rand_5 0.181735139
f5/rand_6 0.172828415
f5/rand_7 0.169285135
f5/rand_8 0.165170717
f5/rand_9 0.146283670
f6/rand_0 0.143794069
f6/rand_1 0.145201996
f6/rand_2 0.149226297
f6/rand_3 0.155522586
f6/rand_4 0.154610719
f6/rand_5 0.159993993
f6/rand_6 0.162693984
f6/rand_7 0.161842223
f6/rand_8 0.156105559
f6/rand_9 0.147904859
f7/rand_0 0.142460626
f7/rand_1 0.139119927
f7/rand_2 0.141431574
f7/rand_3 0.142328739
f7/rand_4 0.143091289
f7/rand_5 0.138337060
f7/rand_6 0.134262516
f7/rand_7 0.134410324
f7/rand_8 0.137548638
f7/rand_9 0.134708666
f8/rand_0 0.136842721
f8/rand_1 0.133411478
f8/rand_2 0.131420964
f8/rand_3 0.132371092
f8/rand_4 0.133132149
f8/rand_5 0.138461342
f8/rand_6 0.144133930
f8/rand_7 0.148132327
f8/rand_8 0.142570222
f8/rand_9 0.145618183
f9/rand_0 0.145887948
f9/rand_1 0.147103716
f9/rand_2 0.151564641
f9/rand_3 0.156635243
f9/rand_4 0.156371986
f9/rand_5 0.161788413
f9/rand_6 0.163147015
f9/rand_7 0.160953415
f9/rand_8 0.161377844
f9/rand_9 0.165471555
g0/rand_0 0.161804854
g0/rand_1 0.161136165
g0/rand_2 0.159575499
g0/rand_3 0.155465617
g0/rand_4 0.154322879
g0/rand_5 0.149908765
g0/rand_6 0.149207525
g0/rand_7 0.140741009
g0/rand_8 0.145734015
g0/rand_9 0.142430344
g1/rand_0 0.137139057
g1/rand_1 0.134900303
g1/rand_2 0.128450382
g1/rand_3 0.131159731
g1/rand_4 0.129082589
g1/rand_5 0.132223571
g1/rand_6 0.133971338
g1/rand_7 0.136242654
g1/rand_8 0.138181287
g1/rand_9 0.140125789
g2/rand_0 0.141936044
g2/rand_1 0.141657096
g2/rand_2 0.144809662
g2/rand_3 0.154538938
g2/rand_4 0.160985536
g2/rand_5 0.161028353
g2/rand_6 0.162619120
g2/rand_7 0.163591354
g2/rand_8 0.168504068
g2/rand_9 0.168862927
g3/rand_0 0.166534176
g3/rand_1 0.158392123
g3/rand_2 0.201028053
g3/rand_3 0.199970078
g3/rand_4 0.195763594
g3/rand_5 0.198333988
g3/rand_6 0.198787666
g3/rand_7 0.197090856
g3/rand_8 0.192721902
g3/rand_9 0.192562320
g4/rand_0 0.189135279
g4/rand_1 0.171964805
g4/rand_2 0.166088354
g4/rand_3 0.156420568
g4/rand_4 0.150795093
g4/rand_5 0.148614054
g4/rand_6 0.150297710
g4/rand_7 0.152819091
g4/rand_8 0.163883675
g4/rand_9 0.162944429
g5/rand_0 0.159228034
g5/rand_1 0.157841391
g5/rand_2 0.148574134
g5/rand_3 0.144864550
g5/rand_4 0.144687885
g5/rand_5 0.134392408
g5/rand_6 0.129531064
g5/rand_7 0.137195163
g5/rand_8 0.141976998
g5/rand_9 0.145710752
g6/rand_0 0.143791362
g6/rand_1 0.143906712
g6/rand_2 0.147672343
g6/rand_3 0.151858537
g6/rand_4 0.145870088
g6/rand_5 0.147411370
g6/rand_6 0.152776103
g6/rand_7 0.154037364
g6/rand_8 0.162302322
g6/rand_9 0.154723252
g7/rand_0 0.154100609
g7/rand_1 0.152825382
g7/rand_2 0.149532879
g7/rand_3 0.153454928
g7/rand_4 0.151007709
g7/rand_5 0.151522992
g7/rand_6 0.150235724
g7/rand_7 0.151333163
g7/rand_8 0.147259082
g7/rand_9 0.134688635
g8/rand_0 0.130892944
g8/rand_1 0.131921269
g8/rand_2 0.133870118
g8/rand_3 0.133028052
g8/rand_4 0.130990074
g8/rand_5 0.132411740
g8/rand_6 0.137194000
g8/rand_7 0.143499276
g8/rand_8 0.139044596
g8/rand_9 0.138427271
g9/rand_0 0.133814924
g9/rand_1 0.136921449
g9/rand_2 0.138558913
g9/rand_3 0.145551440
g9/rand_4 0.152431430
g9/rand_5 0.160261095
g9/rand_6 0.168951691
g9/rand_7 0.164985776
g9/rand_8 0.173352289
g9/rand_9 0.179582226
h0/rand_0 0.180478208
h0/rand_1 0.177092811
h0/rand_2 0.178940801
h0/rand_3 0.178421166
h0/rand_4 0.174463564
h0/rand_5 0.168606381
h0/rand_6 0.166276357
h0/rand_7 0.153521154
h0/rand_8 0.161001050
h0/rand_9 0.163725647
h1/rand_0 0.165374189
h1/rand_1 0.167069975
h1/rand_2 0.169255601
h1/rand_3 0.163246926
h1/rand_4 0.150908269
h1/rand_5 0.141404445
h1/rand_6 0.140354972
h1/rand_7 0.140671028
h1/rand_8 0.139917124
h1/rand_9 0.145836268
h2/rand_0 0.144148412
h2/rand_1 0.141022343
h2/rand_2 0.138543609
h2/rand_3 0.131835133
h2/rand_4 0.164775937
h2/rand_5 0.156655108
h2/rand_6 0.162191062
h2/rand_7 0.161903563
h2/rand_8 0.162310357
h2/rand_9 0.165517836
h3/rand_0 0.166524211
h3/rand_1 0.161752282
h3/rand_2 0.159710634
h3/rand_3 0.161914465
h3/rand_4 0.166736130
h3/rand_5 0.177631744
h3/rand_6 0.180028500
h3/rand_7 0.182051952
h3/rand_8 0.184683350
h3/rand_9 0.181142942
h4/rand_0 0.181458417
h4/rand_1 0.180067734
h4/rand_2 0.184323188
h4/rand_3 0.184980924
h4/rand_4 0.183394880
h4/rand_5 0.181263466
h4/rand_6 0.181406261
h4/rand_7 0.183098212
h4/rand_8 0.170740496
h4/rand_9 0.172708247
h5/rand_0 0.179852262
h5/rand_1 0.182861351
h5/rand_2 0.175264391
h5/rand_3 0.173567556
h5/rand_4 0.180372652
h5/rand_5 0.184703711
h5/rand_6 0.193860430
h5/rand_7 0.194770161
h5/rand_8 0.189965469
h5/rand_9 0.185135289
h6/rand_0 0.183803529
h6/rand_1 0.176845418
h6/rand_2 0.167756625
h6/rand_3 0.166314778
h6/rand_4 0.161764186
h6/rand_5 0.162465513
h6/rand_6 0.159360563
h6/rand_7 0.165793801
h6/rand_8 0.175779734
h6/rand_9 0.183535865
h7/rand_0 0.171447842
h7/rand_1 0.178586814
h7/rand_2 0.177285255
h7/rand_3 0.174535435
h7/rand_4 0.167467552
h7/rand_5 0.163931506
h7/rand_6 0.161706000
h7/rand_7 0.166941913
h7/rand_8 0.166629988
h7/rand_9 0.176560164
h8/rand_0 0.187630092
h8/rand_1 0.181008284
h8/rand_2 0.187037173
h8/rand_3 0.188863013
h8/rand_4 0.183158675
h8/rand_5 0.178313756
h8/rand_6 0.175264787
h8/rand_7 0.172599925
h8/rand_8 0.168315493
h8/rand_9 0.168089639
h9/rand_0 0.160036897
h9/rand_1 0.164880897
h9/rand_2 0.169349533
h9/rand_3 0.167048101
h9/rand_4 0.171676739
h9/rand_5 0.177285807
h9/rand_6 0.174378870
h9/rand_7 0.167492415
h9/rand_8 0.162923532
h9/rand_9 0.164564119
i0/rand_0 0.160233727
i0/rand_1 0.160497918
i0/rand_2 0.169695809
i0/rand_3 0.173213971
i0/rand_4 0.175049198
i0/rand_5 0.176937279
i0/rand_6 0.175364307
i0/rand_7 0.174395076
i0/rand_8 0.174282958
i0/rand_9 0.177377844
i1/rand_0 0.178628464
i1/rand_1 0.186740260
i1/rand_2 0.181137794
i1/rand_3 0.175752972
i1/rand_4 0.179318843
i1/rand_5 0.177640476
i1/rand_6 0.164753536
i1/rand_7 0.189511811
i1/rand_8 0.190497394
i1/rand_9 0.211179954
i2/rand_0 0.196394027
i2/rand_1 0.193495165
i2/rand_2 0.182824598
i2/rand_3 0.173506217
i2/rand_4 0.165883722
i2/rand_5 0.157579952
i2/rand_6 0.158437167
i2/rand_7 0.154575576
i2/rand_8 0.152457841
i2/rand_9 0.155223437
i3/rand_0 0.154946490
i3/rand_1 0.156664041
i3/rand_2 0.167178509
i3/rand_3 0.163057881
i3/rand_4 0.163588326
i3/rand_5 0.175192580
i3/rand_6 0.177556594
i3/rand_7 0.174528798
i3/rand_8 0.169214221
i3/rand_9 0.165135192
i4/rand_0 0.167937145
i4/rand_1 0.165824714
i4/rand_2 0.159960238
i4/rand_3 0.155520561
i4/rand_4 0.153049567
i4/rand_5 0.153243074
i4/rand_6 0.155257528
i4/rand_7 0.159313844
i4/rand_8 0.166652921
i4/rand_9 0.163319610
i5/rand_0 0.166075040
i5/rand_1 0.174000923
i5/rand_2 0.170230251
i5/rand_3 0.171537679
i5/rand_4 0.165812128
i5/rand_5 0.167357264
i5/rand_6 0.166582267
i5/rand_7 0.170424389
i5/rand_8 0.165312434
i5/rand_9 0.164316746
i6/rand_0 0.161799466
i6/rand_1 0.142441647
i6/rand_2 0.136648992
i6/rand_3 0.139759532
i6/rand_4 0.143009688
i6/rand_5 0.151438944
i6/rand_6 0.154192385
i6/rand_7 0.160267677
i6/rand_8 0.166256723
i6/rand_9 0.159001899
i7/rand_0 0.157760963
i7/rand_1 0.160374106
i7/rand_2 0.160422607
i7/rand_3 0.157770182
i7/rand_4 0.155324762
i7/rand_5 0.158629867
i7/rand_6 0.150704450
i7/rand_7 0.151685877
i7/rand_8 0.149235405
i7/rand_9 0.151129851
i8/rand_0 0.160020856
i8/rand_1 0.171937296
i8/rand_2 0.174988340
i8/rand_3 0.186771289
i8/rand_4 0.187160705
i8/rand_5 0.180036330
i8/rand_6 0.181319166
i8/rand_7 0.188513944
i8/rand_8 0.172526369
i8/rand_9 0.177376957
i9/rand_0 0.171045233
i9/rand_1 0.174827480
i9/rand_2 0.180383891
i9/rand_3 0.182550287
i9/rand_4 0.179411316
i9/rand_5 0.161744607
i9/rand_6 0.157278624
i9/rand_7 0.150231378
i9/rand_8 0.152220228
i9/rand_9 0.147161982
j0/rand_0 0.145231229
j0/rand_1 0.141868604
j0/rand_2 0.142282883
j0/rand_3 0.140801431
j0/rand_4 0.142477753
j0/rand_5 0.145384284
j0/rand_6 0.144253928
j0/rand_7 0.140209014
j0/rand_8 0.124772483
j0/rand_9 0.152925159
j1/rand_0 0.146477809
j1/rand_1 0.148870235
j1/rand_2 0.156667514
j1/rand_3 0.161013952
j1/rand_4 0.163722299
j1/rand_5 0.164750529
j1/rand_6 0.161700863
j1/rand_7 0.166006502
j1/rand_8 0.166742070
j1/rand_9 0.167986906
j2/rand_0 0.165664386
j2/rand_1 0.162219664
j2/rand_2 0.166340764
j2/rand_3 0.163286005
j2/rand_4 0.166241879
j2/rand_5 0.173764708
j2/rand_6 0.177258940
j2/rand_7 0.182355742
j2/rand_8 0.191564086
j2/rand_9 0.186560372
j3/rand_0 0.183062983
j3/rand_1 0.181762618
j3/rand_2 0.183430750
j3/rand_3 0.185522769
j3/rand_4 0.174798332
j3/rand_5 0.169155995
j3/rand_6 0.161889011
j3/rand_7 0.159162549
j3/rand_8 0.160724518
j3/rand_9 0.163794611
j4/rand_0 0.164627469
j4/rand_1 0.176116216
j4/rand_2 0.183441091
j4/rand_3 0.174168099
j4/rand_4 0.166090133
j4/rand_5 0.168203221
j4/rand_6 0.176488859
j4/rand_7 0.182619998
j4/rand_8 0.183851154
j4/rand_9 0.186027911
j5/rand_0 0.186533630
j5/rand_1 0.185748883
j5/rand_2 0.189351443
j5/rand_3 0.197166261
j5/rand_4 0.207577991
j5/rand_5 0.212088046
j5/rand_6 0.208225562
j5/rand_7 0.212672398
j5/rand_8 0.211887907
j5/rand_9 0.181978457
j6/rand_0 0.175961817
j6/rand_1 0.179398960
j6/rand_2 0.189660937
j6/rand_3 0.192017608
j6/rand_4 0.204203326
j6/rand_5 0.202818011
j6/rand_6 0.201782328
j6/rand_7 0.197578079
j6/rand_8 0.192636356
j6/rand_9 0.187624888
j7/rand_0 0.186168856
j7/rand_1 0.175892899
j7/rand_2 0.170436556
j7/rand_3 0.166374173
j7/rand_4 0.164891489
j7/rand_5 0.161048744
j7/rand_6 0.157036649
j7/rand_7 0.158669462
j7/rand_8 0.159739918
j7/rand_9 0.157441379
j8/rand_0 0.156318159
j8/rand_1 0.150216125
j8/rand_2 0.147609028
j8/rand_3 0.152982818
j8/rand_4 0.160020960
j8/rand_5 0.160136682
j8/rand_6 0.155116182
j8/rand_7 0.158344017
j8/rand_8 0.163147101
j8/rand_9 0.162724983
j9/rand_0 0.165058135
j9/rand_1 0.163884023
j9/rand_2 0.159952695
j9/rand_3 0.167038392
j9/rand_4 0.162877076
j9/rand_5 0.153044334
j9/rand_6 0.151022722
j9/rand_7 0.155066503
j9/rand_8 0.156618287
j9/rand_9 0.163463323
k0/rand_0 0.166881864
k0/rand_1 0.156733241
k0/rand_2 0.176362668
k0/rand_3 0.188722411
k0/rand_4 0.199130938
k0/rand_5 0.187894305
k0/rand_6 0.174159439
k0/rand_7 0.171580098
k0/rand_8 0.170966643
k0/rand_9 0.164382012
k1/rand_0 0.163602077
k1/rand_1 0.168848106
k1/rand_2 0.170457144
k1/rand_3 0.166463745
k1/rand_4 0.165958848
k1/rand_5 0.170483435
k1/rand_6 0.176946559
k1/rand_7 0.174045021
k1/rand_8 0.169439962
k1/rand_9 0.164781202
k2/rand_0 0.171864915
k2/rand_1 0.173957014
k2/rand_2 0.176955532
k2/rand_3 0.188223047
k2/rand_4 0.193646108
k2/rand_5 0.183158692
k2/rand_6 0.179481876
k2/rand_7 0.172750751
k2/rand_8 0.185763006
k2/rand_9 0.187270649
k3/rand_0 0.192928375
k3/rand_1 0.189640027
k3/rand_2 0.184325025
k3/rand_3 0.186501717
k3/rand_4 0.183762768
k3/rand_5 0.178866395
k3/rand_6 0.176596472
k3/rand_7 0.174623683
k3/rand_8 0.178046796
k3/rand_9 0.175140806
k4/rand_0 0.172527484
k4/rand_1 0.169476734
k4/rand_2 0.172625425
k4/rand_3 0.164542140
k4/rand_4 0.160810826
k4/rand_5 0.159073911
k4/rand_6 0.153015046
k4/rand_7 0.154792898
k4/rand_8 0.164383345
k4/rand_9 0.170815201
k5/rand_0 0.174593497
k5/rand_1 0.167426575
k5/rand_2 0.162875768
k5/rand_3 0.157399529
k5/rand_4 0.156180333
k5/rand_5 0.162143513
k5/rand_6 0.161150698
k5/rand_7 0.161975425
k5/rand_8 0.163122840
k5/rand_9 0.174064936
k6/rand_0 0.177659309
k6/rand_1 0.177972423
k6/rand_2 0.174771917
k6/rand_3 0.179100745
k6/rand_4 0.179207935
k6/rand_5 0.185434253
k6/rand_6 0.188949352
k6/rand_7 0.188115587
k6/rand_8 0.184299124
k6/rand_9 0.195936897
k7/rand_0 0.201142284
k7/rand_1 0.196401784
k7/rand_2 0.202177020
k7/rand_3 0.187286855
k7/rand_4 0.176742255
k7/rand_5 0.173128578
k7/rand_6 0.176122644
k7/rand_7 0.173115364
k7/rand_8 0.176069896
k7/rand_9 0.170514648
k8/rand_0 0.170736016
k8/rand_1 0.161261286
k8/rand_2 0.161498754
k8/rand_3 0.157522559
k8/rand_4 0.156799629
k8/rand_5 0.158080955
k8/rand_6 0.160126939
k8/rand_7 0.164857409
k8/rand_8 0.156303408
k8/rand_9 0.159560307
k9/rand_0 0.161359544
k9/rand_1 0.155904990
k9/rand_2 0.153625724
k9/rand_3 0.159178480
k9/rand_4 0.152635575
k9/rand_5 0.174976076
k9/rand_6 0.178882636
k9/rand_7 0.182504223
k9/rand_8 0.177820831
k9/rand_9 0.170080941
l0/rand_0 0.172423075
l0/rand_1 0.172911530
l0/rand_2 0.171032909
l0/rand_3 0.166846108
l0/rand_4 0.170943434
l0/rand_5 0.171727574
l0/rand_6 0.167319421
l0/rand_7 0.165517562
l0/rand_8 0.165872190
l0/rand_9 0.165640942
l1/rand_0 0.171860919
l1/rand_1 0.175832503
l1/rand_2 0.172557128
l1/rand_3 0.163938415
l1/rand_4 0.158005015
l1/rand_5 0.159568137
l1/rand_6 0.162037857
l1/rand_7 0.165661164
l1/rand_8 0.168307329
l1/rand_9 0.150827170
l2/rand_0 0.152170934
l2/rand_1 0.153285842
l2/rand_2 0.149647318
l2/rand_3 0.149424823
l2/rand_4 0.150957774
l2/rand_5 0.150202631
l2/rand_6 0.152537784
l2/rand_7 0.154680376
l2/rand_8 0.156238123
l2/rand_9 0.164910759
l3/rand_0 0.176042452
l3/rand_1 0.183837270
l3/rand_2 0.193378107
l3/rand_3 0.195829055
l3/rand_4 0.192072333
l3/rand_5 0.180562161
l3/rand_6 0.183586654
l3/rand_7 0.177721185
l3/rand_8 0.180680976
l3/rand_9 0.183820067
l4/rand_0 0.188674906
l4/rand_1 0.188785108
l4/rand_2 0.164489758
l4/rand_3 0.170909122
l4/rand_4 0.175938510
l4/rand_5 0.175710275
l4/rand_6 0.170716427
l4/rand_7 0.167557365
l4/rand_8 0.158369026
l4/rand_9 0.165202894
l5/rand_0 0.168791237
l5/rand_1 0.168089866
l5/rand_2 0.165603248
l5/rand_3 0.157292835
l5/rand_4 0.152892712
l5/rand_5 0.152173060
l5/rand_6 0.149226077
l5/rand_7 0.154714791
l5/rand_8 0.159247333
l5/rand_9 0.152548841
l6/rand_0 0.149190267
l6/rand_1 0.150539275
l6/rand_2 0.151777699
l6/rand_3 0.149244217
l6/rand_4 0.139147395
l6/rand_5 0.139198209
l6/rand_6 0.140669699
l6/rand_7 0.146162269
l6/rand_8 0.143770921
l6/rand_9 0.147113380
l7/rand_0 0.147459286
l7/rand_1 0.152012074
l7/rand_2 0.151247984
l7/rand_3 0.152079875
l7/rand_4 0.156916968
l7/rand_5 0.160278190
l7/rand_6 0.160867790
l7/rand_7 0.168263829
l7/rand_8 0.176198259
l7/rand_9 0.185713070
l8/rand_0 0.172829815
l8/rand_1 0.175787375
l8/rand_2 0.174794413
l8/rand_3 0.181234655
l8/rand_4 0.170544714
l8/rand_5 0.168491818
l8/rand_6 0.165065222
l8/rand_7 0.160705075
l8/rand_8 0.184054839
l8/rand_9 0.185648994
l9/rand_0 0.195398782
l9/rand_1 0.190737220
l9/rand_2 0.185346948
l9/rand_3 0.189349124
l9/rand_4 0.182557687
l9/rand_5 0.177447171
l9/rand_6 0.181756520
l9/rand_7 0.174721901
l9/rand_8 0.180492485
l9/rand_9 0.175303711
m0/rand_0 0.178067413
m0/rand_1 0.177581910
m0/rand_2 0.176283575
m0/rand_3 0.176126885
m0/rand_4 0.185076282
m0/rand_5 0.193872051
m0/rand_6 0.201612387
m0/rand_7 0.202072392
m0/rand_8 0.204800172
m0/rand_9 0.205525419
m1/rand_0 0.206760164
m1/rand_1 0.204164355
m1/rand_2 0.199707379
m1/rand_3 0.207296635
m1/rand_4 0.202519914
m1/rand_5 0.209149472
m1/rand_6 0.211665394
m1/rand_7 0.176836326
m1/rand_8 0.171733263
m1/rand_9 0.173173210
m2/rand_0 0.167215684
m2/rand_1 0.165630838
m2/rand_2 0.160971537
m2/rand_3 0.156340081
m2/rand_4 0.154334203
m2/rand_5 0.157970507
m2/rand_6 0.154035902
m2/rand_7 0.158942536
m2/rand_8 0.159404911
m2/rand_9 0.155573876
m3/rand_0 0.157794740
m3/rand_1 0.156261477
m3/rand_2 0.154258718
m3/rand_3 0.157179013
m3/rand_4 0.154666174
m3/rand_5 0.149259376
m3/rand_6 0.155129972
m3/rand_7 0.159014286
m3/rand_8 0.156000801
m3/rand_9 0.160369124
m4/rand_0 0.168370744
m4/rand_1 0.169855569
m4/rand_2 0.176263694
m4/rand_3 0.182374125
m4/rand_4 0.182329257
m4/rand_5 0.186145685
m4/rand_6 0.194107163
m4/rand_7 0.188389076
m4/rand_8 0.186698157
m4/rand_9 0.182827422
m5/rand_0 0.176425011
m5/rand_1 0.176103611
m5/rand_2 0.175458441
m5/rand_3 0.168437788
m5/rand_4 0.166834253
m5/rand_5 0.165203355
m5/rand_6 0.161646717
m5/rand_7 0.164280681
m5/rand_8 0.169975651
m5/rand_9 0.174534804
m6/rand_0 0.169467927
m6/rand_1 0.169909464
m6/rand_2 0.170909628
m6/rand_3 0.173415555
m6/rand_4 0.171325401
m6/rand_5 0.166617607
m6/rand_6 0.164545704
m6/rand_7 0.156928929
m6/rand_8 0.153155002
m6/rand_9 0.154161718
m7/rand_0 0.159007359
m7/rand_1 0.159472400
m7/rand_2 0.165791216
m7/rand_3 0.164562426
m7/rand_4 0.168278230
m7/rand_5 0.160209026
m7/rand_6 0.161083638
m7/rand_7 0.160256466
m7/rand_8 0.158246948
m7/rand_9 0.156266545
m8/rand_0 0.153427604
m8/rand_1 0.183563440
m8/rand_2 0.216897674
m8/rand_3 0.205341927
m8/rand_4 0.197607140
m8/rand_5 0.199278574
m8/rand_6 0.197998515
m8/rand_7 0.197911064
m8/rand_8 0.190693735
m8/rand_9 0.195619438
m9/rand_0 0.192227008
m9/rand_1 0.185172594
m9/rand_2 0.177137956
m9/rand_3 0.175210071
m9/rand_4 0.170492172
m9/rand_5 0.167794928
m9/rand_6 0.174657479
m9/rand_7 0.174711835
m9/rand_8 0.174530359
m9/rand_9 0.176881535
n0/rand_0 0.174622670
n0/rand_1 0.170062239
n0/rand_2 0.160873444
n0/rand_3 0.146566793
n0/rand_4 0.142808061
n0/rand_5 0.146720877
n0/rand_6 0.151266296
n0/rand_7 0.152578601
n0/rand_8 0.151320712
n0/rand_9 0.159315495
n1/rand_0 0.156057359
n1/rand_1 0.165209180
n1/rand_2 0.171418390
n1/rand_3 0.172002656
n1/rand_4 0.181442399
n1/rand_5 0.178999390
n1/rand_6 0.181375736
n1/rand_7 0.184266972
n1/rand_8 0.188313605
n1/rand_9 0.185164368
n2/rand_0 0.186540499
n2/rand_1 0.188240903
n2/rand_2 0.186398898
n2/rand_3 0.172713241
n2/rand_4 0.172416389
n2/rand_5 0.179812894
n2/rand_6 0.178248884
n2/rand_7 0.168454554
n2/rand_8 0.149099909
n2/rand_9 0.153536188
n3/rand_0 0.154502391
n3/rand_1 0.149553131
n3/rand_2 0.149495164
n3/rand_3 0.145100359
n3/rand_4 0.141771771
n3/rand_5 0.143545975
n3/rand_6 0.140915860
n3/rand_7 0.137709022
n3/rand_8 0.140534159
n3/rand_9 0.136242118
n4/rand_0 0.138564046
n4/rand_1 0.143049324
n4/rand_2 0.145614450
n4/rand_3 0.141344415
n4/rand_4 0.138919571
n4/rand_5 0.141724592
n4/rand_6 0.146086182
n4/rand_7 0.151410775
n4/rand_8 0.155212095
n4/rand_9 0.158785550
n5/rand_0 0.165287371
n5/rand_1 0.174437143
n5/rand_2 0.165834465
n5/rand_3 0.162118265
n5/rand_4 0.152472368
n5/rand_5 0.140667038
n5/rand_6 0.141022087
n5/rand_7 0.140690001
n5/rand_8 0.145280278
n5/rand_9 0.144705054
n6/rand_0 0.149210086
n6/rand_1 0.151801498
n6/rand_2 0.157814088
n6/rand_3 0.157216122
n6/rand_4 0.154246818
n6/rand_5 0.151456520
n6/rand_6 0.154069467
n6/rand_7 0.153764834
n6/rand_8 0.158225254
n6/rand_9 0.157366907
n7/rand_0 0.155287580
n7/rand_1 0.149903272
n7/rand_2 0.152972358
n7/rand_3 0.149317467
n7/rand_4 0.168887450
n7/rand_5 0.171640865
n7/rand_6 0.184991192
n7/rand_7 0.178125143
n7/rand_8 0.168279889
n7/rand_9 0.168097495
n8/rand_0 0.166461489
n8/rand_1 0.169498784
n8/rand_2 0.171004637
n8/rand_3 0.173569538
n8/rand_4 0.174631087
n8/rand_5 0.180423743
n8/rand_6 0.196400114
n8/rand_7 0.194512114
n8/rand_8 0.185241182
n8/rand_9 0.191909949
n9/rand_0 0.188656971
n9/rand_1 0.185724058
n9/rand_2 0.183940485
n9/rand_3 0.187200406
n9/rand_4 0.177710795
n9/rand_5 0.173900436
n9/rand_6 0.173850932
n9/rand_7 0.166238844
n9/rand_8 0.174881989
n9/rand_9 0.177598085
o0/rand_0 0.192311295
o0/rand_1 0.192560137
o0/rand_2 0.203034495
o0/rand_3 0.194376552
o0/rand_4 0.178660165
o0/rand_5 0.173790680
o0/rand_6 0.167843034
o0/rand_7 0.165395625
o0/rand_8 0.163027169
o0/rand_9 0.162799931
o1/rand_0 0.161877874
o1/rand_1 0.152661770
o1/rand_2 0.152016004
o1/rand_3 0.151457743
o1/rand_4 0.150959042
o1/rand_5 0.161157524
o1/rand_6 0.160628122
o1/rand_7 0.160365615
o1/rand_8 0.145392225
o1/rand_9 0.149274829
o2/rand_0 0.151171703
o2/rand_1 0.163412053
o2/rand_2 0.166434191
o2/rand_3 0.168872988
o2/rand_4 0.166059848
o2/rand_5 0.164012606
o2/rand_6 0.162419748
o2/rand_7 0.157823708
o2/rand_8 0.153916616
o2/rand_9 0.151904077
o3/rand_0 0.153941178
o3/rand_1 0.156581152
o3/rand_2 0.149441439
o3/rand_3 0.146893226
o3/rand_4 0.148036460
o3/rand_5 0.148639981
o3/rand_6 0.143523959
o3/rand_7 0.141389397
o3/rand_8 0.141097221
o3/rand_9 0.143757498
o4/rand_0 0.147344181
o4/rand_1 0.147037303
o4/rand_2 0.148296074
o4/rand_3 0.145696917
o4/rand_4 0.148411711
o4/rand_5 0.151583164
o4/rand_6 0.158764041
o4/rand_7 0.164583289
o4/rand_8 0.162511746
o4/rand_9 0.144005993
o5/rand_0 0.152620006
o5/rand_1 0.149463344
o5/rand_2 0.158121918
o5/rand_3 0.161883313
o5/rand_4 0.171189193
o5/rand_5 0.161725265
o5/rand_6 0.164787398
o5/rand_7 0.163619897
o5/rand_8 0.163380093
o5/rand_9 0.170148210
o6/rand_0 0.178691364
o6/rand_1 0.182105183
o6/rand_2 0.183334319
o6/rand_3 0.183704456
o6/rand_4 0.179858268
o6/rand_5 0.176523388
o6/rand_6 0.175052714
o6/rand_7 0.166821496
o6/rand_8 0.200930841
o6/rand_9 0.201256251
o7/rand_0 0.194913625
o7/rand_1 0.199551922
o7/rand_2 0.196307977
o7/rand_3 0.193175672
o7/rand_4 0.171664735
o7/rand_5 0.163184430
o7/rand_6 0.151732475
o7/rand_7 0.146362153
o7/rand_8 0.149453811
o7/rand_9 0.146376479
o8/rand_0 0.152530053
o8/rand_1 0.145541451
o8/rand_2 0.142918660
o8/rand_3 0.144839964
o8/rand_4 0.144146296
o8/rand_5 0.142482135
o8/rand_6 0.142450305
o8/rand_7 0.139892151
o8/rand_8 0.139352292
o8/rand_9 0.147436228
o9/rand_0 0.150265379
o9/rand_1 0.154512908
o9/rand_2 0.161916607
o9/rand_3 0.164578426
o9/rand_4 0.166771039
o9/rand_5 0.164554892
o9/rand_6 0.162052669
o9/rand_7 0.158869401
o9/rand_8 0.158040208
o9/rand_9 0.157402245
p0/rand_0 0.152236880
p0/rand_1 0.150691267
p0/rand_2 0.154013475
p0/rand_3 0.147686874
p0/rand_4 0.152690458
p0/rand_5 0.150716857
p0/rand_6 0.151174374
p0/rand_7 0.149425379
p0/rand_8 0.145716733
p0/rand_9 0.148850767
p1/rand_0 0.143690935
p1/rand_1 0.130251975
p1/rand_2 0.136301026
p1/rand_3 0.138563885
p1/rand_4 0.147022807
p1/rand_5 0.154314869
p1/rand_6 0.163722039
p1/rand_7 0.160013268
p1/rand_8 0.160877594
p1/rand_9 0.159602392
p2/rand_0 0.158322092
p2/rand_1 0.164954313
p2/rand_2 0.159852111
p2/rand_3 0.158918901
p2/rand_4 0.159326432
p2/rand_5 0.163277219
p2/rand_6 0.157868952
p2/rand_7 0.156867239
p2/rand_8 0.158489369
p2/rand_9 0.158105603
p3/rand_0 0.165281853
p3/rand_1 0.159713156
p3/rand_2 0.203420828
p3/rand_3 0.160778019
p3/rand_4 0.158072574
p3/rand_5 0.160306686
p3/rand_6 0.156830090
p3/rand_7 0.159357746
p3/rand_8 0.154423979
p3/rand_9 0.161722748
p4/rand_0 0.158835611
p4/rand_1 0.155031970
p4/rand_2 0.157599288
p4/rand_3 0.159048738
p4/rand_4 0.156157651
p4/rand_5 0.163152594
p4/rand_6 0.160004902
p4/rand_7 0.156809092
p4/rand_8 0.156140248
p4/rand_9 0.158043130
p5/rand_0 0.162987750
p5/rand_1 0.167653291
p5/rand_2 0.166426627
p5/rand_3 0.162922676
p5/rand_4 0.163112970
p5/rand_5 0.169002385
p5/rand_6 0.177416368
p5/rand_7 0.178462312
p5/rand_8 0.174335086
p5/rand_9 0.175429272
p6/rand_0 0.163448590
p6/rand_1 0.210621811
p6/rand_2 0.202365860
p6/rand_3 0.197149626
p6/rand_4 0.185407706
p6/rand_5 0.187890906
p6/rand_6 0.188527695
p6/rand_7 0.194023603
p6/rand_8 0.186832329
p6/rand_9 0.191818800
p7/rand_0 0.189656398
p7/rand_1 0.190743751
p7/rand_2 0.188034588
p7/rand_3 0.197261042
p7/rand_4 0.194000430
p7/rand_5 0.195652521
p7/rand_6 0.195741786
p7/rand_7 0.198405229
p7/rand_8 0.189002571
p7/rand_9 0.165125424
p8/rand_0 0.160413716
p8/rand_1 0.164162253
p8/rand_2 0.161743651
p8/rand_3 0.166218086
p8/rand_4 0.163640684
p8/rand_5 0.159741292
p8/rand_6 0.154412194
p8/rand_7 0.151748054
p8/rand_8 0.150426385
p8/rand_9 0.147208750
p9/rand_0 0.144074416
p9/rand_1 0.142208736
p9/rand_2 0.141426335
p9/rand_3 0.149477705
p9/rand_4 0.149528037
p9/rand_5 0.152177792
p9/rand_6 0.160352141
p9/rand_7 0.168338527
p9/rand_8 0.177205897
p9/rand_9 0.188597536
q0/rand_0 0.191078965
q0/rand_1 0.185842627
q0/rand_2 0.179599747
q0/rand_3 0.177373785
q0/rand_4 0.169171050
q0/rand_5 0.161644907
q0/rand_6 0.164716158
q0/rand_7 0.169384161
q0/rand_8 0.167744692
q0/rand_9 0.169471115
q1/rand_0 0.165939580
q1/rand_1 0.166312108
q1/rand_2 0.167300082
q1/rand_3 0.169259768
q1/rand_4 0.170794293
q1/rand_5 0.172977512
q1/rand_6 0.169330741
q1/rand_7 0.171208546
q1/rand_8 0.166880244
q1/rand_9 0.162586168
q2/rand_0 0.168580461
q2/rand_1 0.172603475
q2/rand_2 0.173049192
q2/rand_3 0.173785522
q2/rand_4 0.179495640
q2/rand_5 0.176105641
q2/rand_6 0.175232347
q2/rand_7 0.170135689
q2/rand_8 0.170677223
q2/rand_9 0.169185927
q3/rand_0 0.172590812
q3/rand_1 0.178527150
q3/rand_2 0.182545742
q3/rand_3 0.181434218
q3/rand_4 0.180513348
q3/rand_5 0.179116735
q3/rand_6 0.177369539
q3/rand_7 0.178714016
q3/rand_8 0.177601939
q3/rand_9 0.186061789
q4/rand_0 0.190033708
q4/rand_1 0.186424322
q4/rand_2 0.182011020
q4/rand_3 0.177703330
q4/rand_4 0.167351817
q4/rand_5 0.167086133
q4/rand_6 0.166021431
q4/rand_7 0.161273567
q4/rand_8 0.161182101
q4/rand_9 0.164409606
q5/rand_0 0.157463781
q5/rand_1 0.159425146
q5/rand_2 0.158826633
q5/rand_3 0.150850588
q5/rand_4 0.188664760
q5/rand_5 0.178486172
q5/rand_6 0.175204210
q5/rand_7 0.165130788
q5/rand_8 0.158865692
q5/rand_9 0.158514222
q6/rand_0 0.157885704
q6/rand_1 0.164066772
q6/rand_2 0.164844857
q6/rand_3 0.159762305
q6/rand_4 0.162168907
q6/rand_5 0.159463773
q6/rand_6 0.157930522
q6/rand_7 0.167210922
q6/rand_8 0.174342109
q6/rand_9 0.176306668
q7/rand_0 0.177959285
q7/rand_1 0.175689292
q7/rand_2 0.168845830
q7/rand_3 0.172968153
q7/rand_4 0.176218811
q7/rand_5 0.174958016
q7/rand_6 0.168603665
q7/rand_7 0.173471566
q7/rand_8 0.171516176
q7/rand_9 0.163486606
q8/rand_0 0.160209557
q8/rand_1 0.169096857
q8/rand_2 0.160302521
q8/rand_3 0.150822167
q8/rand_4 0.147094903
q8/rand_5 0.147377049
q8/rand_6 0.146972375
q8/rand_7 0.149459965
q8/rand_8 0.148184609
q8/rand_9 0.149539847
q9/rand_0 0.149907568
q9/rand_1 0.151920604
q9/rand_2 0.152785648
q9/rand_3 0.155917772
q9/rand_4 0.154888794
q9/rand_5 0.154698866
q9/rand_6 0.155887375
q9/rand_7 0.155280446
q9/rand_8 0.146153587
q9/rand_9 0.150215564
r0/rand_0 0.154755945
r0/rand_1 0.160649069
r0/rand_2 0.172271534
r0/rand_3 0.174881538
r0/rand_4 0.184969377
r0/rand_5 0.176588321
r0/rand_6 0.174056846
r0/rand_7 0.162214687
r0/rand_8 0.157332525
r0/rand_9 0.158093427
r1/rand_0 0.159040958
r1/rand_1 0.161140842
r1/rand_2 0.169540690
r1/rand_3 0.170516057
r1/rand_4 0.176491162
r1/rand_5 0.172928418
r1/rand_6 0.174085026
r1/rand_7 0.185423341
r1/rand_8 0.186832259
r1/rand_9 0.176935325
r2/rand_0 0.179701749
r2/rand_1 0.178446597
r2/rand_2 0.171677477
r2/rand_3 0.164188559
r2/rand_4 0.168056066
r2/rand_5 0.163478039
r2/rand_6 0.148026205
r2/rand_7 0.147484971
r2/rand_8 0.149628601
r2/rand_9 0.152760353
r3/rand_0 0.158699273
r3/rand_1 0.155967041
r3/rand_2 0.160223973
r3/rand_3 0.163826332
r3/rand_4 0.158412951
r3/rand_5 0.155273298
r3/rand_6 0.156821087
r3/rand_7 0.151527619
r3/rand_8 0.148318922
r3/rand_9 0.151138533
r4/rand_0 0.158171072
r4/rand_1 0.158301325
r4/rand_2 0.157708858
r4/rand_3 0.158103192
r4/rand_4 0.161187746
r4/rand_5 0.162553967
r4/rand_6 0.161413449
r4/rand_7 0.188878303
r4/rand_8 0.182409048
r4/rand_9 0.180969442
r5/rand_0 0.183549530
r5/rand_1 0.182871273
r5/rand_2 0.177102933
r5/rand_3 0.175408646
r5/rand_4 0.173991165
r5/rand_5 0.179851426
r5/rand_6 0.174622806
r5/rand_7 0.179673618
r5/rand_8 0.170842604
r5/rand_9 0.169470113
r6/rand_0 0.165970708
r6/rand_1 0.168139892
r6/rand_2 0.172082448
r6/rand_3 0.177380257
r6/rand_4 0.178866725
r6/rand_5 0.173456188
r6/rand_6 0.165257141
r6/rand_7 0.167060227
r6/rand_8 0.159585324
r6/rand_9 0.164170538
r7/rand_0 0.171042819
r7/rand_1 0.178956937
r7/rand_2 0.169437886
r7/rand_3 0.160305925
r7/rand_4 0.167249414
r7/rand_5 0.166423037
r7/rand_6 0.163751683
r7/rand_7 0.165236308
r7/rand_8 0.169327909
r7/rand_9 0.166896510
r8/rand_0 0.173205602
r8/rand_1 0.173253026
r8/rand_2 0.165968192
r8/rand_3 0.174823908
r8/rand_4 0.179331882
r8/rand_5 0.178277041
r8/rand_6 0.173881128
r8/rand_7 0.172857023
r8/rand_8 0.183811721
r8/rand_9 0.171774527
r9/rand_0 0.153869823
r9/rand_1 0.158534713
r9/rand_2 0.160439967
r9/rand_3 0.167116690
r9/rand_4 0.171130124
r9/rand_5 0.172318461
r9/rand_6 0.169586927
r9/rand_7 0.179061221
r9/rand_8 0.185267749
r9/rand_9 0.188262065
s0/rand_0 0.181992774
s0/rand_1 0.183623166
s0/rand_2 0.190543286
s0/rand_3 0.187242342
s0/rand_4 0.184328368
s0/rand_5 0.183125557
s0/rand_6 0.183038208
s0/rand_7 0.175887567
s0/rand_8 0.167293966
s0/rand_9 0.163985593
s1/rand_0 0.160126983
s1/rand_1 0.156242926
s1/rand_2 0.150917030
s1/rand_3 0.155072603
s1/rand_4 0.163172806
s1/rand_5 0.161467280
s1/rand_6 0.165690407
s1/rand_7 0.172982078
s1/rand_8 0.178122110
s1/rand_9 0.162801310
s2/rand_0 0.156109945
s2/rand_1 0.151055685
s2/rand_2 0.151842587
s2/rand_3 0.145214913
s2/rand_4 0.147829208
s2/rand_5 0.148886015
s2/rand_6 0.156321483
s2/rand_7 0.159779990
s2/rand_8 0.159722084
s2/rand_9 0.154421995
s3/rand_0 0.151632046
s3/rand_1 0.157918406
s3/rand_2 0.164709616
s3/rand_3 0.168881405
s3/rand_4 0.179458306
s3/rand_5 0.190139284
s3/rand_6 0.204123172
s3/rand_7 0.203340400
s3/rand_8 0.187161824
s3/rand_9 0.184444846
s4/rand_0 0.170956181
s4/rand_1 0.183894099
s4/rand_2 0.207697124
s4/rand_3 0.192299656
s4/rand_4 0.186796249
s4/rand_5 0.180922503
s4/rand_6 0.180370684
s4/rand_7 0.168632328
s4/rand_8 0.161934542
s4/rand_9 0.161434843
s5/rand_0 0.158874404
s5/rand_1 0.158533871
s5/rand_2 0.153450852
s5/rand_3 0.150096439
s5/rand_4 0.153735525
s5/rand_5 0.151776140
s5/rand_6 0.149364761
s5/rand_7 0.150625030
s5/rand_8 0.153667032
s5/rand_9 0.154401111
s6/rand_0 0.155018893
s6/rand_1 0.155833199
s6/rand_2 0.158168806
s6/rand_3 0.159967432
s6/rand_4 0.163740274
s6/rand_5 0.169944923
s6/rand_6 0.174241510
s6/rand_7 0.172484791
s6/rand_8 0.174550203
s6/rand_9 0.176826256
s7/rand_0 0.166917056
s7/rand_1 0.173374793
s7/rand_2 0.184311054
s7/rand_3 0.183044684
s7/rand_4 0.193900969
s7/rand_5 0.206289949
s7/rand_6 0.207023913
s7/rand_7 0.194409685
s7/rand_8 0.201470430
s7/rand_9 0.209573545
s8/rand_0 0.204505014
s8/rand_1 0.190431755
s8/rand_2 0.181695797
s8/rand_3 0.171754567
s8/rand_4 0.168150117
s8/rand_5 0.172500821
s8/rand_6 0.173381404
s8/rand_7 0.165013808
s8/rand_8 0.168798170
s8/rand_9 0.155392318
s9/rand_0 0.148576786
s9/rand_1 0.144559938
s9/rand_2 0.149931855
s9/rand_3 0.148708803
s9/rand_4 0.146861074
s9/rand_5 0.151140012
s9/rand_6 0.154011911
s9/rand_7 0.153668496
s9/rand_8 0.157746694
s9/rand_9 0.164454143
t0/rand_0 0.165626070
t0/rand_1 0.169165235
t0/rand_2 0.175139492
t0/rand_3 0.170795942
t0/rand_4 0.173565659
t0/rand_5 0.169413504
t0/rand_6 0.172707211
t0/rand_7 0.180530281
t0/rand_8 0.179781810
t0/rand_9 0.172438058
t1/rand_0 0.169311733
t1/rand_1 0.168926954
t1/rand_2 0.152480885
t1/rand_3 0.150500922
t1/rand_4 0.149647193
t1/rand_5 0.152396618
t1/rand_6 0.154930224
t1/rand_7 0.158238633
t1/rand_8 0.157411329
t1/rand_9 0.160795558
t2/rand_0 0.168276526
t2/rand_1 0.164405997
t2/rand_2 0.161305251
t2/rand_3 0.164576947
t2/rand_4 0.167493098
t2/rand_5 0.165286946
t2/rand_6 0.168523247
t2/rand_7 0.167083746
t2/rand_8 0.174791641
t2/rand_9 0.180290868
t3/rand_0 0.169862200
t3/rand_1 0.171106765
t3/rand_2 0.172515182
t3/rand_3 0.166046814
t3/rand_4 0.197759187
t3/rand_5 0.195758758
t3/rand_6 0.203274198
t3/rand_7 0.216007055
t3/rand_8 0.207060195
t3/rand_9 0.217555831
t4/rand_0 0.215092025
t4/rand_1 0.216689018
t4/rand_2 0.220290248
t4/rand_3 0.204667051
t4/rand_4 0.197752285
t4/rand_5 0.201793644
t4/rand_6 0.206801142
t4/rand_7 0.208283040
t4/rand_8 0.206706087
t4/rand_9 0.207503661
t5/rand_0 0.210950433
t5/rand_1 0.216253846
t5/rand_2 0.210279880
t5/rand_3 0.193301760
t5/rand_4 0.182041853
t5/rand_5 0.185192504
t5/rand_6 0.182594455
t5/rand_7 0.168665175
t5/rand_8 0.153190502
t5/rand_9 0.161764870
t6/rand_0 0.168721021
t6/rand_1 0.158663648
t6/rand_2 0.156902522
t6/rand_3 0.156723125
t6/rand_4 0.161114993
t6/rand_5 0.167494351
t6/rand_6 0.164629119
t6/rand_7 0.166589833
t6/rand_8 0.171773013
t6/rand_9 0.171450876
t7/rand_0 0.173833633
t7/rand_1 0.170397919
t7/rand_2 0.167509093
t7/rand_3 0.158124585
t7/rand_4 0.158243519
t7/rand_5 0.157957038
t7/rand_6 0.160073303
t7/rand_7 0.161735160
t7/rand_8 0.164581649
t7/rand_9 0.168384774
t8/rand_0 0.168309875
t8/rand_1 0.177871844
t8/rand_2 0.182171228
t8/rand_3 0.189159857
t8/rand_4 0.183070860
t8/rand_5 0.174538127
t8/rand_6 0.173744870
t8/rand_7 0.172878146
t8/rand_8 0.178843603
t8/rand_9 0.179328784
t9/rand_0 0.175555726
t9/rand_1 0.178295045
t9/rand_2 0.177115986
t9/rand_3 0.181093860
t9/rand_4 0.171229133
t9/rand_5 0.173950568
t9/rand_6 0.182051498
t9/rand_7 0.186849463
t9/rand_8 0.191168330
t9/rand_9 0.180373837
u0/rand_0 0.172945576
u0/rand_1 0.175143698
u0/rand_2 0.178561567
u0/rand_3 0.179818051
u0/rand_4 0.181123661
u0/rand_5 0.185287448
u0/rand_6 0.181617649
u0/rand_7 0.185303198
u0/rand_8 0.189728068
u0/rand_9 0.192763609
u1/rand_0 0.189510405
u1/rand_1 0.181808249
u1/rand_2 0.183182406
u1/rand_3 0.184099942
u1/rand_4 0.188018943
u1/rand_5 0.198272966
u1/rand_6 0.196001440
u1/rand_7 0.193956950
u1/rand_8 0.186105779
u1/rand_9 0.178179565
u2/rand_0 0.186009452
u2/rand_1 0.186001953
u2/rand_2 0.187611723
u2/rand_3 0.188572909
u2/rand_4 0.186464753
u2/rand_5 0.178403915
u2/rand_6 0.174376486
u2/rand_7 0.170798503
u2/rand_8 0.214192690
u2/rand_9 0.202813699
u3/rand_0 0.195171860
u3/rand_1 0.200075085
u3/rand_2 0.196850794
u3/rand_3 0.191661738
u3/rand_4 0.198694633
u3/rand_5 0.206217863
u3/rand_6 0.207096025
u3/rand_7 0.215102331
u3/rand_8 0.209376740
u3/rand_9 0.196761844
u4/rand_0 0.187318810
u4/rand_1 0.184677452
u4/rand_2 0.176745026
u4/rand_3 0.180355906
u4/rand_4 0.184836742
u4/rand_5 0.195460467
u4/rand_6 0.191832434
u4/rand_7 0.194179455
u4/rand_8 0.202178880
u4/rand_9 0.204427012
u5/rand_0 0.196674966
u5/rand_1 0.197354693
u5/rand_2 0.190461726
u5/rand_3 0.183448205
u5/rand_4 0.191133573
u5/rand_5 0.199112315
u5/rand_6 0.202902377
u5/rand_7 0.209164359
u5/rand_8 0.223589489
u5/rand_9 0.224565522
u6/rand_0 0.220698908
u6/rand_1 0.213478716
u6/rand_2 0.215382662
u6/rand_3 0.216534058
u6/rand_4 0.219489883
u6/rand_5 0.222301184
u6/rand_6 0.219138758
u6/rand_7 0.195287531
u6/rand_8 0.196266583
u6/rand_9 0.197095956
u7/rand_0 0.191977554
u7/rand_1 0.193300145
u7/rand_2 0.195934536
u7/rand_3 0.194967440
u7/rand_4 0.185599705
u7/rand_5 0.187466993
u7/rand_6 0.186800083
u7/rand_7 0.192323681
u7/rand_8 0.193773442
u7/rand_9 0.180844893
u8/rand_0 0.184015138
u8/rand_1 0.192300959
u8/rand_2 0.211238228
u8/rand_3 0.216566434
u8/rand_4 0.228494699
u8/rand_5 0.225793756
u8/rand_6 0.233233364
u8/rand_7 0.235671245
u8/rand_8 0.232369238
u8/rand_9 0.235878206
u9/rand_0 0.223959821
u9/rand_1 0.224966432
u9/rand_2 0.215185746
u9/rand_3 0.218344863
u9/rand_4 0.206278465
u9/rand_5 0.188101461
u9/rand_6 0.187407694
u9/rand_7 0.192256863
u9/rand_8 0.203153860
u9/rand_9 0.196284632
v0/rand_0 0.203606324
v0/rand_1 0.199255220
v0/rand_2 0.196734842
v0/rand_3 0.191834950
v0/rand_4 0.198028345
v0/rand_5 0.191701314
v0/rand_6 0.190211662
v0/rand_7 0.192444475
v0/rand_8 0.191285947
v0/rand_9 0.195205715
v1/rand_0 0.202732158
v1/rand_1 0.211147279
v1/rand_2 0.209114148
v1/rand_3 0.197118313
v1/rand_4 0.200393582
v1/rand_5 0.201990881
v1/rand_6 0.210375705
v1/rand_7 0.213014367
v1/rand_8 0.213544031
v1/rand_9 0.198278479
v2/rand_0 0.200552372
v2/rand_1 0.194402667
v2/rand_2 0.242409783
v2/rand_3 0.254116300
v2/rand_4 0.248609870
v2/rand_5 0.242856794
v2/rand_6 0.238300493
v2/rand_7 0.253255963
v2/rand_8 0.246102550
v2/rand_9 0.256128874
v3/rand_0 0.257240068
v3/rand_1 0.246424245
v3/rand_2 0.244903690
v3/rand_3 0.241606650
v3/rand_4 0.235041985
v3/rand_5 0.227156849
v3/rand_6 0.220121278
v3/rand_7 0.216250232
v3/rand_8 0.225457915
v3/rand_9 0.218441652
v4/rand_0 0.203042284
v4/rand_1 0.201202830
v4/rand_2 0.207962056
v4/rand_3 0.212250929
v4/rand_4 0.190799441
v4/rand_5 0.200217986
v4/rand_6 0.204343151
v4/rand_7 0.197597705
v4/rand_8 0.200185198
v4/rand_9 0.211339738
v5/rand_0 0.206916648
v5/rand_1 0.212657112
v5/rand_2 0.197810341
v5/rand_3 0.200241303
v5/rand_4 0.211455741
v5/rand_5 0.215505381
v5/rand_6 0.199418938
v5/rand_7 0.195524032
v5/rand_8 0.197900798
v5/rand_9 0.207922025
v6/rand_0 0.205985904
v6/rand_1 0.217211082
v6/rand_2 0.226813073
v6/rand_3 0.239463457
v6/rand_4 0.248364351
v6/rand_5 0.238734792
v6/rand_6 0.198066160
v6/rand_7 0.195519701
v6/rand_8 0.198746609
v6/rand_9 0.204411894
v7/rand_0 0.212867693
v7/rand_1 0.216654175
v7/rand_2 0.222441096
v7/rand_3 0.220523320
v7/rand_4 0.214650783
v7/rand_5 0.203424226
v7/rand_6 0.202662948
v7/rand_7 0.206570481
v7/rand_8 0.197471156
v7/rand_9 0.195723309
v8/rand_0 0.225817235
v8/rand_1 0.200707317
v8/rand_2 0.210361309
v8/rand_3 0.216769516
v8/rand_4 0.220241310
v8/rand_5 0.205128308
v8/rand_6 0.210146313
v8/rand_7 0.207094521
v8/rand_8 0.214657009
v8/rand_9 0.218437666
v9/rand_0 0.214195983
v9/rand_1 0.203861648
v9/rand_2 0.199699669
v9/rand_3 0.204348539
v9/rand_4 0.212136400
v9/rand_5 0.216311186
v9/rand_6 0.222747653
v9/rand_7 0.218178229
v9/rand_8 0.229473715
v9/rand_9 0.229663588
w0/rand_0 0.234698690
w0/rand_1 0.242118755
w0/rand_2 0.223358511
w0/rand_3 0.222818356
w0/rand_4 0.217325370
w0/rand_5 0.218349920
w0/rand_6 0.216771871
w0/rand_7 0.213075180
w0/rand_8 0.210050611
w0/rand_9 0.198099689
w1/rand_0 0.176555604
w1/rand_1 0.179379893
w1/rand_2 0.178521160
w1/rand_3 0.183675438
w1/rand_4 0.180122769
w1/rand_5 0.204618083
w1/rand_6 0.209011820
w1/rand_7 0.192804873
w1/rand_8 0.190700697
w1/rand_9 0.188262933
w2/rand_0 0.185739306
w2/rand_1 0.184959226
w2/rand_2 0.171469217
w2/rand_3 0.162476487
w2/rand_4 0.160277513
w2/rand_5 0.165149058
w2/rand_6 0.170007009
w2/rand_7 0.167538136
w2/rand_8 0.178033266
w2/rand_9 0.182427399
w3/rand_0 0.182485526
w3/rand_1 0.189878723
w3/rand_2 0.197943947
w3/rand_3 0.197756104
w3/rand_4 0.189575553
w3/rand_5 0.187676150
w3/rand_6 0.183769775
w3/rand_7 0.181936608
w3/rand_8 0.181848792
w3/rand_9 0.180761513
w4/rand_0 0.180203191
w4/rand_1 0.188475839
w4/rand_2 0.190061482
w4/rand_3 0.182794634
w4/rand_4 0.195725234
w4/rand_5 0.195273601
w4/rand_6 0.194452599
w4/rand_7 0.192264953
w4/rand_8 0.191176261
w4/rand_9 0.198536169
w5/rand_0 0.192463197
w5/rand_1 0.187735353
w5/rand_2 0.196530287
w5/rand_3 0.202995672
w5/rand_4 0.188050729
w5/rand_5 0.147857890
w5/rand_6 0.151847896
w5/rand_7 0.153123809
w5/rand_8 0.153290474
w5/rand_9 0.151271328
w6/rand_0 0.152619168
w6/rand_1 0.159907681
w6/rand_2 0.170208282
w6/rand_3 0.180847129
w6/rand_4 0.183666991
w6/rand_5 0.192520541
w6/rand_6 0.198554896
w6/rand_7 0.204605547
w6/rand_8 0.212852960
w6/rand_9 0.213213869
w7/rand_0 0.202358482
w7/rand_1 0.200861752
w7/rand_2 0.199534277
w7/rand_3 0.198463075
w7/rand_4 0.202103359
w7/rand_5 0.210794135
w7/rand_6 0.211616601
w7/rand_7 0.208524577
w7/rand_8 0.193521287
w7/rand_9 0.203627944
w8/rand_0 0.201460746
w8/rand_1 0.193477166
w8/rand_2 0.186804690
w8/rand_3 0.182387504
w8/rand_4 0.180030256
w8/rand_5 0.174821987
w8/rand_6 0.168088021
w8/rand_7 0.172365786
w8/rand_8 0.168435676
w8/rand_9 0.169350481
w9/rand_0 0.171645121
w9/rand_1 0.161486117
w9/rand_2 0.159368658
w9/rand_3 0.163027710
w9/rand_4 0.158310072
w9/rand_5 0.156499367
w9/rand_6 0.161478392
w9/rand_7 0.167891531
w9/rand_8 0.169171304
w9/rand_9 0.169315527
x0/rand_0 0.169818660
x0/rand_1 0.169373644
x0/rand_2 0.167946875
x0/rand_3 0.169376843
x0/rand_4 0.165881022
x0/rand_5 0.159683391
x0/rand_6 0.163893972
x0/rand_7 0.169081408
x0/rand_8 0.174374024
x0/rand_9 0.197798371
x1/rand_0 0.179547751
x1/rand_1 0.211728919
x1/rand_2 0.216909493
x1/rand_3 0.213556603
x1/rand_4 0.209246567
x1/rand_5 0.214823434
x1/rand_6 0.209430169
x1/rand_7 0.190496568
x1/rand_8 0.178682592
x1/rand_9 0.162392786
x2/rand_0 0.157727179
x2/rand_1 0.152360777
x2/rand_2 0.155547333
x2/rand_3 0.161414988
x2/rand_4 0.160595178
x2/rand_5 0.169244679
x2/rand_6 0.180705366
x2/rand_7 0.178934822
x2/rand_8 0.183112509
x2/rand_9 0.177985967
x3/rand_0 0.168117440
x3/rand_1 0.166893908
x3/rand_2 0.168878642
x3/rand_3 0.177334832
x3/rand_4 0.189966749
x3/rand_5 0.188963994
x3/rand_6 0.187981419
x3/rand_7 0.184717036
x3/rand_8 0.184558993
x3/rand_9 0.183118445
x4/rand_0 0.165469360
x4/rand_1 0.170926646
x4/rand_2 0.172601350
x4/rand_3 0.174998878
x4/rand_4 0.172447536
x4/rand_5 0.184055545
x4/rand_6 0.178373473
x4/rand_7 0.179251901
x4/rand_8 0.187964741
x4/rand_9 0.188219323
x5/rand_0 0.180474219
x5/rand_1 0.189949230
x5/rand_2 0.187197725
x5/rand_3 0.193070462
x5/rand_4 0.187786152
x5/rand_5 0.177247472
x5/rand_6 0.175694405
x5/rand_7 0.179681323
x5/rand_8 0.186854830
x5/rand_9 0.189037223
x6/rand_0 0.186559682
x6/rand_1 0.182948552
x6/rand_2 0.181619284
x6/rand_3 0.193208500
x6/rand_4 0.195771244
x6/rand_5 0.199325627
x6/rand_6 0.193654398
x6/rand_7 0.184315009
x6/rand_8 0.182019462
x6/rand_9 0.193246044
x7/rand_0 0.201505178
x7/rand_1 0.196348859
x7/rand_2 0.187618339
x7/rand_3 0.187657563
x7/rand_4 0.200625060
x7/rand_5 0.202803663
x7/rand_6 0.201036477
x7/rand_7 0.195798578
x7/rand_8 0.204472511
x7/rand_9 0.204156254
x8/rand_0 0.198898066
x8/rand_1 0.209183267
x8/rand_2 0.211757721
x8/rand_3 0.222118614
x8/rand_4 0.225340108
x8/rand_5 0.219347178
x8/rand_6 0.218479693
x8/rand_7 0.212624384
x8/rand_8 0.205068418
x8/rand_9 0.188164750
x9/rand_0 0.174995168
x9/rand_1 0.184843344
x9/rand_2 0.178322715
x9/rand_3 0.179438486
x9/rand_4 0.179466391
x9/rand_5 0.179703694
x9/rand_6 0.185011774
x9/rand_7 0.182996914
x9/rand_8 0.177707611
x9/rand_9 0.176307193
y0/rand_0 0.144156993
y0/rand_1 0.146684464
y0/rand_2 0.180699130
y0/rand_3 0.174984612
y0/rand_4 0.174549847
y0/rand_5 0.164528480
y0/rand_6 0.170965364
y0/rand_7 0.176024451
y0/rand_8 0.175673458
y0/rand_9 0.182980337
y1/rand_0 0.192932319
y1/rand_1 0.186809823
y1/rand_2 0.190415344
y1/rand_3 0.192549530
y1/rand_4 0.204297265
y1/rand_5 0.191403774
y1/rand_6 0.181096386
y1/rand_7 0.181603995
y1/rand_8 0.180184540
y1/rand_9 0.179249344
y2/rand_0 0.191991003
y2/rand_1 0.205858567
y2/rand_2 0.212581091
y2/rand_3 0.214685371
y2/rand_4 0.196913136
y2/rand_5 0.183659873
y2/rand_6 0.183814768
y2/rand_7 0.187243685
y2/rand_8 0.183666660
y2/rand_9 0.176500380
y3/rand_0 0.168275041
y3/rand_1 0.171417633
y3/rand_2 0.166905372
y3/rand_3 0.170319943
y3/rand_4 0.169652266
y3/rand_5 0.167123286
y3/rand_6 0.169578229
y3/rand_7 0.181943475
y3/rand_8 0.178287803
y3/rand_9 0.170790644
y4/rand_0 0.171123135
y4/rand_1 0.173038761
y4/rand_2 0.170290328
y4/rand_3 0.170696691
y4/rand_4 0.167241574
y4/rand_5 0.170696135
y4/rand_6 0.179658239
y4/rand_7 0.183879767
y4/rand_8 0.193885705
y4/rand_9 0.187208151
y5/rand_0 0.182285266
y5/rand_1 0.190637358
y5/rand_2 0.200584077
y5/rand_3 0.195215264
y5/rand_4 0.180605164
y5/rand_5 0.179855997
y5/rand_6 0.183955268
y5/rand_7 0.187844429
y5/rand_8 0.200312709
y5/rand_9 0.201094222
y6/rand_0 0.209892188
y6/rand_1 0.215309467
y6/rand_2 0.204383512
y6/rand_3 0.192502100
y6/rand_4 0.181175114
y6/rand_5 0.174790227
y6/rand_6 0.170214752
y6/rand_7 0.172346121
y6/rand_8 0.171023079
y6/rand_9 0.161257456
y7/rand_0 0.156248885
y7/rand_1 0.155265228
y7/rand_2 0.155426950
y7/rand_3 0.157722898
y7/rand_4 0.158783860
y7/rand_5 0.166601451
y7/rand_6 0.167399757
y7/rand_7 0.164485231
y7/rand_8 0.158034428
y7/rand_9 0.156819052
y8/rand_0 0.156269242
y8/rand_1 0.158358124
y8/rand_2 0.165408853
y8/rand_3 0.173849272
y8/rand_4 0.172018757
y8/rand_5 0.179505133
y8/rand_6 0.177698453
y8/rand_7 0.181096472
y8/rand_8 0.184835980
y8/rand_9 0.184905255
y9/rand_0 0.177498830
y9/rand_1 0.176265543
y9/rand_2 0.171610754
y9/rand_3 0.173267492
y9/rand_4 0.180478325
y9/rand_5 0.182003857
y9/rand_6 0.217450074
y9/rand_7 0.222972775
y9/rand_8 0.198227366
y9/rand_9 0.191129538
z0/rand_0 0.188577465
z0/rand_1 0.179654695
z0/rand_2 0.176104147
z0/rand_3 0.179460260
z0/rand_4 0.183286287
z0/rand_5 0.181568581
z0/rand_6 0.189748273
z0/rand_7 0.188638037
z0/rand_8 0.190654787
z0/rand_9 0.188442008
z1/rand_0 0.176457767
z1/rand_1 0.186548564
z1/rand_2 0.185971466
z1/rand_3 0.176212620
z1/rand_4 0.171803184
z1/rand_5 0.178363433
z1/rand_6 0.178778333
z1/rand_7 0.179474787
z1/rand_8 0.175371597
z1/rand_9 0.168195566
z2/rand_0 0.172412884
z2/rand_1 0.177648312
z2/rand_2 0.181150507
z2/rand_3 0.184492140
z2/rand_4 0.188109326
z2/rand_5 0.195752888
z2/rand_6 0.194349879
z2/rand_7 0.193058777
z2/rand_8 0.184821614
z2/rand_9 0.182375183
z3/rand_0 0.181806379
z3/rand_1 0.189644297
z3/rand_2 0.196638058
z3/rand_3 0.193065509
z3/rand_4 0.198485436
z3/rand_5 0.201334196
z3/rand_6 0.171145898
z3/rand_7 0.164665390
z3/rand_8 0.170719991
z3/rand_9 0.162189775
z4/rand_0 0.160740745
z4/rand_1 0.161212067
z4/rand_2 0.170008588
z4/rand_3 0.170847050
z4/rand_4 0.167228335
z4/rand_5 0.168551478
z4/rand_6 0.166954641
z4/rand_7 0.164954232
z4/rand_8 0.162593888
z4/rand_9 0.163032256
z5/rand_0 0.166563190
z5/rand_1 0.173550640
z5/rand_2 0.185071364
z5/rand_3 0.190082526
z5/rand_4 0.192509008
z5/rand_5 0.198581323
z5/rand_6 0.186589478
z5/rand_7 0.185764439
z5/rand_8 0.183383983
z5/rand_9 0.186940276
z6/rand_0 0.187392094
z6/rand_1 0.187938300
z6/rand_2 0.194685569
z6/rand_3 0.192285064
z6/rand_4 0.182518102
z6/rand_5 0.184010351
z6/rand_6 0.186851563
z6/rand_7 0.182372360
z6/rand_8 0.175598814
z6/rand_9 0.172554165
z7/rand_0 0.160232595
z7/rand_1 0.160592060
z7/rand_2 0.157021005
z7/rand_3 0.159204881
z7/rand_4 0.165422241
z7/rand_5 0.170324053
z7/rand_6 0.175569696
z7/rand_7 0.180904368
z7/rand_8 0.179267239
z7/rand_9 0.175407678
z8/rand_0 0.175975277
z8/rand_1 0.174880635
z8/rand_2 0.178556770
z8/rand_3 0.182270259
z8/rand_4 0.187916335
z8/rand_5 0.185342622
z8/rand_6 0.183818212
z8/rand_7 0.189313122
z8/rand_8 0.185900281
z8/rand_9 0.196975739
z9/rand_0 0.197330767
z9/rand_1 0.191760548
z9/rand_2 0.201175893
z9/rand_3 0.197805749
z9/rand_4 0.196645231
z9/rand_5 0.189821328
z9/rand_6 0.179831846
z9/rand_7 0.181194088
z9/rand_8 0.181609714
z9/rand_9 0.181555759
TOTAL TIME: 438.813618829 seconds
