a0/rand_0 0.014020724
a0/rand_1 0.012074432
a0/rand_2 0.012096886
a0/rand_3 0.012107261
a0/rand_4 0.012082398
a0/rand_5 0.012083373
a0/rand_6 0.012096744
a0/rand_7 0.012124395
a0/rand_8 0.012081646
a0/rand_9 0.012125125
a1/rand_0 0.012102137
a1/rand_1 0.012081360
a1/rand_2 0.012054514
a1/rand_3 0.012071431
a1/rand_4 0.012072983
a1/rand_5 0.012069708
a1/rand_6 0.012037162
a1/rand_7 0.012082945
a1/rand_8 0.012067813
a1/rand_9 0.012085403
a2/rand_0 0.012064339
a2/rand_1 0.012064963
a2/rand_2 0.012068786
a2/rand_3 0.012097670
a2/rand_4 0.012063863
a2/rand_5 0.012067860
a2/rand_6 0.012043985
a2/rand_7 0.012037784
a2/rand_8 0.012030575
a2/rand_9 0.012053999
a3/rand_0 0.012036305
a3/rand_1 0.012029617
a3/rand_2 0.012012442
a3/rand_3 0.012040648
a3/rand_4 0.012038874
a3/rand_5 0.012017642
a3/rand_6 0.012025886
a3/rand_7 0.012045265
a3/rand_8 0.012037860
a3/rand_9 0.012018668
a4/rand_0 0.012038481
a4/rand_1 0.012055765
a4/rand_2 0.012028712
a4/rand_3 0.012050109
a4/rand_4 0.012013237
a4/rand_5 0.012033347
a4/rand_6 0.012024551
a4/rand_7 0.012038847
a4/rand_8 0.011990627
a4/rand_9 0.012035462
a5/rand_0 0.012066808
a5/rand_1 0.012055651
a5/rand_2 0.012017673
a5/rand_3 0.012023641
a5/rand_4 0.012051873
a5/rand_5 0.012024296
a5/rand_6 0.011995720
a5/rand_7 0.011988758
a5/rand_8 0.012042127
a5/rand_9 0.012010255
a6/rand_0 0.012020478
a6/rand_1 0.012006947
a6/rand_2 0.012018989
a6/rand_3 0.012018356
a6/rand_4 0.011992706
a6/rand_5 0.011991312
a6/rand_6 0.012017579
a6/rand_7 0.011997101
a6/rand_8 0.012026670
a6/rand_9 0.012003980
a7/rand_0 0.012036451
a7/rand_1 0.012025783
a7/rand_2 0.012018288
a7/rand_3 0.011995930
a7/rand_4 0.011993495
a7/rand_5 0.012017648
a7/rand_6 0.011981851
a7/rand_7 0.012010249
a7/rand_8 0.015427950
a7/rand_9 0.012200917
a8/rand_0 0.012163583
a8/rand_1 0.012138600
a8/rand_2 0.012050331
a8/rand_3 0.012107560
a8/rand_4 0.012101436
a8/rand_5 0.012138958
a8/rand_6 0.012043607
a8/rand_7 0.012107731
a8/rand_8 0.012097254
a8/rand_9 0.012112576
a9/rand_0 0.012053483
a9/rand_1 0.012122500
a9/rand_2 0.012118872
a9/rand_3 0.012121878
a9/rand_4 0.012033471
a9/rand_5 0.012118258
a9/rand_6 0.012108322
a9/rand_7 0.012118556
a9/rand_8 0.012034161
a9/rand_9 0.012119878
b0/rand_0 0.012130951
b0/rand_1 0.012119848
b0/rand_2 0.012048089
b0/rand_3 0.012089773
b0/rand_4 0.012098061
b0/rand_5 0.012101785
b0/rand_6 0.012045410
b0/rand_7 0.012100027
b0/rand_8 0.012074940
b0/rand_9 0.012069369
b1/rand_0 0.012096177
b1/rand_1 0.012041854
b1/rand_2 0.012057013
b1/rand_3 0.012088791
b1/rand_4 0.012067247
b1/rand_5 0.012038777
b1/rand_6 0.012081581
b1/rand_7 0.012081256
b1/rand_8 0.012087030
b1/rand_9 0.012057628
b2/rand_0 0.012141468
b2/rand_1 0.012087043
b2/rand_2 0.012067589
b2/rand_3 0.012044077
b2/rand_4 0.012120402
b2/rand_5 0.012080684
b2/rand_6 0.012096361
b2/rand_7 0.012065241
b2/rand_8 0.012048707
b2/rand_9 0.012084581
b3/rand_0 0.012097865
b3/rand_1 0.012053730
b3/rand_2 0.012074992
b3/rand_3 0.012031778
b3/rand_4 0.012045577
b3/rand_5 0.012024542
b3/rand_6 0.012053092
b3/rand_7 0.012261669
b3/rand_8 0.012042719
b3/rand_9 0.012036607
b4/rand_0 0.012071316
b4/rand_1 0.012039118
b4/rand_2 0.012045199
b4/rand_3 0.012041744
b4/rand_4 0.012030033
b4/rand_5 0.012061208
b4/rand_6 0.012026769
b4/rand_7 0.012034627
b4/rand_8 0.012054827
b4/rand_9 0.012046559
b5/rand_0 0.012065954
b5/rand_1 0.012009845
b5/rand_2 0.012045195
b5/rand_3 0.012055092
b5/rand_4 0.012127689
b5/rand_5 0.012154087
b5/rand_6 0.011998428
b5/rand_7 0.011987096
b5/rand_8 0.012066060
b5/rand_9 0.012038532
b6/rand_0 0.011974904
b6/rand_1 0.012013835
b6/rand_2 0.012429723
b6/rand_3 0.012005796
b6/rand_4 0.011990289
b6/rand_5 0.012045407
b6/rand_6 0.012009417
b6/rand_7 0.011972095
b6/rand_8 0.011981716
b6/rand_9 0.012004555
b7/rand_0 0.012131160
b7/rand_1 0.011994673
b7/rand_2 0.012024193
b7/rand_3 0.011990439
b7/rand_4 0.011998929
b7/rand_5 0.011967739
b7/rand_6 0.011982137
b7/rand_7 0.011972573
b7/rand_8 0.011990235
b7/rand_9 0.011982911
b8/rand_0 0.012033186
b8/rand_1 0.011996616
b8/rand_2 0.011995269
b8/rand_3 0.012004398
b8/rand_4 0.012009405
b8/rand_5 0.011986721
b8/rand_6 0.011976948
b8/rand_7 0.011996343
b8/rand_8 0.011973142
b8/rand_9 0.012046044
b9/rand_0 0.011991258
b9/rand_1 0.012013200
b9/rand_2 0.012036664
b9/rand_3 0.012035047
b9/rand_4 0.011974684
b9/rand_5 0.012012457
b9/rand_6 0.012057318
b9/rand_7 0.012010220
b9/rand_8 0.012006928
b9/rand_9 0.011986327
c0/rand_0 0.012082844
c0/rand_1 0.012001832
c0/rand_2 0.011978070
c0/rand_3 0.012029940
c0/rand_4 0.011955628
c0/rand_5 0.012005240
c0/rand_6 0.011971359
c0/rand_7 0.012093202
c0/rand_8 0.011961193
c0/rand_9 0.012005539
c1/rand_0 0.012092275
c1/rand_1 0.012022173
c1/rand_2 0.011983663
c1/rand_3 0.011989194
c1/rand_4 0.012028577
c1/rand_5 0.011985870
c1/rand_6 0.011985388
c1/rand_7 0.012012814
c1/rand_8 0.011989775
c1/rand_9 0.012005053
c2/rand_0 0.011971086
c2/rand_1 0.012059263
c2/rand_2 0.012036463
c2/rand_3 0.011966543
c2/rand_4 0.011979501
c2/rand_5 0.012044220
c2/rand_6 0.011980838
c2/rand_7 0.012019655
c2/rand_8 0.011971884
c2/rand_9 0.012042897
c3/rand_0 0.012000913
c3/rand_1 0.012007898
c3/rand_2 0.012070688
c3/rand_3 0.012003818
c3/rand_4 0.012005420
c3/rand_5 0.011978330
c3/rand_6 0.012054910
c3/rand_7 0.012000190
c3/rand_8 0.011993442
c3/rand_9 0.012032180
c4/rand_0 0.012020820
c4/rand_1 0.011990282
c4/rand_2 0.018928841
c4/rand_3 0.034121026
c4/rand_4 0.016525218
c4/rand_5 0.016357110
c4/rand_6 0.016448818
c4/rand_7 0.016469101
c4/rand_8 0.016696486
c4/rand_9 0.016510193
c5/rand_0 0.016050598
c5/rand_1 0.016192786
c5/rand_2 0.016293902
c5/rand_3 0.016439501
c5/rand_4 0.016586996
c5/rand_5 0.016706563
c5/rand_6 0.017610165
c5/rand_7 0.016911551
c5/rand_8 0.017060331
c5/rand_9 0.017102784
c6/rand_0 0.017318262
c6/rand_1 0.017300494
c6/rand_2 0.017510285
c6/rand_3 0.017614728
c6/rand_4 0.017839570
c6/rand_5 0.017895300
c6/rand_6 0.018033867
c6/rand_7 0.018013569
c6/rand_8 0.018013868
c6/rand_9 0.018407770
c7/rand_0 0.018534731
c7/rand_1 0.019907222
c7/rand_2 0.019941446
c7/rand_3 0.020080503
c7/rand_4 0.019898606
c7/rand_5 0.019204676
c7/rand_6 0.019390547
c7/rand_7 0.019542427
c7/rand_8 0.019656187
c7/rand_9 0.019692226
c8/rand_0 0.021107581
c8/rand_1 0.020909138
c8/rand_2 0.021347806
c8/rand_3 0.021816539
c8/rand_4 0.023207366
c8/rand_5 0.026421815
c8/rand_6 0.026012956
c8/rand_7 0.025945904
c8/rand_8 0.021887641
c8/rand_9 0.023322509
c9/rand_0 0.054770308
c9/rand_1 0.049613820
c9/rand_2 0.043818973
c9/rand_3 0.049558514
c9/rand_4 0.026961296
c9/rand_5 0.035950284
c9/rand_6 0.025093761
c9/rand_7 0.025575601
c9/rand_8 0.054441314
c9/rand_9 0.045795894
d0/rand_0 0.027880211
d0/rand_1 0.053547644
d0/rand_2 0.060526776
d0/rand_3 0.035436558
d0/rand_4 0.028705502
d0/rand_5 0.028649202
d0/rand_6 0.063313004
d0/rand_7 0.063698841
d0/rand_8 0.046486140
d0/rand_9 0.045271511
d1/rand_0 0.039405771
d1/rand_1 0.048007883
d1/rand_2 0.046184009
d1/rand_3 0.045032434
d1/rand_4 0.029045455
d1/rand_5 0.049482777
d1/rand_6 0.041718360
d1/rand_7 0.037245075
d1/rand_8 0.056205264
d1/rand_9 0.048279081
d2/rand_0 0.056194062
d2/rand_1 0.048814199
d2/rand_2 0.066856067
d2/rand_3 0.060401447
d2/rand_4 0.046093943
d2/rand_5 0.050462489
d2/rand_6 0.050407340
d2/rand_7 0.061879100
d2/rand_8 0.051655750
d2/rand_9 0.045765855
d3/rand_0 0.034211435
d3/rand_1 0.069073162
d3/rand_2 0.059303199
d3/rand_3 0.054068972
d3/rand_4 0.069896316
d3/rand_5 0.060603422
d3/rand_6 0.059881863
d3/rand_7 0.056857538
d3/rand_8 0.070779415
d3/rand_9 0.060856318
d4/rand_0 0.070108490
d4/rand_1 0.062098038
d4/rand_2 0.062715766
d4/rand_3 0.071804128
d4/rand_4 0.064104653
d4/rand_5 0.067592588
d4/rand_6 0.066253891
d4/rand_7 0.060554503
d4/rand_8 0.070477960
d4/rand_9 0.068421049
d5/rand_0 0.072976648
d5/rand_1 0.069097370
d5/rand_2 0.063810707
d5/rand_3 0.076048920
d5/rand_4 0.063942241
d5/rand_5 0.071285668
d5/rand_6 0.074515934
d5/rand_7 0.076375375
d5/rand_8 0.068579523
d5/rand_9 0.076600774
d6/rand_0 0.075903426
d6/rand_1 0.067041392
d6/rand_2 0.065524526
d6/rand_3 0.056766998
d6/rand_4 0.073365361
d6/rand_5 0.080514862
d6/rand_6 0.070802805
d6/rand_7 0.081729100
d6/rand_8 0.071023726
d6/rand_9 0.082146513
d7/rand_0 0.075470481
d7/rand_1 0.072543680
d7/rand_2 0.077152227
d7/rand_3 0.076074283
d7/rand_4 0.083703899
d7/rand_5 0.076249875
d7/rand_6 0.088662761
d7/rand_7 0.079018514
d7/rand_8 0.089509709
d7/rand_9 0.082244962
d8/rand_0 0.079798440
d8/rand_1 0.088254272
d8/rand_2 0.084608649
d8/rand_3 0.092450164
d8/rand_4 0.085939414
d8/rand_5 0.094052513
d8/rand_6 0.092967946
d8/rand_7 0.095399439
d8/rand_8 0.096557463
d8/rand_9 0.097080620
d9/rand_0 0.097155232
d9/rand_1 0.089850283
d9/rand_2 0.098007597
d9/rand_3 0.098760640
d9/rand_4 0.093125207
d9/rand_5 0.100023841
d9/rand_6 0.101971745
d9/rand_7 0.102606358
d9/rand_8 0.102570935
d9/rand_9 0.101064733
e0/rand_0 0.103968326
e0/rand_1 0.097755003
e0/rand_2 0.105881121
e0/rand_3 0.103741967
e0/rand_4 0.108067831
e0/rand_5 0.100914489
e0/rand_6 0.110682764
e0/rand_7 0.102739699
e0/rand_8 0.102132632
e0/rand_9 0.103323362
e1/rand_0 0.105249551
e1/rand_1 0.089339940
e1/rand_2 0.105690267
e1/rand_3 0.114534674
e1/rand_4 3.685400071
e1/rand_5 0.050354986
e1/rand_6 0.046119133
e1/rand_7 0.046384897
e1/rand_8 0.046959159
e1/rand_9 0.047846002
e2/rand_0 0.048655295
e2/rand_1 0.049437706
e2/rand_2 0.049904055
e2/rand_3 0.050452892
e2/rand_4 0.050890681
e2/rand_5 0.051737417
e2/rand_6 0.052612752
e2/rand_7 0.053737926
e2/rand_8 0.054041256
e2/rand_9 0.054759664
e3/rand_0 0.055316583
e3/rand_1 0.056105912
e3/rand_2 0.056744322
e3/rand_3 0.057682636
e3/rand_4 0.058310387
e3/rand_5 0.059347711
e3/rand_6 0.060091930
e3/rand_7 0.061122850
e3/rand_8 0.061746981
e3/rand_9 0.062388429
e4/rand_0 0.063118299
e4/rand_1 0.063966487
e4/rand_2 0.064766616
e4/rand_3 0.066380457
e4/rand_4 0.067209294
e4/rand_5 0.068006066
e4/rand_6 0.069117487
e4/rand_7 0.069987644
e4/rand_8 0.070916706
e4/rand_9 0.071784078
e5/rand_0 0.072579704
e5/rand_1 0.073827225
e5/rand_2 0.075348822
e5/rand_3 0.076893751
e5/rand_4 0.078110179
e5/rand_5 0.079227517
e5/rand_6 0.080605102
e5/rand_7 0.081909775
e5/rand_8 0.083033503
e5/rand_9 0.083890145
e6/rand_0 0.085488215
e6/rand_1 0.086647295
e6/rand_2 0.089163693
e6/rand_3 0.089568915
e6/rand_4 0.090911685
e6/rand_5 0.093050559
e6/rand_6 0.094312948
e6/rand_7 0.095390835
e6/rand_8 0.097344192
e6/rand_9 0.098440943
e7/rand_0 0.099684625
e7/rand_1 0.102317616
e7/rand_2 0.140806145
e7/rand_3 0.139995283
e7/rand_4 0.133013890
e7/rand_5 0.139841306
e7/rand_6 0.134254806
e7/rand_7 0.136237620
e7/rand_8 0.114550307
e7/rand_9 0.142898909
e8/rand_0 0.139601807
e8/rand_1 0.142532961
e8/rand_2 0.143164472
e8/rand_3 0.142618404
e8/rand_4 0.143492621
e8/rand_5 0.141859688
e8/rand_6 0.137860049
e8/rand_7 0.114385311
e8/rand_8 0.145302956
e8/rand_9 0.141152470
e9/rand_0 56.052541595
e9/rand_1 0.014738974
e9/rand_2 0.014362976
e9/rand_3 0.011936606
e9/rand_4 0.011846418
e9/rand_5 0.011851259
e9/rand_6 0.011801428
e9/rand_7 0.011842951
e9/rand_8 0.011862051
e9/rand_9 0.011836788
f0/rand_0 0.011806488
f0/rand_1 0.011841948
f0/rand_2 0.011889980
f0/rand_3 0.011850360
f0/rand_4 0.011799538
f0/rand_5 0.011829732
f0/rand_6 0.011891251
f0/rand_7 0.011814438
f0/rand_8 0.011817609
f0/rand_9 0.011821537
f1/rand_0 0.011802518
f1/rand_1 0.011770075
f1/rand_2 0.011886651
f1/rand_3 0.011820055
f1/rand_4 0.011802194
f1/rand_5 0.011800150
f1/rand_6 0.011878032
f1/rand_7 0.011813526
f1/rand_8 0.011824005
f1/rand_9 0.011798445
f2/rand_0 0.011909176
f2/rand_1 0.011826105
f2/rand_2 0.011794888
f2/rand_3 0.011780233
f2/rand_4 0.011798275
f2/rand_5 0.011862036
f2/rand_6 0.011837342
f2/rand_7 0.011798920
f2/rand_8 0.011818988
f2/rand_9 0.011877114
f3/rand_0 0.011835160
f3/rand_1 0.012179005
f3/rand_2 0.011789071
f3/rand_3 0.011879191
f3/rand_4 0.011820290
f3/rand_5 0.011802916
f3/rand_6 0.011802299
f3/rand_7 0.011877968
f3/rand_8 0.011782735
f3/rand_9 0.011828849
f4/rand_0 0.011826367
f4/rand_1 0.011880418
f4/rand_2 0.011787874
f4/rand_3 0.011906647
f4/rand_4 0.011814632
f4/rand_5 0.011803334
f4/rand_6 0.011787116
f4/rand_7 0.011878632
f4/rand_8 0.011824769
f4/rand_9 0.011806844
f5/rand_0 0.011820808
f5/rand_1 0.011910696
f5/rand_2 0.011809123
f5/rand_3 0.011819959
f5/rand_4 0.011792221
f5/rand_5 0.011888396
f5/rand_6 0.011816153
f5/rand_7 0.011789165
f5/rand_8 0.011786613
f5/rand_9 0.011798848
f6/rand_0 0.011916600
f6/rand_1 0.011823815
f6/rand_2 0.011784218
f6/rand_3 0.011804434
f6/rand_4 0.011888834
f6/rand_5 0.011785644
f6/rand_6 0.011842450
f6/rand_7 0.011813549
f6/rand_8 0.011796206
f6/rand_9 0.011837910
f7/rand_0 0.011762363
f7/rand_1 0.011755900
f7/rand_2 0.011765707
f7/rand_3 0.011831731
f7/rand_4 0.011756125
f7/rand_5 0.011766597
f7/rand_6 0.011763517
f7/rand_7 0.011752887
f7/rand_8 0.011771880
f7/rand_9 0.011781218
f8/rand_0 0.011771083
f8/rand_1 0.011799207
f8/rand_2 0.011764390
f8/rand_3 0.011793698
f8/rand_4 0.011759060
f8/rand_5 0.011832051
f8/rand_6 0.011791023
f8/rand_7 0.011756000
f8/rand_8 0.011763661
f8/rand_9 0.011841294
f9/rand_0 0.011763786
f9/rand_1 0.011762368
f9/rand_2 0.011747333
f9/rand_3 0.011854345
f9/rand_4 0.011822425
f9/rand_5 0.011749335
f9/rand_6 0.011735520
f9/rand_7 0.011772550
f9/rand_8 0.011810048
f9/rand_9 0.011765979
g0/rand_0 0.011769636
g0/rand_1 0.011756116
g0/rand_2 0.011841964
g0/rand_3 0.011745008
g0/rand_4 0.011792115
g0/rand_5 0.011754999
g0/rand_6 0.011827704
g0/rand_7 0.011756004
g0/rand_8 0.011756626
g0/rand_9 0.011770344
g1/rand_0 0.011809075
g1/rand_1 0.011799043
g1/rand_2 0.011772349
g1/rand_3 0.011759047
g1/rand_4 0.011760818
g1/rand_5 0.011810953
g1/rand_6 0.011788430
g1/rand_7 0.011779747
g1/rand_8 0.011769525
g1/rand_9 0.011765840
g2/rand_0 0.011778922
g2/rand_1 0.011857878
g2/rand_2 0.011753834
g2/rand_3 0.011765055
g2/rand_4 0.011762216
g2/rand_5 0.011844417
g2/rand_6 0.011738010
g2/rand_7 0.011766493
g2/rand_8 0.011782774
g2/rand_9 0.011829846
g3/rand_0 0.011824298
g3/rand_1 0.011772486
g3/rand_2 0.011760100
g3/rand_3 0.011811280
g3/rand_4 0.011785614
g3/rand_5 0.011759066
g3/rand_6 0.011766506
g3/rand_7 0.011768627
g3/rand_8 0.011824526
g3/rand_9 0.011745451
g4/rand_0 0.011741790
g4/rand_1 0.011752597
g4/rand_2 0.011813201
g4/rand_3 0.011773925
g4/rand_4 0.011757028
g4/rand_5 0.011745781
g4/rand_6 0.011811113
g4/rand_7 0.011772365
g4/rand_8 0.011777046
g4/rand_9 0.011736488
g5/rand_0 0.011822983
g5/rand_1 0.011787606
g5/rand_2 0.011769343
g5/rand_3 0.011756045
g5/rand_4 0.011811180
g5/rand_5 0.011793577
g5/rand_6 0.011766471
g5/rand_7 0.011744440
g5/rand_8 0.011762545
g5/rand_9 0.020147216
g6/rand_0 0.041673845
g6/rand_1 0.022064339
g6/rand_2 0.017930995
g6/rand_3 0.017438254
g6/rand_4 0.015632769
g6/rand_5 0.015570413
g6/rand_6 0.015820145
g6/rand_7 0.015875667
g6/rand_8 0.015869669
g6/rand_9 0.016158111
g7/rand_0 0.016274307
g7/rand_1 0.016404655
g7/rand_2 0.016371037
g7/rand_3 0.016552653
g7/rand_4 0.016505651
g7/rand_5 0.016822031
g7/rand_6 0.016974016
g7/rand_7 0.016734094
g7/rand_8 0.017203092
g7/rand_9 0.017339655
g8/rand_0 0.017291790
g8/rand_1 0.017587992
g8/rand_2 0.017672604
g8/rand_3 0.017830112
g8/rand_4 0.017793341
g8/rand_5 0.017993969
g8/rand_6 0.018264119
g8/rand_7 0.018420945
g8/rand_8 0.018614144
g8/rand_9 0.018693626
g9/rand_0 0.020310740
g9/rand_1 0.020524438
g9/rand_2 0.020700228
g9/rand_3 0.020822272
g9/rand_4 0.020745975
g9/rand_5 0.019840581
g9/rand_6 0.020122585
g9/rand_7 0.021917913
g9/rand_8 0.023529525
g9/rand_9 0.024173173
h0/rand_0 0.025335136
h0/rand_1 0.025280379
h0/rand_2 0.026928125
h0/rand_3 0.051593958
h0/rand_4 0.025576529
h0/rand_5 0.050355120
h0/rand_6 0.045991983
h0/rand_7 0.038147148
h0/rand_8 0.037689461
h0/rand_9 0.035941934
h1/rand_0 0.034367612
h1/rand_1 0.031488371
h1/rand_2 0.031775003
h1/rand_3 0.031947839
h1/rand_4 0.045062471
h1/rand_5 0.034577527
h1/rand_6 0.024951262
h1/rand_7 0.026590678
h1/rand_8 0.061658539
h1/rand_9 0.052358433
h2/rand_0 0.041664762
h2/rand_1 0.061814675
h2/rand_2 0.062298722
h2/rand_3 0.062579146
h2/rand_4 0.054440160
h2/rand_5 0.054888828
h2/rand_6 0.039320023
h2/rand_7 0.057797609
h2/rand_8 0.044075744
h2/rand_9 0.042500879
h3/rand_0 0.042492016
h3/rand_1 0.065199876
h3/rand_2 0.063294989
h3/rand_3 0.059740958
h3/rand_4 0.052345526
h3/rand_5 0.055736529
h3/rand_6 0.055151636
h3/rand_7 0.033438694
h3/rand_8 0.063545622
h3/rand_9 0.050373564
h4/rand_0 0.044740249
h4/rand_1 0.032627213
h4/rand_2 0.057653114
h4/rand_3 0.044539737
h4/rand_4 0.064369993
h4/rand_5 0.053542696
h4/rand_6 0.057072153
h4/rand_7 0.061745024
h4/rand_8 0.054861951
h4/rand_9 0.053590232
h5/rand_0 0.069056087
h5/rand_1 0.058384532
h5/rand_2 0.048233199
h5/rand_3 0.054418700
h5/rand_4 0.066748680
h5/rand_5 0.070480157
h5/rand_6 0.062392442
h5/rand_7 0.071224677
h5/rand_8 0.060119166
h5/rand_9 0.039766721
h6/rand_0 0.068134577
h6/rand_1 0.070979729
h6/rand_2 0.073047430
h6/rand_3 0.066835221
h6/rand_4 0.059807791
h6/rand_5 0.066450727
h6/rand_6 0.064924909
h6/rand_7 0.069220560
h6/rand_8 0.068064770
h6/rand_9 0.075664758
h7/rand_0 0.070872960
h7/rand_1 0.076956530
h7/rand_2 0.076613436
h7/rand_3 0.070883451
h7/rand_4 0.077715124
h7/rand_5 0.065930219
h7/rand_6 0.077780498
h7/rand_7 0.070469977
h7/rand_8 0.078680132
h7/rand_9 0.066948547
h8/rand_0 0.080416525
h8/rand_1 0.080183525
h8/rand_2 0.081372320
h8/rand_3 0.081765290
h8/rand_4 0.078015328
h8/rand_5 0.072514683
h8/rand_6 0.071067080
h8/rand_7 0.081292288
h8/rand_8 0.084554878
h8/rand_9 0.084828527
h9/rand_0 0.083101415
h9/rand_1 0.079038093
h9/rand_2 0.076513172
h9/rand_3 0.083892815
h9/rand_4 0.088490008
h9/rand_5 0.079985910
h9/rand_6 0.089809152
h9/rand_7 0.082706194
h9/rand_8 0.088830756
h9/rand_9 0.091182708
i0/rand_0 0.083230213
i0/rand_1 0.086253415
i0/rand_2 0.092856883
i0/rand_3 0.094545083
i0/rand_4 0.095174168
i0/rand_5 0.095911963
i0/rand_6 0.089428721
i0/rand_7 0.089901996
i0/rand_8 0.089801144
i0/rand_9 0.069474264
i1/rand_0 0.092336917
i1/rand_1 0.093556701
i1/rand_2 0.099407908
i1/rand_3 5.311738868
i1/rand_4 0.036301804
i1/rand_5 0.036887882
i1/rand_6 0.037010590
i1/rand_7 0.037705642
i1/rand_8 0.038082367
i1/rand_9 0.038943540
i2/rand_0 0.039078465
i2/rand_1 0.039592576
i2/rand_2 0.039903728
i2/rand_3 0.040175850
i2/rand_4 0.040909621
i2/rand_5 0.041353652
i2/rand_6 0.041974636
i2/rand_7 0.042421499
i2/rand_8 0.042863218
i2/rand_9 0.043477041
i3/rand_0 0.044009410
i3/rand_1 0.044448137
i3/rand_2 0.045142840
i3/rand_3 0.045787464
i3/rand_4 0.046282720
i3/rand_5 0.046930680
i3/rand_6 0.047402887
i3/rand_7 0.048046939
i3/rand_8 0.048576483
i3/rand_9 0.049193540
i4/rand_0 0.049519258
i4/rand_1 0.050646260
i4/rand_2 0.051137876
i4/rand_3 0.051842697
i4/rand_4 0.052415344
i4/rand_5 0.052865219
i4/rand_6 0.053629637
i4/rand_7 0.054436069
i4/rand_8 0.055267492
i4/rand_9 0.056042149
i5/rand_0 0.056828325
i5/rand_1 0.057346434
i5/rand_2 0.058266380
i5/rand_3 0.059073073
i5/rand_4 0.059891711
i5/rand_5 0.060549502
i5/rand_6 0.061444616
i5/rand_7 0.062605273
i5/rand_8 0.063508808
i5/rand_9 0.064433798
i6/rand_0 0.065191119
i6/rand_1 0.066045562
i6/rand_2 0.067064112
i6/rand_3 0.067982567
i6/rand_4 0.068948720
i6/rand_5 0.070404799
i6/rand_6 0.071574092
i6/rand_7 0.072614756
i6/rand_8 0.073625073
i6/rand_9 0.074610662
i7/rand_0 0.075712173
i7/rand_1 0.076986993
i7/rand_2 0.078239211
i7/rand_3 0.079437404
i7/rand_4 0.080570514
i7/rand_5 0.081375746
i7/rand_6 0.083270987
i7/rand_7 0.084169214
i7/rand_8 0.085094895
i7/rand_9 0.087301112
i8/rand_0 0.118817573
i8/rand_1 0.126724067
i8/rand_2 0.121777036
i8/rand_3 0.123640696
i8/rand_4 0.124065082
i8/rand_5 0.120021491
i8/rand_6 47.584727490
i8/rand_7 0.011809333
i8/rand_8 0.011818190
i8/rand_9 0.011848419
i9/rand_0 0.011813096
i9/rand_1 0.011839444
i9/rand_2 0.011896745
i9/rand_3 0.011844242
i9/rand_4 0.011800855
i9/rand_5 0.011907868
i9/rand_6 0.011869003
i9/rand_7 0.011888209
i9/rand_8 0.011808592
i9/rand_9 0.011856161
j0/rand_0 0.011930009
j0/rand_1 0.011848998
j0/rand_2 0.011815537
j0/rand_3 0.011870516
j0/rand_4 0.011838423
j0/rand_5 0.011870399
j0/rand_6 0.011803516
j0/rand_7 0.011846827
j0/rand_8 0.011882790
j0/rand_9 0.011824842
j1/rand_0 0.011832784
j1/rand_1 0.011888799
j1/rand_2 0.011828434
j1/rand_3 0.011916742
j1/rand_4 0.011788664
j1/rand_5 0.011817980
j1/rand_6 0.011883315
j1/rand_7 0.012244656
j1/rand_8 0.011798185
j1/rand_9 0.011892813
j2/rand_0 0.011867087
j2/rand_1 0.011944128
j2/rand_2 0.011781528
j2/rand_3 0.011823428
j2/rand_4 0.011886649
j2/rand_5 0.011802297
j2/rand_6 0.011794682
j2/rand_7 0.011819473
j2/rand_8 0.011802911
j2/rand_9 0.011808506
j3/rand_0 0.011894777
j3/rand_1 0.011826071
j3/rand_2 0.011891031
j3/rand_3 0.011785962
j3/rand_4 0.011837807
j3/rand_5 0.011889013
j3/rand_6 0.011817259
j3/rand_7 0.011806946
j3/rand_8 0.011893171
j3/rand_9 0.011832408
j4/rand_0 0.011925248
j4/rand_1 0.011787555
j4/rand_2 0.011828945
j4/rand_3 0.011877970
j4/rand_4 0.011879841
j4/rand_5 0.011771513
j4/rand_6 0.011843341
j4/rand_7 0.011821095
j4/rand_8 0.011789345
j4/rand_9 0.011789452
j5/rand_0 0.011901037
j5/rand_1 0.011826174
j5/rand_2 0.011785469
j5/rand_3 0.011890021
j5/rand_4 0.011834797
j5/rand_5 0.011904370
j5/rand_6 0.011794295
j5/rand_7 0.011830237
j5/rand_8 0.011886339
j5/rand_9 0.011776176
j6/rand_0 0.011852521
j6/rand_1 0.011817948
j6/rand_2 0.011782847
j6/rand_3 0.011821178
j6/rand_4 0.011745499
j6/rand_5 0.011766378
j6/rand_6 0.011842517
j6/rand_7 0.011774248
j6/rand_8 0.011759513
j6/rand_9 0.011767411
j7/rand_0 0.011787146
j7/rand_1 0.011840574
j7/rand_2 0.011772517
j7/rand_3 0.011779886
j7/rand_4 0.011832813
j7/rand_5 0.011746475
j7/rand_6 0.011865696
j7/rand_7 0.011780909
j7/rand_8 0.011764808
j7/rand_9 0.011837869
j8/rand_0 0.011762081
j8/rand_1 0.011784960
j8/rand_2 0.011864191
j8/rand_3 0.011751114
j8/rand_4 0.011783802
j8/rand_5 0.011850306
j8/rand_6 0.011783247
j8/rand_7 0.011838024
j8/rand_8 0.011771943
j8/rand_9 0.011777637
j9/rand_0 0.011848615
j9/rand_1 0.011763604
j9/rand_2 0.011775477
j9/rand_3 0.011825549
j9/rand_4 0.011752990
j9/rand_5 0.011820756
j9/rand_6 0.011784192
j9/rand_7 0.011771994
j9/rand_8 0.011830046
j9/rand_9 0.011767117
k0/rand_0 0.011851077
k0/rand_1 0.012295483
k0/rand_2 0.011870664
k0/rand_3 0.011841958
k0/rand_4 0.011780786
k0/rand_5 0.011766136
k0/rand_6 0.011746386
k0/rand_7 0.011777896
k0/rand_8 0.011769151
k0/rand_9 0.011774191
k1/rand_0 0.011733688
k1/rand_1 0.011845820
k1/rand_2 0.011782604
k1/rand_3 0.011769455
k1/rand_4 0.011837291
k1/rand_5 0.011778876
k1/rand_6 0.011769869
k1/rand_7 0.011858350
k1/rand_8 0.011775292
k1/rand_9 0.011834479
k2/rand_0 0.011795851
k2/rand_1 0.011739434
k2/rand_2 0.011829376
k2/rand_3 0.011773255
k2/rand_4 0.011818037
k2/rand_5 0.011759014
k2/rand_6 0.011785756
k2/rand_7 0.011772568
k2/rand_8 0.011864671
k2/rand_9 0.011808166
k3/rand_0 0.011782259
k3/rand_1 0.011773753
k3/rand_2 0.011769972
k3/rand_3 0.011809681
k3/rand_4 0.011801101
k3/rand_5 0.011774427
k3/rand_6 0.011777015
k3/rand_7 0.011753862
k3/rand_8 0.011778850
k3/rand_9 0.011827399
k4/rand_0 0.011781960
k4/rand_1 0.011777581
k4/rand_2 0.011856212
k4/rand_3 0.011776155
k4/rand_4 0.011758653
k4/rand_5 0.011853657
k4/rand_6 0.011785799
k4/rand_7 0.011768997
k4/rand_8 0.011845721
k4/rand_9 0.011769243
k5/rand_0 0.011793454
k5/rand_1 0.011765741
k5/rand_2 0.011749648
k5/rand_3 0.011832576
k5/rand_4 0.011812605
k5/rand_5 0.011756087
k5/rand_6 0.011749106
k5/rand_7 0.011764318
k5/rand_8 0.011781574
k5/rand_9 0.011763775
k6/rand_0 0.011763630
k6/rand_1 0.011875277
k6/rand_2 0.013024746
k6/rand_3 0.042616856
k6/rand_4 0.050991535
k6/rand_5 0.022119082
k6/rand_6 0.015574120
k6/rand_7 0.015312249
k6/rand_8 0.015605027
k6/rand_9 0.015714320
k7/rand_0 0.015841245
k7/rand_1 0.015919091
k7/rand_2 0.016042996
k7/rand_3 0.016059599
k7/rand_4 0.016238443
k7/rand_5 0.016348218
k7/rand_6 0.016483174
k7/rand_7 0.016603585
k7/rand_8 0.016661833
k7/rand_9 0.016768939
k8/rand_0 0.016902882
k8/rand_1 0.017018560
k8/rand_2 0.016836354
k8/rand_3 0.017252609
k8/rand_4 0.017199881
k8/rand_5 0.017499584
k8/rand_6 0.017653999
k8/rand_7 0.017801350
k8/rand_8 0.017961168
k8/rand_9 0.018000259
k9/rand_0 0.018166977
k9/rand_1 0.018183169
k9/rand_2 0.018435636
k9/rand_3 0.018258157
k9/rand_4 0.019040601
k9/rand_5 0.018857503
k9/rand_6 0.020235680
k9/rand_7 0.020514673
k9/rand_8 0.020746640
k9/rand_9 0.020750603
l0/rand_0 0.021040634
l0/rand_1 0.020804290
l0/rand_2 0.020174939
l0/rand_3 0.020591414
l0/rand_4 0.021129348
l0/rand_5 0.023343433
l0/rand_6 0.025508414
l0/rand_7 0.025279368
l0/rand_8 0.025035770
l0/rand_9 0.023977842
l1/rand_0 0.024334406
l1/rand_1 0.044528885
l1/rand_2 0.024550936
l1/rand_3 0.025328241
l1/rand_4 0.040910881
l1/rand_5 0.023630804
l1/rand_6 0.027954331
l1/rand_7 0.054517317
l1/rand_8 0.051902723
l1/rand_9 0.028604995
l2/rand_0 0.028492091
l2/rand_1 0.031175008
l2/rand_2 0.049065732
l2/rand_3 0.052890962
l2/rand_4 0.037335699
l2/rand_5 0.057472197
l2/rand_6 0.041334985
l2/rand_7 0.062069078
l2/rand_8 0.056844602
l2/rand_9 0.044051447
l3/rand_0 0.051188185
l3/rand_1 0.055629624
l3/rand_2 0.042340795
l3/rand_3 0.056495673
l3/rand_4 0.050685325
l3/rand_5 0.049378281
l3/rand_6 0.029071967
l3/rand_7 0.063018625
l3/rand_8 0.061865373
l3/rand_9 0.052912883
l4/rand_0 0.051850094
l4/rand_1 0.049833158
l4/rand_2 0.035759229
l4/rand_3 0.055240380
l4/rand_4 0.051857043
l4/rand_5 0.050702401
l4/rand_6 0.065214135
l4/rand_7 0.052956926
l4/rand_8 0.050434706
l4/rand_9 0.031388203
l5/rand_0 0.065947320
l5/rand_1 0.064655396
l5/rand_2 0.062972714
l5/rand_3 0.066683419
l5/rand_4 0.062898816
l5/rand_5 0.052864528
l5/rand_6 0.067274308
l5/rand_7 0.067226937
l5/rand_8 0.067950484
l5/rand_9 0.067091075
l6/rand_0 0.059246856
l6/rand_1 0.064915284
l6/rand_2 0.064378300
l6/rand_3 0.064781861
l6/rand_4 0.043585810
l6/rand_5 0.062102541
l6/rand_6 0.069645204
l6/rand_7 0.062196164
l6/rand_8 0.069972415
l6/rand_9 0.069712371
l7/rand_0 0.054268308
l7/rand_1 0.069489526
l7/rand_2 0.063562170
l7/rand_3 0.055310191
l7/rand_4 0.057915388
l7/rand_5 0.061661755
l7/rand_6 0.072166727
l7/rand_7 0.070234590
l7/rand_8 0.072519835
l7/rand_9 0.060562136
l8/rand_0 0.059564657
l8/rand_1 0.059690425
l8/rand_2 0.062544818
l8/rand_3 0.073261267
l8/rand_4 0.067706212
l8/rand_5 0.060116510
l8/rand_6 0.074670031
l8/rand_7 0.070970324
l8/rand_8 0.074811404
l8/rand_9 0.065387565
l9/rand_0 0.072111054
l9/rand_1 0.065466092
l9/rand_2 0.064877709
l9/rand_3 0.068512403
l9/rand_4 0.077062621
l9/rand_5 3.204885470
l9/rand_6 0.029898797
l9/rand_7 0.030362639
l9/rand_8 0.030734355
l9/rand_9 0.030916945
m0/rand_0 0.031235140
m0/rand_1 0.031687684
m0/rand_2 0.032021075
m0/rand_3 0.031849999
m0/rand_4 0.032549198
m0/rand_5 0.032905116
m0/rand_6 0.033352346
m0/rand_7 0.033523494
m0/rand_8 0.033855696
m0/rand_9 0.033819176
m1/rand_0 0.034669262
m1/rand_1 0.035060904
m1/rand_2 0.035378656
m1/rand_3 0.035799311
m1/rand_4 0.036199985
m1/rand_5 0.036720870
m1/rand_6 0.037019867
m1/rand_7 0.037534342
m1/rand_8 0.037819916
m1/rand_9 0.038367597
m2/rand_0 0.038574358
m2/rand_1 0.039717126
m2/rand_2 0.039740485
m2/rand_3 0.040290609
m2/rand_4 0.040695468
m2/rand_5 0.040980610
m2/rand_6 0.041769463
m2/rand_7 0.042126660
m2/rand_8 0.042798022
m2/rand_9 0.043182977
m3/rand_0 0.043829121
m3/rand_1 0.044458731
m3/rand_2 0.045192943
m3/rand_3 0.045593125
m3/rand_4 0.046217161
m3/rand_5 0.046879036
m3/rand_6 0.047617348
m3/rand_7 0.048195529
m3/rand_8 0.048808011
m3/rand_9 0.049588390
m4/rand_0 0.050522714
m4/rand_1 0.050934419
m4/rand_2 0.051432248
m4/rand_3 0.052330992
m4/rand_4 0.053354346
m4/rand_5 0.053981085
m4/rand_6 0.054823371
m4/rand_7 0.055566482
m4/rand_8 0.056262304
m4/rand_9 0.057083646
m5/rand_0 0.058030578
m5/rand_1 0.059126326
m5/rand_2 0.059278132
m5/rand_3 0.060308611
m5/rand_4 0.061123470
m5/rand_5 0.061927508
m5/rand_6 0.062923049
m5/rand_7 0.063619032
m5/rand_8 0.064605372
m5/rand_9 0.065464321
m6/rand_0 0.066541252
m6/rand_1 0.067184016
m6/rand_2 0.068247533
m6/rand_3 0.069669477
m6/rand_4 0.070558020
m6/rand_5 0.071508226
m6/rand_6 48.098590933
m6/rand_7 0.014662690
m6/rand_8 0.014300575
m6/rand_9 0.011889587
m7/rand_0 0.011807125
m7/rand_1 0.011888256
m7/rand_2 0.011902560
m7/rand_3 0.011899915
m7/rand_4 0.011799877
m7/rand_5 0.011835571
m7/rand_6 0.011858346
m7/rand_7 0.011828033
m7/rand_8 0.011791609
m7/rand_9 0.011806543
m8/rand_0 0.011881145
m8/rand_1 0.011872487
m8/rand_2 0.011814322
m8/rand_3 0.011853474
m8/rand_4 0.011880965
m8/rand_5 0.011783624
m8/rand_6 0.011882432
m8/rand_7 0.012238375
m8/rand_8 0.011810178
m8/rand_9 0.011790781
m9/rand_0 0.011932727
m9/rand_1 0.011837936
m9/rand_2 0.011810500
m9/rand_3 0.011792419
m9/rand_4 0.011863631
m9/rand_5 0.011823132
m9/rand_6 0.011895590
m9/rand_7 0.011784442
m9/rand_8 0.011818607
m9/rand_9 0.011885909
n0/rand_0 0.011830180
n0/rand_1 0.011786645
n0/rand_2 0.011876001
n0/rand_3 0.011812044
n0/rand_4 0.011865152
n0/rand_5 0.011786406
n0/rand_6 0.011864244
n0/rand_7 0.011847288
n0/rand_8 0.011876640
n0/rand_9 0.011795574
n1/rand_0 0.011847692
n1/rand_1 0.011894356
n1/rand_2 0.011831871
n1/rand_3 0.011813466
n1/rand_4 0.011823090
n1/rand_5 0.011814357
n1/rand_6 0.011794812
n1/rand_7 0.011892414
n1/rand_8 0.011878215
n1/rand_9 0.011819965
n2/rand_0 0.011819279
n2/rand_1 0.011818818
n2/rand_2 0.011817217
n2/rand_3 0.011894604
n2/rand_4 0.011780677
n2/rand_5 0.011836866
n2/rand_6 0.011879661
n2/rand_7 0.011829819
n2/rand_8 0.011800867
n2/rand_9 0.011869690
n3/rand_0 0.011840120
n3/rand_1 0.011930605
n3/rand_2 0.011804108
n3/rand_3 0.011873963
n3/rand_4 0.011819450
n3/rand_5 0.011874070
n3/rand_6 0.011806252
n3/rand_7 0.011819094
n3/rand_8 0.011814012
n3/rand_9 0.011835701
n4/rand_0 0.011864851
n4/rand_1 0.011782705
n4/rand_2 0.011773022
n4/rand_3 0.011846071
n4/rand_4 0.011794417
n4/rand_5 0.011763592
n4/rand_6 0.011807336
n4/rand_7 0.011750594
n4/rand_8 0.011813629
n4/rand_9 0.011779387
n5/rand_0 0.011806977
n5/rand_1 0.011799621
n5/rand_2 0.011779748
n5/rand_3 0.011846918
n5/rand_4 0.011766746
n5/rand_5 0.011757147
n5/rand_6 0.011782537
n5/rand_7 0.011779132
n5/rand_8 0.011833223
n5/rand_9 0.011750549
n6/rand_0 0.011779499
n6/rand_1 0.011834593
n6/rand_2 0.011761027
n6/rand_3 0.011776005
n6/rand_4 0.011817869
n6/rand_5 0.011781830
n6/rand_6 0.011753447
n6/rand_7 0.011815144
n6/rand_8 0.011770542
n6/rand_9 0.011843394
n7/rand_0 0.011756887
n7/rand_1 0.011758520
n7/rand_2 0.011827344
n7/rand_3 0.011771682
n7/rand_4 0.011748506
n7/rand_5 0.011836365
n7/rand_6 0.011764502
n7/rand_7 0.011768179
n7/rand_8 0.011846316
n7/rand_9 0.011759249
n8/rand_0 0.011773517
n8/rand_1 0.011767151
n8/rand_2 0.011735935
n8/rand_3 0.011823100
n8/rand_4 0.011775346
n8/rand_5 0.011746542
n8/rand_6 0.011780272
n8/rand_7 0.011790737
n8/rand_8 0.011837717
n8/rand_9 0.011736432
n9/rand_0 0.011770156
n9/rand_1 0.011812213
n9/rand_2 0.011820747
n9/rand_3 0.011786118
n9/rand_4 0.011767084
n9/rand_5 0.011811775
n9/rand_6 0.011765637
n9/rand_7 0.011749743
n9/rand_8 0.011833951
n9/rand_9 0.011812110
o0/rand_0 0.011772572
o0/rand_1 0.011790712
o0/rand_2 0.011768498
o0/rand_3 0.011768025
o0/rand_4 0.011817671
o0/rand_5 0.011767212
o0/rand_6 0.011783554
o0/rand_7 0.011846392
o0/rand_8 0.011750674
o0/rand_9 0.011824285
o1/rand_0 0.011791118
o1/rand_1 0.011777092
o1/rand_2 0.011777261
o1/rand_3 0.011769821
o1/rand_4 0.011855272
o1/rand_5 0.011769236
o1/rand_6 0.011844648
o1/rand_7 0.011781381
o1/rand_8 0.011773356
o1/rand_9 0.011824229
o2/rand_0 0.011777504
o2/rand_1 0.011758762
o2/rand_2 0.011842717
o2/rand_3 0.011743411
o2/rand_4 0.011768218
o2/rand_5 0.011764504
o2/rand_6 0.011769993
o2/rand_7 0.011841812
o2/rand_8 0.011773219
o2/rand_9 0.011775601
o3/rand_0 0.011768624
o3/rand_1 0.011830972
o3/rand_2 0.011760803
o3/rand_3 0.011822756
o3/rand_4 0.011792466
o3/rand_5 0.011752540
o3/rand_6 0.011763663
o3/rand_7 0.011803930
o3/rand_8 0.011798107
o3/rand_9 0.011756371
o4/rand_0 0.011784833
o4/rand_1 0.011846642
o4/rand_2 0.014109250
o4/rand_3 0.030706282
o4/rand_4 0.018755431
o4/rand_5 0.015671511
o4/rand_6 0.015394581
o4/rand_7 0.015535959
o4/rand_8 0.015372481
o4/rand_9 0.015668249
o5/rand_0 0.015738195
o5/rand_1 0.015884129
o5/rand_2 0.016041201
o5/rand_3 0.015931279
o5/rand_4 0.016080350
o5/rand_5 0.016380972
o5/rand_6 0.016448390
o5/rand_7 0.016532722
o5/rand_8 0.016703550
o5/rand_9 0.016845283
o6/rand_0 0.016953373
o6/rand_1 0.017011165
o6/rand_2 0.017162409
o6/rand_3 0.017305749
o6/rand_4 0.017456240
o6/rand_5 0.017547732
o6/rand_6 0.017688609
o6/rand_7 0.017810338
o6/rand_8 0.017847994
o6/rand_9 0.018065970
o7/rand_0 0.018206581
o7/rand_1 0.018290048
o7/rand_2 0.018462815
o7/rand_3 0.018411526
o7/rand_4 0.018591641
o7/rand_5 0.018934488
o7/rand_6 0.019097720
o7/rand_7 0.020473723
o7/rand_8 0.021888458
o7/rand_9 0.022426592
o8/rand_0 0.022521490
o8/rand_1 0.022727232
o8/rand_2 0.022847796
o8/rand_3 0.024846644
o8/rand_4 0.025533610
o8/rand_5 0.026494440
o8/rand_6 0.026675254
o8/rand_7 0.024370833
o8/rand_8 0.041924619
o8/rand_9 0.023904538
o9/rand_0 0.024260981
o9/rand_1 0.026158286
o9/rand_2 0.056284392
o9/rand_3 0.038442100
o9/rand_4 0.035803928
o9/rand_5 0.060293195
o9/rand_6 0.060221218
o9/rand_7 0.059212587
o9/rand_8 0.036351236
o9/rand_9 0.035377501
p0/rand_0 0.028190766
p0/rand_1 0.031218358
p0/rand_2 0.055960977
p0/rand_3 0.061220276
p0/rand_4 0.058372243
p0/rand_5 0.056258741
p0/rand_6 0.032897257
p0/rand_7 0.032939555
p0/rand_8 0.032863818
p0/rand_9 0.060734521
p1/rand_0 0.043818982
p1/rand_1 0.046590580
p1/rand_2 0.052856013
p1/rand_3 0.058909238
p1/rand_4 0.043763412
p1/rand_5 0.044993911
p1/rand_6 0.049103003
p1/rand_7 0.058212543
p1/rand_8 0.047369867
p1/rand_9 0.060200276
p2/rand_0 0.048270960
p2/rand_1 0.052929473
p2/rand_2 0.064741894
p2/rand_3 0.059527995
p2/rand_4 0.065223170
p2/rand_5 0.065385227
p2/rand_6 0.052948270
p2/rand_7 0.062586096
p2/rand_8 0.065969615
p2/rand_9 0.063304490
p3/rand_0 0.037430420
p3/rand_1 0.051148166
p3/rand_2 0.053348189
p3/rand_3 0.042717884
p3/rand_4 0.066292966
p3/rand_5 0.065440655
p3/rand_6 0.067930830
p3/rand_7 0.055586283
p3/rand_8 0.050761977
p3/rand_9 0.068544208
p4/rand_0 0.054691780
p4/rand_1 0.068897529
p4/rand_2 0.064064855
p4/rand_3 0.058826326
p4/rand_4 0.063697959
p4/rand_5 0.056887915
p4/rand_6 0.070376843
p4/rand_7 0.068586975
p4/rand_8 0.069295833
p4/rand_9 0.062046612
p5/rand_0 0.066410235
p5/rand_1 0.055070181
p5/rand_2 0.065176644
p5/rand_3 0.047467941
p5/rand_4 0.060351329
p5/rand_5 0.072626093
p5/rand_6 0.064412443
p5/rand_7 0.067259058
p5/rand_8 0.071032610
p5/rand_9 0.073463515
p6/rand_0 0.073911124
p6/rand_1 0.062698249
p6/rand_2 4.509497687
p6/rand_3 0.025140068
p6/rand_4 0.025501238
p6/rand_5 0.025842293
p6/rand_6 0.026115781
p6/rand_7 0.026045033
p6/rand_8 0.026582722
p6/rand_9 0.026842688
p7/rand_0 0.026892702
p7/rand_1 0.027167440
p7/rand_2 0.027508488
p7/rand_3 0.027740604
p7/rand_4 0.028123135
p7/rand_5 0.028396539
p7/rand_6 0.028459796
p7/rand_7 0.028834627
p7/rand_8 0.028641537
p7/rand_9 0.029493020
p8/rand_0 0.029695122
p8/rand_1 0.030087877
p8/rand_2 0.030225219
p8/rand_3 0.030555928
p8/rand_4 0.031007533
p8/rand_5 0.031200474
p8/rand_6 0.031461493
p8/rand_7 0.032002673
p8/rand_8 0.032186965
p8/rand_9 0.032613874
p9/rand_0 0.033079685
p9/rand_1 0.033088604
p9/rand_2 0.033764953
p9/rand_3 0.033671731
p9/rand_4 0.033998443
p9/rand_5 0.034473082
p9/rand_6 0.035313140
p9/rand_7 0.035732801
p9/rand_8 0.035895781
p9/rand_9 0.036569763
q0/rand_0 0.036951215
q0/rand_1 0.037241295
q0/rand_2 0.037675013
q0/rand_3 0.038032958
q0/rand_4 0.038626354
q0/rand_5 0.039140692
q0/rand_6 0.039734911
q0/rand_7 0.040222688
q0/rand_8 0.040612617
q0/rand_9 0.041110356
q1/rand_0 0.041650280
q1/rand_1 0.041967704
q1/rand_2 0.042586907
q1/rand_3 0.043129700
q1/rand_4 0.043675873
q1/rand_5 0.044243078
q1/rand_6 0.044697131
q1/rand_7 0.045242446
q1/rand_8 0.045770486
q1/rand_9 0.046327809
q2/rand_0 0.046920758
q2/rand_1 0.047564259
q2/rand_2 0.048021610
q2/rand_3 0.048739878
q2/rand_4 0.049572890
q2/rand_5 0.050200047
q2/rand_6 0.050642573
q2/rand_7 0.051471812
q2/rand_8 0.052046209
q2/rand_9 0.052702526
q3/rand_0 0.053379060
q3/rand_1 0.054209462
q3/rand_2 0.054969019
q3/rand_3 48.455652128
q3/rand_4 0.016725837
q3/rand_5 0.011926732
q3/rand_6 0.011815814
q3/rand_7 0.011813881
q3/rand_8 0.011799782
q3/rand_9 0.011938784
q4/rand_0 0.011831762
q4/rand_1 0.011864960
q4/rand_2 0.011851988
q4/rand_3 0.011890051
q4/rand_4 0.011814573
q4/rand_5 0.011822865
q4/rand_6 0.011915927
q4/rand_7 0.011808513
q4/rand_8 0.011879398
q4/rand_9 0.011839062
q5/rand_0 0.011872603
q5/rand_1 0.011804189
q5/rand_2 0.011910069
q5/rand_3 0.011828454
q5/rand_4 0.011811207
q5/rand_5 0.011788087
q5/rand_6 0.011901521
q5/rand_7 0.011822138
q5/rand_8 0.011888755
q5/rand_9 0.011810572
q6/rand_0 0.011855018
q6/rand_1 0.011869059
q6/rand_2 0.011820931
q6/rand_3 0.011895495
q6/rand_4 0.011815457
q6/rand_5 0.011885385
q6/rand_6 0.011841761
q6/rand_7 0.011792892
q6/rand_8 0.011810071
q6/rand_9 0.011785758
q7/rand_0 0.011807227
q7/rand_1 0.011791906
q7/rand_2 0.011890454
q7/rand_3 0.011823311
q7/rand_4 0.011814821
q7/rand_5 0.011877186
q7/rand_6 0.011836409
q7/rand_7 0.011912024
q7/rand_8 0.011792275
q7/rand_9 0.011832653
q8/rand_0 0.011922563
q8/rand_1 0.011826332
q8/rand_2 0.011796117
q8/rand_3 0.011811030
q8/rand_4 0.011877487
q8/rand_5 0.011808719
q8/rand_6 0.011793082
q8/rand_7 0.011884774
q8/rand_8 0.011815549
q8/rand_9 0.011898436
q9/rand_0 0.011798341
q9/rand_1 0.011836478
q9/rand_2 0.011888633
q9/rand_3 0.011818864
q9/rand_4 0.011958781
q9/rand_5 0.011802473
q9/rand_6 0.011900926
q9/rand_7 0.011814174
q9/rand_8 0.011799438
q9/rand_9 0.011908142
r0/rand_0 0.011882800
r0/rand_1 0.011826947
r0/rand_2 0.011797220
r0/rand_3 0.011900157
r0/rand_4 0.011841820
r0/rand_5 0.011880868
r0/rand_6 0.011776096
r0/rand_7 0.011749955
r0/rand_8 0.011829734
r0/rand_9 0.011756140
r1/rand_0 0.011762101
r1/rand_1 0.011827109
r1/rand_2 0.011785538
r1/rand_3 0.011786430
r1/rand_4 0.011764572
r1/rand_5 0.011829850
r1/rand_6 0.011807820
r1/rand_7 0.011753702
r1/rand_8 0.011821963
r1/rand_9 0.011759497
r2/rand_0 0.011801197
r2/rand_1 0.011862262
r2/rand_2 0.011765447
r2/rand_3 0.011773261
r2/rand_4 0.011789445
r2/rand_5 0.011773630
r2/rand_6 0.011767908
r2/rand_7 0.011760809
r2/rand_8 0.011810842
r2/rand_9 0.011767901
r3/rand_0 0.011775950
r3/rand_1 0.011828571
r3/rand_2 0.011752869
r3/rand_3 0.011773557
r3/rand_4 0.011839771
r3/rand_5 0.011782658
r3/rand_6 0.011760691
r3/rand_7 0.011812964
r3/rand_8 0.011783257
r3/rand_9 0.011798666
r4/rand_0 0.011762643
r4/rand_1 0.011807913
r4/rand_2 0.011778948
r4/rand_3 0.011761821
r4/rand_4 0.011801932
r4/rand_5 0.011769499
r4/rand_6 0.011771792
r4/rand_7 0.011834826
r4/rand_8 0.011789604
r4/rand_9 0.011769635
r5/rand_0 0.011826102
r5/rand_1 0.011749592
r5/rand_2 0.011769795
r5/rand_3 0.011768205
r5/rand_4 0.011844395
r5/rand_5 0.011747723
r5/rand_6 0.011801344
r5/rand_7 0.011780366
r5/rand_8 0.011768626
r5/rand_9 0.011814664
r6/rand_0 0.011773546
r6/rand_1 0.011770090
r6/rand_2 0.011848902
r6/rand_3 0.011755473
r6/rand_4 0.011774135
r6/rand_5 0.011811687
r6/rand_6 0.011769647
r6/rand_7 0.011801320
r6/rand_8 0.011800156
r6/rand_9 0.011804114
r7/rand_0 0.011756617
r7/rand_1 0.011779427
r7/rand_2 0.011816277
r7/rand_3 0.011772459
r7/rand_4 0.011750361
r7/rand_5 0.011862267
r7/rand_6 0.011773216
r7/rand_7 0.011771998
r7/rand_8 0.011810182
r7/rand_9 0.011775923
r8/rand_0 0.011775778
r8/rand_1 0.011872747
r8/rand_2 0.011812193
r8/rand_3 0.011771780
r8/rand_4 0.011775738
r8/rand_5 0.011850358
r8/rand_6 0.011775728
r8/rand_7 0.011754403
r8/rand_8 0.011829434
r8/rand_9 0.011756282
r9/rand_0 0.011780297
r9/rand_1 0.011821024
r9/rand_2 0.011803984
r9/rand_3 0.011751488
r9/rand_4 0.011842603
r9/rand_5 0.011781615
r9/rand_6 0.011771022
r9/rand_7 0.011826792
r9/rand_8 0.011781215
r9/rand_9 0.011770907
s0/rand_0 0.011766286
s0/rand_1 0.011746723
s0/rand_2 0.011893955
s0/rand_3 0.011771664
s0/rand_4 0.011744968
s0/rand_5 0.011766566
s0/rand_6 0.011776847
s0/rand_7 0.011783758
s0/rand_8 0.011815442
s0/rand_9 0.011767921
s1/rand_0 0.015530520
s1/rand_1 0.027251667
s1/rand_2 0.016341186
s1/rand_3 0.015366920
s1/rand_4 0.015513812
s1/rand_5 0.015524002
s1/rand_6 0.015694185
s1/rand_7 0.015577110
s1/rand_8 0.015885675
s1/rand_9 0.015879179
s2/rand_0 0.016063833
s2/rand_1 0.016234742
s2/rand_2 0.016364970
s2/rand_3 0.016434422
s2/rand_4 0.016060968
s2/rand_5 0.016633047
s2/rand_6 0.016749696
s2/rand_7 0.016887829
s2/rand_8 0.016682797
s2/rand_9 0.017104463
s3/rand_0 0.017199269
s3/rand_1 0.017192088
s3/rand_2 0.017420871
s3/rand_3 0.017578572
s3/rand_4 0.017663212
s3/rand_5 0.017843862
s3/rand_6 0.017981356
s3/rand_7 0.018093678
s3/rand_8 0.018409290
s3/rand_9 0.018724089
s4/rand_0 0.018873599
s4/rand_1 0.018961544
s4/rand_2 0.019117215
s4/rand_3 0.019229984
s4/rand_4 0.019387150
s4/rand_5 0.019514254
s4/rand_6 0.019630773
s4/rand_7 0.019778464
s4/rand_8 0.019983665
s4/rand_9 0.019739179
s5/rand_0 0.020258001
s5/rand_1 0.020286419
s5/rand_2 0.021668685
s5/rand_3 0.023366349
s5/rand_4 0.043045742
s5/rand_5 0.058871319
s5/rand_6 0.042100597
s5/rand_7 0.034690520
s5/rand_8 0.032690106
s5/rand_9 0.027319423
s6/rand_0 0.025204364
s6/rand_1 0.024757662
s6/rand_2 0.024981458
s6/rand_3 0.024421828
s6/rand_4 0.025196400
s6/rand_5 0.060328358
s6/rand_6 0.053786042
s6/rand_7 0.027030712
s6/rand_8 0.043904611
s6/rand_9 0.026597767
s7/rand_0 0.026765773
s7/rand_1 0.027329644
s7/rand_2 0.060296107
s7/rand_3 0.035174483
s7/rand_4 0.035989156
s7/rand_5 0.055168820
s7/rand_6 0.045669980
s7/rand_7 0.061211167
s7/rand_8 0.053811211
s7/rand_9 0.037673338
s8/rand_0 0.043629992
s8/rand_1 0.062533262
s8/rand_2 0.049598200
s8/rand_3 0.063517873
s8/rand_4 0.063647572
s8/rand_5 0.058506745
s8/rand_6 0.050588894
s8/rand_7 0.048104186
s8/rand_8 0.051251394
s8/rand_9 0.056570285
s9/rand_0 0.040652912
s9/rand_1 0.044905582
s9/rand_2 0.052581731
s9/rand_3 0.063506121
s9/rand_4 0.051941300
s9/rand_5 0.065826372
s9/rand_6 0.054637751
s9/rand_7 0.055064899
s9/rand_8 0.036866977
s9/rand_9 0.062097398
t0/rand_0 0.037666184
t0/rand_1 0.066737357
t0/rand_2 0.060809374
t0/rand_3 0.051455708
t0/rand_4 0.059314972
t0/rand_5 0.064869358
t0/rand_6 0.062635941
t0/rand_7 0.057505439
t0/rand_8 0.068329820
t0/rand_9 0.057439824
t1/rand_0 0.064078397
t1/rand_1 0.064145318
t1/rand_2 0.067358430
t1/rand_3 0.068136894
t1/rand_4 5.544559947
t1/rand_5 0.022870555
t1/rand_6 0.022461560
t1/rand_7 0.022638656
t1/rand_8 0.022708167
t1/rand_9 0.023015887
t2/rand_0 0.022856812
t2/rand_1 0.023506648
t2/rand_2 0.023412675
t2/rand_3 0.023851891
t2/rand_4 0.024104378
t2/rand_5 0.024225256
t2/rand_6 0.024478566
t2/rand_7 0.024886483
t2/rand_8 0.024845521
t2/rand_9 0.025246970
t3/rand_0 0.025387394
t3/rand_1 0.025631812
t3/rand_2 0.025739665
t3/rand_3 0.026166434
t3/rand_4 0.026339711
t3/rand_5 0.026546520
t3/rand_6 0.026889014
t3/rand_7 0.027113421
t3/rand_8 0.027394549
t3/rand_9 0.027678372
t4/rand_0 0.028253307
t4/rand_1 0.028013988
t4/rand_2 0.028489721
t4/rand_3 0.028749569
t4/rand_4 0.028930086
t4/rand_5 0.029306028
t4/rand_6 0.029511597
t4/rand_7 0.029987374
t4/rand_8 0.030228921
t4/rand_9 0.030544695
t5/rand_0 0.030948713
t5/rand_1 0.031346528
t5/rand_2 0.031497916
t5/rand_3 0.031841821
t5/rand_4 0.032008946
t5/rand_5 0.032188888
t5/rand_6 0.032954208
t5/rand_7 0.033293964
t5/rand_8 0.033515754
t5/rand_9 0.034032537
t6/rand_0 0.034274595
t6/rand_1 0.034671626
t6/rand_2 0.035226878
t6/rand_3 0.035740610
t6/rand_4 0.036230528
t6/rand_5 0.036587520
t6/rand_6 0.037024882
t6/rand_7 0.037543616
t6/rand_8 0.037885007
t6/rand_9 0.038406883
t7/rand_0 0.039309221
t7/rand_1 0.039410474
t7/rand_2 0.039751254
t7/rand_3 0.040379528
t7/rand_4 0.040687027
t7/rand_5 0.041288680
t7/rand_6 0.041960779
t7/rand_7 0.042586396
t7/rand_8 0.043228074
t7/rand_9 0.043387589
t8/rand_0 0.044222646
t8/rand_1 0.044628258
t8/rand_2 0.045293824
t8/rand_3 43.873806365
t8/rand_4 0.012056026
t8/rand_5 0.011814819
t8/rand_6 0.011926604
t8/rand_7 0.011904804
t8/rand_8 0.011792557
t8/rand_9 0.011831831
t9/rand_0 0.011928635
t9/rand_1 0.011858565
t9/rand_2 0.011804799
t9/rand_3 0.011911581
t9/rand_4 0.011827395
t9/rand_5 0.011865768
t9/rand_6 0.011796872
t9/rand_7 0.011843333
t9/rand_8 0.011882876
t9/rand_9 0.011811911
u0/rand_0 0.011832726
u0/rand_1 0.011895513
u0/rand_2 0.011833493
u0/rand_3 0.011795357
u0/rand_4 0.011893170
u0/rand_5 0.011844079
u0/rand_6 0.011892947
u0/rand_7 0.011810774
u0/rand_8 0.012245380
u0/rand_9 0.011842737
u1/rand_0 0.011930048
u1/rand_1 0.011791480
u1/rand_2 0.011864496
u1/rand_3 0.011941625
u1/rand_4 0.011893691
u1/rand_5 0.011784691
u1/rand_6 0.011831919
u1/rand_7 0.012112459
u1/rand_8 0.012221698
u1/rand_9 0.012064583
u2/rand_0 0.012168089
u2/rand_1 0.012093243
u2/rand_2 0.012151899
u2/rand_3 0.012205031
u2/rand_4 0.012159198
u2/rand_5 0.012139533
u2/rand_6 0.012176206
u2/rand_7 0.012158812
u2/rand_8 0.012204009
u2/rand_9 0.012195042
u3/rand_0 0.012152596
u3/rand_1 0.012210770
u3/rand_2 0.012089754
u3/rand_3 0.012120684
u3/rand_4 0.012159104
u3/rand_5 0.012146640
u3/rand_6 0.012127253
u3/rand_7 0.012190258
u3/rand_8 0.012113567
u3/rand_9 0.012156216
u4/rand_0 0.012113044
u4/rand_1 0.012104666
u4/rand_2 0.012159817
u4/rand_3 0.012120375
u4/rand_4 0.012071229
u4/rand_5 0.012155037
u4/rand_6 0.012104268
u4/rand_7 0.012169781
u4/rand_8 0.012065020
u4/rand_9 0.012082087
u5/rand_0 0.012059382
u5/rand_1 0.012488533
u5/rand_2 0.012050882
u5/rand_3 0.012158755
u5/rand_4 0.012070872
u5/rand_5 0.012039818
u5/rand_6 0.012058471
u5/rand_7 0.012013357
u5/rand_8 0.012090611
u5/rand_9 0.012033638
u6/rand_0 0.012137271
u6/rand_1 0.012039289
u6/rand_2 0.012098471
u6/rand_3 0.012052469
u6/rand_4 0.012041414
u6/rand_5 0.012071070
u6/rand_6 0.012032204
u6/rand_7 0.011777467
u6/rand_8 0.011828317
u6/rand_9 0.011757098
u7/rand_0 0.011865096
u7/rand_1 0.011777235
u7/rand_2 0.011764535
u7/rand_3 0.011903044
u7/rand_4 0.012033372
u7/rand_5 0.012018324
u7/rand_6 0.012078693
u7/rand_7 0.012031260
u7/rand_8 0.012049435
u7/rand_9 0.012109529
u8/rand_0 0.012033786
u8/rand_1 0.012106861
u8/rand_2 0.012026514
u8/rand_3 0.012057996
u8/rand_4 0.012069478
u8/rand_5 0.012019156
u8/rand_6 0.012097381
u8/rand_7 0.012010153
u8/rand_8 0.012007460
u8/rand_9 0.011996364
u9/rand_0 0.012003049
u9/rand_1 0.011987374
u9/rand_2 0.012079584
u9/rand_3 0.012035182
u9/rand_4 0.012009264
u9/rand_5 0.012000943
u9/rand_6 0.012062109
u9/rand_7 0.012031837
u9/rand_8 0.012020574
u9/rand_9 0.011999320
v0/rand_0 0.012107171
v0/rand_1 0.011985076
v0/rand_2 0.011998185
v0/rand_3 0.011999291
v0/rand_4 0.012002454
v0/rand_5 0.012059243
v0/rand_6 0.011999882
v0/rand_7 0.012012237
v0/rand_8 0.011980586
v0/rand_9 0.012086393
v1/rand_0 0.011998443
v1/rand_1 0.012065910
v1/rand_2 0.012000929
v1/rand_3 0.011971302
v1/rand_4 0.011980229
v1/rand_5 0.012059413
v1/rand_6 0.012017537
v1/rand_7 0.011982443
v1/rand_8 0.012061307
v1/rand_9 0.012024135
v2/rand_0 0.011983833
v2/rand_1 0.012050770
v2/rand_2 0.011986531
v2/rand_3 0.012000575
v2/rand_4 0.012051590
v2/rand_5 0.011993826
v2/rand_6 0.012068543
v2/rand_7 0.012025641
v2/rand_8 0.012011351
v2/rand_9 0.012063581
v3/rand_0 0.011979699
v3/rand_1 0.012002761
v3/rand_2 0.012069327
v3/rand_3 0.011987578
v3/rand_4 0.012233148
v3/rand_5 0.012040896
v3/rand_6 0.011996949
v3/rand_7 0.012042965
v3/rand_8 0.012002966
v3/rand_9 0.012016276
v4/rand_0 0.012094284
v4/rand_1 0.011987668
v4/rand_2 0.012098191
v4/rand_3 0.012032974
v4/rand_4 0.012015234
v4/rand_5 0.012059301
v4/rand_6 0.012003646
v4/rand_7 0.012010359
v4/rand_8 0.012015001
v4/rand_9 0.011979027
v5/rand_0 0.011782821
v5/rand_1 0.011841308
v5/rand_2 0.011769150
v5/rand_3 0.011862035
v5/rand_4 0.011965266
v5/rand_5 0.011998369
v5/rand_6 0.012076587
v5/rand_7 0.012020203
v5/rand_8 0.011987912
v5/rand_9 0.012058628
v6/rand_0 0.012019776
v6/rand_1 0.012104136
v6/rand_2 0.012044764
v6/rand_3 0.012020717
v6/rand_4 0.012067818
v6/rand_5 0.012021841
v6/rand_6 0.028613807
v6/rand_7 0.046129875
v6/rand_8 0.028699243
v6/rand_9 0.028801949
v7/rand_0 0.024240146
v7/rand_1 0.016145909
v7/rand_2 0.015891358
v7/rand_3 0.015874452
v7/rand_4 0.016080941
v7/rand_5 0.016136319
v7/rand_6 0.016295459
v7/rand_7 0.016347079
v7/rand_8 0.016493834
v7/rand_9 0.016609177
v8/rand_0 0.016521415
v8/rand_1 0.016878254
v8/rand_2 0.016917456
v8/rand_3 0.017053884
v8/rand_4 0.016685668
v8/rand_5 0.017123099
v8/rand_6 0.017404137
v8/rand_7 0.017551033
v8/rand_8 0.017651674
v8/rand_9 0.017638166
v9/rand_0 0.017902775
v9/rand_1 0.018045985
v9/rand_2 0.018056704
v9/rand_3 0.018084351
v9/rand_4 0.018185500
v9/rand_5 0.018530117
v9/rand_6 0.018677225
v9/rand_7 0.018831673
v9/rand_8 0.019119829
v9/rand_9 0.019014018
w0/rand_0 0.019238812
w0/rand_1 0.019410192
w0/rand_2 0.020623190
w0/rand_3 0.020829956
w0/rand_4 0.020678891
w0/rand_5 0.021099821
w0/rand_6 0.021138094
w0/rand_7 0.022280686
w0/rand_8 0.023051708
w0/rand_9 0.039318908
w1/rand_0 0.023217823
w1/rand_1 0.023519630
w1/rand_2 0.025100846
w1/rand_3 0.048827350
w1/rand_4 0.035447811
w1/rand_5 0.054295707
w1/rand_6 0.028376063
w1/rand_7 0.024158986
w1/rand_8 0.050594942
w1/rand_9 0.034759883
w2/rand_0 0.043663650
w2/rand_1 0.026982921
w2/rand_2 0.026542133
w2/rand_3 0.061431291
w2/rand_4 0.061900641
w2/rand_5 0.043480271
w2/rand_6 0.048681244
w2/rand_7 0.039807629
w2/rand_8 0.047920284
w2/rand_9 0.037719605
w3/rand_0 0.057447087
w3/rand_1 0.040670595
w3/rand_2 0.037350794
w3/rand_3 0.062364929
w3/rand_4 0.062602048
w3/rand_5 0.053509029
w3/rand_6 0.062984802
w3/rand_7 0.051165641
w3/rand_8 0.034976732
w3/rand_9 0.047730103
w4/rand_0 0.054558759
w4/rand_1 0.035572331
w4/rand_2 0.060344398
w4/rand_3 0.060052489
w4/rand_4 0.054271817
w4/rand_5 0.064131757
w4/rand_6 0.065800103
w4/rand_7 0.047651193
w4/rand_8 0.031910286
w4/rand_9 0.052886681
w5/rand_0 0.065433471
w5/rand_1 0.065941866
w5/rand_2 0.050493155
w5/rand_3 5.503467830
w5/rand_4 0.020002964
w5/rand_5 0.020026736
w5/rand_6 0.020376022
w5/rand_7 0.021482275
w5/rand_8 0.020625884
w5/rand_9 0.020853237
w6/rand_0 0.021009081
w6/rand_1 0.021007617
w6/rand_2 0.021256848
w6/rand_3 0.021170735
w6/rand_4 0.021836407
w6/rand_5 0.022122028
w6/rand_6 0.021776283
w6/rand_7 0.022186604
w6/rand_8 0.022182937
w6/rand_9 0.022596302
w7/rand_0 0.022367621
w7/rand_1 0.022664271
w7/rand_2 0.023172243
w7/rand_3 0.023499796
w7/rand_4 0.023410718
w7/rand_5 0.023677537
w7/rand_6 0.023852729
w7/rand_7 0.024301702
w7/rand_8 0.024255762
w7/rand_9 0.024565745
w8/rand_0 0.024587746
w8/rand_1 0.024990112
w8/rand_2 0.025042381
w8/rand_3 0.025529913
w8/rand_4 0.025686987
w8/rand_5 0.025908684
w8/rand_6 0.025996320
w8/rand_7 0.026231455
w8/rand_8 0.026897707
w8/rand_9 0.027089565
w9/rand_0 0.027397837
w9/rand_1 0.038944646
w9/rand_2 0.028005916
w9/rand_3 0.028067538
w9/rand_4 0.028436530
w9/rand_5 0.028781112
w9/rand_6 0.029089507
w9/rand_7 0.029477567
w9/rand_8 0.029712622
w9/rand_9 0.030020279
x0/rand_0 0.030277950
x0/rand_1 0.030679844
x0/rand_2 0.030836857
x0/rand_3 0.031253266
x0/rand_4 0.031597105
x0/rand_5 0.031936725
x0/rand_6 0.032391055
x0/rand_7 0.032376021
x0/rand_8 0.032559095
x0/rand_9 0.033043290
x1/rand_0 0.033285483
x1/rand_1 0.033819023
x1/rand_2 0.034188063
x1/rand_3 0.034463423
x1/rand_4 0.034927879
x1/rand_5 0.035563189
x1/rand_6 0.036041179
x1/rand_7 0.036224084
x1/rand_8 0.036681601
x1/rand_9 44.764381004
x2/rand_0 0.014099082
x2/rand_1 0.011912255
x2/rand_2 0.011909424
x2/rand_3 0.011796463
x2/rand_4 0.011938156
x2/rand_5 0.011897322
x2/rand_6 0.011868374
x2/rand_7 0.011802820
x2/rand_8 0.011853269
x2/rand_9 0.011910114
x3/rand_0 0.011862436
x3/rand_1 0.011924846
x3/rand_2 0.011835591
x3/rand_3 0.011879363
x3/rand_4 0.011842810
x3/rand_5 0.011847182
x3/rand_6 0.012210849
x3/rand_7 0.012133632
x3/rand_8 0.012123836
x3/rand_9 0.012076331
x4/rand_0 0.012209918
x4/rand_1 0.012350832
x4/rand_2 0.012197119
x4/rand_3 0.012139985
x4/rand_4 0.012238765
x4/rand_5 0.012147023
x4/rand_6 0.012346006
x4/rand_7 0.012094336
x4/rand_8 0.012178437
x4/rand_9 0.012110038
x5/rand_0 0.012245648
x5/rand_1 0.012099182
x5/rand_2 0.012210844
x5/rand_3 0.012149952
x5/rand_4 0.012100583
x5/rand_5 0.012212866
x5/rand_6 0.012095525
x5/rand_7 0.012169766
x5/rand_8 0.012121456
x5/rand_9 0.012120840
x6/rand_0 0.012234096
x6/rand_1 0.012082353
x6/rand_2 0.012193071
x6/rand_3 0.012255938
x6/rand_4 0.012071391
x6/rand_5 0.012231004
x6/rand_6 0.012144400
x6/rand_7 0.012110582
x6/rand_8 0.012072147
x6/rand_9 0.012152835
x7/rand_0 0.012273021
x7/rand_1 0.012115718
x7/rand_2 0.012075201
x7/rand_3 0.012167438
x7/rand_4 0.012135522
x7/rand_5 0.012216189
x7/rand_6 0.012062456
x7/rand_7 0.012120951
x7/rand_8 0.012086304
x7/rand_9 0.012145384
x8/rand_0 0.012235621
x8/rand_1 0.012073564
x8/rand_2 0.012095733
x8/rand_3 0.012185144
x8/rand_4 0.012092682
x8/rand_5 0.012199935
x8/rand_6 0.012100022
x8/rand_7 0.012048270
x8/rand_8 0.012019888
x8/rand_9 0.012058332
x9/rand_0 0.012022837
x9/rand_1 0.012014765
x9/rand_2 0.012071099
x9/rand_3 0.012030537
x9/rand_4 0.011818023
x9/rand_5 0.011775227
x9/rand_6 0.011765256
x9/rand_7 0.011833136
x9/rand_8 0.011812695
x9/rand_9 0.011878371
y0/rand_0 0.012056117
y0/rand_1 0.011975845
y0/rand_2 0.012018315
y0/rand_3 0.012062778
y0/rand_4 0.012074330
y0/rand_5 0.011993062
y0/rand_6 0.012014103
y0/rand_7 0.012005128
y0/rand_8 0.012070080
y0/rand_9 0.011988282
y1/rand_0 0.012140233
y1/rand_1 0.011997107
y1/rand_2 0.012004611
y1/rand_3 0.012117384
y1/rand_4 0.011985998
y1/rand_5 0.012003658
y1/rand_6 0.012061761
y1/rand_7 0.011984038
y1/rand_8 0.012048549
y1/rand_9 0.012004159
y2/rand_0 0.011991601
y2/rand_1 0.011977601
y2/rand_2 0.012077521
y2/rand_3 0.012019571
y2/rand_4 0.011997778
y2/rand_5 0.011987105
y2/rand_6 0.012086115
y2/rand_7 0.012003505
y2/rand_8 0.012089331
y2/rand_9 0.012034102
y3/rand_0 0.011992642
y3/rand_1 0.012102343
y3/rand_2 0.012008647
y3/rand_3 0.011983484
y3/rand_4 0.012096294
y3/rand_5 0.012009654
y3/rand_6 0.012040082
y3/rand_7 0.011990700
y3/rand_8 0.011981693
y3/rand_9 0.012077847
y4/rand_0 0.012003561
y4/rand_1 0.012045968
y4/rand_2 0.012001115
y4/rand_3 0.012110103
y4/rand_4 0.012171253
y4/rand_5 0.012127753
y4/rand_6 0.012027629
y4/rand_7 0.012028761
y4/rand_8 0.012004946
y4/rand_9 0.012048760
y5/rand_0 0.012047539
y5/rand_1 0.012023690
y5/rand_2 0.012001378
y5/rand_3 0.012049737
y5/rand_4 0.011993868
y5/rand_5 0.011998715
y5/rand_6 0.012049897
y5/rand_7 0.012066151
y5/rand_8 0.012005861
y5/rand_9 0.011994406
y6/rand_0 0.012006882
y6/rand_1 0.012112603
y6/rand_2 0.011973834
y6/rand_3 0.011990899
y6/rand_4 0.011991272
y6/rand_5 0.012059998
y6/rand_6 0.011987106
y6/rand_7 0.012007703
y6/rand_8 0.012000247
y6/rand_9 0.012075559
y7/rand_0 0.011989568
y7/rand_1 0.011981699
y7/rand_2 0.012034105
y7/rand_3 0.011965584
y7/rand_4 0.011982633
y7/rand_5 0.012040733
y7/rand_6 0.012020598
y7/rand_7 0.011750715
y7/rand_8 0.011781015
y7/rand_9 0.011831916
y8/rand_0 0.011780931
y8/rand_1 0.011750374
y8/rand_2 0.011764777
y8/rand_3 0.011961824
y8/rand_4 0.011996554
y8/rand_5 0.012093345
y8/rand_6 0.012083750
y8/rand_7 0.012003292
y8/rand_8 0.012005936
y8/rand_9 0.011973117
y9/rand_0 0.012063280
y9/rand_1 0.012093913
y9/rand_2 0.012036536
y9/rand_3 0.011972631
y9/rand_4 0.011998473
y9/rand_5 0.012005172
y9/rand_6 0.012082433
y9/rand_7 0.012043940
y9/rand_8 0.011999923
y9/rand_9 0.012033357
z0/rand_0 0.012077632
z0/rand_1 0.026900970
z0/rand_2 0.042124592
z0/rand_3 0.022044468
z0/rand_4 0.015811838
z0/rand_5 0.015691990
z0/rand_6 0.015857901
z0/rand_7 0.015671125
z0/rand_8 0.016070654
z0/rand_9 0.016174429
z1/rand_0 0.016284282
z1/rand_1 0.016370638
z1/rand_2 0.016450010
z1/rand_3 0.016243809
z1/rand_4 0.016631272
z1/rand_5 0.016458748
z1/rand_6 0.016821188
z1/rand_7 0.016759715
z1/rand_8 0.017080093
z1/rand_9 0.016897016
z2/rand_0 0.018251815
z2/rand_1 0.017479598
z2/rand_2 0.017575752
z2/rand_3 0.017728444
z2/rand_4 0.017733234
z2/rand_5 0.017921873
z2/rand_6 0.018101554
z2/rand_7 0.018223664
z2/rand_8 0.018206666
z2/rand_9 0.018430098
z3/rand_0 0.018394263
z3/rand_1 0.018777290
z3/rand_2 0.018723664
z3/rand_3 0.018994335
z3/rand_4 0.018978972
z3/rand_5 0.019288253
z3/rand_6 0.019327030
z3/rand_7 0.019551490
z3/rand_8 0.019730198
z3/rand_9 0.020707285
z4/rand_0 0.020847820
z4/rand_1 0.021842322
z4/rand_2 0.022336250
z4/rand_3 0.024212836
z4/rand_4 0.025594622
z4/rand_5 0.044994402
z4/rand_6 0.053778013
z4/rand_7 0.027123564
z4/rand_8 0.033912469
z4/rand_9 0.027462296
z5/rand_0 0.027849130
z5/rand_1 0.028070062
z5/rand_2 0.028147654
z5/rand_3 0.030681565
z5/rand_4 0.061185155
z5/rand_5 0.061009398
z5/rand_6 0.042675270
z5/rand_7 0.043814635
z5/rand_8 0.048754861
z5/rand_9 0.044891514
z6/rand_0 0.043677543
z6/rand_1 0.045483871
z6/rand_2 0.041909260
z6/rand_3 0.026647275
z6/rand_4 0.050167493
z6/rand_5 0.054684180
z6/rand_6 0.028932775
z6/rand_7 0.054620840
z6/rand_8 0.062307396
z6/rand_9 0.060919836
z7/rand_0 0.041051062
z7/rand_1 0.057630475
z7/rand_2 0.056914371
z7/rand_3 0.061128132
z7/rand_4 0.048175677
z7/rand_5 0.053305637
z7/rand_6 0.062187973
z7/rand_7 5.888004890
z7/rand_8 0.018183547
z7/rand_9 0.018046239
z8/rand_0 0.018176177
z8/rand_1 0.018225355
z8/rand_2 0.018568910
z8/rand_3 0.018745322
z8/rand_4 0.018817170
z8/rand_5 0.018972525
z8/rand_6 0.019207885
z8/rand_7 0.019359292
z8/rand_8 0.019412225
z8/rand_9 0.019638839
z9/rand_0 0.019686612
z9/rand_1 0.019747930
z9/rand_2 0.020093281
z9/rand_3 0.020144363
z9/rand_4 0.020417498
z9/rand_5 0.020611271
z9/rand_6 0.020717291
z9/rand_7 0.021708649
z9/rand_8 0.020736215
z9/rand_9 0.021158217
TOTAL TIME: 397.108469584 seconds
