a0/rand_0 0.050732928
a0/rand_1 0.043967702
a0/rand_2 0.043975404
a0/rand_3 0.043247663
a0/rand_4 0.043967973
a0/rand_5 0.043848089
a0/rand_6 0.043319019
a0/rand_7 0.043750758
a0/rand_8 0.043665328
a0/rand_9 0.043981744
a1/rand_0 0.050000999
a1/rand_1 0.045437351
a1/rand_2 0.044717894
a1/rand_3 0.050865778
a1/rand_4 0.044824066
a1/rand_5 0.049856982
a1/rand_6 0.043428061
a1/rand_7 0.050231651
a1/rand_8 0.043731432
a1/rand_9 0.049568364
a2/rand_0 0.044335668
a2/rand_1 0.048246382
a2/rand_2 0.044190893
a2/rand_3 0.048618933
a2/rand_4 0.043924144
a2/rand_5 0.043283795
a2/rand_6 0.048389590
a2/rand_7 0.043342865
a2/rand_8 0.048465372
a2/rand_9 0.043922557
a3/rand_0 0.048091697
a3/rand_1 0.043965968
a3/rand_2 0.048830919
a3/rand_3 0.042761986
a3/rand_4 0.048206185
a3/rand_5 0.043902537
a3/rand_6 0.048814293
a3/rand_7 0.043888933
a3/rand_8 0.042924274
a3/rand_9 0.048820417
a4/rand_0 0.043237046
a4/rand_1 0.048591598
a4/rand_2 0.043112304
a4/rand_3 0.048180287
a4/rand_4 0.042223350
a4/rand_5 0.047304215
a4/rand_6 0.042229711
a4/rand_7 0.047670924
a4/rand_8 0.042728080
a4/rand_9 0.047667213
a5/rand_0 0.042797762
a5/rand_1 0.042952326
a5/rand_2 0.048103570
a5/rand_3 0.042593443
a5/rand_4 0.047749496
a5/rand_5 0.042928850
a5/rand_6 0.047764619
a5/rand_7 0.042298865
a5/rand_8 0.047980755
a5/rand_9 0.042707523
a6/rand_0 0.047158442
a6/rand_1 0.042468664
a6/rand_2 0.046612243
a6/rand_3 0.043049912
a6/rand_4 0.042823786
a6/rand_5 0.047589429
a6/rand_6 0.042978757
a6/rand_7 0.047832507
a6/rand_8 0.041924287
a6/rand_9 0.065253623
a7/rand_0 0.043360748
a7/rand_1 0.050590855
a7/rand_2 0.058764040
a7/rand_3 0.047708238
a7/rand_4 0.043124893
a7/rand_5 0.043800131
a7/rand_6 0.044777862
a7/rand_7 0.044405653
a7/rand_8 0.044792111
a7/rand_9 0.043501209
a8/rand_0 0.043781094
a8/rand_1 0.042163793
a8/rand_2 0.043341762
a8/rand_3 0.043024547
a8/rand_4 0.043080245
a8/rand_5 0.043288352
a8/rand_6 0.045758084
a8/rand_7 0.044300314
a8/rand_8 0.043173175
a8/rand_9 0.045457724
a9/rand_0 0.045689491
a9/rand_1 0.044660619
a9/rand_2 0.046327092
a9/rand_3 0.041726525
a9/rand_4 0.040472683
a9/rand_5 0.041190142
a9/rand_6 0.044421127
a9/rand_7 0.048248353
a9/rand_8 0.043367465
a9/rand_9 0.036100975
b0/rand_0 0.036088497
b0/rand_1 0.038876232
b0/rand_2 0.039797948
b0/rand_3 0.040911471
b0/rand_4 0.040625795
b0/rand_5 0.039450539
b0/rand_6 0.039542386
b0/rand_7 0.039712452
b0/rand_8 0.040641306
b0/rand_9 0.042842583
b1/rand_0 0.043200119
b1/rand_1 0.043631917
b1/rand_2 0.042755960
b1/rand_3 0.042970146
b1/rand_4 0.043775465
b1/rand_5 0.043069698
b1/rand_6 0.042643264
b1/rand_7 0.043524675
b1/rand_8 0.043269053
b1/rand_9 0.042743905
b2/rand_0 0.042556969
b2/rand_1 0.041420181
b2/rand_2 0.037169462
b2/rand_3 0.035384444
b2/rand_4 0.037043763
b2/rand_5 0.036583132
b2/rand_6 0.035583196
b2/rand_7 0.037192328
b2/rand_8 0.038865272
b2/rand_9 0.039324925
b3/rand_0 0.042556748
b3/rand_1 0.043289235
b3/rand_2 0.043436522
b3/rand_3 0.043271255
b3/rand_4 0.043227680
b3/rand_5 0.043315321
b3/rand_6 0.043425678
b3/rand_7 0.043578231
b3/rand_8 0.043347343
b3/rand_9 0.043296781
b4/rand_0 0.043444631
b4/rand_1 0.043751007
b4/rand_2 0.045793890
b4/rand_3 0.047914360
b4/rand_4 0.042595089
b4/rand_5 0.047859276
b4/rand_6 0.042672492
b4/rand_7 0.047851745
b4/rand_8 0.042891421
b4/rand_9 0.042885701
b5/rand_0 0.047085945
b5/rand_1 0.042723507
b5/rand_2 0.047629639
b5/rand_3 0.042557234
b5/rand_4 0.047684153
b5/rand_5 0.042831972
b5/rand_6 0.047117982
b5/rand_7 0.042721072
b5/rand_8 0.047353386
b5/rand_9 0.042431366
b6/rand_0 0.047779666
b6/rand_1 0.042479694
b6/rand_2 0.042719986
b6/rand_3 0.047639295
b6/rand_4 0.042590316
b6/rand_5 0.047005054
b6/rand_6 0.042298012
b6/rand_7 0.047263433
b6/rand_8 0.042470030
b6/rand_9 0.047670539
b7/rand_0 0.042940716
b7/rand_1 0.047526427
b7/rand_2 0.042698386
b7/rand_3 0.042825426
b7/rand_4 0.033678312
b7/rand_5 0.033946584
b7/rand_6 0.034332637
b7/rand_7 0.033835916
b7/rand_8 0.034452280
b7/rand_9 0.033783366
b8/rand_0 0.034541949
b8/rand_1 0.033900984
b8/rand_2 0.036211093
b8/rand_3 0.035299067
b8/rand_4 0.037619155
b8/rand_5 0.041165585
b8/rand_6 0.037608813
b8/rand_7 0.072755796
b8/rand_8 0.044293986
b8/rand_9 0.055723716
b9/rand_0 0.052133550
b9/rand_1 0.058477881
b9/rand_2 0.040609305
b9/rand_3 0.045826506
b9/rand_4 0.049894480
b9/rand_5 0.045800058
b9/rand_6 0.045749924
b9/rand_7 0.048828469
b9/rand_8 0.046342670
b9/rand_9 0.044040128
c0/rand_0 0.043745990
c0/rand_1 0.050018397
c0/rand_2 0.048491461
c0/rand_3 0.039949655
c0/rand_4 0.039409516
c0/rand_5 0.039222718
c0/rand_6 0.035354560
c0/rand_7 0.038109892
c0/rand_8 0.039453324
c0/rand_9 0.041510582
c1/rand_0 0.043347111
c1/rand_1 0.042094633
c1/rand_2 0.035661815
c1/rand_3 0.036679959
c1/rand_4 0.040312165
c1/rand_5 0.037065012
c1/rand_6 0.036603261
c1/rand_7 0.033891482
c1/rand_8 0.034692782
c1/rand_9 0.037701263
c2/rand_0 0.035726456
c2/rand_1 0.034308624
c2/rand_2 0.034027323
c2/rand_3 0.036347493
c2/rand_4 0.033875235
c2/rand_5 0.035199707
c2/rand_6 0.034662185
c2/rand_7 0.035171700
c2/rand_8 0.037254604
c2/rand_9 0.035115592
c3/rand_0 0.033940990
c3/rand_1 0.035554087
c3/rand_2 0.034020748
c3/rand_3 0.036085178
c3/rand_4 0.034457310
c3/rand_5 0.033283457
c3/rand_6 0.038460368
c3/rand_7 0.035390173
c3/rand_8 0.033553259
c3/rand_9 0.035633418
c4/rand_0 0.038442411
c4/rand_1 0.034982353
c4/rand_2 0.040250622
c4/rand_3 0.035789494
c4/rand_4 0.034223211
c4/rand_5 0.033793433
c4/rand_6 0.036103260
c4/rand_7 0.037357259
c4/rand_8 0.034160179
c4/rand_9 0.034688357
c5/rand_0 0.033572177
c5/rand_1 0.036207188
c5/rand_2 0.033833322
c5/rand_3 0.035193102
c5/rand_4 0.034561465
c5/rand_5 0.034255401
c5/rand_6 0.033523864
c5/rand_7 0.034974881
c5/rand_8 0.034117832
c5/rand_9 0.035179426
c6/rand_0 0.034284836
c6/rand_1 0.033400618
c6/rand_2 0.033895737
c6/rand_3 0.034760311
c6/rand_4 0.034515738
c6/rand_5 0.033592608
c6/rand_6 0.035000967
c6/rand_7 0.035312833
c6/rand_8 0.035457765
c6/rand_9 0.035777325
c7/rand_0 0.033813477
c7/rand_1 0.034220689
c7/rand_2 0.035489572
c7/rand_3 0.034987713
c7/rand_4 0.037657925
c7/rand_5 0.039501960
c7/rand_6 0.038168936
c7/rand_7 0.038181105
c7/rand_8 0.034779341
c7/rand_9 0.036136280
c8/rand_0 0.035033328
c8/rand_1 0.034512758
c8/rand_2 0.035330015
c8/rand_3 0.035212187
c8/rand_4 0.034301657
c8/rand_5 0.035072230
c8/rand_6 0.034714955
c8/rand_7 0.034392450
c8/rand_8 0.033714005
c8/rand_9 0.034992213
c9/rand_0 0.034412583
c9/rand_1 0.034685929
c9/rand_2 0.033410591
c9/rand_3 0.033145335
c9/rand_4 0.033482371
c9/rand_5 0.033733520
c9/rand_6 0.033466187
c9/rand_7 0.034954780
c9/rand_8 0.034446083
c9/rand_9 0.036038320
d0/rand_0 0.035071726
d0/rand_1 0.037843149
d0/rand_2 0.034146902
d0/rand_3 0.035050093
d0/rand_4 0.034684165
d0/rand_5 0.033716365
d0/rand_6 0.033982739
d0/rand_7 0.034410758
d0/rand_8 0.033935152
d0/rand_9 0.034945053
d1/rand_0 0.033485568
d1/rand_1 0.033500672
d1/rand_2 0.033791020
d1/rand_3 0.033525101
d1/rand_4 0.035874339
d1/rand_5 0.043354750
d1/rand_6 0.042323698
d1/rand_7 0.047237102
d1/rand_8 0.042440564
d1/rand_9 0.042552812
d2/rand_0 0.047120643
d2/rand_1 0.042274862
d2/rand_2 0.047035652
d2/rand_3 0.048845333
d2/rand_4 0.057982626
d2/rand_5 0.055326898
d2/rand_6 0.053460851
d2/rand_7 0.043746332
d2/rand_8 0.057076003
d2/rand_9 0.044907114
d3/rand_0 0.057370608
d3/rand_1 0.051146634
d3/rand_2 0.048983822
d3/rand_3 0.051651152
d3/rand_4 0.046328153
d3/rand_5 0.053252187
d3/rand_6 0.049154155
d3/rand_7 0.051629660
d3/rand_8 0.042713213
d3/rand_9 0.055305832
d4/rand_0 0.055409947
d4/rand_1 0.052800834
d4/rand_2 0.048849395
d4/rand_3 0.053875112
d4/rand_4 0.050447833
d4/rand_5 0.052121510
d4/rand_6 0.048713948
d4/rand_7 0.042627167
d4/rand_8 0.047524960
d4/rand_9 0.042549681
d5/rand_0 0.047449830
d5/rand_1 0.042389878
d5/rand_2 0.047711839
d5/rand_3 0.042427570
d5/rand_4 0.047674351
d5/rand_5 0.042488657
d5/rand_6 0.047360297
d5/rand_7 0.042792024
d5/rand_8 0.042345853
d5/rand_9 0.047804448
d6/rand_0 0.042695349
d6/rand_1 0.047086189
d6/rand_2 0.042792851
d6/rand_3 0.047504063
d6/rand_4 0.042514350
d6/rand_5 0.047846945
d6/rand_6 0.042563715
d6/rand_7 0.047353256
d6/rand_8 0.042705483
d6/rand_9 0.047542944
d7/rand_0 0.042603829
d7/rand_1 0.042626607
d7/rand_2 0.047122281
d7/rand_3 0.042628687
d7/rand_4 0.047566235
d7/rand_5 0.042283867
d7/rand_6 0.047547011
d7/rand_7 0.042723782
d7/rand_8 0.047243380
d7/rand_9 0.042476143
d8/rand_0 0.047193964
d8/rand_1 0.042477577
d8/rand_2 0.047491069
d8/rand_3 0.042381466
d8/rand_4 0.042632834
d8/rand_5 0.047310159
d8/rand_6 0.042284749
d8/rand_7 0.046935841
d8/rand_8 0.042587798
d8/rand_9 0.046926510
d9/rand_0 0.042771026
d9/rand_1 0.047104798
d9/rand_2 0.042451949
d9/rand_3 0.047332352
d9/rand_4 0.050657390
d9/rand_5 0.124026406
d9/rand_6 0.043970476
d9/rand_7 0.048008670
d9/rand_8 0.037832367
d9/rand_9 0.047639129
e0/rand_0 0.047812324
e0/rand_1 0.042397382
e0/rand_2 0.040533761
e0/rand_3 0.042508050
e0/rand_4 0.053659531
e0/rand_5 0.045213429
e0/rand_6 0.040908476
e0/rand_7 0.037948202
e0/rand_8 0.038460057
e0/rand_9 0.039876224
e1/rand_0 0.039024553
e1/rand_1 0.033672221
e1/rand_2 0.033118237
e1/rand_3 0.033857800
e1/rand_4 0.036695939
e1/rand_5 0.034165724
e1/rand_6 0.033199611
e1/rand_7 0.033802714
e1/rand_8 0.034222802
e1/rand_9 0.033464075
e2/rand_0 0.033587535
e2/rand_1 0.034185871
e2/rand_2 0.034923575
e2/rand_3 0.033198260
e2/rand_4 0.034181268
e2/rand_5 0.034418404
e2/rand_6 0.033925522
e2/rand_7 0.033562998
e2/rand_8 0.033880379
e2/rand_9 0.033297699
e3/rand_0 0.033681029
e3/rand_1 0.033157073
e3/rand_2 0.033755736
e3/rand_3 0.034178429
e3/rand_4 0.033889264
e3/rand_5 0.033199862
e3/rand_6 0.039567685
e3/rand_7 0.038700054
e3/rand_8 0.037310659
e3/rand_9 0.039005416
e4/rand_0 0.036137669
e4/rand_1 0.037182990
e4/rand_2 0.055473779
e4/rand_3 0.056852444
e4/rand_4 0.055628910
e4/rand_5 0.060286627
e4/rand_6 0.059321282
e4/rand_7 0.059285049
e4/rand_8 0.051861654
e4/rand_9 0.050918951
e5/rand_0 0.058340107
e5/rand_1 0.051351938
e5/rand_2 0.035279704
e5/rand_3 0.035857845
e5/rand_4 0.035884679
e5/rand_5 0.033384558
e5/rand_6 0.034273730
e5/rand_7 0.034774631
e5/rand_8 0.033646053
e5/rand_9 0.033037077
e6/rand_0 0.034117062
e6/rand_1 0.033767148
e6/rand_2 0.035285995
e6/rand_3 0.033298607
e6/rand_4 0.036469989
e6/rand_5 0.035506649
e6/rand_6 0.034514570
e6/rand_7 0.033890566
e6/rand_8 0.033283705
e6/rand_9 0.033260737
e7/rand_0 0.034014620
e7/rand_1 0.033424500
e7/rand_2 0.033182829
e7/rand_3 0.033181979
e7/rand_4 0.032959236
e7/rand_5 0.033730469
e7/rand_6 0.033680105
e7/rand_7 0.033588783
e7/rand_8 0.033779712
e7/rand_9 0.033154786
e8/rand_0 0.033570180
e8/rand_1 0.034726923
e8/rand_2 0.033943017
e8/rand_3 0.033552199
e8/rand_4 0.033709023
e8/rand_5 0.034778941
e8/rand_6 0.034317388
e8/rand_7 0.033071985
e8/rand_8 0.033279962
e8/rand_9 0.033504584
e9/rand_0 0.033477463
e9/rand_1 0.034516110
e9/rand_2 0.033230192
e9/rand_3 0.033534693
e9/rand_4 0.033650422
e9/rand_5 0.033717982
e9/rand_6 0.033909792
e9/rand_7 0.033309243
e9/rand_8 0.033793367
e9/rand_9 0.033893075
f0/rand_0 0.034293548
f0/rand_1 0.034273117
f0/rand_2 0.034073326
f0/rand_3 0.034009201
f0/rand_4 0.035403084
f0/rand_5 0.034311816
f0/rand_6 0.033040022
f0/rand_7 0.033844715
f0/rand_8 0.033202797
f0/rand_9 0.033197750
f1/rand_0 0.033780614
f1/rand_1 0.033881235
f1/rand_2 0.034588339
f1/rand_3 0.033918335
f1/rand_4 0.033763141
f1/rand_5 0.034504834
f1/rand_6 0.034090093
f1/rand_7 0.034103856
f1/rand_8 0.034001914
f1/rand_9 0.033947850
f2/rand_0 0.033198004
f2/rand_1 0.034191788
f2/rand_2 0.034181630
f2/rand_3 0.033658656
f2/rand_4 0.033396469
f2/rand_5 0.042888348
f2/rand_6 0.043100825
f2/rand_7 0.043632675
f2/rand_8 0.046851077
f2/rand_9 0.038338128
f3/rand_0 0.049109667
f3/rand_1 0.050674399
f3/rand_2 0.043994230
f3/rand_3 0.033268454
f3/rand_4 0.033211368
f3/rand_5 0.034674442
f3/rand_6 0.034753002
f3/rand_7 0.033338319
f3/rand_8 0.033767353
f3/rand_9 0.034389782
f4/rand_0 0.033877882
f4/rand_1 0.033725195
f4/rand_2 0.034418133
f4/rand_3 0.033809607
f4/rand_4 0.033416829
f4/rand_5 0.033444153
f4/rand_6 0.042753951
f4/rand_7 0.047477882
f4/rand_8 0.043986424
f4/rand_9 0.034598709
f5/rand_0 0.033827724
f5/rand_1 0.034102619
f5/rand_2 0.034794439
f5/rand_3 0.033878032
f5/rand_4 0.033333816
f5/rand_5 0.033225910
f5/rand_6 0.034113286
f5/rand_7 0.034094105
f5/rand_8 0.034425793
f5/rand_9 0.034353007
f6/rand_0 0.033421887
f6/rand_1 0.033510456
f6/rand_2 0.043964491
f6/rand_3 0.046547810
f6/rand_4 0.042406864
f6/rand_5 0.047344785
f6/rand_6 0.038905002
f6/rand_7 0.046804669
f6/rand_8 0.034193533
f6/rand_9 0.033804459
f7/rand_0 0.033462365
f7/rand_1 0.037510396
f7/rand_2 0.037335139
f7/rand_3 0.038381708
f7/rand_4 0.035384455
f7/rand_5 0.035007966
f7/rand_6 0.040199079
f7/rand_7 0.038765588
f7/rand_8 0.034955397
f7/rand_9 0.040236208
f8/rand_0 0.044540727
f8/rand_1 0.050524991
f8/rand_2 0.050275480
f8/rand_3 0.045080319
f8/rand_4 0.044397269
f8/rand_5 0.045943487
f8/rand_6 0.049764347
f8/rand_7 0.050658298
f8/rand_8 0.046013733
f8/rand_9 0.050938381
f9/rand_0 0.046721056
f9/rand_1 0.047025475
f9/rand_2 0.033714876
f9/rand_3 0.033795789
f9/rand_4 0.033788156
f9/rand_5 0.033178001
f9/rand_6 0.033832932
f9/rand_7 0.039207727
f9/rand_8 0.041061296
f9/rand_9 0.046268066
g0/rand_0 0.043370121
g0/rand_1 0.041937816
g0/rand_2 0.046721928
g0/rand_3 0.043281148
g0/rand_4 0.046977226
g0/rand_5 0.038409693
g0/rand_6 0.047563329
g0/rand_7 0.044549168
g0/rand_8 0.042697585
g0/rand_9 0.038398907
g1/rand_0 0.047680208
g1/rand_1 0.043304210
g1/rand_2 0.048285418
g1/rand_3 0.043237252
g1/rand_4 0.039865758
g1/rand_5 0.048507668
g1/rand_6 0.033793846
g1/rand_7 0.034292517
g1/rand_8 0.033471389
g1/rand_9 0.033405342
g2/rand_0 0.033420017
g2/rand_1 0.033301410
g2/rand_2 0.034135374
g2/rand_3 0.033907067
g2/rand_4 0.033485446
g2/rand_5 0.033415324
g2/rand_6 0.037031266
g2/rand_7 0.038683167
g2/rand_8 0.036389209
g2/rand_9 0.046788071
g3/rand_0 0.042834235
g3/rand_1 0.046922417
g3/rand_2 0.047263986
g3/rand_3 0.042196932
g3/rand_4 0.042697193
g3/rand_5 0.044902333
g3/rand_6 0.033839892
g3/rand_7 0.034369500
g3/rand_8 0.033657636
g3/rand_9 0.033487571
g4/rand_0 0.033250814
g4/rand_1 0.034240449
g4/rand_2 0.033967028
g4/rand_3 0.035001044
g4/rand_4 0.034227056
g4/rand_5 0.033286952
g4/rand_6 0.034358591
g4/rand_7 0.033993666
g4/rand_8 0.042710285
g4/rand_9 0.044795387
g5/rand_0 0.042903178
g5/rand_1 0.042710418
g5/rand_2 0.042382373
g5/rand_3 0.047438992
g5/rand_4 0.043113082
g5/rand_5 0.047882651
g5/rand_6 0.042279034
g5/rand_7 0.046705501
g5/rand_8 0.042007225
g5/rand_9 0.046667075
g6/rand_0 0.041827572
g6/rand_1 0.033052283
g6/rand_2 0.033098433
g6/rand_3 0.033052223
g6/rand_4 0.033084584
g6/rand_5 0.033266653
g6/rand_6 0.033178235
g6/rand_7 0.033094787
g6/rand_8 0.033051907
g6/rand_9 0.033134282
g7/rand_0 0.033230928
g7/rand_1 0.033048409
g7/rand_2 0.033127484
g7/rand_3 0.037702103
g7/rand_4 0.046621892
g7/rand_5 0.041914829
g7/rand_6 0.046580243
g7/rand_7 0.042155030
g7/rand_8 0.046813631
g7/rand_9 0.042093460
g8/rand_0 0.046675296
g8/rand_1 0.041953740
g8/rand_2 0.046821695
g8/rand_3 0.041864759
g8/rand_4 0.042072206
g8/rand_5 0.046727341
g8/rand_6 0.041935462
g8/rand_7 0.046871717
g8/rand_8 0.041833100
g8/rand_9 0.046565082
g9/rand_0 0.042134566
g9/rand_1 0.046797100
g9/rand_2 0.042206283
g9/rand_3 0.046561126
g9/rand_4 0.046847662
g9/rand_5 0.079122930
g9/rand_6 0.051706847
g9/rand_7 0.051598302
g9/rand_8 0.052192247
g9/rand_9 0.043265289
h0/rand_0 0.047112005
h0/rand_1 0.042131425
h0/rand_2 0.047099016
h0/rand_3 0.042402006
h0/rand_4 0.047194922
h0/rand_5 0.041122847
h0/rand_6 0.046696516
h0/rand_7 0.042033071
h0/rand_8 0.046847420
h0/rand_9 0.041999205
h1/rand_0 0.042051142
h1/rand_1 0.058600519
h1/rand_2 0.058467723
h1/rand_3 0.059462555
h1/rand_4 0.057636604
h1/rand_5 0.054461569
h1/rand_6 0.044345500
h1/rand_7 0.048064444
h1/rand_8 0.045550613
h1/rand_9 0.042501042
h2/rand_0 0.038548801
h2/rand_1 0.042098039
h2/rand_2 0.048874513
h2/rand_3 0.035115956
h2/rand_4 0.033052874
h2/rand_5 0.033548947
h2/rand_6 0.033443799
h2/rand_7 0.033057789
h2/rand_8 0.033775242
h2/rand_9 0.033207848
h3/rand_0 0.035343656
h3/rand_1 0.034462125
h3/rand_2 0.033162324
h3/rand_3 0.034851065
h3/rand_4 0.034933916
h3/rand_5 0.034154775
h3/rand_6 0.033640931
h3/rand_7 0.034114012
h3/rand_8 0.034730988
h3/rand_9 0.034711208
h4/rand_0 0.033777242
h4/rand_1 0.033770393
h4/rand_2 0.033611635
h4/rand_3 0.033718500
h4/rand_4 0.033596194
h4/rand_5 0.033898819
h4/rand_6 0.033282712
h4/rand_7 0.033901340
h4/rand_8 0.033682194
h4/rand_9 0.043188085
h5/rand_0 0.041846474
h5/rand_1 0.049394582
h5/rand_2 0.041233532
h5/rand_3 0.041712736
h5/rand_4 0.044495327
h5/rand_5 0.040700578
h5/rand_6 0.039633965
h5/rand_7 0.037774552
h5/rand_8 0.035101986
h5/rand_9 0.034221814
h6/rand_0 0.033686976
h6/rand_1 0.035077591
h6/rand_2 0.033399998
h6/rand_3 0.033121911
h6/rand_4 0.033188401
h6/rand_5 0.039072043
h6/rand_6 0.042290780
h6/rand_7 0.041882429
h6/rand_8 0.038222387
h6/rand_9 0.038624486
h7/rand_0 0.038725522
h7/rand_1 0.037304255
h7/rand_2 0.037044942
h7/rand_3 0.033157893
h7/rand_4 0.033225239
h7/rand_5 0.033232772
h7/rand_6 0.033387136
h7/rand_7 0.034457228
h7/rand_8 0.036958866
h7/rand_9 0.036771291
h8/rand_0 0.033581739
h8/rand_1 0.033090582
h8/rand_2 0.033240412
h8/rand_3 0.034488673
h8/rand_4 0.033219952
h8/rand_5 0.033599000
h8/rand_6 0.033233581
h8/rand_7 0.033613765
h8/rand_8 0.033420302
h8/rand_9 0.034191925
h9/rand_0 0.033230472
h9/rand_1 0.033220766
h9/rand_2 0.033410751
h9/rand_3 0.033282415
h9/rand_4 0.034052447
h9/rand_5 0.033405349
h9/rand_6 0.033590421
h9/rand_7 0.033252094
h9/rand_8 0.033172986
h9/rand_9 0.033081955
i0/rand_0 0.033794087
i0/rand_1 0.033187321
i0/rand_2 0.034325382
i0/rand_3 0.033690281
i0/rand_4 0.033533323
i0/rand_5 0.033121717
i0/rand_6 0.033497409
i0/rand_7 0.033209108
i0/rand_8 0.033017045
i0/rand_9 0.034501982
i1/rand_0 0.034338380
i1/rand_1 0.033458750
i1/rand_2 0.033090707
i1/rand_3 0.033704340
i1/rand_4 0.033504287
i1/rand_5 0.034467605
i1/rand_6 0.033805380
i1/rand_7 0.033663483
i1/rand_8 0.033243352
i1/rand_9 0.033190406
i2/rand_0 0.034170357
i2/rand_1 0.033293055
i2/rand_2 0.033243197
i2/rand_3 0.034218187
i2/rand_4 0.042377799
i2/rand_5 0.042292289
i2/rand_6 0.042569619
i2/rand_7 0.040955001
i2/rand_8 0.041080957
i2/rand_9 0.038403586
i3/rand_0 0.039494723
i3/rand_1 0.041359408
i3/rand_2 0.034879835
i3/rand_3 0.034798368
i3/rand_4 0.035578410
i3/rand_5 0.034755985
i3/rand_6 0.037225020
i3/rand_7 0.033495441
i3/rand_8 0.033763602
i3/rand_9 0.033229281
i4/rand_0 0.034519303
i4/rand_1 0.039463639
i4/rand_2 0.036499720
i4/rand_3 0.036329240
i4/rand_4 0.034458160
i4/rand_5 0.035057768
i4/rand_6 0.034560735
i4/rand_7 0.035130052
i4/rand_8 0.035969694
i4/rand_9 0.034505778
i5/rand_0 0.035768966
i5/rand_1 0.034199692
i5/rand_2 0.034071371
i5/rand_3 0.035031629
i5/rand_4 0.036240590
i5/rand_5 0.034353494
i5/rand_6 0.034450916
i5/rand_7 0.033386224
i5/rand_8 0.036352533
i5/rand_9 0.035047432
i6/rand_0 0.038577158
i6/rand_1 0.034536480
i6/rand_2 0.035155474
i6/rand_3 0.036558881
i6/rand_4 0.034189922
i6/rand_5 0.038082952
i6/rand_6 0.034522044
i6/rand_7 0.036156568
i6/rand_8 0.035668087
i6/rand_9 0.036728525
i7/rand_0 0.034500714
i7/rand_1 0.034716741
i7/rand_2 0.036145826
i7/rand_3 0.035532236
i7/rand_4 0.033932006
i7/rand_5 0.035332169
i7/rand_6 0.035891371
i7/rand_7 0.034751188
i7/rand_8 0.035290551
i7/rand_9 0.035156323
i8/rand_0 0.033505959
i8/rand_1 0.034735696
i8/rand_2 0.033726734
i8/rand_3 0.036496343
i8/rand_4 0.035154427
i8/rand_5 0.035725056
i8/rand_6 0.033772607
i8/rand_7 0.033585788
i8/rand_8 0.034537933
i8/rand_9 0.035781985
i9/rand_0 0.034625654
i9/rand_1 0.034712218
i9/rand_2 0.034064157
i9/rand_3 0.033097282
i9/rand_4 0.033311102
i9/rand_5 0.033467022
i9/rand_6 0.033011574
i9/rand_7 0.033222374
i9/rand_8 0.033091491
i9/rand_9 0.033170117
j0/rand_0 0.033555835
j0/rand_1 0.033263344
j0/rand_2 0.034110364
j0/rand_3 0.033594239
j0/rand_4 0.033213732
j0/rand_5 0.035226177
j0/rand_6 0.035022122
j0/rand_7 0.033352878
j0/rand_8 0.033250734
j0/rand_9 0.033321323
j1/rand_0 0.033351459
j1/rand_1 0.034517732
j1/rand_2 0.033390998
j1/rand_3 0.033255620
j1/rand_4 0.033642981
j1/rand_5 0.034411658
j1/rand_6 0.033324991
j1/rand_7 0.033284907
j1/rand_8 0.034098975
j1/rand_9 0.033444798
j2/rand_0 0.033270884
j2/rand_1 0.035264871
j2/rand_2 0.033240166
j2/rand_3 0.033606033
j2/rand_4 0.034081351
j2/rand_5 0.032919981
j2/rand_6 0.033790589
j2/rand_7 0.034213615
j2/rand_8 0.033173648
j2/rand_9 0.034895868
j3/rand_0 0.034121597
j3/rand_1 0.033920434
j3/rand_2 0.033589284
j3/rand_3 0.034021041
j3/rand_4 0.033725365
j3/rand_5 0.033893574
j3/rand_6 0.033085668
j3/rand_7 0.033959003
j3/rand_8 0.033104079
j3/rand_9 0.033579032
j4/rand_0 0.033269768
j4/rand_1 0.034187531
j4/rand_2 0.033357856
j4/rand_3 0.034081172
j4/rand_4 0.033567399
j4/rand_5 0.033803046
j4/rand_6 0.033313118
j4/rand_7 0.034158307
j4/rand_8 0.034248000
j4/rand_9 0.034192121
j5/rand_0 0.034310720
j5/rand_1 0.034246135
j5/rand_2 0.034379700
j5/rand_3 0.034640203
j5/rand_4 0.033030563
j5/rand_5 0.033162995
j5/rand_6 0.033319767
j5/rand_7 0.033199755
j5/rand_8 0.033416795
j5/rand_9 0.033385889
j6/rand_0 0.033356854
j6/rand_1 0.033619009
j6/rand_2 0.033463965
j6/rand_3 0.033364487
j6/rand_4 0.034320295
j6/rand_5 0.034148045
j6/rand_6 0.034380167
j6/rand_7 0.036931067
j6/rand_8 0.035817839
j6/rand_9 0.041262928
j7/rand_0 0.036866666
j7/rand_1 0.035298998
j7/rand_2 0.035017023
j7/rand_3 0.037279877
j7/rand_4 0.034187763
j7/rand_5 0.044060954
j7/rand_6 0.048109870
j7/rand_7 0.043218284
j7/rand_8 0.045394639
j7/rand_9 0.035965225
j8/rand_0 0.035066615
j8/rand_1 0.033765510
j8/rand_2 0.033629726
j8/rand_3 0.035836210
j8/rand_4 0.037050720
j8/rand_5 0.034621386
j8/rand_6 0.034022454
j8/rand_7 0.035407445
j8/rand_8 0.035111342
j8/rand_9 0.035052211
j9/rand_0 0.033501037
j9/rand_1 0.042274985
j9/rand_2 0.043435652
j9/rand_3 0.046932355
j9/rand_4 0.042728914
j9/rand_5 0.038124601
j9/rand_6 0.043158310
j9/rand_7 0.043104696
j9/rand_8 0.047545714
j9/rand_9 0.043250542
k0/rand_0 0.042986105
k0/rand_1 0.046905244
k0/rand_2 0.042760851
k0/rand_3 0.046440611
k0/rand_4 0.033069064
k0/rand_5 0.033350454
k0/rand_6 0.033242041
k0/rand_7 0.033877504
k0/rand_8 0.033653523
k0/rand_9 0.034084464
k1/rand_0 0.033517206
k1/rand_1 0.033389949
k1/rand_2 0.033985380
k1/rand_3 0.033333723
k1/rand_4 0.034013613
k1/rand_5 0.047590836
k1/rand_6 0.043814439
k1/rand_7 0.043333423
k1/rand_8 0.043234896
k1/rand_9 0.042528726
k2/rand_0 0.047207724
k2/rand_1 0.043228046
k2/rand_2 0.040129222
k2/rand_3 0.047059325
k2/rand_4 0.042540384
k2/rand_5 0.034235197
k2/rand_6 0.034078102
k2/rand_7 0.033774589
k2/rand_8 0.033800998
k2/rand_9 0.033402189
k3/rand_0 0.033585733
k3/rand_1 0.034123928
k3/rand_2 0.034090006
k3/rand_3 0.033582062
k3/rand_4 0.034231451
k3/rand_5 0.033565635
k3/rand_6 0.034067975
k3/rand_7 0.034058716
k3/rand_8 0.039020862
k3/rand_9 0.044217775
k4/rand_0 0.038233816
k4/rand_1 0.048194827
k4/rand_2 0.043090491
k4/rand_3 0.038384419
k4/rand_4 0.035170696
k4/rand_5 0.034203357
k4/rand_6 0.033468806
k4/rand_7 0.033782192
k4/rand_8 0.034262335
k4/rand_9 0.033710931
k5/rand_0 0.034647124
k5/rand_1 0.033753234
k5/rand_2 0.033388663
k5/rand_3 0.033325900
k5/rand_4 0.033498857
k5/rand_5 0.033174422
k5/rand_6 0.033366713
k5/rand_7 0.047745593
k5/rand_8 0.042570934
k5/rand_9 0.042206718
k6/rand_0 0.043261290
k6/rand_1 0.044755148
k6/rand_2 0.047659150
k6/rand_3 0.042342955
k6/rand_4 0.043190746
k6/rand_5 0.042834395
k6/rand_6 0.047337168
k6/rand_7 0.043738238
k6/rand_8 0.042244090
k6/rand_9 0.033060122
k7/rand_0 0.033058969
k7/rand_1 0.033225064
k7/rand_2 0.033104288
k7/rand_3 0.033027263
k7/rand_4 0.033140757
k7/rand_5 0.033074468
k7/rand_6 0.033102757
k7/rand_7 0.033067169
k7/rand_8 0.033235665
k7/rand_9 0.033090742
k8/rand_0 0.033051056
k8/rand_1 0.033156111
k8/rand_2 0.046734505
k8/rand_3 0.042081175
k8/rand_4 0.046535877
k8/rand_5 0.041944434
k8/rand_6 0.046481313
k8/rand_7 0.042022551
k8/rand_8 0.046637167
k8/rand_9 0.041884145
k9/rand_0 0.046622819
k9/rand_1 0.041924456
k9/rand_2 0.046557324
k9/rand_3 0.041855932
k9/rand_4 0.041949414
k9/rand_5 0.046422333
k9/rand_6 0.041835088
k9/rand_7 0.052059493
k9/rand_8 0.046082225
k9/rand_9 0.050263539
l0/rand_0 0.045035735
l0/rand_1 0.049945152
l0/rand_2 0.045177958
l0/rand_3 0.051390789
l0/rand_4 0.052037323
l0/rand_5 0.048554063
l0/rand_6 0.046903327
l0/rand_7 0.048246728
l0/rand_8 0.050144196
l0/rand_9 0.044458679
l1/rand_0 0.049451979
l1/rand_1 0.045853850
l1/rand_2 0.046856517
l1/rand_3 0.041853965
l1/rand_4 0.047019407
l1/rand_5 0.042081684
l1/rand_6 0.046631266
l1/rand_7 0.042070677
l1/rand_8 0.046447126
l1/rand_9 0.041968629
l2/rand_0 0.041964406
l2/rand_1 0.046806097
l2/rand_2 0.041842712
l2/rand_3 0.046731380
l2/rand_4 0.041962195
l2/rand_5 0.046582257
l2/rand_6 0.041970438
l2/rand_7 0.046678252
l2/rand_8 0.041957320
l2/rand_9 0.046424811
l3/rand_0 0.305523962
l3/rand_1 0.039435727
l3/rand_2 0.047607660
l3/rand_3 0.034077015
l3/rand_4 0.032975683
l3/rand_5 0.033107655
l3/rand_6 0.043448364
l3/rand_7 0.041754414
l3/rand_8 0.042954793
l3/rand_9 0.041748562
l4/rand_0 0.039431621
l4/rand_1 0.033461375
l4/rand_2 0.033055518
l4/rand_3 0.033199711
l4/rand_4 0.034331632
l4/rand_5 0.034480400
l4/rand_6 0.039206364
l4/rand_7 0.041365212
l4/rand_8 0.040914069
l4/rand_9 0.040865735
l5/rand_0 0.042341246
l5/rand_1 0.040673871
l5/rand_2 0.041611437
l5/rand_3 0.041744793
l5/rand_4 0.038197327
l5/rand_5 0.033375158
l5/rand_6 0.033681208
l5/rand_7 0.033208837
l5/rand_8 0.033970914
l5/rand_9 0.033724645
l6/rand_0 0.033796817
l6/rand_1 0.033429625
l6/rand_2 0.033014198
l6/rand_3 0.033745482
l6/rand_4 0.033626783
l6/rand_5 0.033898588
l6/rand_6 0.033415484
l6/rand_7 0.033235845
l6/rand_8 0.033204909
l6/rand_9 0.033929757
l7/rand_0 0.033238684
l7/rand_1 0.033323364
l7/rand_2 0.033361596
l7/rand_3 0.033098897
l7/rand_4 0.035893611
l7/rand_5 0.034179929
l7/rand_6 0.033158251
l7/rand_7 0.033802723
l7/rand_8 0.033017195
l7/rand_9 0.033435360
l8/rand_0 0.033338996
l8/rand_1 0.033219010
l8/rand_2 0.033176595
l8/rand_3 0.033647125
l8/rand_4 0.034066763
l8/rand_5 0.033845255
l8/rand_6 0.033750629
l8/rand_7 0.033985761
l8/rand_8 0.033955199
l8/rand_9 0.033109364
l9/rand_0 0.034909888
l9/rand_1 0.035469965
l9/rand_2 0.033582927
l9/rand_3 0.033188744
l9/rand_4 0.032924807
l9/rand_5 0.033488637
l9/rand_6 0.034390199
l9/rand_7 0.033865699
l9/rand_8 0.034598410
l9/rand_9 0.033547851
m0/rand_0 0.034087156
m0/rand_1 0.033223666
m0/rand_2 0.033046715
m0/rand_3 0.034479456
m0/rand_4 0.033273918
m0/rand_5 0.033492397
m0/rand_6 0.033194451
m0/rand_7 0.033304855
m0/rand_8 0.033260832
m0/rand_9 0.036930705
m1/rand_0 0.037547526
m1/rand_1 0.039557370
m1/rand_2 0.055829999
m1/rand_3 0.044025130
m1/rand_4 0.045598837
m1/rand_5 0.045312606
m1/rand_6 0.043805871
m1/rand_7 0.036010942
m1/rand_8 0.033795289
m1/rand_9 0.035237149
m2/rand_0 0.034877675
m2/rand_1 0.033690639
m2/rand_2 0.033131895
m2/rand_3 0.034067743
m2/rand_4 0.033993568
m2/rand_5 0.035223354
m2/rand_6 0.034320711
m2/rand_7 0.033329770
m2/rand_8 0.035197876
m2/rand_9 0.035248636
m3/rand_0 0.039255096
m3/rand_1 0.038344197
m3/rand_2 0.034305931
m3/rand_3 0.033178032
m3/rand_4 0.035965062
m3/rand_5 0.033420796
m3/rand_6 0.034276903
m3/rand_7 0.033585933
m3/rand_8 0.033409286
m3/rand_9 0.034876071
m4/rand_0 0.033890195
m4/rand_1 0.033272574
m4/rand_2 0.032841526
m4/rand_3 0.033784520
m4/rand_4 0.034293135
m4/rand_5 0.035161286
m4/rand_6 0.035399900
m4/rand_7 0.033981175
m4/rand_8 0.035990933
m4/rand_9 0.033440055
m5/rand_0 0.033508523
m5/rand_1 0.033939207
m5/rand_2 0.033882866
m5/rand_3 0.035461606
m5/rand_4 0.038273420
m5/rand_5 0.040882391
m5/rand_6 0.036929094
m5/rand_7 0.039037335
m5/rand_8 0.037564716
m5/rand_9 0.034900936
m6/rand_0 0.034351097
m6/rand_1 0.034937298
m6/rand_2 0.033348387
m6/rand_3 0.034361741
m6/rand_4 0.035945509
m6/rand_5 0.034926983
m6/rand_6 0.033908795
m6/rand_7 0.035546743
m6/rand_8 0.033964868
m6/rand_9 0.035890378
m7/rand_0 0.034928265
m7/rand_1 0.035537067
m7/rand_2 0.034911538
m7/rand_3 0.034630965
m7/rand_4 0.033441206
m7/rand_5 0.034064490
m7/rand_6 0.033185122
m7/rand_7 0.034570611
m7/rand_8 0.034276187
m7/rand_9 0.035443339
m8/rand_0 0.033796345
m8/rand_1 0.034378199
m8/rand_2 0.034093281
m8/rand_3 0.035284530
m8/rand_4 0.034608709
m8/rand_5 0.034878029
m8/rand_6 0.034807392
m8/rand_7 0.034165278
m8/rand_8 0.034063125
m8/rand_9 0.033936855
m9/rand_0 0.034116662
m9/rand_1 0.034539057
m9/rand_2 0.034348529
m9/rand_3 0.034305195
m9/rand_4 0.033908677
m9/rand_5 0.049395398
m9/rand_6 0.089050990
m9/rand_7 0.034279706
m9/rand_8 0.033911222
m9/rand_9 0.033077107
n0/rand_0 0.034374157
n0/rand_1 0.034111196
n0/rand_2 0.034316408
n0/rand_3 0.034656134
n0/rand_4 0.035311996
n0/rand_5 0.033887469
n0/rand_6 0.034436900
n0/rand_7 0.033599286
n0/rand_8 0.033501542
n0/rand_9 0.033549051
n1/rand_0 0.033547153
n1/rand_1 0.033449902
n1/rand_2 0.033539629
n1/rand_3 0.033332165
n1/rand_4 0.033012960
n1/rand_5 0.034267548
n1/rand_6 0.033629743
n1/rand_7 0.033690167
n1/rand_8 0.033576194
n1/rand_9 0.033965812
n2/rand_0 0.034143175
n2/rand_1 0.033753778
n2/rand_2 0.033534239
n2/rand_3 0.033681430
n2/rand_4 0.034251586
n2/rand_5 0.033661441
n2/rand_6 0.033046698
n2/rand_7 0.033602250
n2/rand_8 0.034593571
n2/rand_9 0.033711454
n3/rand_0 0.033425511
n3/rand_1 0.033380152
n3/rand_2 0.033317606
n3/rand_3 0.033529926
n3/rand_4 0.033309328
n3/rand_5 0.034368839
n3/rand_6 0.033837666
n3/rand_7 0.033114748
n3/rand_8 0.033465782
n3/rand_9 0.033664531
n4/rand_0 0.033340885
n4/rand_1 0.033364078
n4/rand_2 0.033124153
n4/rand_3 0.033529742
n4/rand_4 0.033577766
n4/rand_5 0.033489475
n4/rand_6 0.033024443
n4/rand_7 0.033457466
n4/rand_8 0.033078644
n4/rand_9 0.032988372
n5/rand_0 0.033211514
n5/rand_1 0.033137527
n5/rand_2 0.034359568
n5/rand_3 0.036245846
n5/rand_4 0.037090144
n5/rand_5 0.037012127
n5/rand_6 0.037035552
n5/rand_7 0.036155097
n5/rand_8 0.035402666
n5/rand_9 0.033394585
n6/rand_0 0.034133404
n6/rand_1 0.033951895
n6/rand_2 0.033589453
n6/rand_3 0.033510266
n6/rand_4 0.033244341
n6/rand_5 0.033090689
n6/rand_6 0.034120566
n6/rand_7 0.033686532
n6/rand_8 0.033000727
n6/rand_9 0.033816191
n7/rand_0 0.033443185
n7/rand_1 0.033686134
n7/rand_2 0.036446178
n7/rand_3 0.036473626
n7/rand_4 0.033717438
n7/rand_5 0.034598495
n7/rand_6 0.034333850
n7/rand_7 0.034959433
n7/rand_8 0.034557073
n7/rand_9 0.034750634
n8/rand_0 0.034404581
n8/rand_1 0.034114378
n8/rand_2 0.033697223
n8/rand_3 0.033412765
n8/rand_4 0.033188130
n8/rand_5 0.035427004
n8/rand_6 0.033341063
n8/rand_7 0.033282563
n8/rand_8 0.033075251
n8/rand_9 0.033112789
n9/rand_0 0.033688216
n9/rand_1 0.033246261
n9/rand_2 0.033374498
n9/rand_3 0.046761234
n9/rand_4 0.033206688
n9/rand_5 0.033153497
n9/rand_6 0.033969941
n9/rand_7 0.033057506
n9/rand_8 0.033322972
n9/rand_9 0.033060325
o0/rand_0 0.033473849
o0/rand_1 0.035312136
o0/rand_2 0.033706607
o0/rand_3 0.033885193
o0/rand_4 0.034639758
o0/rand_5 0.034430996
o0/rand_6 0.033606790
o0/rand_7 0.033043120
o0/rand_8 0.033588940
o0/rand_9 0.033105575
o1/rand_0 0.034163980
o1/rand_1 0.033558059
o1/rand_2 0.033331606
o1/rand_3 0.033346318
o1/rand_4 0.033332690
o1/rand_5 0.033001996
o1/rand_6 0.033386242
o1/rand_7 0.033638279
o1/rand_8 0.034782122
o1/rand_9 0.033629214
o2/rand_0 0.034016167
o2/rand_1 0.034885082
o2/rand_2 0.033979237
o2/rand_3 0.033688509
o2/rand_4 0.033458136
o2/rand_5 0.033360647
o2/rand_6 0.033501575
o2/rand_7 0.033373416
o2/rand_8 0.033865458
o2/rand_9 0.033018989
o3/rand_0 0.033248361
o3/rand_1 0.032942105
o3/rand_2 0.033326589
o3/rand_3 0.032992618
o3/rand_4 0.033165044
o3/rand_5 0.033089957
o3/rand_6 0.033187244
o3/rand_7 0.033091056
o3/rand_8 0.033840187
o3/rand_9 0.033851578
o4/rand_0 0.034310757
o4/rand_1 0.034380243
o4/rand_2 0.033327903
o4/rand_3 0.034014281
o4/rand_4 0.033745280
o4/rand_5 0.033102651
o4/rand_6 0.033799496
o4/rand_7 0.033787204
o4/rand_8 0.034184620
o4/rand_9 0.034184016
o5/rand_0 0.034060365
o5/rand_1 0.033199650
o5/rand_2 0.033261499
o5/rand_3 0.034116813
o5/rand_4 0.033081082
o5/rand_5 0.033502846
o5/rand_6 0.033353401
o5/rand_7 0.034640098
o5/rand_8 0.042342956
o5/rand_9 0.033793269
o6/rand_0 0.043153995
o6/rand_1 0.033653856
o6/rand_2 0.033375147
o6/rand_3 0.033414344
o6/rand_4 0.033179415
o6/rand_5 0.047236584
o6/rand_6 0.038191809
o6/rand_7 0.048078055
o6/rand_8 0.044150440
o6/rand_9 0.048139457
o7/rand_0 0.042812797
o7/rand_1 0.047365438
o7/rand_2 0.042699656
o7/rand_3 0.050283727
o7/rand_4 0.043499013
o7/rand_5 0.046824329
o7/rand_6 0.042473331
o7/rand_7 0.048367202
o7/rand_8 0.043426978
o7/rand_9 0.042101697
o8/rand_0 0.048495463
o8/rand_1 0.044802059
o8/rand_2 0.047721959
o8/rand_3 0.047409860
o8/rand_4 0.033078009
o8/rand_5 0.033330976
o8/rand_6 0.033691807
o8/rand_7 0.033299419
o8/rand_8 0.042836726
o8/rand_9 0.038484784
o9/rand_0 0.049279914
o9/rand_1 0.047688203
o9/rand_2 0.044240720
o9/rand_3 0.049220329
o9/rand_4 0.043684930
o9/rand_5 0.043358945
o9/rand_6 0.048097328
o9/rand_7 0.044265097
o9/rand_8 0.048730064
o9/rand_9 0.044118047
p0/rand_0 0.048742648
p0/rand_1 0.042966483
p0/rand_2 0.047158676
p0/rand_3 0.042433026
p0/rand_4 0.047048636
p0/rand_5 0.047171633
p0/rand_6 0.043627414
p0/rand_7 0.037588824
p0/rand_8 0.033154498
p0/rand_9 0.033929501
p1/rand_0 0.033972417
p1/rand_1 0.033933471
p1/rand_2 0.033874135
p1/rand_3 0.033811720
p1/rand_4 0.043267267
p1/rand_5 0.042758249
p1/rand_6 0.047637055
p1/rand_7 0.042931397
p1/rand_8 0.048979856
p1/rand_9 0.043818852
p2/rand_0 0.043258194
p2/rand_1 0.048583009
p2/rand_2 0.038360551
p2/rand_3 0.043277165
p2/rand_4 0.049356416
p2/rand_5 0.043134995
p2/rand_6 0.038113971
p2/rand_7 0.048510344
p2/rand_8 0.042200452
p2/rand_9 0.043311095
p3/rand_0 0.042322378
p3/rand_1 0.042784544
p3/rand_2 0.033103400
p3/rand_3 0.033908559
p3/rand_4 0.033333652
p3/rand_5 0.034571730
p3/rand_6 0.033496510
p3/rand_7 0.034142693
p3/rand_8 0.033774094
p3/rand_9 0.034165476
p4/rand_0 0.033297654
p4/rand_1 0.033385349
p4/rand_2 0.033140255
p4/rand_3 0.033537310
p4/rand_4 0.033271114
p4/rand_5 0.039840338
p4/rand_6 0.043512384
p4/rand_7 0.047301691
p4/rand_8 0.043281339
p4/rand_9 0.044264564
p5/rand_0 0.043464170
p5/rand_1 0.043308660
p5/rand_2 0.047491135
p5/rand_3 0.034203468
p5/rand_4 0.033916025
p5/rand_5 0.034298333
p5/rand_6 0.033308858
p5/rand_7 0.034320885
p5/rand_8 0.033179264
p5/rand_9 0.034590370
p6/rand_0 0.033629157
p6/rand_1 0.034713092
p6/rand_2 0.034244266
p6/rand_3 0.033388527
p6/rand_4 0.034443331
p6/rand_5 0.033434591
p6/rand_6 0.033317994
p6/rand_7 0.034199833
p6/rand_8 0.038714446
p6/rand_9 0.038910956
p7/rand_0 0.046984490
p7/rand_1 0.045605208
p7/rand_2 0.046612235
p7/rand_3 0.039129010
p7/rand_4 0.042444808
p7/rand_5 0.046709881
p7/rand_6 0.042579134
p7/rand_7 0.042883751
p7/rand_8 0.047743507
p7/rand_9 0.038208858
p8/rand_0 0.034624915
p8/rand_1 0.033140331
p8/rand_2 0.035338429
p8/rand_3 0.033363463
p8/rand_4 0.033983276
p8/rand_5 0.033764907
p8/rand_6 0.033550486
p8/rand_7 0.033537462
p8/rand_8 0.033507197
p8/rand_9 0.033399893
p9/rand_0 0.033494595
p9/rand_1 0.033373105
p9/rand_2 0.033059049
p9/rand_3 0.033938699
p9/rand_4 0.042347431
p9/rand_5 0.047490754
p9/rand_6 0.042694250
p9/rand_7 0.043207666
p9/rand_8 0.043930158
p9/rand_9 0.035273128
q0/rand_0 0.034660496
q0/rand_1 0.034339354
q0/rand_2 0.033346701
q0/rand_3 0.033929401
q0/rand_4 0.034905688
q0/rand_5 0.049363254
q0/rand_6 0.041235713
q0/rand_7 0.033778486
q0/rand_8 0.033107846
q0/rand_9 0.034011614
q1/rand_0 0.034388946
q1/rand_1 0.033522302
q1/rand_2 0.033758822
q1/rand_3 0.034172210
q1/rand_4 0.033744432
q1/rand_5 0.042461462
q1/rand_6 0.042814661
q1/rand_7 0.042563077
q1/rand_8 0.038222514
q1/rand_9 0.042092088
q2/rand_0 0.049697532
q2/rand_1 0.044752057
q2/rand_2 0.050360186
q2/rand_3 0.043421053
q2/rand_4 0.049127559
q2/rand_5 0.040953166
q2/rand_6 0.034682353
q2/rand_7 0.034018866
q2/rand_8 0.034069070
q2/rand_9 0.034477918
q3/rand_0 0.034237926
q3/rand_1 0.034716164
q3/rand_2 0.033315992
q3/rand_3 0.034476803
q3/rand_4 0.034005601
q3/rand_5 0.034130694
q3/rand_6 0.033966612
q3/rand_7 0.039360565
q3/rand_8 0.043262139
q3/rand_9 0.047136020
q4/rand_0 0.042150948
q4/rand_1 0.047445998
q4/rand_2 0.043542521
q4/rand_3 0.047494705
q4/rand_4 0.043167257
q4/rand_5 0.046784840
q4/rand_6 0.042307051
q4/rand_7 0.046815833
q4/rand_8 0.042470842
q4/rand_9 0.046545877
q5/rand_0 0.042063962
q5/rand_1 0.042234778
q5/rand_2 0.047426763
q5/rand_3 0.043424449
q5/rand_4 0.047871782
q5/rand_5 0.057529762
q5/rand_6 0.047862805
q5/rand_7 0.042657953
q5/rand_8 0.048746116
q5/rand_9 0.046198072
q6/rand_0 0.049447785
q6/rand_1 0.045000882
q6/rand_2 0.048744214
q6/rand_3 0.044838177
q6/rand_4 0.045019813
q6/rand_5 0.048749405
q6/rand_6 0.042556565
q6/rand_7 0.046849504
q6/rand_8 0.041843112
q6/rand_9 0.047716433
q7/rand_0 0.042177550
q7/rand_1 0.046519482
q7/rand_2 0.043128313
q7/rand_3 0.047310703
q7/rand_4 0.041855292
q7/rand_5 0.046868351
q7/rand_6 0.042034906
q7/rand_7 0.042047864
q7/rand_8 0.046557895
q7/rand_9 0.041988644
q8/rand_0 0.046598486
q8/rand_1 0.042171044
q8/rand_2 0.046559624
q8/rand_3 0.042119575
q8/rand_4 0.046486784
q8/rand_5 0.042123330
q8/rand_6 0.176909857
q8/rand_7 0.041788997
q8/rand_8 0.059297464
q8/rand_9 0.047366274
q9/rand_0 0.044565868
q9/rand_1 0.035406258
q9/rand_2 0.034991959
q9/rand_3 0.032955974
q9/rand_4 0.033386247
q9/rand_5 0.034646644
q9/rand_6 0.042515817
q9/rand_7 0.039771155
q9/rand_8 0.042742504
q9/rand_9 0.043307127
r0/rand_0 0.048320780
r0/rand_1 0.043272061
r0/rand_2 0.042877639
r0/rand_3 0.047398841
r0/rand_4 0.042817025
r0/rand_5 0.042158626
r0/rand_6 0.042984622
r0/rand_7 0.044339002
r0/rand_8 0.042879448
r0/rand_9 0.044180547
r1/rand_0 0.034756776
r1/rand_1 0.034811443
r1/rand_2 0.033247241
r1/rand_3 0.033902899
r1/rand_4 0.034214097
r1/rand_5 0.033123305
r1/rand_6 0.033466907
r1/rand_7 0.033403156
r1/rand_8 0.033994272
r1/rand_9 0.040906216
r2/rand_0 0.045623005
r2/rand_1 0.034891099
r2/rand_2 0.035253518
r2/rand_3 0.033165986
r2/rand_4 0.037278480
r2/rand_5 0.041160299
r2/rand_6 0.042976851
r2/rand_7 0.034663986
r2/rand_8 0.033751159
r2/rand_9 0.034244174
r3/rand_0 0.033670670
r3/rand_1 0.033121371
r3/rand_2 0.033713761
r3/rand_3 0.033137984
r3/rand_4 0.033121467
r3/rand_5 0.033392255
r3/rand_6 0.034060327
r3/rand_7 0.033311761
r3/rand_8 0.034510234
r3/rand_9 0.035666955
r4/rand_0 0.035087305
r4/rand_1 0.034586482
r4/rand_2 0.034068083
r4/rand_3 0.036606666
r4/rand_4 0.039004811
r4/rand_5 0.035232772
r4/rand_6 0.034339602
r4/rand_7 0.034606766
r4/rand_8 0.033626255
r4/rand_9 0.034188703
r5/rand_0 0.035203063
r5/rand_1 0.034109265
r5/rand_2 0.034431425
r5/rand_3 0.033975093
r5/rand_4 0.034987970
r5/rand_5 0.034302452
r5/rand_6 0.034830120
r5/rand_7 0.034140201
r5/rand_8 0.036605198
r5/rand_9 0.034008341
r6/rand_0 0.034670433
r6/rand_1 0.040501562
r6/rand_2 0.048132268
r6/rand_3 0.042390563
r6/rand_4 0.036068166
r6/rand_5 0.035810930
r6/rand_6 0.039015098
r6/rand_7 0.034442448
r6/rand_8 0.034265746
r6/rand_9 0.035510667
r7/rand_0 0.035060405
r7/rand_1 0.035013824
r7/rand_2 0.034902487
r7/rand_3 0.035007374
r7/rand_4 0.035737636
r7/rand_5 0.036459473
r7/rand_6 0.039114993
r7/rand_7 0.038954589
r7/rand_8 0.037592095
r7/rand_9 0.033766850
r8/rand_0 0.034512676
r8/rand_1 0.034640364
r8/rand_2 0.033314779
r8/rand_3 0.033537742
r8/rand_4 0.033583055
r8/rand_5 0.033668643
r8/rand_6 0.033877352
r8/rand_7 0.033571352
r8/rand_8 0.033292201
r8/rand_9 0.034456458
r9/rand_0 0.033028713
r9/rand_1 0.039681673
r9/rand_2 0.041891636
r9/rand_3 0.040266309
r9/rand_4 0.036247025
r9/rand_5 0.033207083
r9/rand_6 0.033209274
r9/rand_7 0.033498231
r9/rand_8 0.033660935
r9/rand_9 0.032960719
s0/rand_0 0.033819396
s0/rand_1 0.033115748
s0/rand_2 0.033218948
s0/rand_3 0.034314847
s0/rand_4 0.034175072
s0/rand_5 0.035016789
s0/rand_6 0.033250047
s0/rand_7 0.033741872
s0/rand_8 0.032969976
s0/rand_9 0.034055495
s1/rand_0 0.033237094
s1/rand_1 0.033506870
s1/rand_2 0.033124611
s1/rand_3 0.033127635
s1/rand_4 0.033239103
s1/rand_5 0.033297323
s1/rand_6 0.033499290
s1/rand_7 0.033481253
s1/rand_8 0.033360163
s1/rand_9 0.033275036
s2/rand_0 0.034076391
s2/rand_1 0.034743164
s2/rand_2 0.033990387
s2/rand_3 0.033719912
s2/rand_4 0.034369946
s2/rand_5 0.033470606
s2/rand_6 0.033302250
s2/rand_7 0.033926890
s2/rand_8 0.034270538
s2/rand_9 0.033218866
s3/rand_0 0.033255207
s3/rand_1 0.033888788
s3/rand_2 0.033219114
s3/rand_3 0.033750691
s3/rand_4 0.033936021
s3/rand_5 0.033329614
s3/rand_6 0.033279050
s3/rand_7 0.034464689
s3/rand_8 0.033281372
s3/rand_9 0.033677182
s4/rand_0 0.033823687
s4/rand_1 0.033351021
s4/rand_2 0.033578524
s4/rand_3 0.033503579
s4/rand_4 0.033898846
s4/rand_5 0.034455341
s4/rand_6 0.033440432
s4/rand_7 0.034282954
s4/rand_8 0.033294576
s4/rand_9 0.034318398
s5/rand_0 0.034750572
s5/rand_1 0.034058765
s5/rand_2 0.034148051
s5/rand_3 0.033396838
s5/rand_4 0.033160407
s5/rand_5 0.033558912
s5/rand_6 0.033532264
s5/rand_7 0.034567603
s5/rand_8 0.033642743
s5/rand_9 0.033831786
s6/rand_0 0.033106835
s6/rand_1 0.033305609
s6/rand_2 0.033867909
s6/rand_3 0.033310160
s6/rand_4 0.033747270
s6/rand_5 0.033750536
s6/rand_6 0.033509973
s6/rand_7 0.033929880
s6/rand_8 0.033958421
s6/rand_9 0.033596585
s7/rand_0 0.034100691
s7/rand_1 0.033431997
s7/rand_2 0.033249903
s7/rand_3 0.033556904
s7/rand_4 0.033275819
s7/rand_5 0.033110075
s7/rand_6 0.033408262
s7/rand_7 0.035777616
s7/rand_8 0.034894946
s7/rand_9 0.033321070
s8/rand_0 0.033690790
s8/rand_1 0.035001136
s8/rand_2 0.034271332
s8/rand_3 0.035984537
s8/rand_4 0.040627017
s8/rand_5 0.037753205
s8/rand_6 0.039982023
s8/rand_7 0.036031392
s8/rand_8 0.038358609
s8/rand_9 0.034995139
s9/rand_0 0.033710776
s9/rand_1 0.034225338
s9/rand_2 0.035298936
s9/rand_3 0.035611020
s9/rand_4 0.034170722
s9/rand_5 0.035014298
s9/rand_6 0.033232739
s9/rand_7 0.033925057
s9/rand_8 0.033982605
s9/rand_9 0.037473294
t0/rand_0 0.036508331
t0/rand_1 0.034422160
t0/rand_2 0.033844746
t0/rand_3 0.033755045
t0/rand_4 0.036708482
t0/rand_5 0.038551930
t0/rand_6 0.043003196
t0/rand_7 0.035547534
t0/rand_8 0.034153444
t0/rand_9 0.032992323
t1/rand_0 0.034841664
t1/rand_1 0.037779573
t1/rand_2 0.033954214
t1/rand_3 0.035818179
t1/rand_4 0.034942790
t1/rand_5 0.034235384
t1/rand_6 0.035520263
t1/rand_7 0.034586117
t1/rand_8 0.034175710
t1/rand_9 0.035820706
t2/rand_0 0.035637772
t2/rand_1 0.034674546
t2/rand_2 0.034634133
t2/rand_3 0.035428511
t2/rand_4 0.034365499
t2/rand_5 0.034132569
t2/rand_6 0.035911379
t2/rand_7 0.034521506
t2/rand_8 0.034852744
t2/rand_9 0.033879926
t3/rand_0 0.034785409
t3/rand_1 0.033742163
t3/rand_2 0.035531985
t3/rand_3 0.035740388
t3/rand_4 0.036174779
t3/rand_5 0.033783049
t3/rand_6 0.034965464
t3/rand_7 0.035529568
t3/rand_8 0.036088415
t3/rand_9 0.034158036
t4/rand_0 0.034334555
t4/rand_1 0.034465806
t4/rand_2 0.034679249
t4/rand_3 0.033790815
t4/rand_4 0.033808215
t4/rand_5 0.033384505
t4/rand_6 0.033102073
t4/rand_7 0.033491261
t4/rand_8 0.033361547
t4/rand_9 0.033384323
t5/rand_0 0.033971732
t5/rand_1 0.033360094
t5/rand_2 0.033179794
t5/rand_3 0.033300827
t5/rand_4 0.033707212
t5/rand_5 0.033663038
t5/rand_6 0.035172961
t5/rand_7 0.033924066
t5/rand_8 0.034472661
t5/rand_9 0.034551921
t6/rand_0 0.033720561
t6/rand_1 0.033071280
t6/rand_2 0.034276913
t6/rand_3 0.033922085
t6/rand_4 0.033707911
t6/rand_5 0.033869460
t6/rand_6 0.033627138
t6/rand_7 0.034295464
t6/rand_8 0.048782093
t6/rand_9 0.043584868
t7/rand_0 0.048223341
t7/rand_1 0.038812209
t7/rand_2 0.043553755
t7/rand_3 0.043266629
t7/rand_4 0.034349326
t7/rand_5 0.033872958
t7/rand_6 0.033837994
t7/rand_7 0.033890540
t7/rand_8 0.034597786
t7/rand_9 0.033906119
t8/rand_0 0.034050268
t8/rand_1 0.034435982
t8/rand_2 0.033849733
t8/rand_3 0.033286728
t8/rand_4 0.034742372
t8/rand_5 0.033495375
t8/rand_6 0.034352702
t8/rand_7 0.034417570
t8/rand_8 0.033538936
t8/rand_9 0.033833537
t9/rand_0 0.038503328
t9/rand_1 0.048324072
t9/rand_2 0.034275916
t9/rand_3 0.033295992
t9/rand_4 0.034384068
t9/rand_5 0.034997076
t9/rand_6 0.033240495
t9/rand_7 0.033841236
t9/rand_8 0.033094971
t9/rand_9 0.033567986
u0/rand_0 0.033087500
u0/rand_1 0.034078801
u0/rand_2 0.033316283
u0/rand_3 0.033535901
u0/rand_4 0.033505857
u0/rand_5 0.033261536
u0/rand_6 0.033686629
u0/rand_7 0.033803058
u0/rand_8 0.033591450
u0/rand_9 0.047001615
u1/rand_0 0.042864153
u1/rand_1 0.045303721
u1/rand_2 0.049394024
u1/rand_3 0.033703245
u1/rand_4 0.043855662
u1/rand_5 0.034147599
u1/rand_6 0.034145460
u1/rand_7 0.035836013
u1/rand_8 0.033278432
u1/rand_9 0.033073894
u2/rand_0 0.033990321
u2/rand_1 0.033290801
u2/rand_2 0.033257106
u2/rand_3 0.033532251
u2/rand_4 0.035557132
u2/rand_5 0.037289324
u2/rand_6 0.039915048
u2/rand_7 0.037095120
u2/rand_8 0.036881514
u2/rand_9 0.038535581
u3/rand_0 0.035522842
u3/rand_1 0.034529653
u3/rand_2 0.043924535
u3/rand_3 0.043626055
u3/rand_4 0.049133217
u3/rand_5 0.045244785
u3/rand_6 0.049263307
u3/rand_7 0.039096133
u3/rand_8 0.045875802
u3/rand_9 0.044987898
u4/rand_0 0.049580215
u4/rand_1 0.035711929
u4/rand_2 0.034169839
u4/rand_3 0.034916834
u4/rand_4 0.033271136
u4/rand_5 0.035396166
u4/rand_6 0.035705518
u4/rand_7 0.033746267
u4/rand_8 0.035674049
u4/rand_9 0.037219214
u5/rand_0 0.039591472
u5/rand_1 0.034844989
u5/rand_2 0.035195443
u5/rand_3 0.035767441
u5/rand_4 0.035458991
u5/rand_5 0.034973702
u5/rand_6 0.044059696
u5/rand_7 0.037730001
u5/rand_8 0.047443509
u5/rand_9 0.047994079
u6/rand_0 0.042752827
u6/rand_1 0.042241292
u6/rand_2 0.046738829
u6/rand_3 0.049129871
u6/rand_4 0.042196427
u6/rand_5 0.048099239
u6/rand_6 0.043195922
u6/rand_7 0.033110235
u6/rand_8 0.034727274
u6/rand_9 0.034304585
u7/rand_0 0.034623386
u7/rand_1 0.033793880
u7/rand_2 0.043144146
u7/rand_3 0.049042414
u7/rand_4 0.044138388
u7/rand_5 0.048673351
u7/rand_6 0.034494834
u7/rand_7 0.043368165
u7/rand_8 0.050364692
u7/rand_9 0.043480650
u8/rand_0 0.042268378
u8/rand_1 0.042974232
u8/rand_2 0.042899700
u8/rand_3 0.037965333
u8/rand_4 0.034533603
u8/rand_5 0.033233916
u8/rand_6 0.033879160
u8/rand_7 0.033043412
u8/rand_8 0.034216383
u8/rand_9 0.033203615
u9/rand_0 0.035429564
u9/rand_1 0.033657272
u9/rand_2 0.033002307
u9/rand_3 0.033917403
u9/rand_4 0.045479023
u9/rand_5 0.090455221
u9/rand_6 0.056335377
u9/rand_7 0.044937688
u9/rand_8 0.034357757
u9/rand_9 0.045323932
v0/rand_0 0.035783130
v0/rand_1 0.038449947
v0/rand_2 0.035302252
v0/rand_3 0.034017623
v0/rand_4 0.034251144
v0/rand_5 0.035553664
v0/rand_6 0.035839793
v0/rand_7 0.034565742
v0/rand_8 0.034019253
v0/rand_9 0.033337214
v1/rand_0 0.033144126
v1/rand_1 0.034870852
v1/rand_2 0.033992630
v1/rand_3 0.034404033
v1/rand_4 0.033246648
v1/rand_5 0.034794948
v1/rand_6 0.034779159
v1/rand_7 0.033176662
v1/rand_8 0.034608769
v1/rand_9 0.034114813
v2/rand_0 0.034334456
v2/rand_1 0.034162249
v2/rand_2 0.033508575
v2/rand_3 0.033777407
v2/rand_4 0.033570717
v2/rand_5 0.035609606
v2/rand_6 0.033673952
v2/rand_7 0.034243174
v2/rand_8 0.035059978
v2/rand_9 0.034181481
v3/rand_0 0.034215307
v3/rand_1 0.033478236
v3/rand_2 0.034330302
v3/rand_3 0.034377039
v3/rand_4 0.033810198
v3/rand_5 0.033811613
v3/rand_6 0.033416831
v3/rand_7 0.034447961
v3/rand_8 0.034284024
v3/rand_9 0.035291616
v4/rand_0 0.034609275
v4/rand_1 0.034170968
v4/rand_2 0.033492275
v4/rand_3 0.033761876
v4/rand_4 0.033902882
v4/rand_5 0.033264966
v4/rand_6 0.034837318
v4/rand_7 0.033480199
v4/rand_8 0.034419470
v4/rand_9 0.033702890
v5/rand_0 0.034346472
v5/rand_1 0.034657523
v5/rand_2 0.034446949
v5/rand_3 0.033323508
v5/rand_4 0.034571957
v5/rand_5 0.034657541
v5/rand_6 0.037645087
v5/rand_7 0.039032911
v5/rand_8 0.041822121
v5/rand_9 0.039787538
v6/rand_0 0.036744500
v6/rand_1 0.037465787
v6/rand_2 0.035655947
v6/rand_3 0.034440690
v6/rand_4 0.033785945
v6/rand_5 0.034773208
v6/rand_6 0.034403077
v6/rand_7 0.034431287
v6/rand_8 0.035250169
v6/rand_9 0.033803135
v7/rand_0 0.035476388
v7/rand_1 0.033917301
v7/rand_2 0.070819456
v7/rand_3 0.119336580
v7/rand_4 0.091516337
v7/rand_5 0.067694887
v7/rand_6 0.057844108
v7/rand_7 0.047588358
v7/rand_8 0.041452881
v7/rand_9 0.057002449
v8/rand_0 0.069554269
v8/rand_1 0.045869450
v8/rand_2 0.056341252
v8/rand_3 0.067790851
v8/rand_4 0.045776512
v8/rand_5 0.035405067
v8/rand_6 0.045144879
v8/rand_7 0.035203796
v8/rand_8 0.034063656
v8/rand_9 0.038285015
v9/rand_0 0.049314492
v9/rand_1 0.033800816
v9/rand_2 0.056262967
v9/rand_3 0.046392095
v9/rand_4 0.046433851
v9/rand_5 0.059031181
v9/rand_6 0.113504057
v9/rand_7 0.079708704
v9/rand_8 0.056770827
v9/rand_9 0.079473987
w0/rand_0 0.057404703
w0/rand_1 0.034478267
w0/rand_2 0.035069490
w0/rand_3 0.033356690
w0/rand_4 0.035520990
w0/rand_5 0.034571517
w0/rand_6 0.034153928
w0/rand_7 0.033206030
w0/rand_8 0.044810819
w0/rand_9 0.034038816
w1/rand_0 0.034093996
w1/rand_1 0.033422214
w1/rand_2 0.033639547
w1/rand_3 0.044286588
w1/rand_4 0.056001271
w1/rand_5 0.044304519
w1/rand_6 0.035749820
w1/rand_7 0.034761962
w1/rand_8 0.035434562
w1/rand_9 0.035438769
w2/rand_0 0.034648602
w2/rand_1 0.034389853
w2/rand_2 0.033296958
w2/rand_3 0.035808452
w2/rand_4 0.033827146
w2/rand_5 0.034018169
w2/rand_6 0.034005010
w2/rand_7 0.033943181
w2/rand_8 0.033576408
w2/rand_9 0.033064154
w3/rand_0 0.033347243
w3/rand_1 0.034911042
w3/rand_2 0.034691412
w3/rand_3 0.034044899
w3/rand_4 0.034201296
w3/rand_5 0.034785479
w3/rand_6 0.034190516
w3/rand_7 0.034746831
w3/rand_8 0.033127317
w3/rand_9 0.033411080
w4/rand_0 0.033301858
w4/rand_1 0.034453995
w4/rand_2 0.034943270
w4/rand_3 0.037106752
w4/rand_4 0.034560087
w4/rand_5 0.033982092
w4/rand_6 0.034506902
w4/rand_7 0.034196244
w4/rand_8 0.034135929
w4/rand_9 0.033883725
w5/rand_0 0.034816301
w5/rand_1 0.034263959
w5/rand_2 0.034015705
w5/rand_3 0.035228396
w5/rand_4 0.034811731
w5/rand_5 0.034947188
w5/rand_6 0.033823850
w5/rand_7 0.033879069
w5/rand_8 0.033274263
w5/rand_9 0.033410588
w6/rand_0 0.035226024
w6/rand_1 0.033946126
w6/rand_2 0.036603298
w6/rand_3 0.034649072
w6/rand_4 0.033504120
w6/rand_5 0.033090968
w6/rand_6 0.033298225
w6/rand_7 0.033226597
w6/rand_8 0.033655774
w6/rand_9 0.033560532
w7/rand_0 0.033125755
w7/rand_1 0.032906900
w7/rand_2 0.033213732
w7/rand_3 0.033027631
w7/rand_4 0.032986541
w7/rand_5 0.033024369
w7/rand_6 0.033113511
w7/rand_7 0.032870335
w7/rand_8 0.033041949
w7/rand_9 0.036178762
w8/rand_0 0.035594783
w8/rand_1 0.035886326
w8/rand_2 0.035693004
w8/rand_3 0.069060662
w8/rand_4 0.159284507
w8/rand_5 0.094233540
w8/rand_6 0.129095421
w8/rand_7 0.052989901
w8/rand_8 0.041287452
w8/rand_9 0.041414801
w9/rand_0 0.041866208
w9/rand_1 0.041380250
w9/rand_2 0.042730518
w9/rand_3 0.045026875
w9/rand_4 0.042329557
w9/rand_5 0.041572973
w9/rand_6 0.041640817
w9/rand_7 0.042672836
w9/rand_8 0.041013527
w9/rand_9 0.041529843
x0/rand_0 0.047710931
x0/rand_1 0.056647629
x0/rand_2 0.053245216
x0/rand_3 0.057805595
x0/rand_4 0.053958278
x0/rand_5 0.052370930
x0/rand_6 0.058208390
x0/rand_7 0.054618686
x0/rand_8 0.063503560
x0/rand_9 0.054286520
x1/rand_0 0.058703688
x1/rand_1 0.053817625
x1/rand_2 0.055642864
x1/rand_3 0.050763602
x1/rand_4 0.055104058
x1/rand_5 0.050372360
x1/rand_6 0.055180252
x1/rand_7 0.050576211
x1/rand_8 0.050445805
x1/rand_9 0.055413121
x2/rand_0 0.050778211
x2/rand_1 0.055292817
x2/rand_2 0.051064828
x2/rand_3 0.055184541
x2/rand_4 0.050947010
x2/rand_5 0.055825692
x2/rand_6 0.051036707
x2/rand_7 0.055570055
x2/rand_8 0.051284473
x2/rand_9 0.055608592
x3/rand_0 0.051256950
x3/rand_1 0.051098203
x3/rand_2 0.055963010
x3/rand_3 0.051406374
x3/rand_4 0.056159555
x3/rand_5 0.051838446
x3/rand_6 0.056613540
x3/rand_7 0.052975221
x3/rand_8 0.057013760
x3/rand_9 0.052565309
x4/rand_0 0.056987595
x4/rand_1 0.052678738
x4/rand_2 0.057673868
x4/rand_3 0.052835616
x4/rand_4 0.051641786
x4/rand_5 0.057920467
x4/rand_6 0.053012741
x4/rand_7 0.058954423
x4/rand_8 0.052999068
x4/rand_9 0.057696773
x5/rand_0 0.052982484
x5/rand_1 0.057908126
x5/rand_2 0.053296417
x5/rand_3 0.057340871
x5/rand_4 0.053595764
x5/rand_5 0.058498976
x5/rand_6 0.053228364
x5/rand_7 0.057410054
x5/rand_8 0.053385085
x5/rand_9 0.057695266
x6/rand_0 0.053317531
x6/rand_1 0.053103297
x6/rand_2 0.057893528
x6/rand_3 0.053139958
x6/rand_4 0.058240364
x6/rand_5 0.053728230
x6/rand_6 0.058508857
x6/rand_7 0.053592295
x6/rand_8 0.058023742
x6/rand_9 0.054472707
x7/rand_0 0.058844304
x7/rand_1 0.053891217
x7/rand_2 0.058879620
x7/rand_3 0.054116266
x7/rand_4 0.054088109
x7/rand_5 0.058985054
x7/rand_6 0.055245948
x7/rand_7 0.135169791
x7/rand_8 0.078909809
x7/rand_9 0.145922997
x8/rand_0 0.046555530
x8/rand_1 0.046517292
x8/rand_2 0.050865584
x8/rand_3 0.054545437
x8/rand_4 0.065407379
x8/rand_5 0.051552382
x8/rand_6 0.045329282
x8/rand_7 0.042558610
x8/rand_8 0.045702917
x8/rand_9 0.052504543
x9/rand_0 0.046484907
x9/rand_1 0.091762213
x9/rand_2 0.056415202
x9/rand_3 0.055313901
x9/rand_4 0.044510738
x9/rand_5 0.035740824
x9/rand_6 0.033988961
x9/rand_7 0.035830997
x9/rand_8 0.040781741
x9/rand_9 0.042494679
y0/rand_0 0.036818503
y0/rand_1 0.035299036
y0/rand_2 0.033536972
y0/rand_3 0.034865875
y0/rand_4 0.033855758
y0/rand_5 0.034049786
y0/rand_6 0.036813663
y0/rand_7 0.042403382
y0/rand_8 0.037695938
y0/rand_9 0.034237277
y1/rand_0 0.033134222
y1/rand_1 0.033305411
y1/rand_2 0.033937447
y1/rand_3 0.034081634
y1/rand_4 0.034172792
y1/rand_5 0.033891516
y1/rand_6 0.033788996
y1/rand_7 0.033179719
y1/rand_8 0.034010929
y1/rand_9 0.035935937
y2/rand_0 0.042017360
y2/rand_1 0.036636906
y2/rand_2 0.033294916
y2/rand_3 0.033209012
y2/rand_4 0.038759102
y2/rand_5 0.037479418
y2/rand_6 0.036123927
y2/rand_7 0.039267903
y2/rand_8 0.038332410
y2/rand_9 0.037057479
y3/rand_0 0.038667961
y3/rand_1 0.035426978
y3/rand_2 0.035031874
y3/rand_3 0.033790278
y3/rand_4 0.034665093
y3/rand_5 0.034752743
y3/rand_6 0.033411027
y3/rand_7 0.034849500
y3/rand_8 0.034431271
y3/rand_9 0.035526823
y4/rand_0 0.034517985
y4/rand_1 0.034693914
y4/rand_2 0.034706645
y4/rand_3 0.035024531
y4/rand_4 0.034046161
y4/rand_5 0.034310809
y4/rand_6 0.034772810
y4/rand_7 0.034955170
y4/rand_8 0.034290599
y4/rand_9 0.034368753
y5/rand_0 0.034348690
y5/rand_1 0.036769513
y5/rand_2 0.035995502
y5/rand_3 0.034209724
y5/rand_4 0.033366124
y5/rand_5 0.034052746
y5/rand_6 0.034979179
y5/rand_7 0.033131269
y5/rand_8 0.034271517
y5/rand_9 0.035826591
y6/rand_0 0.038944676
y6/rand_1 0.035140623
y6/rand_2 0.033545988
y6/rand_3 0.034968091
y6/rand_4 0.036195803
y6/rand_5 0.034381143
y6/rand_6 0.033707675
y6/rand_7 0.033539404
y6/rand_8 0.035636392
y6/rand_9 0.034641549
y7/rand_0 0.033476174
y7/rand_1 0.035511455
y7/rand_2 0.035205772
y7/rand_3 0.033085840
y7/rand_4 0.034944278
y7/rand_5 0.035410843
y7/rand_6 0.045185414
y7/rand_7 0.042301905
y7/rand_8 0.041500020
y7/rand_9 0.034455514
y8/rand_0 0.033997488
y8/rand_1 0.034040283
y8/rand_2 0.033453049
y8/rand_3 0.035059659
y8/rand_4 0.034019938
y8/rand_5 0.033805407
y8/rand_6 0.033192371
y8/rand_7 0.040422533
y8/rand_8 0.044794393
y8/rand_9 0.041753591
y9/rand_0 0.044584054
y9/rand_1 0.039848593
y9/rand_2 0.033741318
y9/rand_3 0.035914947
y9/rand_4 0.034561265
y9/rand_5 0.034379421
y9/rand_6 0.034469455
y9/rand_7 0.034745463
y9/rand_8 0.034480290
y9/rand_9 0.034164862
z0/rand_0 0.035020170
z0/rand_1 0.035116034
z0/rand_2 0.041360259
z0/rand_3 0.041225293
z0/rand_4 0.036291088
z0/rand_5 0.033633012
z0/rand_6 0.034903294
z0/rand_7 0.035146945
z0/rand_8 0.033269856
z0/rand_9 0.034855561
z1/rand_0 0.034635330
z1/rand_1 0.033228376
z1/rand_2 0.033444791
z1/rand_3 0.034716240
z1/rand_4 0.035099736
z1/rand_5 0.035524107
z1/rand_6 0.033621290
z1/rand_7 0.043220243
z1/rand_8 0.034792417
z1/rand_9 0.035296632
z2/rand_0 0.036143431
z2/rand_1 0.033239403
z2/rand_2 0.033357725
z2/rand_3 0.033320745
z2/rand_4 0.033529006
z2/rand_5 0.033661930
z2/rand_6 0.033357169
z2/rand_7 0.033163218
z2/rand_8 0.033104102
z2/rand_9 0.033724887
z3/rand_0 0.034313931
z3/rand_1 0.034281199
z3/rand_2 0.034311960
z3/rand_3 0.034316615
z3/rand_4 0.033954263
z3/rand_5 0.033373985
z3/rand_6 0.033898912
z3/rand_7 0.033069371
z3/rand_8 0.035527249
z3/rand_9 0.033606199
z4/rand_0 0.033807140
z4/rand_1 0.033291923
z4/rand_2 0.033466238
z4/rand_3 0.033091222
z4/rand_4 0.034552445
z4/rand_5 0.034094485
z4/rand_6 0.033367164
z4/rand_7 0.033650267
z4/rand_8 0.033250345
z4/rand_9 0.033918501
z5/rand_0 0.034824542
z5/rand_1 0.034943780
z5/rand_2 0.033602334
z5/rand_3 0.033085871
z5/rand_4 0.033272734
z5/rand_5 0.034437781
z5/rand_6 0.033207990
z5/rand_7 0.034609531
z5/rand_8 0.033445099
z5/rand_9 0.034349542
z6/rand_0 0.033921791
z6/rand_1 0.033628712
z6/rand_2 0.033609045
z6/rand_3 0.033468905
z6/rand_4 0.034818104
z6/rand_5 0.033187611
z6/rand_6 0.034167815
z6/rand_7 0.037497333
z6/rand_8 0.043596043
z6/rand_9 0.036975087
z7/rand_0 0.038164096
z7/rand_1 0.038342937
z7/rand_2 0.038227563
z7/rand_3 0.036830202
z7/rand_4 0.037434727
z7/rand_5 0.033313307
z7/rand_6 0.035715411
z7/rand_7 0.033539997
z7/rand_8 0.035202556
z7/rand_9 0.034515440
z8/rand_0 0.033626497
z8/rand_1 0.033983324
z8/rand_2 0.033484831
z8/rand_3 0.033877815
z8/rand_4 0.034010046
z8/rand_5 0.033767982
z8/rand_6 0.033963048
z8/rand_7 0.034172204
z8/rand_8 0.035235607
z8/rand_9 0.035242778
z9/rand_0 0.036748259
z9/rand_1 0.035394288
z9/rand_2 0.034075052
z9/rand_3 0.035712940
z9/rand_4 0.040695585
z9/rand_5 0.034454329
z9/rand_6 0.037869441
z9/rand_7 0.034329376
z9/rand_8 0.033386375
z9/rand_9 0.033854429
TOTAL TIME: 101.841595435 seconds
