a0/rand_0 0.058332833
a0/rand_1 0.054870843
a0/rand_2 0.054813843
a0/rand_3 0.055066842
a0/rand_4 0.055393841
a0/rand_5 0.054796843
a0/rand_6 0.055187842
a0/rand_7 0.054792843
a0/rand_8 0.055036842
a0/rand_9 0.054818843
a1/rand_0 0.055065843
a1/rand_1 0.054769843
a1/rand_2 0.055021842
a1/rand_3 0.054713843
a1/rand_4 0.055041843
a1/rand_5 0.054856842
a1/rand_6 0.055470841
a1/rand_7 0.054806843
a1/rand_8 0.055037843
a1/rand_9 0.054782843
a2/rand_0 0.055023842
a2/rand_1 0.054760843
a2/rand_2 0.055075843
a2/rand_3 0.054844842
a2/rand_4 0.055029843
a2/rand_5 0.054867843
a2/rand_6 0.055069843
a2/rand_7 0.054858843
a2/rand_8 0.055012843
a2/rand_9 0.054792843
a3/rand_0 0.055005843
a3/rand_1 0.054807843
a3/rand_2 0.055038843
a3/rand_3 0.054812843
a3/rand_4 0.055043842
a3/rand_5 0.055206842
a3/rand_6 0.055054842
a3/rand_7 0.054846843
a3/rand_8 0.055026842
a3/rand_9 0.054860843
a4/rand_0 0.055003843
a4/rand_1 0.054777843
a4/rand_2 0.054985842
a4/rand_3 0.054942843
a4/rand_4 0.055019842
a4/rand_5 0.054783843
a4/rand_6 0.055028843
a4/rand_7 0.054872842
a4/rand_8 0.055061843
a4/rand_9 0.054837843
a5/rand_0 0.055006842
a5/rand_1 0.054822843
a5/rand_2 0.055095842
a5/rand_3 0.054869843
a5/rand_4 0.055399841
a5/rand_5 0.054878843
a5/rand_6 0.055024842
a5/rand_7 0.054757844
a5/rand_8 0.054949843
a5/rand_9 0.055109842
a6/rand_0 0.054817844
a6/rand_1 0.055217842
a6/rand_2 0.054755843
a6/rand_3 0.055055843
a6/rand_4 0.054764843
a6/rand_5 0.055131842
a6/rand_6 0.054805843
a6/rand_7 0.055091842
a6/rand_8 0.054789843
a6/rand_9 0.055071842
a7/rand_0 0.054776844
a7/rand_1 0.055047842
a7/rand_2 0.054892843
a7/rand_3 0.055498841
a7/rand_4 0.054964842
a7/rand_5 0.055065843
a7/rand_6 0.054878843
a7/rand_7 0.055085843
a7/rand_8 0.054810843
a7/rand_9 0.055090843
a8/rand_0 0.054889843
a8/rand_1 0.055359841
a8/rand_2 0.054846843
a8/rand_3 0.054976843
a8/rand_4 0.054764844
a8/rand_5 0.055047842
a8/rand_6 0.054753843
a8/rand_7 0.055029842
a8/rand_8 0.054789844
a8/rand_9 0.055001843
a9/rand_0 0.054840843
a9/rand_1 0.055058842
a9/rand_2 0.055081843
a9/rand_3 0.055189842
a9/rand_4 0.054923843
a9/rand_5 0.055067843
a9/rand_6 0.054786844
a9/rand_7 0.055113843
a9/rand_8 0.054832843
a9/rand_9 0.055035842
b0/rand_0 0.054741844
b0/rand_1 0.055030843
b0/rand_2 0.054876843
b0/rand_3 0.055089842
b0/rand_4 0.054760843
b0/rand_5 0.055015842
b0/rand_6 0.054769844
b0/rand_7 0.055016843
b0/rand_8 0.054818843
b0/rand_9 0.055059842
b1/rand_0 0.054865843
b1/rand_1 0.055359842
b1/rand_2 0.054937843
b1/rand_3 0.055041843
b1/rand_4 0.054880843
b1/rand_5 0.055145842
b1/rand_6 0.054803843
b1/rand_7 0.055062842
b1/rand_8 0.054794843
b1/rand_9 0.055027843
b2/rand_0 0.054796843
b2/rand_1 0.055022842
b2/rand_2 0.055081843
b2/rand_3 0.054807844
b2/rand_4 0.055122843
b2/rand_5 0.054789843
b2/rand_6 0.055099842
b2/rand_7 0.054875843
b2/rand_8 0.055107842
b2/rand_9 0.054841843
b3/rand_0 0.055313842
b3/rand_1 0.054944842
b3/rand_2 0.055038843
b3/rand_3 0.054763843
b3/rand_4 0.055213842
b3/rand_5 0.054834843
b3/rand_6 0.055058842
b3/rand_7 0.054798843
b3/rand_8 0.055093842
b3/rand_9 0.054861843
b4/rand_0 0.055105843
b4/rand_1 0.054824843
b4/rand_2 0.055050842
b4/rand_3 0.054865843
b4/rand_4 0.055101842
b4/rand_5 0.054749843
b4/rand_6 0.055049843
b4/rand_7 0.054829843
b4/rand_8 0.055021842
b4/rand_9 0.055012843
b5/rand_0 0.055193842
b5/rand_1 0.054806843
b5/rand_2 0.055143842
b5/rand_3 0.054814843
b5/rand_4 0.055030842
b5/rand_5 0.054778844
b5/rand_6 0.055058843
b5/rand_7 0.055054842
b5/rand_8 0.054977843
b5/rand_9 0.054823843
b6/rand_0 0.055038842
b6/rand_1 0.054823843
b6/rand_2 0.055002843
b6/rand_3 0.054819843
b6/rand_4 0.055120842
b6/rand_5 0.054840843
b6/rand_6 0.055014843
b6/rand_7 0.054811844
b6/rand_8 0.055223842
b6/rand_9 0.055067843
b7/rand_0 0.055183842
b7/rand_1 0.054793843
b7/rand_2 0.055033843
b7/rand_3 0.054860843
b7/rand_4 0.055006843
b7/rand_5 0.054772843
b7/rand_6 0.055002843
b7/rand_7 0.054794843
b7/rand_8 0.055009842
b7/rand_9 0.054817843
b8/rand_0 0.055061842
b8/rand_1 0.054820843
b8/rand_2 0.055023843
b8/rand_3 0.055060843
b8/rand_4 0.054794843
b8/rand_5 0.055077842
b8/rand_6 0.054757844
b8/rand_7 0.055229842
b8/rand_8 0.055325842
b8/rand_9 0.055139842
b9/rand_0 0.054797844
b9/rand_1 0.055012843
b9/rand_2 0.054805843
b9/rand_3 0.055033843
b9/rand_4 0.054769844
b9/rand_5 0.055048842
b9/rand_6 0.054826843
b9/rand_7 0.055067842
b9/rand_8 0.054796844
b9/rand_9 0.055031843
c0/rand_0 0.054797843
c0/rand_1 0.055099843
c0/rand_2 0.054822843
c0/rand_3 0.055066842
c0/rand_4 0.054812843
c0/rand_5 0.055090842
c0/rand_6 0.054893843
c0/rand_7 0.055446842
c0/rand_8 0.054777844
c0/rand_9 0.055082842
c1/rand_0 0.054848843
c1/rand_1 0.055133843
c1/rand_2 0.054833844
c1/rand_3 0.055037843
c1/rand_4 0.054797843
c1/rand_5 0.055072842
c1/rand_6 0.054756844
c1/rand_7 0.055072842
c1/rand_8 0.054792843
c1/rand_9 0.055073843
c2/rand_0 0.054799843
c2/rand_1 0.055015842
c2/rand_2 0.054834843
c2/rand_3 0.055054843
c2/rand_4 0.054933843
c2/rand_5 0.055105843
c2/rand_6 0.055188842
c2/rand_7 0.055077842
c2/rand_8 0.054764843
c2/rand_9 0.055031843
c3/rand_0 0.054874843
c3/rand_1 0.055043843
c3/rand_2 0.054793844
c3/rand_3 0.055009842
c3/rand_4 0.055094843
c3/rand_5 0.055003843
c3/rand_6 0.054832843
c3/rand_7 0.055044843
c3/rand_8 0.054824844
c3/rand_9 0.055025842
c4/rand_0 0.054812844
c4/rand_1 0.055008843
c4/rand_2 0.054798843
c4/rand_3 0.055195842
c4/rand_4 0.054751844
c4/rand_5 0.055374842
c4/rand_6 0.055109842
c4/rand_7 0.054807843
c4/rand_8 0.055203842
c4/rand_9 0.054757844
c5/rand_0 0.055085842
c5/rand_1 0.054845843
c5/rand_2 0.055108843
c5/rand_3 0.054832844
c5/rand_4 0.055031842
c5/rand_5 0.054889843
c5/rand_6 0.055129842
c5/rand_7 0.054768844
c5/rand_8 0.055054843
c5/rand_9 0.054818843
c6/rand_0 0.055066843
c6/rand_1 0.054946842
c6/rand_2 0.055065843
c6/rand_3 0.054807843
c6/rand_4 0.055400841
c6/rand_5 0.054892843
c6/rand_6 0.055007843
c6/rand_7 0.054773843
c6/rand_8 0.055055843
c6/rand_9 0.054818844
c7/rand_0 0.055043842
c7/rand_1 0.054847843
c7/rand_2 0.055002843
c7/rand_3 0.054893843
c7/rand_4 0.055066842
c7/rand_5 0.054931843
c7/rand_6 0.055056843
c7/rand_7 0.054818844
c7/rand_8 0.055019842
c7/rand_9 0.054986843
c8/rand_0 0.055026843
c8/rand_1 0.054868843
c8/rand_2 0.055036843
c8/rand_3 0.055046843
c8/rand_4 0.055248842
c8/rand_5 0.054812844
c8/rand_6 0.055054843
c8/rand_7 0.054774843
c8/rand_8 0.054971843
c8/rand_9 0.054830843
c9/rand_0 0.055127843
c9/rand_1 0.054795843
c9/rand_2 0.055015842
c9/rand_3 0.054834844
c9/rand_4 0.055068843
c9/rand_5 0.054817843
c9/rand_6 0.055066842
c9/rand_7 0.054921843
c9/rand_8 0.055059843
c9/rand_9 0.054794843
d0/rand_0 0.055031843
d0/rand_1 0.054792843
d0/rand_2 0.055288842
d0/rand_3 0.054900843
d0/rand_4 0.055065842
d0/rand_5 0.054857843
d0/rand_6 0.055121842
d0/rand_7 0.054806844
d0/rand_8 0.054987843
d0/rand_9 0.055081843
d1/rand_0 0.055077842
d1/rand_1 0.055060843
d1/rand_2 0.054714843
d1/rand_3 0.055086843
d1/rand_4 0.054758843
d1/rand_5 0.055113842
d1/rand_6 0.054882843
d1/rand_7 0.055041843
d1/rand_8 0.054743843
d1/rand_9 0.055089843
d2/rand_0 0.054768843
d2/rand_1 0.055272842
d2/rand_2 0.054987843
d2/rand_3 0.055053843
d2/rand_4 0.054765843
d2/rand_5 0.055089843
d2/rand_6 0.054939842
d2/rand_7 0.055063843
d2/rand_8 0.054788843
d2/rand_9 0.055048843
d3/rand_0 0.054864843
d3/rand_1 0.055061843
d3/rand_2 0.054754844
d3/rand_3 0.055133842
d3/rand_4 0.054842843
d3/rand_5 0.055012843
d3/rand_6 0.054761843
d3/rand_7 0.055095843
d3/rand_8 0.054814844
d3/rand_9 0.055057842
d4/rand_0 0.054913843
d4/rand_1 0.055270842
d4/rand_2 0.054876843
d4/rand_3 0.055031843
d4/rand_4 0.054788843
d4/rand_5 0.055021843
d4/rand_6 0.054837843
d4/rand_7 0.055119842
d4/rand_8 0.054802843
d4/rand_9 0.055024843
d5/rand_0 0.054834843
d5/rand_1 0.055015843
d5/rand_2 0.054894843
d5/rand_3 0.055014842
d5/rand_4 0.054833844
d5/rand_5 0.055115842
d5/rand_6 0.054886843
d5/rand_7 0.055119842
d5/rand_8 0.054917843
d5/rand_9 0.055155842
d6/rand_0 0.055172843
d6/rand_1 0.055028842
d6/rand_2 0.054887843
d6/rand_3 0.055053843
d6/rand_4 0.054831843
d6/rand_5 0.054984843
d6/rand_6 0.054797843
d6/rand_7 0.054996843
d6/rand_8 0.054771844
d6/rand_9 0.054999843
d7/rand_0 0.055191842
d7/rand_1 0.054799843
d7/rand_2 0.055099843
d7/rand_3 0.054774844
d7/rand_4 0.055025843
d7/rand_5 0.054793844
d7/rand_6 0.055089842
d7/rand_7 0.054748844
d7/rand_8 0.055047843
d7/rand_9 0.055139842
d8/rand_0 0.055032842
d8/rand_1 0.054775844
d8/rand_2 0.055060843
d8/rand_3 0.054834843
d8/rand_4 0.055012843
d8/rand_5 0.054778843
d8/rand_6 0.055084843
d8/rand_7 0.055093842
d8/rand_8 0.055160842
d8/rand_9 0.054796844
d9/rand_0 0.054970843
d9/rand_1 0.054782843
d9/rand_2 0.055024843
d9/rand_3 0.054851844
d9/rand_4 0.055022842
d9/rand_5 0.054837843
d9/rand_6 0.055056843
d9/rand_7 0.054817843
d9/rand_8 0.055477842
d9/rand_9 0.054917843
e0/rand_0 0.055057842
e0/rand_1 0.054781844
e0/rand_2 0.054997842
e0/rand_3 0.054805844
e0/rand_4 0.055054843
e0/rand_5 0.054803843
e0/rand_6 0.055170843
e0/rand_7 0.054801843
e0/rand_8 0.055018843
e0/rand_9 0.054844844
e1/rand_0 0.055022843
e1/rand_1 0.054760844
e1/rand_2 0.055094842
e1/rand_3 0.054864843
e1/rand_4 0.055129843
e1/rand_5 0.054816843
e1/rand_6 0.055064843
e1/rand_7 0.055178843
e1/rand_8 0.055161842
e1/rand_9 0.054836843
e2/rand_0 0.054987843
e2/rand_1 0.054787844
e2/rand_2 0.055003843
e2/rand_3 0.054821843
e2/rand_4 0.055179843
e2/rand_5 0.054780843
e2/rand_6 0.055047843
e2/rand_7 0.054752844
e2/rand_8 0.055028843
e2/rand_9 0.054881843
e3/rand_0 0.055016843
e3/rand_1 0.054778843
e3/rand_2 0.055041843
e3/rand_3 0.055087843
e3/rand_4 0.054915843
e3/rand_5 0.055103842
e3/rand_6 0.055188843
e3/rand_7 0.055169842
e3/rand_8 0.054807843
e3/rand_9 0.055138842
e4/rand_0 0.054762843
e4/rand_1 0.055108843
e4/rand_2 0.054805844
e4/rand_3 0.055230842
e4/rand_4 0.054782843
e4/rand_5 0.055047843
e4/rand_6 0.054908843
e4/rand_7 0.055116842
e4/rand_8 0.054823844
e4/rand_9 0.055050843
e5/rand_0 0.054817844
e5/rand_1 0.055066842
e5/rand_2 0.054772844
e5/rand_3 0.055046843
e5/rand_4 0.054832843
e5/rand_5 0.055398842
e5/rand_6 0.054863843
e5/rand_7 0.055042843
e5/rand_8 0.054855843
e5/rand_9 0.055060842
e6/rand_0 0.054826843
e6/rand_1 0.055144842
e6/rand_2 0.054822844
e6/rand_3 0.055148843
e6/rand_4 0.055109842
e6/rand_5 0.055071843
e6/rand_6 0.054923843
e6/rand_7 0.055035842
e6/rand_8 0.054804844
e6/rand_9 0.055012842
e7/rand_0 0.054768843
e7/rand_1 0.055072843
e7/rand_2 0.054882843
e7/rand_3 0.055070842
e7/rand_4 0.055074843
e7/rand_5 0.055240842
e7/rand_6 0.054811843
e7/rand_7 0.055082843
e7/rand_8 0.054784843
e7/rand_9 0.055177842
e8/rand_0 0.054843843
e8/rand_1 0.055007843
e8/rand_2 0.054819843
e8/rand_3 0.055023843
e8/rand_4 0.054871843
e8/rand_5 0.055079842
e8/rand_6 0.054831844
e8/rand_7 0.055059843
e8/rand_8 0.054861843
e8/rand_9 0.055042843
e9/rand_0 0.054753844
e9/rand_1 0.055070842
e9/rand_2 0.054834843
e9/rand_3 0.055294842
e9/rand_4 0.054919843
e9/rand_5 0.055027843
e9/rand_6 0.055080843
e9/rand_7 0.054938843
e9/rand_8 0.055174843
e9/rand_9 0.054857843
f0/rand_0 0.055113843
f0/rand_1 0.054804843
f0/rand_2 0.055139842
f0/rand_3 0.054761844
f0/rand_4 0.055088842
f0/rand_5 0.054804844
f0/rand_6 0.055043842
f0/rand_7 0.054774844
f0/rand_8 0.055136842
f0/rand_9 0.054817844
f1/rand_0 0.055029843
f1/rand_1 0.054848844
f1/rand_2 0.055218842
f1/rand_3 0.054995843
f1/rand_4 0.055095842
f1/rand_5 0.054927843
f1/rand_6 0.055109843
f1/rand_7 0.054826843
f1/rand_8 0.055027843
f1/rand_9 0.054761843
f2/rand_0 0.054958843
f2/rand_1 0.054801844
f2/rand_2 0.055002843
f2/rand_3 0.054763844
f2/rand_4 0.055015843
f2/rand_5 0.054838844
f2/rand_6 0.055061842
f2/rand_7 0.054786844
f2/rand_8 0.055063842
f2/rand_9 0.054819844
f3/rand_0 0.055023843
f3/rand_1 0.054990843
f3/rand_2 0.055282842
f3/rand_3 0.054953843
f3/rand_4 0.055110843
f3/rand_5 0.054791843
f3/rand_6 0.055081843
f3/rand_7 0.054799843
f3/rand_8 0.055064843
f3/rand_9 0.054823843
f4/rand_0 0.055243843
f4/rand_1 0.054791844
f4/rand_2 0.055001843
f4/rand_3 0.054809843
f4/rand_4 0.055044843
f4/rand_5 0.054821843
f4/rand_6 0.055012843
f4/rand_7 0.054880843
f4/rand_8 0.055017843
f4/rand_9 0.054796843
f5/rand_0 0.055059843
f5/rand_1 0.055119843
f5/rand_2 0.055158843
f5/rand_3 0.054845843
f5/rand_4 0.055032843
f5/rand_5 0.054791843
f5/rand_6 0.055022843
f5/rand_7 0.055068843
f5/rand_8 0.054788843
f5/rand_9 0.055114843
f6/rand_0 0.054916843
f6/rand_1 0.055049843
f6/rand_2 0.054771844
f6/rand_3 0.055068843
f6/rand_4 0.054812843
f6/rand_5 0.055067843
f6/rand_6 0.054791843
f6/rand_7 0.055077843
f6/rand_8 0.054873843
f6/rand_9 0.055035843
f7/rand_0 0.055331842
f7/rand_1 0.055069842
f7/rand_2 0.054865844
f7/rand_3 0.055040842
f7/rand_4 0.054894843
f7/rand_5 0.055069843
f7/rand_6 0.054843843
f7/rand_7 0.055038843
f7/rand_8 0.054836843
f7/rand_9 0.055044843
f8/rand_0 0.054772844
f8/rand_1 0.055064843
f8/rand_2 0.054782844
f8/rand_3 0.055075843
f8/rand_4 0.054854844
f8/rand_5 0.055005843
f8/rand_6 0.054829843
f8/rand_7 0.055073843
f8/rand_8 0.054905844
f8/rand_9 0.055400841
f9/rand_0 0.054775843
f9/rand_1 0.055065843
f9/rand_2 0.054922843
f9/rand_3 0.055048843
f9/rand_4 0.054792844
f9/rand_5 0.055052843
f9/rand_6 0.054804843
f9/rand_7 0.055045843
f9/rand_8 0.054799843
f9/rand_9 0.055038843
g0/rand_0 0.054752844
g0/rand_1 0.055089842
g0/rand_2 0.054793844
g0/rand_3 0.055043843
g0/rand_4 0.054815844
g0/rand_5 0.055087843
g0/rand_6 0.054938844
g0/rand_7 0.055031842
g0/rand_8 0.055197843
g0/rand_9 0.055089842
g1/rand_0 0.054761844
g1/rand_1 0.055028843
g1/rand_2 0.054906843
g1/rand_3 0.055055843
g1/rand_4 0.054769843
g1/rand_5 0.055060843
g1/rand_6 0.054784843
g1/rand_7 0.055312842
g1/rand_8 0.054794844
g1/rand_9 0.055004843
g2/rand_0 0.055068843
g2/rand_1 0.054803844
g2/rand_2 0.055097843
g2/rand_3 0.054802844
g2/rand_4 0.055229842
g2/rand_5 0.054814844
g2/rand_6 0.055134842
g2/rand_7 0.055081843
g2/rand_8 0.055148842
g2/rand_9 0.054814844
g3/rand_0 0.055122842
g3/rand_1 0.054831844
g3/rand_2 0.055004843
g3/rand_3 0.054940843
g3/rand_4 0.055084842
g3/rand_5 0.054969843
g3/rand_6 0.055140843
g3/rand_7 0.054912843
g3/rand_8 0.055229842
g3/rand_9 0.054902843
g4/rand_0 0.055132842
g4/rand_1 0.054899843
g4/rand_2 0.055256843
g4/rand_3 0.054944844
g4/rand_4 0.055118843
g4/rand_5 0.054890843
g4/rand_6 0.055379842
g4/rand_7 0.055020843
g4/rand_8 0.055093843
g4/rand_9 0.054788844
g5/rand_0 0.055014843
g5/rand_1 0.054838843
g5/rand_2 0.055076843
g5/rand_3 0.054858843
g5/rand_4 0.055002843
g5/rand_5 0.054874844
g5/rand_6 0.055035843
g5/rand_7 0.054793844
g5/rand_8 0.055051842
g5/rand_9 0.054861844
g6/rand_0 0.054989843
g6/rand_1 0.054988843
g6/rand_2 0.054989843
g6/rand_3 0.054832843
g6/rand_4 0.055048843
g6/rand_5 0.055116842
g6/rand_6 0.055164843
g6/rand_7 0.054830843
g6/rand_8 0.055010843
g6/rand_9 0.054809844
g7/rand_0 0.055066843
g7/rand_1 0.054848844
g7/rand_2 0.055072843
g7/rand_3 0.054823844
g7/rand_4 0.055022843
g7/rand_5 0.054828843
g7/rand_6 0.055091843
g7/rand_7 0.054803843
g7/rand_8 0.055018843
g7/rand_9 0.054991843
g8/rand_0 0.055036843
g8/rand_1 0.054843843
g8/rand_2 0.055037843
g8/rand_3 0.055052843
g8/rand_4 0.055116843
g8/rand_5 0.055329843
g8/rand_6 0.054890844
g8/rand_7 0.055122842
g8/rand_8 0.054908843
g8/rand_9 0.055104843
g9/rand_0 0.054847844
g9/rand_1 0.055052842
g9/rand_2 0.054793844
g9/rand_3 0.055309842
g9/rand_4 0.054833843
g9/rand_5 0.055041843
g9/rand_6 0.054784844
g9/rand_7 0.055157842
g9/rand_8 0.054855843
g9/rand_9 0.055005843
h0/rand_0 0.054777844
h0/rand_1 0.055089843
h0/rand_2 0.054783843
h0/rand_3 0.055206843
h0/rand_4 0.055007843
h0/rand_5 0.055014843
h0/rand_6 0.054855844
h0/rand_7 0.055046843
h0/rand_8 0.054804844
h0/rand_9 0.055059843
h1/rand_0 0.054840844
h1/rand_1 0.055058843
h1/rand_2 0.054752844
h1/rand_3 0.055086843
h1/rand_4 0.054910843
h1/rand_5 0.055185842
h1/rand_6 0.054897843
h1/rand_7 0.055067843
h1/rand_8 0.054902843
h1/rand_9 0.055074843
h2/rand_0 0.054881844
h2/rand_1 0.055136842
h2/rand_2 0.054943843
h2/rand_3 0.055347842
h2/rand_4 0.054793844
h2/rand_5 0.055005843
h2/rand_6 0.054789844
h2/rand_7 0.055072843
h2/rand_8 0.054824843
h2/rand_9 0.055054843
h3/rand_0 0.054769844
h3/rand_1 0.055066843
h3/rand_2 0.054806843
h3/rand_3 0.055141843
h3/rand_4 0.054815843
h3/rand_5 0.055031843
h3/rand_6 0.054828843
h3/rand_7 0.055027843
h3/rand_8 0.054783844
h3/rand_9 0.055025843
h4/rand_0 0.054887843
h4/rand_1 0.055200843
h4/rand_2 0.055245842
h4/rand_3 0.055150842
h4/rand_4 0.055147843
h4/rand_5 0.054895843
h4/rand_6 0.055201843
h4/rand_7 0.054846843
h4/rand_8 0.055172843
h4/rand_9 0.054918844
h5/rand_0 0.055208842
h5/rand_1 0.054990843
h5/rand_2 0.055205843
h5/rand_3 0.054900843
h5/rand_4 0.055145843
h5/rand_5 0.054959843
h5/rand_6 0.055019843
h5/rand_7 0.054793843
h5/rand_8 0.055094843
h5/rand_9 0.054810843
h6/rand_0 0.055022843
h6/rand_1 0.055213843
h6/rand_2 0.055030843
h6/rand_3 0.054916843
h6/rand_4 0.055059843
h6/rand_5 0.054798843
h6/rand_6 0.055034843
h6/rand_7 0.054823844
h6/rand_8 0.054999843
h6/rand_9 0.054914843
h7/rand_0 0.055382842
h7/rand_1 0.054791844
h7/rand_2 0.055107843
h7/rand_3 0.054836844
h7/rand_4 0.055029843
h7/rand_5 0.054803843
h7/rand_6 0.055042843
h7/rand_7 0.054780844
h7/rand_8 0.055038843
h7/rand_9 0.054820843
h8/rand_0 0.055431842
h8/rand_1 0.054864844
h8/rand_2 0.055095842
h8/rand_3 0.054871844
h8/rand_4 0.055060843
h8/rand_5 0.054771844
h8/rand_6 0.055038843
h8/rand_7 0.054810844
h8/rand_8 0.055192842
h8/rand_9 0.054755844
h9/rand_0 0.055034843
h9/rand_1 0.054815844
h9/rand_2 0.055124843
h9/rand_3 0.054769844
h9/rand_4 0.055035843
h9/rand_5 0.054816843
h9/rand_6 0.054998843
h9/rand_7 0.054836844
h9/rand_8 0.055028843
h9/rand_9 0.055247843
i0/rand_0 0.055066843
i0/rand_1 0.054844843
i0/rand_2 0.055034843
i0/rand_3 0.054801844
i0/rand_4 0.055036843
i0/rand_5 0.054788843
i0/rand_6 0.055159843
i0/rand_7 0.055069843
i0/rand_8 0.054808843
i0/rand_9 0.055120843
i1/rand_0 0.054801844
i1/rand_1 0.055098843
i1/rand_2 0.054870843
i1/rand_3 0.055095843
i1/rand_4 0.054774843
i1/rand_5 0.055099843
i1/rand_6 0.054832844
i1/rand_7 0.055043843
i1/rand_8 0.055108843
i1/rand_9 0.055114843
i2/rand_0 0.054813844
i2/rand_1 0.055048843
i2/rand_2 0.054778843
i2/rand_3 0.055069843
i2/rand_4 0.054972843
i2/rand_5 0.055062843
i2/rand_6 0.054860844
i2/rand_7 0.055011844
i2/rand_8 0.054837844
i2/rand_9 0.055054843
i3/rand_0 0.054867844
i3/rand_1 0.055014844
i3/rand_2 0.054780844
i3/rand_3 0.055057843
i3/rand_4 0.054833844
i3/rand_5 0.055015844
i3/rand_6 0.054773844
i3/rand_7 0.055266842
i3/rand_8 0.054956844
i3/rand_9 0.055040843
i4/rand_0 0.054804843
i4/rand_1 0.055052843
i4/rand_2 0.054964843
i4/rand_3 0.055008843
i4/rand_4 0.054797844
i4/rand_5 0.055068843
i4/rand_6 0.055069843
i4/rand_7 0.055041843
i4/rand_8 0.054947843
i4/rand_9 0.055105843
i5/rand_0 0.054959843
i5/rand_1 0.055134843
i5/rand_2 0.054944843
i5/rand_3 0.055141843
i5/rand_4 0.054879843
i5/rand_5 0.055116843
i5/rand_6 0.055284842
i5/rand_7 0.055234843
i5/rand_8 0.054892844
i5/rand_9 0.055131843
i6/rand_0 0.054992843
i6/rand_1 0.055104843
i6/rand_2 0.054937843
i6/rand_3 0.055098843
i6/rand_4 0.054847843
i6/rand_5 0.055035843
i6/rand_6 0.054874844
i6/rand_7 0.055145842
i6/rand_8 0.054889844
i6/rand_9 0.055061843
i7/rand_0 0.055067843
i7/rand_1 0.054832843
i7/rand_2 0.055190843
i7/rand_3 0.054780843
i7/rand_4 0.055120843
i7/rand_5 0.055043843
i7/rand_6 0.055266842
i7/rand_7 0.054805844
i7/rand_8 0.055148843
i7/rand_9 0.054840843
i8/rand_0 0.055054843
i8/rand_1 0.054783844
i8/rand_2 0.055079843
i8/rand_3 0.054774844
i8/rand_4 0.055054843
i8/rand_5 0.054834844
i8/rand_6 0.055020843
i8/rand_7 0.054857844
i8/rand_8 0.055033843
i8/rand_9 0.054803844
i9/rand_0 0.055044843
i9/rand_1 0.054742844
i9/rand_2 0.055169843
i9/rand_3 0.054858843
i9/rand_4 0.055279843
i9/rand_5 0.054995843
i9/rand_6 0.055016843
i9/rand_7 0.054965843
i9/rand_8 0.055099843
i9/rand_9 0.054773844
j0/rand_0 0.054992843
j0/rand_1 0.054835843
j0/rand_2 0.055093843
j0/rand_3 0.054867844
j0/rand_4 0.055083843
j0/rand_5 0.054783844
j0/rand_6 0.055052843
j0/rand_7 0.054753844
j0/rand_8 0.055018843
j0/rand_9 0.054853844
j1/rand_0 0.055005843
j1/rand_1 0.054767844
j1/rand_2 0.055028844
j1/rand_3 0.054929843
j1/rand_4 0.055268842
j1/rand_5 0.054946844
j1/rand_6 0.055082843
j1/rand_7 0.054818844
j1/rand_8 0.055050843
j1/rand_9 0.054797844
j2/rand_0 0.055003843
j2/rand_1 0.054824843
j2/rand_2 0.054998844
j2/rand_3 0.055088843
j2/rand_4 0.054938844
j2/rand_5 0.054791843
j2/rand_6 0.055018843
j2/rand_7 0.054903844
j2/rand_8 0.055017843
j2/rand_9 0.054885843
j3/rand_0 0.054987844
j3/rand_1 0.055052843
j3/rand_2 0.054840843
j3/rand_3 0.055555842
j3/rand_4 0.054822843
j3/rand_5 0.055038843
j3/rand_6 0.054744844
j3/rand_7 0.055038843
j3/rand_8 0.054841844
j3/rand_9 0.055098843
j4/rand_0 0.054825843
j4/rand_1 0.055135843
j4/rand_2 0.054804844
j4/rand_3 0.055088843
j4/rand_4 0.054804843
j4/rand_5 0.055091843
j4/rand_6 0.054791844
j4/rand_7 0.055042843
j4/rand_8 0.054757844
j4/rand_9 0.055004843
j5/rand_0 0.054844844
j5/rand_1 0.055125843
j5/rand_2 0.055274843
j5/rand_3 0.055021843
j5/rand_4 0.054847844
j5/rand_5 0.055133843
j5/rand_6 0.054874844
j5/rand_7 0.055090843
j5/rand_8 0.054867843
j5/rand_9 0.055097843
j6/rand_0 0.054905844
j6/rand_1 0.055117843
j6/rand_2 0.054870844
j6/rand_3 0.055065843
j6/rand_4 0.054922843
j6/rand_5 0.055220843
j6/rand_6 0.054865843
j6/rand_7 0.055143843
j6/rand_8 0.054844844
j6/rand_9 0.055183842
j7/rand_0 0.054876843
j7/rand_1 0.055451842
j7/rand_2 0.054844844
j7/rand_3 0.055095843
j7/rand_4 0.054793844
j7/rand_5 0.055123843
j7/rand_6 0.054862844
j7/rand_7 0.055036843
j7/rand_8 0.054756844
j7/rand_9 0.055033844
j8/rand_0 0.054837843
j8/rand_1 0.055028843
j8/rand_2 0.054820844
j8/rand_3 0.055031843
j8/rand_4 0.054836844
j8/rand_5 0.055067843
j8/rand_6 0.054813844
j8/rand_7 0.055176843
j8/rand_8 0.054845844
j8/rand_9 0.055084843
j9/rand_0 0.055165843
j9/rand_1 0.055035843
j9/rand_2 0.054842843
j9/rand_3 0.055042843
j9/rand_4 0.055197843
j9/rand_5 0.054791844
j9/rand_6 0.055158842
j9/rand_7 0.054806844
j9/rand_8 0.055059843
j9/rand_9 0.054998843
k0/rand_0 0.054993844
k0/rand_1 0.054815844
k0/rand_2 0.055083843
k0/rand_3 0.054799844
k0/rand_4 0.055050843
k0/rand_5 0.054887843
k0/rand_6 0.055176843
k0/rand_7 0.054806844
k0/rand_8 0.055012843
k0/rand_9 0.055192843
k1/rand_0 0.055190842
k1/rand_1 0.054784844
k1/rand_2 0.055083843
k1/rand_3 0.054776844
k1/rand_4 0.055085843
k1/rand_5 0.054770844
k1/rand_6 0.055054843
k1/rand_7 0.054844843
k1/rand_8 0.055064843
k1/rand_9 0.054823844
k2/rand_0 0.055038843
k2/rand_1 0.054758844
k2/rand_2 0.055010843
k2/rand_3 0.054797844
k2/rand_4 0.055132843
k2/rand_5 0.054802844
k2/rand_6 0.055093843
k2/rand_7 0.057962835
k2/rand_8 0.059260831
k2/rand_9 0.057600836
k3/rand_0 0.054868844
k3/rand_1 0.054872843
k3/rand_2 0.055011843
k3/rand_3 0.055187843
k3/rand_4 0.054938843
k3/rand_5 0.054984844
k3/rand_6 0.054766844
k3/rand_7 0.055126843
k3/rand_8 0.054893844
k3/rand_9 0.055012843
k4/rand_0 0.054883844
k4/rand_1 0.055096843
k4/rand_2 0.054833843
k4/rand_3 0.055089843
k4/rand_4 0.054825844
k4/rand_5 0.055069843
k4/rand_6 0.054937843
k4/rand_7 0.055023844
k4/rand_8 0.054866844
k4/rand_9 0.055046843
k5/rand_0 0.054811844
k5/rand_1 0.055041843
k5/rand_2 0.054818844
k5/rand_3 0.055032843
k5/rand_4 0.054945843
k5/rand_5 0.054965844
k5/rand_6 0.054919843
k5/rand_7 0.055024843
k5/rand_8 0.054811844
k5/rand_9 0.054988843
k6/rand_0 0.055083843
k6/rand_1 0.054963844
k6/rand_2 0.055210842
k6/rand_3 0.054988844
k6/rand_4 0.055137842
k6/rand_5 0.054947844
k6/rand_6 0.055141843
k6/rand_7 0.054882843
k6/rand_8 0.055098843
k6/rand_9 0.054847844
k7/rand_0 0.055234843
k7/rand_1 0.055103843
k7/rand_2 0.055126842
k7/rand_3 0.054867844
k7/rand_4 0.055249843
k7/rand_5 0.054873843
k7/rand_6 0.055203843
k7/rand_7 0.054762844
k7/rand_8 0.055104843
k7/rand_9 0.054804844
k8/rand_0 0.055124843
k8/rand_1 0.054835843
k8/rand_2 0.055032843
k8/rand_3 0.054916844
k8/rand_4 0.055083843
k8/rand_5 0.054859844
k8/rand_6 0.055106843
k8/rand_7 0.054824844
k8/rand_8 0.055070843
k8/rand_9 0.054836844
k9/rand_0 0.055063843
k9/rand_1 0.054839844
k9/rand_2 0.055119843
k9/rand_3 0.055038843
k9/rand_4 0.055037843
k9/rand_5 0.054799844
k9/rand_6 0.055103843
k9/rand_7 0.054792844
k9/rand_8 0.055038844
k9/rand_9 0.054937843
l0/rand_0 0.055009844
l0/rand_1 0.054854844
l0/rand_2 0.054982843
l0/rand_3 0.054782844
l0/rand_4 0.055039843
l0/rand_5 0.054770844
l0/rand_6 0.054967844
l0/rand_7 0.054833843
l0/rand_8 0.054959844
l0/rand_9 0.054876843
l1/rand_0 0.054987843
l1/rand_1 0.054991843
l1/rand_2 0.055028843
l1/rand_3 0.054935844
l1/rand_4 0.055017843
l1/rand_5 0.054901844
l1/rand_6 0.055086844
l1/rand_7 0.054818844
l1/rand_8 0.055132843
l1/rand_9 0.054836844
l2/rand_0 0.055081843
l2/rand_1 0.054853844
l2/rand_2 0.055081843
l2/rand_3 0.055071843
l2/rand_4 0.054825844
l2/rand_5 0.055072844
l2/rand_6 0.054816844
l2/rand_7 0.055071843
l2/rand_8 0.054850844
l2/rand_9 0.055066843
l3/rand_0 0.054903844
l3/rand_1 0.055089843
l3/rand_2 0.054792844
l3/rand_3 0.055093843
l3/rand_4 0.054776844
l3/rand_5 0.055053843
l3/rand_6 0.054863844
l3/rand_7 0.055061844
l3/rand_8 0.054850843
l3/rand_9 0.055056843
l4/rand_0 0.054778844
l4/rand_1 0.055088844
l4/rand_2 0.054843844
l4/rand_3 0.055076843
l4/rand_4 0.054911844
l4/rand_5 0.055128843
l4/rand_6 0.054860843
l4/rand_7 0.055052844
l4/rand_8 0.055040844
l4/rand_9 0.055194842
l5/rand_0 0.054913843
l5/rand_1 0.055077843
l5/rand_2 0.054801844
l5/rand_3 0.055079843
l5/rand_4 0.054866844
l5/rand_5 0.055101843
l5/rand_6 0.054923843
l5/rand_7 0.055085843
l5/rand_8 0.054834844
l5/rand_9 0.055027843
l6/rand_0 0.054866843
l6/rand_1 0.055023844
l6/rand_2 0.054857844
l6/rand_3 0.055079843
l6/rand_4 0.054882844
l6/rand_5 0.055064843
l6/rand_6 0.054801844
l6/rand_7 0.055126843
l6/rand_8 0.054892843
l6/rand_9 0.055149843
l7/rand_0 0.054970843
l7/rand_1 0.055110843
l7/rand_2 0.054968843
l7/rand_3 0.055081844
l7/rand_4 0.054980844
l7/rand_5 0.055106843
l7/rand_6 0.054914843
l7/rand_7 0.055156843
l7/rand_8 0.054843844
l7/rand_9 0.055172843
l8/rand_0 0.054973843
l8/rand_1 0.055107843
l8/rand_2 0.054855844
l8/rand_3 0.055099843
l8/rand_4 0.055088843
l8/rand_5 0.054789844
l8/rand_6 0.055222843
l8/rand_7 0.054848844
l8/rand_8 0.055183843
l8/rand_9 0.054826844
l9/rand_0 0.055033844
l9/rand_1 0.054853844
l9/rand_2 0.055097843
l9/rand_3 0.054872844
l9/rand_4 0.055133843
l9/rand_5 0.054746844
l9/rand_6 0.055061843
l9/rand_7 0.054852844
l9/rand_8 0.055044843
l9/rand_9 0.054771844
m0/rand_0 0.055046843
m0/rand_1 0.054813844
m0/rand_2 0.055032843
m0/rand_3 0.054779844
m0/rand_4 0.055181843
m0/rand_5 0.054796844
m0/rand_6 0.055133843
m0/rand_7 0.054742844
m0/rand_8 0.055027843
m0/rand_9 0.054825844
m1/rand_0 0.055095843
m1/rand_1 0.054939844
m1/rand_2 0.055101843
m1/rand_3 0.054836844
m1/rand_4 0.055037844
m1/rand_5 0.054822844
m1/rand_6 0.055044844
m1/rand_7 0.054819844
m1/rand_8 0.055048844
m1/rand_9 0.054765844
m2/rand_0 0.055061843
m2/rand_1 0.054814844
m2/rand_2 0.055043843
m2/rand_3 0.054861844
m2/rand_4 0.055319842
m2/rand_5 0.054794844
m2/rand_6 0.055044843
m2/rand_7 0.054775844
m2/rand_8 0.055098843
m2/rand_9 0.054818844
m3/rand_0 0.055087844
m3/rand_1 0.054764844
m3/rand_2 0.054986844
m3/rand_3 0.054898844
m3/rand_4 0.055035844
m3/rand_5 0.054794844
m3/rand_6 0.055013843
m3/rand_7 0.054780844
m3/rand_8 0.055061843
m3/rand_9 0.054761844
m4/rand_0 0.054997844
m4/rand_1 0.054846844
m4/rand_2 0.055169843
m4/rand_3 0.054775844
m4/rand_4 0.055016843
m4/rand_5 0.054839844
m4/rand_6 0.055059843
m4/rand_7 0.055189843
m4/rand_8 0.054880844
m4/rand_9 0.055116843
m5/rand_0 0.054795844
m5/rand_1 0.055071843
m5/rand_2 0.054885844
m5/rand_3 0.055168843
m5/rand_4 0.054798844
m5/rand_5 0.055046843
m5/rand_6 0.054836844
m5/rand_7 0.055066843
m5/rand_8 0.054836844
m5/rand_9 0.055079843
m6/rand_0 0.054927844
m6/rand_1 0.055159843
m6/rand_2 0.054826844
m6/rand_3 0.055121843
m6/rand_4 0.054866844
m6/rand_5 0.055071843
m6/rand_6 0.054871844
m6/rand_7 0.055219843
m6/rand_8 0.054961844
m6/rand_9 0.055098843
m7/rand_0 0.054808844
m7/rand_1 0.055094843
m7/rand_2 0.054854844
m7/rand_3 0.055008843
m7/rand_4 0.054811844
m7/rand_5 0.055112843
m7/rand_6 0.054968844
m7/rand_7 0.055223843
m7/rand_8 0.054948844
m7/rand_9 0.055256843
m8/rand_0 0.054898844
m8/rand_1 0.055138843
m8/rand_2 0.054977843
m8/rand_3 0.055155843
m8/rand_4 0.054950844
m8/rand_5 0.055127843
m8/rand_6 0.054921843
m8/rand_7 0.055087843
m8/rand_8 0.054866844
m8/rand_9 0.055181843
m9/rand_0 0.054852844
m9/rand_1 0.054996844
m9/rand_2 0.054818844
m9/rand_3 0.055067844
m9/rand_4 0.054927843
m9/rand_5 0.054991844
m9/rand_6 0.054876843
m9/rand_7 0.055077844
m9/rand_8 0.054823844
m9/rand_9 0.055040844
n0/rand_0 0.054842844
n0/rand_1 0.055401842
n0/rand_2 0.054796844
n0/rand_3 0.055092843
n0/rand_4 0.054816844
n0/rand_5 0.055118843
n0/rand_6 0.054848844
n0/rand_7 0.055013843
n0/rand_8 0.054794844
n0/rand_9 0.055023844
n1/rand_0 0.055119843
n1/rand_1 0.054848844
n1/rand_2 0.055106843
n1/rand_3 0.054789844
n1/rand_4 0.055150843
n1/rand_5 0.054840844
n1/rand_6 0.055191843
n1/rand_7 0.054870844
n1/rand_8 0.055109843
n1/rand_9 0.054852844
n2/rand_0 0.055064844
n2/rand_1 0.054832845
n2/rand_2 0.055154843
n2/rand_3 0.054825844
n2/rand_4 0.055081844
n2/rand_5 0.054918844
n2/rand_6 0.055122843
n2/rand_7 0.054878844
n2/rand_8 0.055087843
n2/rand_9 0.054826844
n3/rand_0 0.055020844
n3/rand_1 0.054868844
n3/rand_2 0.054995844
n3/rand_3 0.054868844
n3/rand_4 0.055075843
n3/rand_5 0.054898844
n3/rand_6 0.055057843
n3/rand_7 0.054802844
n3/rand_8 0.055088843
n3/rand_9 0.054858844
n4/rand_0 0.055074843
n4/rand_1 0.054829844
n4/rand_2 0.055097843
n4/rand_3 0.054847844
n4/rand_4 0.055085843
n4/rand_5 0.054834844
n4/rand_6 0.055054844
n4/rand_7 0.054828844
n4/rand_8 0.055044844
n4/rand_9 0.054775844
n5/rand_0 0.055115843
n5/rand_1 0.054898844
n5/rand_2 0.055035843
n5/rand_3 0.054942844
n5/rand_4 0.055065843
n5/rand_5 0.054944844
n5/rand_6 0.055084843
n5/rand_7 0.054793844
n5/rand_8 0.055022843
n5/rand_9 0.054790844
n6/rand_0 0.055110844
n6/rand_1 0.054872843
n6/rand_2 0.054965844
n6/rand_3 0.054812844
n6/rand_4 0.055039843
n6/rand_5 0.054872844
n6/rand_6 0.054969844
n6/rand_7 0.054844844
n6/rand_8 0.055040844
n6/rand_9 0.054907844
n7/rand_0 0.054978843
n7/rand_1 0.055080844
n7/rand_2 0.054900844
n7/rand_3 0.055112843
n7/rand_4 0.054878844
n7/rand_5 0.055099843
n7/rand_6 0.054780844
n7/rand_7 0.055350843
n7/rand_8 0.054799844
n7/rand_9 0.055079843
n8/rand_0 0.054831844
n8/rand_1 0.055023844
n8/rand_2 0.054983843
n8/rand_3 0.055082843
n8/rand_4 0.054924844
n8/rand_5 0.055110843
n8/rand_6 0.054973844
n8/rand_7 0.055127843
n8/rand_8 0.054909844
n8/rand_9 0.055178843
n9/rand_0 0.054963844
n9/rand_1 0.055192843
n9/rand_2 0.054870844
n9/rand_3 0.055166843
n9/rand_4 0.054867844
n9/rand_5 0.055072843
n9/rand_6 0.054946844
n9/rand_7 0.055111843
n9/rand_8 0.054843844
n9/rand_9 0.055045844
o0/rand_0 0.054784844
o0/rand_1 0.055081843
o0/rand_2 0.054898844
o0/rand_3 0.055052843
o0/rand_4 0.054834844
o0/rand_5 0.055014844
o0/rand_6 0.054855845
o0/rand_7 0.055029844
o0/rand_8 0.054803844
o0/rand_9 0.055153843
o1/rand_0 0.054834844
o1/rand_1 0.055086843
o1/rand_2 0.054902844
o1/rand_3 0.055074843
o1/rand_4 0.054837844
o1/rand_5 0.055093844
o1/rand_6 0.054795845
o1/rand_7 0.055033843
o1/rand_8 0.054834844
o1/rand_9 0.055057843
o2/rand_0 0.054758845
o2/rand_1 0.054985843
o2/rand_2 0.054819844
o2/rand_3 0.055156843
o2/rand_4 0.054855844
o2/rand_5 0.055032843
o2/rand_6 0.054836844
o2/rand_7 0.055111844
o2/rand_8 0.054987844
o2/rand_9 0.055069843
o3/rand_0 0.054853844
o3/rand_1 0.055047844
o3/rand_2 0.054838844
o3/rand_3 0.055048843
o3/rand_4 0.055127843
o3/rand_5 0.054827844
o3/rand_6 0.055099844
o3/rand_7 0.054797845
o3/rand_8 0.055104843
o3/rand_9 0.054799844
o4/rand_0 0.055157843
o4/rand_1 0.054766844
o4/rand_2 0.055106844
o4/rand_3 0.054827845
o4/rand_4 0.055638842
o4/rand_5 0.056637839
o4/rand_6 0.055036844
o4/rand_7 0.054922844
o4/rand_8 0.055325843
o4/rand_9 0.054964843
o5/rand_0 0.055007843
o5/rand_1 0.054892844
o5/rand_2 0.055056843
o5/rand_3 0.054817844
o5/rand_4 0.055129843
o5/rand_5 0.054883844
o5/rand_6 0.055122843
o5/rand_7 0.054876844
o5/rand_8 0.054989844
o5/rand_9 0.054788844
o6/rand_0 0.055169843
o6/rand_1 0.054851844
o6/rand_2 0.055101843
o6/rand_3 0.054804844
o6/rand_4 0.055049844
o6/rand_5 0.054874844
o6/rand_6 0.055055843
o6/rand_7 0.055107843
o6/rand_8 0.055155843
o6/rand_9 0.054775844
o7/rand_0 0.055031843
o7/rand_1 0.054822844
o7/rand_2 0.055027844
o7/rand_3 0.055129844
o7/rand_4 0.054755844
o7/rand_5 0.055104843
o7/rand_6 0.054831844
o7/rand_7 0.055132843
o7/rand_8 0.054919844
o7/rand_9 0.055063844
o8/rand_0 0.054800844
o8/rand_1 0.055082843
o8/rand_2 0.054849844
o8/rand_3 0.055076843
o8/rand_4 0.054814844
o8/rand_5 0.055096844
o8/rand_6 0.055020843
o8/rand_7 0.055242843
o8/rand_8 0.054815844
o8/rand_9 0.055140843
o9/rand_0 0.054832845
o9/rand_1 0.055195844
o9/rand_2 0.055133844
o9/rand_3 0.055142843
o9/rand_4 0.054900844
o9/rand_5 0.055080843
o9/rand_6 0.055048843
o9/rand_7 0.055095844
o9/rand_8 0.054920844
o9/rand_9 0.055153844
p0/rand_0 0.054892844
p0/rand_1 0.055143843
p0/rand_2 0.054898844
p0/rand_3 0.055160843
p0/rand_4 0.054849844
p0/rand_5 0.055290843
p0/rand_6 0.055143844
p0/rand_7 0.055136843
p0/rand_8 0.054867844
p0/rand_9 0.055069843
p1/rand_0 0.054794845
p1/rand_1 0.055056844
p1/rand_2 0.054868844
p1/rand_3 0.055051843
p1/rand_4 0.054995844
p1/rand_5 0.055033843
p1/rand_6 0.054804844
p1/rand_7 0.055026844
p1/rand_8 0.054829844
p1/rand_9 0.055040843
p2/rand_0 0.054774844
p2/rand_1 0.055026843
p2/rand_2 0.054808844
p2/rand_3 0.055085844
p2/rand_4 0.054872844
p2/rand_5 0.055348842
p2/rand_6 0.054798844
p2/rand_7 0.055107844
p2/rand_8 0.054817844
p2/rand_9 0.055018843
p3/rand_0 0.054829845
p3/rand_1 0.055022844
p3/rand_2 0.054871844
p3/rand_3 0.055029844
p3/rand_4 0.055039844
p3/rand_5 0.054800844
p3/rand_6 0.055143843
p3/rand_7 0.054823844
p3/rand_8 0.055229843
p3/rand_9 0.054823844
p4/rand_0 0.055107843
p4/rand_1 0.054856844
p4/rand_2 0.055120843
p4/rand_3 0.054902844
p4/rand_4 0.055479842
p4/rand_5 0.054792844
p4/rand_6 0.055069844
p4/rand_7 0.054779844
p4/rand_8 0.055015844
p4/rand_9 0.054784845
p5/rand_0 0.055104843
p5/rand_1 0.054877844
p5/rand_2 0.055076844
p5/rand_3 0.054842845
p5/rand_4 0.055081844
p5/rand_5 0.054794844
p5/rand_6 0.055053843
p5/rand_7 0.054871844
p5/rand_8 0.055077844
p5/rand_9 0.054765844
p6/rand_0 0.055063844
p6/rand_1 0.054795845
p6/rand_2 0.055083843
p6/rand_3 0.055160843
p6/rand_4 0.055104844
p6/rand_5 0.054791845
p6/rand_6 0.055052843
p6/rand_7 0.054729845
p6/rand_8 0.055076844
p6/rand_9 0.055268843
p7/rand_0 0.055048844
p7/rand_1 0.054839845
p7/rand_2 0.055066844
p7/rand_3 0.054831844
p7/rand_4 0.055119843
p7/rand_5 0.054803844
p7/rand_6 0.055060844
p7/rand_7 0.054831844
p7/rand_8 0.055032843
p7/rand_9 0.054762845
p8/rand_0 0.054979844
p8/rand_1 0.054818845
p8/rand_2 0.055443842
p8/rand_3 0.054899844
p8/rand_4 0.055065843
p8/rand_5 0.054819845
p8/rand_6 0.055111844
p8/rand_7 0.055012843
p8/rand_8 0.055028844
p8/rand_9 0.054823844
p9/rand_0 0.055039844
p9/rand_1 0.054947844
p9/rand_2 0.054967844
p9/rand_3 0.054821844
p9/rand_4 0.055022844
p9/rand_5 0.054831844
p9/rand_6 0.055094843
p9/rand_7 0.055164844
p9/rand_8 0.054859845
p9/rand_9 0.055197844
q0/rand_0 0.054906844
q0/rand_1 0.055503842
q0/rand_2 0.054958844
q0/rand_3 0.055168843
q0/rand_4 0.054889844
q0/rand_5 0.055312843
q0/rand_6 0.054950843
q0/rand_7 0.055248843
q0/rand_8 0.054929844
q0/rand_9 0.055168843
q1/rand_0 0.054860844
q1/rand_1 0.055034843
q1/rand_2 0.054777844
q1/rand_3 0.055061844
q1/rand_4 0.054820844
q1/rand_5 0.055056844
q1/rand_6 0.054823845
q1/rand_7 0.055048843
q1/rand_8 0.054793844
q1/rand_9 0.055080844
q2/rand_0 0.055143843
q2/rand_1 0.055110844
q2/rand_2 0.054818845
q2/rand_3 0.055125843
q2/rand_4 0.054797844
q2/rand_5 0.055032844
q2/rand_6 0.054810844
q2/rand_7 0.055006844
q2/rand_8 0.054820844
q2/rand_9 0.055076843
q3/rand_0 0.054919844
q3/rand_1 0.055081844
q3/rand_2 0.054922844
q3/rand_3 0.055105843
q3/rand_4 0.054849844
q3/rand_5 0.055038844
q3/rand_6 0.054850845
q3/rand_7 0.055006843
q3/rand_8 0.054802845
q3/rand_9 0.055274843
q4/rand_0 0.054938844
q4/rand_1 0.055157844
q4/rand_2 0.054839845
q4/rand_3 0.055016843
q4/rand_4 0.054748845
q4/rand_5 0.055321843
q4/rand_6 0.054885844
q4/rand_7 0.055016844
q4/rand_8 0.054814844
q4/rand_9 0.055006844
q5/rand_0 0.054788844
q5/rand_1 0.055032844
q5/rand_2 0.054805844
q5/rand_3 0.055021844
q5/rand_4 0.054857844
q5/rand_5 0.055062843
q5/rand_6 0.054772845
q5/rand_7 0.055033844
q5/rand_8 0.055075844
q5/rand_9 0.055322843
q6/rand_0 0.055129844
q6/rand_1 0.054843844
q6/rand_2 0.055119843
q6/rand_3 0.054791845
q6/rand_4 0.055132844
q6/rand_5 0.054850844
q6/rand_6 0.055145843
q6/rand_7 0.054872844
q6/rand_8 0.055049844
q6/rand_9 0.054759844
q7/rand_0 0.055023844
q7/rand_1 0.054811844
q7/rand_2 0.055082844
q7/rand_3 0.054806845
q7/rand_4 0.055117843
q7/rand_5 0.054793844
q7/rand_6 0.055072844
q7/rand_7 0.054995844
q7/rand_8 0.055420843
q7/rand_9 0.054833844
q8/rand_0 0.055044844
q8/rand_1 0.054839844
q8/rand_2 0.054974844
q8/rand_3 0.054803844
q8/rand_4 0.055101843
q8/rand_5 0.054809845
q8/rand_6 0.054992844
q8/rand_7 0.054821845
q8/rand_8 0.055055844
q8/rand_9 0.054839844
q9/rand_0 0.055080844
q9/rand_1 0.054865844
q9/rand_2 0.055112843
q9/rand_3 0.054810845
q9/rand_4 0.055062844
q9/rand_5 0.054824844
q9/rand_6 0.055395843
q9/rand_7 0.055071843
q9/rand_8 0.055027844
q9/rand_9 0.054795844
r0/rand_0 0.055028844
r0/rand_1 0.054887844
r0/rand_2 0.055075844
r0/rand_3 0.054875845
r0/rand_4 0.055094844
r0/rand_5 0.054913844
r0/rand_6 0.055195843
r0/rand_7 0.054906844
r0/rand_8 0.055206843
r0/rand_9 0.054903844
r1/rand_0 0.055140844
r1/rand_1 0.061547825
r1/rand_2 0.055079843
r1/rand_3 0.054907844
r1/rand_4 0.055209844
r1/rand_5 0.055053843
r1/rand_6 0.055347843
r1/rand_7 0.054873844
r1/rand_8 0.055101843
r1/rand_9 0.054798845
r2/rand_0 0.055067843
r2/rand_1 0.055224844
r2/rand_2 0.055150844
r2/rand_3 0.055131843
r2/rand_4 0.054784844
r2/rand_5 0.055156844
r2/rand_6 0.054862844
r2/rand_7 0.055067843
r2/rand_8 0.054757845
r2/rand_9 0.055032843
r3/rand_0 0.054819844
r3/rand_1 0.055095843
r3/rand_2 0.054952844
r3/rand_3 0.055041844
r3/rand_4 0.054994844
r3/rand_5 0.055347843
r3/rand_6 0.054783845
r3/rand_7 0.055131843
r3/rand_8 0.054828844
r3/rand_9 0.055096844
r4/rand_0 0.054818844
r4/rand_1 0.055034844
r4/rand_2 0.054896844
r4/rand_3 0.055094843
r4/rand_4 0.054833844
r4/rand_5 0.055067844
r4/rand_6 0.054804844
r4/rand_7 0.055104844
r4/rand_8 0.054868844
r4/rand_9 0.055025843
r5/rand_0 0.054937844
r5/rand_1 0.055063844
r5/rand_2 0.054865844
r5/rand_3 0.055005844
r5/rand_4 0.055229843
r5/rand_5 0.055095844
r5/rand_6 0.054854845
r5/rand_7 0.055067843
r5/rand_8 0.054743845
r5/rand_9 0.055041843
r6/rand_0 0.054790845
r6/rand_1 0.055040843
r6/rand_2 0.054799845
r6/rand_3 0.055015843
r6/rand_4 0.054806845
r6/rand_5 0.055001843
r6/rand_6 0.054810845
r6/rand_7 0.055040843
r6/rand_8 0.054923844
r6/rand_9 0.055045844
r7/rand_0 0.054789845
r7/rand_1 0.054986844
r7/rand_2 0.054875844
r7/rand_3 0.055429843
r7/rand_4 0.054775844
r7/rand_5 0.055011844
r7/rand_6 0.054849844
r7/rand_7 0.055009844
r7/rand_8 0.054804844
r7/rand_9 0.055059844
r8/rand_0 0.054785844
r8/rand_1 0.055038844
r8/rand_2 0.054821844
r8/rand_3 0.054989844
r8/rand_4 0.055122844
r8/rand_5 0.054823845
r8/rand_6 0.055220843
r8/rand_7 0.054844844
r8/rand_8 0.055108844
r8/rand_9 0.054783844
r9/rand_0 0.055012844
r9/rand_1 0.054819844
r9/rand_2 0.055433843
r9/rand_3 0.054800844
r9/rand_4 0.055055844
r9/rand_5 0.054780844
r9/rand_6 0.055067844
r9/rand_7 0.054792844
r9/rand_8 0.055322843
r9/rand_9 0.054833844
s0/rand_0 0.055047844
s0/rand_1 0.054802844
s0/rand_2 0.055043844
s0/rand_3 0.054756845
s0/rand_4 0.055047844
s0/rand_5 0.054930844
s0/rand_6 0.054996844
s0/rand_7 0.054727845
s0/rand_8 0.055037844
s0/rand_9 0.054892844
s1/rand_0 0.055155844
s1/rand_1 0.055291843
s1/rand_2 0.055192843
s1/rand_3 0.054918844
s1/rand_4 0.055119844
s1/rand_5 0.054957844
s1/rand_6 0.055118844
s1/rand_7 0.054897844
s1/rand_8 0.055147843
s1/rand_9 0.054852845
s2/rand_0 0.055055843
s2/rand_1 0.054924844
s2/rand_2 0.055064844
s2/rand_3 0.055048844
s2/rand_4 0.055080843
s2/rand_5 0.054801845
s2/rand_6 0.055000843
s2/rand_7 0.054820845
s2/rand_8 0.054995844
s2/rand_9 0.054795845
s3/rand_0 0.055348843
s3/rand_1 0.054869844
s3/rand_2 0.055024844
s3/rand_3 0.054778844
s3/rand_4 0.054994844
s3/rand_5 0.054832844
s3/rand_6 0.055071844
s3/rand_7 0.054847844
s3/rand_8 0.055100844
s3/rand_9 0.054801844
s4/rand_0 0.055084844
s4/rand_1 0.054901844
s4/rand_2 0.055052844
s4/rand_3 0.054813845
s4/rand_4 0.055075843
s4/rand_5 0.054813845
s4/rand_6 0.055009844
s4/rand_7 0.055073844
s4/rand_8 0.054740845
s4/rand_9 0.055293843
s5/rand_0 0.054876844
s5/rand_1 0.055142843
s5/rand_2 0.054856845
s5/rand_3 0.055074844
s5/rand_4 0.054748845
s5/rand_5 0.055112843
s5/rand_6 0.054795845
s5/rand_7 0.055066844
s5/rand_8 0.054798845
s5/rand_9 0.055237844
s6/rand_0 0.054780844
s6/rand_1 0.055054844
s6/rand_2 0.054816844
s6/rand_3 0.055089844
s6/rand_4 0.054873844
s6/rand_5 0.055053844
s6/rand_6 0.054866844
s6/rand_7 0.055059844
s6/rand_8 0.055070844
s6/rand_9 0.055168844
s7/rand_0 0.054759844
s7/rand_1 0.055039844
s7/rand_2 0.054781844
s7/rand_3 0.055048844
s7/rand_4 0.054773845
s7/rand_5 0.055287843
s7/rand_6 0.054776844
s7/rand_7 0.055148844
s7/rand_8 0.054794845
s7/rand_9 0.055018844
s8/rand_0 0.054804844
s8/rand_1 0.055090844
s8/rand_2 0.054813844
s8/rand_3 0.055006844
s8/rand_4 0.054830844
s8/rand_5 0.055034844
s8/rand_6 0.054777845
s8/rand_7 0.055248844
s8/rand_8 0.055024843
s8/rand_9 0.055019844
s9/rand_0 0.054846845
s9/rand_1 0.055051844
s9/rand_2 0.054821845
s9/rand_3 0.055073844
s9/rand_4 0.054820845
s9/rand_5 0.055062844
s9/rand_6 0.054830845
s9/rand_7 0.055005844
s9/rand_8 0.054835844
s9/rand_9 0.055006844
t0/rand_0 0.054828844
t0/rand_1 0.055117844
t0/rand_2 0.054823844
t0/rand_3 0.055094844
t0/rand_4 0.054925844
t0/rand_5 0.055094843
t0/rand_6 0.055007844
t0/rand_7 0.055303843
t0/rand_8 0.055111844
t0/rand_9 0.054825844
t1/rand_0 0.055067844
t1/rand_1 0.054779845
t1/rand_2 0.055079844
t1/rand_3 0.054814845
t1/rand_4 0.055221844
t1/rand_5 0.054826844
t1/rand_6 0.055050844
t1/rand_7 0.054939844
t1/rand_8 0.055167843
t1/rand_9 0.054933844
t2/rand_0 0.055206843
t2/rand_1 0.054892844
t2/rand_2 0.055104844
t2/rand_3 0.054982844
t2/rand_4 0.055172843
t2/rand_5 0.054942844
t2/rand_6 0.055461843
t2/rand_7 0.054894844
t2/rand_8 0.055157843
t2/rand_9 0.054961844
t3/rand_0 0.055193844
t3/rand_1 0.054930844
t3/rand_2 0.055251843
t3/rand_3 0.054891844
t3/rand_4 0.055021844
t3/rand_5 0.054852844
t3/rand_6 0.055054844
t3/rand_7 0.054837845
t3/rand_8 0.054995844
t3/rand_9 0.054854845
t4/rand_0 0.055031844
t4/rand_1 0.054837844
t4/rand_2 0.055035844
t4/rand_3 0.054819844
t4/rand_4 0.055076844
t4/rand_5 0.055222843
t4/rand_6 0.055001844
t4/rand_7 0.054779845
t4/rand_8 0.055055844
t4/rand_9 0.054806845
t5/rand_0 0.055224843
t5/rand_1 0.055065844
t5/rand_2 0.055060844
t5/rand_3 0.054799844
t5/rand_4 0.055062844
t5/rand_5 0.054782844
t5/rand_6 0.055003844
t5/rand_7 0.054813845
t5/rand_8 0.055017844
t5/rand_9 0.054798845
t6/rand_0 0.054979844
t6/rand_1 0.054835844
t6/rand_2 0.055023844
t6/rand_3 0.054782845
t6/rand_4 0.055442842
t6/rand_5 0.054823845
t6/rand_6 0.054985844
t6/rand_7 0.054821844
t6/rand_8 0.055127844
t6/rand_9 0.054841844
t7/rand_0 0.055054844
t7/rand_1 0.055087844
t7/rand_2 0.054771844
t7/rand_3 0.055132844
t7/rand_4 0.054863844
t7/rand_5 0.055144844
t7/rand_6 0.054820844
t7/rand_7 0.055105844
t7/rand_8 0.054859844
t7/rand_9 0.055122844
t8/rand_0 0.054788844
t8/rand_1 0.055063844
t8/rand_2 0.054847844
t8/rand_3 0.055412843
t8/rand_4 0.054868844
t8/rand_5 0.055058844
t8/rand_6 0.054939844
t8/rand_7 0.055113844
t8/rand_8 0.054779844
t8/rand_9 0.055049844
t9/rand_0 0.054855845
t9/rand_1 0.055064844
t9/rand_2 0.054821845
t9/rand_3 0.055029844
t9/rand_4 0.054835845
t9/rand_5 0.055079844
t9/rand_6 0.054896844
t9/rand_7 0.055058844
t9/rand_8 0.054785844
t9/rand_9 0.055041844
u0/rand_0 0.054934844
u0/rand_1 0.055052844
u0/rand_2 0.055083844
u0/rand_3 0.055167843
u0/rand_4 0.054951844
u0/rand_5 0.055141844
u0/rand_6 0.054827844
u0/rand_7 0.055069844
u0/rand_8 0.054838844
u0/rand_9 0.055019844
u1/rand_0 0.054792845
u1/rand_1 0.055080844
u1/rand_2 0.054790844
u1/rand_3 0.055029844
u1/rand_4 0.054739845
u1/rand_5 0.055057844
u1/rand_6 0.054837845
u1/rand_7 0.055021844
u1/rand_8 0.054833844
u1/rand_9 0.054998844
u2/rand_0 0.054789845
u2/rand_1 0.055322843
u2/rand_2 0.054871844
u2/rand_3 0.055242844
u2/rand_4 0.054889844
u2/rand_5 0.055095844
u2/rand_6 0.054828844
u2/rand_7 0.055144844
u2/rand_8 0.055112843
u2/rand_9 0.055068844
u3/rand_0 0.054861845
u3/rand_1 0.055097843
u3/rand_2 0.054942844
u3/rand_3 0.055126844
u3/rand_4 0.055157844
u3/rand_5 0.054836845
u3/rand_6 0.055139844
u3/rand_7 0.054952845
u3/rand_8 0.055144843
u3/rand_9 0.054820845
u4/rand_0 0.055307843
u4/rand_1 0.055043844
u4/rand_2 0.055106843
u4/rand_3 0.054783845
u4/rand_4 0.055107844
u4/rand_5 0.054863844
u4/rand_6 0.055184843
u4/rand_7 0.054848845
u4/rand_8 0.055045844
u4/rand_9 0.054866844
u5/rand_0 0.055023844
u5/rand_1 0.054880844
u5/rand_2 0.055098844
u5/rand_3 0.054811845
u5/rand_4 0.055110843
u5/rand_5 0.054849845
u5/rand_6 0.055021844
u5/rand_7 0.054848845
u5/rand_8 0.055063844
u5/rand_9 0.055183843
u6/rand_0 0.055150844
u6/rand_1 0.054808844
u6/rand_2 0.055039844
u6/rand_3 0.054835845
u6/rand_4 0.055055844
u6/rand_5 0.054805845
u6/rand_6 0.055138844
u6/rand_7 0.054899844
u6/rand_8 0.055124844
u6/rand_9 0.054813845
u7/rand_0 0.055090844
u7/rand_1 0.054883844
u7/rand_2 0.055066844
u7/rand_3 0.054815845
u7/rand_4 0.055024844
u7/rand_5 0.054909845
u7/rand_6 0.055065844
u7/rand_7 0.054874844
u7/rand_8 0.055348843
u7/rand_9 0.055094844
u8/rand_0 0.055079844
u8/rand_1 0.054891844
u8/rand_2 0.055003844
u8/rand_3 0.054845844
u8/rand_4 0.055077844
u8/rand_5 0.054821845
u8/rand_6 0.054995844
u8/rand_7 0.054816844
u8/rand_8 0.055108844
u8/rand_9 0.054817844
u9/rand_0 0.055043844
u9/rand_1 0.054903845
u9/rand_2 0.055036844
u9/rand_3 0.054807845
u9/rand_4 0.054996844
u9/rand_5 0.055230843
u9/rand_6 0.054801845
u9/rand_7 0.055205843
u9/rand_8 0.055116844
u9/rand_9 0.055058844
v0/rand_0 0.054781845
v0/rand_1 0.055070844
v0/rand_2 0.054817845
v0/rand_3 0.055121844
v0/rand_4 0.055051844
v0/rand_5 0.055125844
v0/rand_6 0.054884845
v0/rand_7 0.055015845
v0/rand_8 0.054791845
v0/rand_9 0.055096844
v1/rand_0 0.054822845
v1/rand_1 0.055074843
v1/rand_2 0.054771845
v1/rand_3 0.055149844
v1/rand_4 0.054850844
v1/rand_5 0.055075844
v1/rand_6 0.054888844
v1/rand_7 0.055342843
v1/rand_8 0.054901845
v1/rand_9 0.055029845
v2/rand_0 0.054813844
v2/rand_1 0.055055844
v2/rand_2 0.054788845
v2/rand_3 0.055074844
v2/rand_4 0.054758845
v2/rand_5 0.055034844
v2/rand_6 0.054856845
v2/rand_7 0.055105844
v2/rand_8 0.054770845
v2/rand_9 0.055063844
v3/rand_0 0.054866845
v3/rand_1 0.055152844
v3/rand_2 0.055038844
v3/rand_3 0.055043844
v3/rand_4 0.054842844
v3/rand_5 0.055116844
v3/rand_6 0.055259843
v3/rand_7 0.055100844
v3/rand_8 0.054937844
v3/rand_9 0.055107844
v4/rand_0 0.054969845
v4/rand_1 0.055164844
v4/rand_2 0.054949844
v4/rand_3 0.055200844
v4/rand_4 0.054880844
v4/rand_5 0.055086844
v4/rand_6 0.054872844
v4/rand_7 0.055078844
v4/rand_8 0.054774845
v4/rand_9 0.055138844
v5/rand_0 0.055031844
v5/rand_1 0.055060844
v5/rand_2 0.054835844
v5/rand_3 0.055135844
v5/rand_4 0.054814844
v5/rand_5 0.055447843
v5/rand_6 0.054813845
v5/rand_7 0.055054844
v5/rand_8 0.055050844
v5/rand_9 0.054854845
v6/rand_0 0.055072844
v6/rand_1 0.054860844
v6/rand_2 0.055124844
v6/rand_3 0.054817845
v6/rand_4 0.055065844
v6/rand_5 0.054840845
v6/rand_6 0.055068844
v6/rand_7 0.054799845
v6/rand_8 0.055165844
v6/rand_9 0.054806845
v7/rand_0 0.055041844
v7/rand_1 0.054800845
v7/rand_2 0.055058844
v7/rand_3 0.054795845
v7/rand_4 0.055421843
v7/rand_5 0.054816844
v7/rand_6 0.055046844
v7/rand_7 0.054829845
v7/rand_8 0.055030844
v7/rand_9 0.054916844
v8/rand_0 0.054964845
v8/rand_1 0.055024845
v8/rand_2 0.055123844
v8/rand_3 0.054833845
v8/rand_4 0.054950844
v8/rand_5 0.054790845
v8/rand_6 0.055110843
v8/rand_7 0.054833845
v8/rand_8 0.054990844
v8/rand_9 0.054848845
v9/rand_0 0.055022844
v9/rand_1 0.054809844
v9/rand_2 0.055018844
v9/rand_3 0.055110844
v9/rand_4 0.055080844
v9/rand_5 0.054799845
v9/rand_6 0.055027845
v9/rand_7 0.054837845
v9/rand_8 0.055137844
v9/rand_9 0.054914844
w0/rand_0 0.055022844
w0/rand_1 0.054800845
w0/rand_2 0.055064844
w0/rand_3 0.054814844
w0/rand_4 0.055166844
w0/rand_5 0.054848845
w0/rand_6 0.055012845
w0/rand_7 0.054826844
w0/rand_8 0.055086844
w0/rand_9 0.054792845
w1/rand_0 0.055089844
w1/rand_1 0.054835844
w1/rand_2 0.055414843
w1/rand_3 0.054936844
w1/rand_4 0.055020845
w1/rand_5 0.054808845
w1/rand_6 0.055099844
w1/rand_7 0.054783845
w1/rand_8 0.055072844
w1/rand_9 0.054899845
w2/rand_0 0.055009844
w2/rand_1 0.055107844
w2/rand_2 0.054874844
w2/rand_3 0.055135844
w2/rand_4 0.054813845
w2/rand_5 0.055136843
w2/rand_6 0.054771845
w2/rand_7 0.055040844
w2/rand_8 0.054812845
w2/rand_9 0.055093844
w3/rand_0 0.054821844
w3/rand_1 0.055388843
w3/rand_2 0.054919845
w3/rand_3 0.055061844
w3/rand_4 0.054792844
w3/rand_5 0.055120844
w3/rand_6 0.054776845
w3/rand_7 0.055148844
w3/rand_8 0.054875845
w3/rand_9 0.055101844
w4/rand_0 0.055026844
w4/rand_1 0.055258843
w4/rand_2 0.054892845
w4/rand_3 0.055063844
w4/rand_4 0.054873844
w4/rand_5 0.055185844
w4/rand_6 0.054892844
w4/rand_7 0.055126844
w4/rand_8 0.054901844
w4/rand_9 0.055123844
w5/rand_0 0.055180844
w5/rand_1 0.055282843
w5/rand_2 0.054917845
w5/rand_3 0.055020844
w5/rand_4 0.054872844
w5/rand_5 0.055145844
w5/rand_6 0.054902844
w5/rand_7 0.055366844
w5/rand_8 0.054922845
w5/rand_9 0.055185843
w6/rand_0 0.054814844
w6/rand_1 0.054985845
w6/rand_2 0.054804845
w6/rand_3 0.055043844
w6/rand_4 0.054780845
w6/rand_5 0.055048844
w6/rand_6 0.054792845
w6/rand_7 0.055049844
w6/rand_8 0.054799845
w6/rand_9 0.055255844
w7/rand_0 0.055023844
w7/rand_1 0.055050844
w7/rand_2 0.054811845
w7/rand_3 0.055018844
w7/rand_4 0.054862844
w7/rand_5 0.055057844
w7/rand_6 0.054874845
w7/rand_7 0.055194843
w7/rand_8 0.054807845
w7/rand_9 0.055040844
w8/rand_0 0.054779845
w8/rand_1 0.055001844
w8/rand_2 0.055044844
w8/rand_3 0.054785845
w8/rand_4 0.055158843
w8/rand_5 0.054796845
w8/rand_6 0.055089844
w8/rand_7 0.054760845
w8/rand_8 0.055250843
w8/rand_9 0.055083844
w9/rand_0 0.055050844
w9/rand_1 0.054891845
w9/rand_2 0.055137844
w9/rand_3 0.054836845
w9/rand_4 0.055028844
w9/rand_5 0.054916845
w9/rand_6 0.055061844
w9/rand_7 0.054819845
w9/rand_8 0.055020844
w9/rand_9 0.054790845
x0/rand_0 0.055010844
x0/rand_1 0.054814845
x0/rand_2 0.055053844
x0/rand_3 0.054804845
x0/rand_4 0.055040844
x0/rand_5 0.054808844
x0/rand_6 0.055047844
x0/rand_7 0.054859845
x0/rand_8 0.055300843
x0/rand_9 0.054844845
x1/rand_0 0.055061844
x1/rand_1 0.054803845
x1/rand_2 0.055029844
x1/rand_3 0.054978844
x1/rand_4 0.055047844
x1/rand_5 0.054767845
x1/rand_6 0.055030844
x1/rand_7 0.054822845
x1/rand_8 0.055123843
x1/rand_9 0.054797845
x2/rand_0 0.055047844
x2/rand_1 0.054914845
x2/rand_2 0.055041844
x2/rand_3 0.054839844
x2/rand_4 0.055056844
x2/rand_5 0.054908845
x2/rand_6 0.055090844
x2/rand_7 0.055214843
x2/rand_8 0.055086844
x2/rand_9 0.054841845
x3/rand_0 0.055065844
x3/rand_1 0.054929844
x3/rand_2 0.055050844
x3/rand_3 0.054786845
x3/rand_4 0.055277844
x3/rand_5 0.054791844
x3/rand_6 0.054973845
x3/rand_7 0.054791844
x3/rand_8 0.055069844
x3/rand_9 0.054761845
x4/rand_0 0.055038844
x4/rand_1 0.054772845
x4/rand_2 0.055119844
x4/rand_3 0.054895845
x4/rand_4 0.055111844
x4/rand_5 0.055223844
x4/rand_6 0.055253844
x4/rand_7 0.055177844
x4/rand_8 0.056749839
x4/rand_9 0.055283844
x5/rand_0 0.054908845
x5/rand_1 0.055118844
x5/rand_2 0.054861845
x5/rand_3 0.055133844
x5/rand_4 0.054921844
x5/rand_5 0.055164844
x5/rand_6 0.054871845
x5/rand_7 0.055160844
x5/rand_8 0.054892845
x5/rand_9 0.055105844
x6/rand_0 0.054743845
x6/rand_1 0.055075844
x6/rand_2 0.054866845
x6/rand_3 0.055079844
x6/rand_4 0.054923845
x6/rand_5 0.055463843
x6/rand_6 0.054819844
x6/rand_7 0.055062844
x6/rand_8 0.054917845
x6/rand_9 0.055021844
x7/rand_0 0.054791845
x7/rand_1 0.055078844
x7/rand_2 0.054786845
x7/rand_3 0.055031844
x7/rand_4 0.054802845
x7/rand_5 0.055018844
x7/rand_6 0.054771845
x7/rand_7 0.054993845
x7/rand_8 0.054840844
x7/rand_9 0.055081844
x8/rand_0 0.054808844
x8/rand_1 0.054994845
x8/rand_2 0.054785845
x8/rand_3 0.055012845
x8/rand_4 0.055165844
x8/rand_5 0.055095844
x8/rand_6 0.054943845
x8/rand_7 0.055072845
x8/rand_8 0.054895845
x8/rand_9 0.055050844
x9/rand_0 0.054811845
x9/rand_1 0.055029844
x9/rand_2 0.054834845
x9/rand_3 0.055001844
x9/rand_4 0.054821845
x9/rand_5 0.055036844
x9/rand_6 0.054839845
x9/rand_7 0.054975845
x9/rand_8 0.054955844
x9/rand_9 0.054967844
y0/rand_0 0.054804844
y0/rand_1 0.055049845
y0/rand_2 0.054769845
y0/rand_3 0.055343844
y0/rand_4 0.055023845
y0/rand_5 0.055031844
y0/rand_6 0.054750845
y0/rand_7 0.055010844
y0/rand_8 0.055060844
y0/rand_9 0.054797845
y1/rand_0 0.055063844
y1/rand_1 0.055157844
y1/rand_2 0.055072844
y1/rand_3 0.054812845
y1/rand_4 0.055032845
y1/rand_5 0.054812844
y1/rand_6 0.055103844
y1/rand_7 0.054822845
y1/rand_8 0.055056844
y1/rand_9 0.054810845
y2/rand_0 0.055061844
y2/rand_1 0.054799845
y2/rand_2 0.055429843
y2/rand_3 0.054891845
y2/rand_4 0.055077845
y2/rand_5 0.054841845
y2/rand_6 0.055024844
y2/rand_7 0.054771845
y2/rand_8 0.054991845
y2/rand_9 0.054893845
y3/rand_0 0.055086844
y3/rand_1 0.054832845
y3/rand_2 0.055086844
y3/rand_3 0.054815845
y3/rand_4 0.055068844
y3/rand_5 0.054821845
y3/rand_6 0.055015844
y3/rand_7 0.054808845
y3/rand_8 0.055034844
y3/rand_9 0.054787845
y4/rand_0 0.055150844
y4/rand_1 0.055127844
y4/rand_2 0.055168843
y4/rand_3 0.054866845
y4/rand_4 0.055030844
y4/rand_5 0.054824845
y4/rand_6 0.055007844
y4/rand_7 0.054852845
y4/rand_8 0.055015844
y4/rand_9 0.054824845
y5/rand_0 0.055049844
y5/rand_1 0.054871845
y5/rand_2 0.055085844
y5/rand_3 0.054900844
y5/rand_4 0.055184844
y5/rand_5 0.054882845
y5/rand_6 0.055078844
y5/rand_7 0.054964844
y5/rand_8 0.055204844
y5/rand_9 0.054987844
y6/rand_0 0.055325844
y6/rand_1 0.055041844
y6/rand_2 0.055167844
y6/rand_3 0.054960844
y6/rand_4 0.055199844
y6/rand_5 0.054853845
y6/rand_6 0.055099844
y6/rand_7 0.054803845
y6/rand_8 0.055028845
y6/rand_9 0.055032844
y7/rand_0 0.054844845
y7/rand_1 0.055070844
y7/rand_2 0.054834845
y7/rand_3 0.055067844
y7/rand_4 0.054800845
y7/rand_5 0.055075845
y7/rand_6 0.054828844
y7/rand_7 0.055197844
y7/rand_8 0.054782845
y7/rand_9 0.055239844
y8/rand_0 0.055030844
y8/rand_1 0.055138844
y8/rand_2 0.054800845
y8/rand_3 0.055094844
y8/rand_4 0.054812845
y8/rand_5 0.055111844
y8/rand_6 0.054816844
y8/rand_7 0.055307844
y8/rand_8 0.054804845
y8/rand_9 0.055089844
y9/rand_0 0.054867845
y9/rand_1 0.054991844
y9/rand_2 0.054867845
y9/rand_3 0.055063844
y9/rand_4 0.054773845
y9/rand_5 0.055154844
y9/rand_6 0.054793845
y9/rand_7 0.055077845
y9/rand_8 0.054920845
y9/rand_9 0.055308844
z0/rand_0 0.054800845
z0/rand_1 0.055067845
z0/rand_2 0.054837844
z0/rand_3 0.054993845
z0/rand_4 0.054795845
z0/rand_5 0.055005844
z0/rand_6 0.054793845
z0/rand_7 0.055034844
z0/rand_8 0.054761845
z0/rand_9 0.055066844
z1/rand_0 0.054850845
z1/rand_1 0.055020844
z1/rand_2 0.054768845
z1/rand_3 0.055199844
z1/rand_4 0.054781845
z1/rand_5 0.054972844
z1/rand_6 0.054768845
z1/rand_7 0.055015845
z1/rand_8 0.055196843
z1/rand_9 0.054976845
z2/rand_0 0.054794845
z2/rand_1 0.055044844
z2/rand_2 0.054876845
z2/rand_3 0.054994844
z2/rand_4 0.054821845
z2/rand_5 0.055069844
z2/rand_6 0.054848845
z2/rand_7 0.055092844
z2/rand_8 0.054794845
z2/rand_9 0.055094844
z3/rand_0 0.054811845
z3/rand_1 0.055192844
z3/rand_2 0.055028845
z3/rand_3 0.054785845
z3/rand_4 0.055043844
z3/rand_5 0.054815845
z3/rand_6 0.055040844
z3/rand_7 0.055195844
z3/rand_8 0.055123844
z3/rand_9 0.054789845
z4/rand_0 0.055010844
z4/rand_1 0.054804845
z4/rand_2 0.055079844
z4/rand_3 0.054823845
z4/rand_4 0.055070844
z4/rand_5 0.054873845
z4/rand_6 0.055093844
z4/rand_7 0.054908845
z4/rand_8 0.055069845
z4/rand_9 0.054971844
z5/rand_0 0.055064844
z5/rand_1 0.054793845
z5/rand_2 0.055069845
z5/rand_3 0.054771845
z5/rand_4 0.055048845
z5/rand_5 0.054791845
z5/rand_6 0.055421843
z5/rand_7 0.054794845
z5/rand_8 0.055080844
z5/rand_9 0.054904844
z6/rand_0 0.055118844
z6/rand_1 0.054848844
z6/rand_2 0.055116844
z6/rand_3 0.054863845
z6/rand_4 0.055355844
z6/rand_5 0.054862845
z6/rand_6 0.055103844
z6/rand_7 0.055080845
z6/rand_8 0.055171844
z6/rand_9 0.054888845
z7/rand_0 0.055106844
z7/rand_1 0.054853845
z7/rand_2 0.055084844
z7/rand_3 0.054831845
z7/rand_4 0.054994845
z7/rand_5 0.055174844
z7/rand_6 0.055142844
z7/rand_7 0.054871845
z7/rand_8 0.055053844
z7/rand_9 0.054834845
z8/rand_0 0.055075844
z8/rand_1 0.054853845
z8/rand_2 0.055064844
z8/rand_3 0.054806845
z8/rand_4 0.054999845
z8/rand_5 0.054762845
z8/rand_6 0.055128844
z8/rand_7 0.054820845
z8/rand_8 0.055033845
z8/rand_9 0.054800845
z9/rand_0 0.055007844
z9/rand_1 0.054765845
z9/rand_2 0.055005845
z9/rand_3 0.054851845
z9/rand_4 0.055287844
z9/rand_5 0.055131844
z9/rand_6 0.054771845
z9/rand_7 0.055086844
z9/rand_8 0.054789845
z9/rand_9 0.055021845
TOTAL TIME: 143.150310703 seconds
