a0/rand_0 0.042089103
a0/rand_1 0.032116405
a0/rand_2 0.031852756
a0/rand_3 0.031747143
a0/rand_4 0.031755552
a0/rand_5 0.031622884
a0/rand_6 0.031672069
a0/rand_7 0.031706347
a0/rand_8 0.031607884
a0/rand_9 0.031658069
a1/rand_0 0.032326667
a1/rand_1 0.032370611
a1/rand_2 0.032425111
a1/rand_3 0.032416167
a1/rand_4 0.032431760
a1/rand_5 0.032405427
a1/rand_6 0.032404464
a1/rand_7 0.032275240
a1/rand_8 0.031739791
a1/rand_9 0.031676458
a2/rand_0 0.032243388
a2/rand_1 0.031719663
a2/rand_2 0.031678458
a2/rand_3 0.031647884
a2/rand_4 0.031691976
a2/rand_5 0.031708829
a2/rand_6 0.031626680
a2/rand_7 0.031640477
a2/rand_8 0.031454623
a2/rand_9 0.031504291
a3/rand_0 0.031436734
a3/rand_1 0.031538569
a3/rand_2 0.031524309
a3/rand_3 0.031693977
a3/rand_4 0.031637421
a3/rand_5 0.031699866
a3/rand_6 0.031553439
a3/rand_7 0.031539235
a3/rand_8 0.031527679
a3/rand_9 0.032249592
a4/rand_0 0.032372740
a4/rand_1 0.032270758
a4/rand_2 0.032355703
a4/rand_3 0.032180369
a4/rand_4 0.032318222
a4/rand_5 0.032318463
a4/rand_6 0.032383296
a4/rand_7 0.032374685
a4/rand_8 0.032369408
a4/rand_9 0.031525790
a5/rand_0 0.031587088
a5/rand_1 0.031528512
a5/rand_2 0.031568587
a5/rand_3 0.031506439
a5/rand_4 0.031597680
a5/rand_5 0.031645106
a5/rand_6 0.031529680
a5/rand_7 0.031517457
a5/rand_8 0.031502865
a5/rand_9 0.031510550
a6/rand_0 0.031571902
a6/rand_1 0.031641866
a6/rand_2 0.031606680
a6/rand_3 0.031620050
a6/rand_4 0.031638088
a6/rand_5 0.031642236
a6/rand_6 0.031655958
a6/rand_7 0.031607217
a6/rand_8 0.031627624
a6/rand_9 0.031549402
a7/rand_0 0.031428938
a7/rand_1 0.031442308
a7/rand_2 0.031406179
a7/rand_3 0.031554346
a7/rand_4 0.031326233
a7/rand_5 0.031517383
a7/rand_6 0.031550087
a7/rand_7 0.031451716
a7/rand_8 0.031408771
a7/rand_9 0.031390716
a8/rand_0 0.031357845
a8/rand_1 0.031367938
a8/rand_2 0.031347900
a8/rand_3 0.031455050
a8/rand_4 0.031421605
a8/rand_5 0.031447735
a8/rand_6 0.031420715
a8/rand_7 0.031427364
a8/rand_8 0.031388141
a8/rand_9 0.031680662
a9/rand_0 0.031507791
a9/rand_1 0.031578161
a9/rand_2 0.031559716
a9/rand_3 0.031515550
a9/rand_4 0.031481049
a9/rand_5 0.031468105
a9/rand_6 0.031655513
a9/rand_7 0.031588809
a9/rand_8 0.031605847
a9/rand_9 0.031513994
b0/rand_0 0.031437105
b0/rand_1 0.031505513
b0/rand_2 0.031503549
b0/rand_3 0.031547587
b0/rand_4 0.031589365
b0/rand_5 0.032222092
b0/rand_6 0.032234999
b0/rand_7 0.031542828
b0/rand_8 0.031510272
b0/rand_9 0.031484457
b1/rand_0 0.031480568
b1/rand_1 0.031491476
b1/rand_2 0.031521624
b1/rand_3 0.031497032
b1/rand_4 0.031478790
b1/rand_5 0.031538291
b1/rand_6 0.031476753
b1/rand_7 0.031487143
b1/rand_8 0.031406919
b1/rand_9 0.031544624
b2/rand_0 0.031402086
b2/rand_1 0.031501420
b2/rand_2 0.031476883
b2/rand_3 0.031483438
b2/rand_4 0.031447476
b2/rand_5 0.031485291
b2/rand_6 0.031455679
b2/rand_7 0.031421864
b2/rand_8 0.031313011
b2/rand_9 0.031193270
b3/rand_0 0.031213640
b3/rand_1 0.031205807
b3/rand_2 0.031219659
b3/rand_3 0.031216548
b3/rand_4 0.031235900
b3/rand_5 0.031227252
b3/rand_6 0.031290326
b3/rand_7 0.031234011
b3/rand_8 0.031222362
b3/rand_9 0.031191177
b4/rand_0 0.031232770
b4/rand_1 0.031209418
b4/rand_2 0.030846841
b4/rand_3 0.030720174
b4/rand_4 0.030786304
b4/rand_5 0.030700618
b4/rand_6 0.030693655
b4/rand_7 0.030725396
b4/rand_8 0.030792397
b4/rand_9 0.030731304
b5/rand_0 0.030665951
b5/rand_1 0.030741785
b5/rand_2 0.030679173
b5/rand_3 0.030702452
b5/rand_4 0.030686081
b5/rand_5 0.030678359
b5/rand_6 0.030726748
b5/rand_7 0.030763766
b5/rand_8 0.031149214
b5/rand_9 0.030858027
b6/rand_0 0.031434049
b6/rand_1 0.030892305
b6/rand_2 0.030840249
b6/rand_3 0.030891935
b6/rand_4 0.030970806
b6/rand_5 0.030849971
b6/rand_6 0.030929750
b6/rand_7 0.030882397
b6/rand_8 0.030894008
b6/rand_9 0.031018361
b7/rand_0 0.030884231
b7/rand_1 0.030833027
b7/rand_2 0.030884212
b7/rand_3 0.033137876
b7/rand_4 0.031216751
b7/rand_5 0.031115362
b7/rand_6 0.031062158
b7/rand_7 0.031057731
b7/rand_8 0.031119547
b7/rand_9 0.031089732
b8/rand_0 0.031131010
b8/rand_1 0.031784367
b8/rand_2 0.031130843
b8/rand_3 0.031045583
b8/rand_4 0.030894009
b8/rand_5 0.030866601
b8/rand_6 0.030847100
b8/rand_7 0.030862841
b8/rand_8 0.030855137
b8/rand_9 0.030908953
b9/rand_0 0.030858174
b9/rand_1 0.030873601
b9/rand_2 0.030922471
b9/rand_3 0.030893897
b9/rand_4 0.030872341
b9/rand_5 0.031088325
b9/rand_6 0.031127862
b9/rand_7 0.031062528
b9/rand_8 0.031071435
b9/rand_9 0.031125843
c0/rand_0 0.031063325
c0/rand_1 0.031058250
c0/rand_2 0.031082880
c0/rand_3 0.031038991
c0/rand_4 0.031100491
c0/rand_5 0.031098232
c0/rand_6 0.031062991
c0/rand_7 0.031056917
c0/rand_8 0.031080639
c0/rand_9 0.031083936
c1/rand_0 0.031161103
c1/rand_1 0.030893546
c1/rand_2 0.030859638
c1/rand_3 0.030857563
c1/rand_4 0.030858323
c1/rand_5 0.030787971
c1/rand_6 0.030815359
c1/rand_7 0.030786896
c1/rand_8 0.030806527
c1/rand_9 0.030833674
c2/rand_0 0.030787360
c2/rand_1 0.030796304
c2/rand_2 0.030791101
c2/rand_3 0.030816137
c2/rand_4 0.030914861
c2/rand_5 0.030761675
c2/rand_6 0.030804619
c2/rand_7 0.030809896
c2/rand_8 0.030846656
c2/rand_9 0.030757730
c3/rand_0 0.030819563
c3/rand_1 0.030787137
c3/rand_2 0.030841860
c3/rand_3 0.030812971
c3/rand_4 0.030826082
c3/rand_5 0.030749470
c3/rand_6 0.030869694
c3/rand_7 0.030917175
c3/rand_8 0.031091973
c3/rand_9 0.031271752
c4/rand_0 0.031216584
c4/rand_1 0.031169400
c4/rand_2 0.031108250
c4/rand_3 0.031154399
c4/rand_4 0.031181733
c4/rand_5 0.031098824
c4/rand_6 0.030994453
c4/rand_7 0.031146418
c4/rand_8 0.031101955
c4/rand_9 0.031042768
c5/rand_0 0.031147547
c5/rand_1 0.031250752
c5/rand_2 0.031254604
c5/rand_3 0.031301030
c5/rand_4 0.031274511
c5/rand_5 0.031226622
c5/rand_6 0.031277437
c5/rand_7 0.031333030
c5/rand_8 0.031340289
c5/rand_9 0.031294493
c6/rand_0 0.031287770
c6/rand_1 0.031238455
c6/rand_2 0.031222863
c6/rand_3 0.031237900
c6/rand_4 0.031315067
c6/rand_5 0.031275214
c6/rand_6 0.031301103
c6/rand_7 0.031205048
c6/rand_8 0.031307141
c6/rand_9 0.031297141
c7/rand_0 0.031276308
c7/rand_1 0.031327696
c7/rand_2 0.031270326
c7/rand_3 0.031305455
c7/rand_4 0.031305548
c7/rand_5 0.031356234
c7/rand_6 0.031315178
c7/rand_7 0.031282437
c7/rand_8 0.031242455
c7/rand_9 0.031202677
c8/rand_0 0.031267270
c8/rand_1 0.031037750
c8/rand_2 0.030893768
c8/rand_3 0.030928379
c8/rand_4 0.030943731
c8/rand_5 0.030895842
c8/rand_6 0.030932898
c8/rand_7 0.030919935
c8/rand_8 0.031176454
c8/rand_9 0.031415845
c9/rand_0 0.031273196
c9/rand_1 0.031318807
c9/rand_2 0.031297308
c9/rand_3 0.031204215
c9/rand_4 0.031260826
c9/rand_5 0.031273641
c9/rand_6 0.031287808
c9/rand_7 0.031327955
c9/rand_8 0.031306437
c9/rand_9 0.031271825
d0/rand_0 0.031212455
d0/rand_1 0.031221307
d0/rand_2 0.031223214
d0/rand_3 0.031245955
d0/rand_4 0.031176789
d0/rand_5 0.031159936
d0/rand_6 0.031119732
d0/rand_7 0.031190251
d0/rand_8 0.031202362
d0/rand_9 0.031214251
d1/rand_0 0.031154918
d1/rand_1 0.031154343
d1/rand_2 0.031162844
d1/rand_3 0.031204918
d1/rand_4 0.031138714
d1/rand_5 0.031182140
d1/rand_6 0.031192140
d1/rand_7 0.031190622
d1/rand_8 0.031178992
d1/rand_9 0.199960058
d2/rand_0 0.032356204
d2/rand_1 0.032432482
d2/rand_2 0.031583846
d2/rand_3 0.031166343
d2/rand_4 0.031217418
d2/rand_5 0.031208584
d2/rand_6 0.031174769
d2/rand_7 0.031112918
d2/rand_8 0.031072677
d2/rand_9 0.031148491
d3/rand_0 0.031109066
d3/rand_1 0.031131084
d3/rand_2 0.031121528
d3/rand_3 0.031083658
d3/rand_4 0.031127084
d3/rand_5 0.031115788
d3/rand_6 0.031155418
d3/rand_7 0.031140436
d3/rand_8 0.031058139
d3/rand_9 0.031097047
d4/rand_0 0.031053658
d4/rand_1 0.031102473
d4/rand_2 0.031033731
d4/rand_3 0.031092565
d4/rand_4 0.031203455
d4/rand_5 0.030897767
d4/rand_6 0.030826841
d4/rand_7 0.030806859
d4/rand_8 0.030783693
d4/rand_9 0.030723341
d5/rand_0 0.030791989
d5/rand_1 0.030836896
d5/rand_2 0.030854453
d5/rand_3 0.030763471
d5/rand_4 0.030805397
d5/rand_5 0.030796490
d5/rand_6 0.030835230
d5/rand_7 0.030747044
d5/rand_8 0.030827397
d5/rand_9 0.030830471
d6/rand_0 0.030784841
d6/rand_1 0.030775656
d6/rand_2 0.030753767
d6/rand_3 0.030799675
d6/rand_4 0.030771212
d6/rand_5 0.030823452
d6/rand_6 0.030756544
d6/rand_7 0.059915837
d6/rand_8 0.040045423
d6/rand_9 0.040051164
d7/rand_0 0.047894069
d7/rand_1 0.071523362
d7/rand_2 0.060171525
d7/rand_3 0.060165320
d7/rand_4 0.071603677
d7/rand_5 0.064204256
d7/rand_6 0.079806993
d7/rand_7 0.060355822
d7/rand_8 0.087782158
d7/rand_9 0.095895769
d8/rand_0 0.087849529
d8/rand_1 0.076028467
d8/rand_2 0.096024881
d8/rand_3 0.100059742
d8/rand_4 0.135792581
d8/rand_5 0.139913275
d8/rand_6 0.148044350
d8/rand_7 0.156124517
d8/rand_8 0.179893513
d8/rand_9 0.195917568
d9/rand_0 0.192059504
d9/rand_1 0.263895535
d9/rand_2 0.323975743
d9/rand_3 0.387872719
d9/rand_4 0.447894483
d9/rand_5 0.424120412
d9/rand_6 0.408026580
d9/rand_7 0.460005270
d9/rand_8 0.532012579
d9/rand_9 0.643997960
e0/rand_0 0.771827374
e0/rand_1 0.723950971
e0/rand_2 0.548047911
e0/rand_3 0.475899434
e0/rand_4 0.336023956
e0/rand_5 0.260127639
e0/rand_6 0.216172466
e0/rand_7 0.231915500
e0/rand_8 0.231928389
e0/rand_9 0.247986795
e1/rand_0 0.247988591
e1/rand_1 0.248077870
e1/rand_2 0.296012551
e1/rand_3 0.372102333
e1/rand_4 0.372118556
e1/rand_5 0.372111815
e1/rand_6 0.372103259
e1/rand_7 0.356105445
e1/rand_8 0.248094926
e1/rand_9 0.248096186
e2/rand_0 0.248008556
e2/rand_1 0.271992516
e2/rand_2 0.263986294
e2/rand_3 0.272003794
e2/rand_4 0.271987386
e2/rand_5 0.271999054
e2/rand_6 0.271980294
e2/rand_7 0.272031572
e2/rand_8 0.271990850
e2/rand_9 0.271983035
e3/rand_0 0.271896460
e3/rand_1 0.271985572
e3/rand_2 0.271993479
e3/rand_3 0.271989572
e3/rand_4 0.240171575
e3/rand_5 0.203983142
e3/rand_6 0.203996772
e3/rand_7 0.204017494
e3/rand_8 0.203994494
e3/rand_9 0.203997697
e4/rand_0 0.203857160
e4/rand_1 0.106397935
e4/rand_2 0.075642964
e4/rand_3 0.060359415
e4/rand_4 0.071812104
e4/rand_5 0.071810234
e4/rand_6 0.056571388
e4/rand_7 0.067937893
e4/rand_8 0.071821956
e4/rand_9 0.071808753
e5/rand_0 0.106296063
e5/rand_1 0.060365063
e5/rand_2 0.075617463
e5/rand_3 0.060346544
e5/rand_4 0.071816586
e5/rand_5 0.071801271
e5/rand_6 0.075658371
e5/rand_7 0.060325951
e5/rand_8 0.071829160
e5/rand_9 0.071816623
e6/rand_0 0.060205395
e6/rand_1 0.071841346
e6/rand_2 0.071807882
e6/rand_3 0.056535536
e6/rand_4 0.067944356
e6/rand_5 0.071836660
e6/rand_6 0.071816049
e6/rand_7 0.060322433
e6/rand_8 0.068009819
e6/rand_9 0.071796178
e7/rand_0 0.071741715
e7/rand_1 0.071844475
e7/rand_2 0.071804086
e7/rand_3 0.060333137
e7/rand_4 0.067991782
e7/rand_5 0.071823493
e7/rand_6 0.071820419
e7/rand_7 0.060340174
e7/rand_8 0.071821623
e7/rand_9 0.071834382
e8/rand_0 0.056383646
e8/rand_1 7.283704609
e8/rand_2 0.036943143
e8/rand_3 0.036670345
e8/rand_4 0.031947313
e8/rand_5 0.031050750
e8/rand_6 4.630189976
e8/rand_7 0.031181288
e8/rand_8 0.031244511
e8/rand_9 0.031169159
e9/rand_0 0.031165677
e9/rand_1 0.031100769
e9/rand_2 0.031100769
e9/rand_3 0.031175492
e9/rand_4 0.031081788
e9/rand_5 0.031084028
e9/rand_6 0.031078287
e9/rand_7 0.031081714
e9/rand_8 0.030972880
e9/rand_9 0.030680748
f0/rand_0 0.050207215
f0/rand_1 0.030849138
f0/rand_2 0.030902898
f0/rand_3 0.030890490
f0/rand_4 0.030759841
f0/rand_5 0.030783693
f0/rand_6 0.030742267
f0/rand_7 0.030733340
f0/rand_8 0.030726970
f0/rand_9 0.030768822
f1/rand_0 0.030620969
f1/rand_1 0.030664507
f1/rand_2 0.030741267
f1/rand_3 0.030679174
f1/rand_4 0.030729119
f1/rand_5 0.030665341
f1/rand_6 0.030715359
f1/rand_7 0.030653674
f1/rand_8 0.030715711
f1/rand_9 0.030827564
f2/rand_0 0.031133473
f2/rand_1 0.031054973
f2/rand_2 0.031151381
f2/rand_3 0.031081695
f2/rand_4 0.031086324
f2/rand_5 0.031100492
f2/rand_6 0.031043843
f2/rand_7 0.031040120
f2/rand_8 0.031135102
f2/rand_9 0.031101862
f3/rand_0 0.031075102
f3/rand_1 0.031139343
f3/rand_2 0.031110195
f3/rand_3 0.031095584
f3/rand_4 0.031159622
f3/rand_5 0.031137362
f3/rand_6 0.031111584
f3/rand_7 0.031094566
f3/rand_8 0.031126270
f3/rand_9 0.031098121
f4/rand_0 0.031097121
f4/rand_1 0.031080955
f4/rand_2 0.031173325
f4/rand_3 0.031177826
f4/rand_4 0.031202992
f4/rand_5 0.031135102
f4/rand_6 0.031266807
f4/rand_7 0.031072288
f4/rand_8 0.031091584
f4/rand_9 0.031050102
f5/rand_0 0.031174955
f5/rand_1 0.031109658
f5/rand_2 0.031187751
f5/rand_3 0.031218567
f5/rand_4 0.031156677
f5/rand_5 0.031207955
f5/rand_6 0.030941824
f5/rand_7 0.031085676
f5/rand_8 0.031061898
f5/rand_9 0.031075287
f6/rand_0 0.031055529
f6/rand_1 0.031142695
f6/rand_2 0.031069806
f6/rand_3 0.031029621
f6/rand_4 0.031042305
f6/rand_5 0.031089399
f6/rand_6 0.031073492
f6/rand_7 0.031086917
f6/rand_8 0.031093307
f6/rand_9 0.031064121
f7/rand_0 0.031062769
f7/rand_1 0.031080565
f7/rand_2 0.030728582
f7/rand_3 0.030608951
f7/rand_4 0.030662322
f7/rand_5 0.030616006
f7/rand_6 0.030640210
f7/rand_7 0.030634173
f7/rand_8 0.050439495
f7/rand_9 0.030614599
f8/rand_0 0.031069343
f8/rand_1 0.031097566
f8/rand_2 0.031092324
f8/rand_3 0.031047028
f8/rand_4 0.031087769
f8/rand_5 0.031089343
f8/rand_6 0.031098621
f8/rand_7 0.039550679
f8/rand_8 0.031021028
f8/rand_9 0.053084772
f9/rand_0 0.063902217
f9/rand_1 0.067787429
f9/rand_2 0.060160729
f9/rand_3 0.063991329
f9/rand_4 0.063980625
f9/rand_5 0.063978828
f9/rand_6 0.063995347
f9/rand_7 0.063974217
f9/rand_8 0.063972810
f9/rand_9 0.063977625
g0/rand_0 0.063836198
g0/rand_1 0.063992773
g0/rand_2 0.063994347
g0/rand_3 0.063971939
g0/rand_4 0.063974032
g0/rand_5 0.063998014
g0/rand_6 0.067782170
g0/rand_7 0.067986375
g0/rand_8 0.056521129
g0/rand_9 0.067989282
g1/rand_0 0.071667659
g1/rand_1 0.071836827
g1/rand_2 0.075637594
g1/rand_3 0.060339730
g1/rand_4 0.071819752
g1/rand_5 0.124147316
g1/rand_6 0.139830775
g1/rand_7 0.139808127
g1/rand_8 0.128178992
g1/rand_9 6.103953701
g2/rand_0 0.048126220
g2/rand_1 0.041520637
g2/rand_2 0.031940201
g2/rand_3 0.030978750
g2/rand_4 0.030994824
g2/rand_5 0.030980213
g2/rand_6 0.031078954
g2/rand_7 0.030975584
g2/rand_8 0.030945657
g2/rand_9 0.030933213
g3/rand_0 0.030973879
g3/rand_1 0.030920786
g3/rand_2 0.031014861
g3/rand_3 0.030963620
g3/rand_4 0.030958750
g3/rand_5 0.030901101
g3/rand_6 0.031038954
g3/rand_7 0.031035713
g3/rand_8 0.031048288
g3/rand_9 0.031015158
g4/rand_0 0.031046602
g4/rand_1 0.031084250
g4/rand_2 0.031128103
g4/rand_3 0.031145622
g4/rand_4 0.031099454
g4/rand_5 0.031142621
g4/rand_6 0.031159955
g4/rand_7 0.031158251
g4/rand_8 0.031111473
g4/rand_9 0.031132455
g5/rand_0 0.031081418
g5/rand_1 0.031145992
g5/rand_2 0.031161548
g5/rand_3 0.031108677
g5/rand_4 0.031037787
g5/rand_5 0.041716009
g5/rand_6 0.030912898
g5/rand_7 0.030755137
g5/rand_8 0.030823360
g5/rand_9 0.039438790
g6/rand_0 0.067704521
g6/rand_1 0.063971143
g6/rand_2 0.060172877
g6/rand_3 0.063983773
g6/rand_4 0.063985828
g6/rand_5 0.063972661
g6/rand_6 0.063974791
g6/rand_7 0.063981495
g6/rand_8 0.063993051
g6/rand_9 0.063975625
g7/rand_0 0.063870310
g7/rand_1 0.063960273
g7/rand_2 0.064003088
g7/rand_3 0.063959718
g7/rand_4 0.063981866
g7/rand_5 0.063994291
g7/rand_6 0.091775872
g7/rand_7 0.131885870
g7/rand_8 0.124072500
g7/rand_9 0.131898703
g8/rand_0 0.123928907
g8/rand_1 0.131887480
g8/rand_2 0.124077168
g8/rand_3 0.131889610
g8/rand_4 0.124080223
g8/rand_5 0.131882999
g8/rand_6 0.124072111
g8/rand_7 0.131895869
g8/rand_8 0.116264780
g8/rand_9 0.143833711
g9/rand_0 0.128015195
g9/rand_1 0.143813081
g9/rand_2 0.128166973
g9/rand_3 0.143840266
g9/rand_4 0.143801303
g9/rand_5 0.132178057
g9/rand_6 0.139981721
g9/rand_7 6.210237511
g9/rand_8 0.048429944
g9/rand_9 0.039765421
h0/rand_0 0.189981102
h0/rand_1 0.045274645
h0/rand_2 0.040448667
h0/rand_3 0.031606162
h0/rand_4 0.031004157
h0/rand_5 0.030935750
h0/rand_6 0.030934509
h0/rand_7 0.030737915
h0/rand_8 0.030617507
h0/rand_9 0.030565488
h1/rand_0 0.030477802
h1/rand_1 0.030607044
h1/rand_2 0.030561950
h1/rand_3 0.030623507
h1/rand_4 0.030605803
h1/rand_5 0.030572044
h1/rand_6 0.030614636
h1/rand_7 0.030558728
h1/rand_8 0.030587692
h1/rand_9 0.030588784
h2/rand_0 0.030545636
h2/rand_1 0.030650321
h2/rand_2 0.030753841
h2/rand_3 0.030592414
h2/rand_4 0.030808693
h2/rand_5 0.030723804
h2/rand_6 0.030699656
h2/rand_7 0.030819749
h2/rand_8 0.030847563
h2/rand_9 0.030804545
h3/rand_0 0.030768193
h3/rand_1 0.030809100
h3/rand_2 0.030802452
h3/rand_3 0.030782100
h3/rand_4 0.030777489
h3/rand_5 0.031057028
h3/rand_6 0.031038195
h3/rand_7 0.031032824
h3/rand_8 0.031014121
h3/rand_9 0.031061769
h4/rand_0 0.030955175
h4/rand_1 0.031120233
h4/rand_2 0.031121325
h4/rand_3 0.031128954
h4/rand_4 0.058302752
h4/rand_5 0.059880430
h4/rand_6 0.031052751
h4/rand_7 0.044231989
h4/rand_8 0.043861598
h4/rand_9 0.060303988
h5/rand_0 0.075538001
h5/rand_1 0.067998097
h5/rand_2 0.056532981
h5/rand_3 0.067976171
h5/rand_4 0.071822215
h5/rand_5 0.071797290
h5/rand_6 0.060351785
h5/rand_7 0.071798697
h5/rand_8 0.071840198
h5/rand_9 0.071803697
h6/rand_0 0.056355720
h6/rand_1 0.071820864
h6/rand_2 0.071797882
h6/rand_3 0.071824568
h6/rand_4 0.060352896
h6/rand_5 0.071794308
h6/rand_6 0.071829642
h6/rand_7 0.060366230
h6/rand_8 0.071817772
h6/rand_9 0.071808290
h7/rand_0 0.095688750
h7/rand_1 0.128175677
h7/rand_2 0.143804563
h7/rand_3 0.128170196
h7/rand_4 0.143838470
h7/rand_5 0.128164381
h7/rand_6 0.143795063
h7/rand_7 0.128179640
h7/rand_8 0.128196548
h7/rand_9 0.143825747
h8/rand_0 0.128015583
h8/rand_1 0.143821266
h8/rand_2 0.128168566
h8/rand_3 0.143816562
h8/rand_4 0.128187751
h8/rand_5 0.111802972
h8/rand_6 0.092003022
h8/rand_7 0.080486294
h8/rand_8 0.123682054
h8/rand_9 0.143814710
h9/rand_0 0.128055121
h9/rand_1 0.143810081
h9/rand_2 0.128105214
h9/rand_3 0.116290651
h9/rand_4 0.116309966
h9/rand_5 0.116296558
h9/rand_6 0.116303596
h9/rand_7 0.116287818
h9/rand_8 0.116309892
h9/rand_9 0.116312262
i0/rand_0 0.116155539
i0/rand_1 0.116284114
i0/rand_2 0.116297022
i0/rand_3 0.116297522
i0/rand_4 0.116317799
i0/rand_5 0.116275559
i0/rand_6 0.116284669
i0/rand_7 0.116292910
i0/rand_8 0.116287169
i0/rand_9 0.116305336
i1/rand_0 0.116147521
i1/rand_1 0.116278281
i1/rand_2 0.116273188
i1/rand_3 0.116284540
i1/rand_4 0.116286707
i1/rand_5 0.116297540
i1/rand_6 0.116264614
i1/rand_7 0.116280188
i1/rand_8 0.116271281
i1/rand_9 0.116329392
i2/rand_0 0.116138076
i2/rand_1 0.116276262
i2/rand_2 0.116289059
i2/rand_3 0.116370374
i2/rand_4 0.048729113
i2/rand_5 0.076442636
i2/rand_6 0.116302763
i2/rand_7 0.116302374
i2/rand_8 0.116295873
i2/rand_9 0.116303374
i3/rand_0 0.116013242
i3/rand_1 0.116323633
i3/rand_2 0.116299040
i3/rand_3 0.116292948
i3/rand_4 0.116292633
i3/rand_5 0.116288762
i3/rand_6 0.116298633
i3/rand_7 0.116293596
i3/rand_8 0.116309725
i3/rand_9 0.116294503
i4/rand_0 0.116048965
i4/rand_1 0.116282281
i4/rand_2 0.116280485
i4/rand_3 0.116281559
i4/rand_4 0.116285244
i4/rand_5 0.116284744
i4/rand_6 0.116317837
i4/rand_7 0.116287596
i4/rand_8 0.116288078
i4/rand_9 0.116293559
i5/rand_0 0.116054798
i5/rand_1 0.116299374
i5/rand_2 0.116299800
i5/rand_3 0.116289874
i5/rand_4 0.116294762
i5/rand_5 0.116302726
i5/rand_6 0.116295559
i5/rand_7 0.116301559
i5/rand_8 0.116286355
i5/rand_9 0.116291188
i6/rand_0 0.116056353
i6/rand_1 0.132227353
i6/rand_2 0.248111335
i6/rand_3 0.417499148
i6/rand_4 0.094448964
i6/rand_5 0.248065464
i6/rand_6 0.248108835
i6/rand_7 0.216070578
i6/rand_8 0.140197038
i6/rand_9 0.127986658
i7/rand_0 0.127748175
i7/rand_1 0.127977528
i7/rand_2 0.127992157
i7/rand_3 0.127949916
i7/rand_4 0.127991695
i7/rand_5 0.127977584
i7/rand_6 0.128022417
i7/rand_7 0.127943268
i7/rand_8 0.127985713
i7/rand_9 0.127986435
i8/rand_0 0.131630479
i8/rand_1 0.171974923
i8/rand_2 0.228087587
i8/rand_3 0.248108317
i8/rand_4 0.248068946
i8/rand_5 0.248099779
i8/rand_6 0.248080557
i8/rand_7 0.248106761
i8/rand_8 0.248071057
i8/rand_9 0.248110446
i9/rand_0 0.246480176
i9/rand_1 0.176136785
i9/rand_2 0.127950694
i9/rand_3 0.120185511
i9/rand_4 0.116310688
i9/rand_5 0.116312207
i9/rand_6 0.116307114
i9/rand_7 0.116293077
i9/rand_8 0.116282096
i9/rand_9 0.116296540
j0/rand_0 0.116168373
j0/rand_1 0.116292818
j0/rand_2 0.136177788
j0/rand_3 0.199983541
j0/rand_4 0.248103039
j0/rand_5 0.248090891
j0/rand_6 0.248137576
j0/rand_7 0.248038538
j0/rand_8 0.248102928
j0/rand_9 0.248078854
j1/rand_0 0.248004594
j1/rand_1 0.248066354
j1/rand_2 0.248111169
j1/rand_3 0.248064539
j1/rand_4 0.136197548
j1/rand_5 0.127970028
j1/rand_6 0.127989899
j1/rand_7 0.103319969
j1/rand_8 0.127993343
j1/rand_9 0.127973287
j2/rand_0 0.127857453
j2/rand_1 0.131915351
j2/rand_2 0.127966583
j2/rand_3 0.127970676
j2/rand_4 0.220076643
j2/rand_5 0.232099484
j2/rand_6 0.248087502
j2/rand_7 0.248111799
j2/rand_8 0.248075632
j2/rand_9 0.248106169
j3/rand_0 0.247964001
j3/rand_1 0.248100150
j3/rand_2 0.248080779
j3/rand_3 0.208303877
j3/rand_4 0.116319040
j3/rand_5 0.116303207
j3/rand_6 0.116321744
j3/rand_7 0.116305022
j3/rand_8 0.116283132
j3/rand_9 0.116294614
j4/rand_0 0.120199900
j4/rand_1 0.127880398
j4/rand_2 0.127978584
j4/rand_3 0.127969380
j4/rand_4 0.127976899
j4/rand_5 0.127992510
j4/rand_6 0.127971546
j4/rand_7 0.131903814
j4/rand_8 0.127970973
j4/rand_9 0.127975177
j5/rand_0 0.127855324
j5/rand_1 0.127962843
j5/rand_2 0.128001843
j5/rand_3 0.127974121
j5/rand_4 0.220084402
j5/rand_5 0.248101447
j5/rand_6 0.248084613
j5/rand_7 0.248151262
j5/rand_8 0.239883224
j5/rand_9 0.127975454
j6/rand_0 0.127843213
j6/rand_1 0.127985195
j6/rand_2 0.127985343
j6/rand_3 0.127983176
j6/rand_4 0.127981194
j6/rand_5 0.127982362
j6/rand_6 0.127992158
j6/rand_7 0.148168907
j6/rand_8 0.251793916
j6/rand_9 0.248075502
j7/rand_0 0.263771814
j7/rand_1 0.248087835
j7/rand_2 0.263871352
j7/rand_3 0.248072928
j7/rand_4 0.263879129
j7/rand_5 0.152873662
j7/rand_6 0.263899018
j7/rand_7 0.248075168
j7/rand_8 0.196066088
j7/rand_9 0.127999973
j8/rand_0 0.127855194
j8/rand_1 0.127970083
j8/rand_2 0.127986287
j8/rand_3 0.127985732
j8/rand_4 0.127974917
j8/rand_5 0.127973639
j8/rand_6 0.127991972
j8/rand_7 0.127984565
j8/rand_8 0.127981380
j8/rand_9 0.127979435
j9/rand_0 0.127883842
j9/rand_1 0.128008398
j9/rand_2 0.127948102
j9/rand_3 0.127974306
j9/rand_4 0.127985102
j9/rand_5 0.127979954
j9/rand_6 0.127977713
j9/rand_7 0.251805842
j9/rand_8 0.248075187
j9/rand_9 0.263881777
k0/rand_0 0.247939557
k0/rand_1 0.263888203
k0/rand_2 0.195981699
k0/rand_3 0.127984028
k0/rand_4 0.127989121
k0/rand_5 0.178801229
k0/rand_6 0.069356310
k0/rand_7 0.127960972
k0/rand_8 0.127972862
k0/rand_9 0.127949750
k1/rand_0 0.127886250
k1/rand_1 0.127986546
k1/rand_2 0.127964361
k1/rand_3 0.127994306
k1/rand_4 0.127998954
k1/rand_5 0.127971769
k1/rand_6 0.167781209
k1/rand_7 0.160090916
k1/rand_8 0.195875755
k1/rand_9 0.248085632
k2/rand_0 0.251870825
k2/rand_1 0.263869666
k2/rand_2 0.248079946
k2/rand_3 0.243885307
k2/rand_4 0.127988510
k2/rand_5 0.127976102
k2/rand_6 0.127995584
k2/rand_7 0.127981250
k2/rand_8 0.127981917
k2/rand_9 0.127989862
k3/rand_0 0.127837620
k3/rand_1 0.128072269
k3/rand_2 0.127985473
k3/rand_3 0.251876102
k3/rand_4 0.248086132
k3/rand_5 0.263882240
k3/rand_6 0.049300543
k3/rand_7 0.041086746
k3/rand_8 0.232275523
k3/rand_9 0.248087484
k4/rand_0 0.263761110
k4/rand_1 0.244065364
k4/rand_2 0.128081844
k4/rand_3 0.127984861
k4/rand_4 0.127987639
k4/rand_5 0.127964954
k4/rand_6 0.127998603
k4/rand_7 0.127985806
k4/rand_8 0.127977454
k4/rand_9 0.127976065
k5/rand_0 0.127886694
k5/rand_1 0.127951435
k5/rand_2 0.127993121
k5/rand_3 0.128031492
k5/rand_4 0.127930991
k5/rand_5 0.127974435
k5/rand_6 0.127982121
k5/rand_7 0.127971676
k5/rand_8 0.127984213
k5/rand_9 0.127993324
k6/rand_0 0.127847546
k6/rand_1 0.127956047
k6/rand_2 0.139804461
k6/rand_3 0.248081446
k6/rand_4 0.263875555
k6/rand_5 0.248079854
k6/rand_6 0.263885370
k6/rand_7 0.164489075
k6/rand_8 0.127983713
k6/rand_9 0.127963473
k7/rand_0 0.127838398
k7/rand_1 0.127981251
k7/rand_2 0.048239739
k7/rand_3 0.085142141
k7/rand_4 0.115930631
k7/rand_5 0.104243161
k7/rand_6 0.115896779
k7/rand_7 0.115939260
k7/rand_8 0.115928057
k7/rand_9 0.115916279
k8/rand_0 0.104131882
k8/rand_1 0.115915927
k8/rand_2 0.115939612
k8/rand_3 0.115901816
k8/rand_4 0.115921797
k8/rand_5 0.104236291
k8/rand_6 0.104274551
k8/rand_7 0.115919390
k8/rand_8 0.115927316
k8/rand_9 0.115916723
k9/rand_0 0.115826685
k9/rand_1 0.104248440
k9/rand_2 0.115910352
k9/rand_3 0.115927538
k9/rand_4 0.115916593
k9/rand_5 0.115913278
k9/rand_6 0.104241143
k9/rand_7 0.115943205
k9/rand_8 0.115939464
k9/rand_9 0.115891963
l0/rand_0 0.115788463
l0/rand_1 0.115930019
l0/rand_2 0.104243365
l0/rand_3 0.115908371
l0/rand_4 0.115929075
l0/rand_5 0.115924723
l0/rand_6 0.115921741
l0/rand_7 0.104231994
l0/rand_8 0.115925260
l0/rand_9 0.115930723
l1/rand_0 0.115786519
l1/rand_1 0.115928705
l1/rand_2 0.104224179
l1/rand_3 0.104318421
l1/rand_4 0.115874445
l1/rand_5 0.115916057
l1/rand_6 0.115935260
l1/rand_7 0.048165312
l1/rand_8 0.041708805
l1/rand_9 0.032013109
l2/rand_0 0.090273473
l2/rand_1 0.104283755
l2/rand_2 0.104299681
l2/rand_3 0.115927353
l2/rand_4 0.115897630
l2/rand_5 0.115925723
l2/rand_6 0.108192003
l2/rand_7 0.115864019
l2/rand_8 0.115932261
l2/rand_9 0.115897260
l3/rand_0 0.104135031
l3/rand_1 0.108216892
l3/rand_2 0.108093188
l3/rand_3 0.115912520
l3/rand_4 0.119814509
l3/rand_5 0.108138429
l3/rand_6 0.119799787
l3/rand_7 0.108139392
l3/rand_8 0.119793398
l3/rand_9 0.108154762
l4/rand_0 0.115811445
l4/rand_1 0.115984557
l4/rand_2 0.108108576
l4/rand_3 0.119806417
l4/rand_4 0.108098410
l4/rand_5 0.119816620
l4/rand_6 0.108134170
l4/rand_7 0.119802787
l4/rand_8 0.104247124
l4/rand_9 0.104292180
l5/rand_0 0.115805223
l5/rand_1 0.115927464
l5/rand_2 0.119919769
l5/rand_3 0.104152846
l5/rand_4 0.115917316
l5/rand_5 0.115911001
l5/rand_6 0.115912390
l5/rand_7 0.104290976
l5/rand_8 0.104308273
l5/rand_9 0.115908612
l6/rand_0 0.115771871
l6/rand_1 0.108728118
l6/rand_2 0.115327571
l6/rand_3 0.115917038
l6/rand_4 0.115916575
l6/rand_5 0.115912871
l6/rand_6 0.104272458
l6/rand_7 0.104291755
l6/rand_8 0.115900390
l6/rand_9 0.115941279
l7/rand_0 0.115761352
l7/rand_1 0.115921093
l7/rand_2 0.104252125
l7/rand_3 0.115927964
l7/rand_4 0.115926835
l7/rand_5 0.108129133
l7/rand_6 0.104302161
l7/rand_7 0.115910630
l7/rand_8 0.159920193
l7/rand_9 0.231921706
l8/rand_0 0.231665334
l8/rand_1 0.192122063
l8/rand_2 0.115932390
l8/rand_3 0.115920927
l8/rand_4 0.104252902
l8/rand_5 0.104319662
l8/rand_6 0.115880908
l8/rand_7 0.115916426
l8/rand_8 0.115900353
l8/rand_9 0.108142429
l9/rand_0 0.115705944
l9/rand_1 0.115895594
l9/rand_2 0.139927055
l9/rand_3 0.164051239
l9/rand_4 0.167906192
l9/rand_5 0.172151962
l9/rand_6 0.187898070
l9/rand_7 0.203921440
l9/rand_8 0.231920466
l9/rand_9 0.360887131
m0/rand_0 0.094786152
m0/rand_1 0.216177265
m0/rand_2 0.231873891
m0/rand_3 0.231912503
m0/rand_4 0.140028019
m0/rand_5 0.115933834
m0/rand_6 0.104322106
m0/rand_7 0.115867056
m0/rand_8 0.115893927
m0/rand_9 0.155813702
m1/rand_0 0.124005279
m1/rand_1 0.231911429
m1/rand_2 0.231923836
m1/rand_3 0.216129616
m1/rand_4 0.231938539
m1/rand_5 0.231958188
m1/rand_6 0.231868002
m1/rand_7 0.216142320
m1/rand_8 0.231914003
m1/rand_9 0.231930836
m2/rand_0 0.216027430
m2/rand_1 0.216186802
m2/rand_2 0.231906262
m2/rand_3 0.231922114
m2/rand_4 0.116037965
m2/rand_5 0.104064123
m2/rand_6 0.049573267
m2/rand_7 0.060296878
m2/rand_8 0.107478814
m2/rand_9 0.104280495
m3/rand_0 0.104192698
m3/rand_1 0.115915612
m3/rand_2 0.115907964
m3/rand_3 0.115915964
m3/rand_4 0.115921279
m3/rand_5 0.104249791
m3/rand_6 0.119706471
m3/rand_7 0.092301006
m3/rand_8 0.103919696
m3/rand_9 0.103920344
m4/rand_0 0.103817326
m4/rand_1 0.103931012
m4/rand_2 0.103931456
m4/rand_3 0.103935641
m4/rand_4 0.092303876
m4/rand_5 0.103931067
m4/rand_6 0.103942308
m4/rand_7 0.103919196
m4/rand_8 0.103929492
m4/rand_9 0.103927456
m5/rand_0 0.096065605
m5/rand_1 0.103942381
m5/rand_2 0.107787630
m5/rand_3 0.103949623
m5/rand_4 0.096197014
m5/rand_5 0.103928289
m5/rand_6 0.107787612
m5/rand_7 0.096189755
m5/rand_8 0.103920178
m5/rand_9 0.103930400
m6/rand_0 0.103834899
m6/rand_1 0.103913566
m6/rand_2 0.092319006
m6/rand_3 0.103927529
m6/rand_4 0.103937752
m6/rand_5 0.103927437
m6/rand_6 0.103931956
m6/rand_7 0.103936123
m6/rand_8 0.103936271
m6/rand_9 0.092316431
m7/rand_0 0.103828974
m7/rand_1 0.103955511
m7/rand_2 0.103895659
m7/rand_3 0.103930585
m7/rand_4 0.103933715
m7/rand_5 0.093247678
m7/rand_6 0.048883133
m7/rand_7 0.058674404
m7/rand_8 0.048197720
m7/rand_9 0.048176072
m8/rand_0 0.055544697
m8/rand_1 0.048185294
m8/rand_2 0.060366082
m8/rand_3 0.091364332
m8/rand_4 0.103944086
m8/rand_5 0.305603565
m8/rand_6 0.046043521
m8/rand_7 0.039624939
m8/rand_8 0.031933071
m8/rand_9 0.088627702
m9/rand_0 0.103806177
m9/rand_1 0.103934178
m9/rand_2 0.096172402
m9/rand_3 0.103937474
m9/rand_4 0.096180958
m9/rand_5 0.103929122
m9/rand_6 0.103925103
m9/rand_7 0.103932086
m9/rand_8 0.103928271
m9/rand_9 0.103924252
n0/rand_0 0.103862862
n0/rand_1 0.103897567
n0/rand_2 0.092309265
n0/rand_3 0.103926086
n0/rand_4 0.103911029
n0/rand_5 0.103931196
n0/rand_6 0.103934271
n0/rand_7 0.103930530
n0/rand_8 0.103923437
n0/rand_9 0.092316117
n1/rand_0 0.103803603
n1/rand_1 0.107813982
n1/rand_2 0.096182032
n1/rand_3 0.107804556
n1/rand_4 0.096183162
n1/rand_5 0.107804075
n1/rand_6 0.107798167
n1/rand_7 0.096185810
n1/rand_8 0.100058114
n1/rand_9 0.100062411
n2/rand_0 0.171666978
n2/rand_1 0.215801633
n2/rand_2 0.200055172
n2/rand_3 0.171944387
n2/rand_4 0.092287320
n2/rand_5 0.103944734
n2/rand_6 0.103917974
n2/rand_7 0.103932900
n2/rand_8 0.103929178
n2/rand_9 0.103924567
n3/rand_0 0.103816548
n3/rand_1 0.133195509
n3/rand_2 0.066941535
n3/rand_3 0.103924567
n3/rand_4 0.103939827
n3/rand_5 0.103904178
n3/rand_6 0.103934585
n3/rand_7 0.184416028
n3/rand_8 0.215525835
n3/rand_9 0.200044710
n4/rand_0 0.199944968
n4/rand_1 0.215800355
n4/rand_2 0.200064043
n4/rand_3 0.200052710
n4/rand_4 0.200053932
n4/rand_5 0.215914171
n4/rand_6 0.231915040
n4/rand_7 0.231909169
n4/rand_8 0.216157320
n4/rand_9 0.227800104
n5/rand_0 0.120003215
n5/rand_1 0.115914871
n5/rand_2 0.115917779
n5/rand_3 0.115940187
n5/rand_4 0.104254699
n5/rand_5 0.115916464
n5/rand_6 0.115926316
n5/rand_7 0.115923650
n5/rand_8 0.115910705
n5/rand_9 0.104251014
n6/rand_0 0.115795797
n6/rand_1 0.115912668
n6/rand_2 0.231806466
n6/rand_3 0.216153340
n6/rand_4 2.328000222
n6/rand_5 0.115935039
n6/rand_6 0.115902575
n6/rand_7 0.115918853
n6/rand_8 0.104251014
n6/rand_9 0.115936335
n7/rand_0 0.115795445
n7/rand_1 0.115920168
n7/rand_2 0.115911298
n7/rand_3 0.104271088
n7/rand_4 0.104275810
n7/rand_5 0.115963149
n7/rand_6 0.115876927
n7/rand_7 0.115924001
n7/rand_8 0.115918519
n7/rand_9 0.104256996
n8/rand_0 0.115790390
n8/rand_1 0.115923390
n8/rand_2 0.115899834
n8/rand_3 0.115918928
n8/rand_4 0.104255236
n8/rand_5 0.119831603
n8/rand_6 0.115998965
n8/rand_7 0.239828446
n8/rand_8 0.216115154
n8/rand_9 0.231918670
n9/rand_0 0.123929279
n9/rand_1 0.108142985
n9/rand_2 0.104305884
n9/rand_3 0.119778546
n9/rand_4 0.108157836
n9/rand_5 0.115897520
n9/rand_6 0.115921501
n9/rand_7 0.115957039
n9/rand_8 0.115884278
n9/rand_9 0.104268865
o0/rand_0 0.115777778
o0/rand_1 0.115894279
o0/rand_2 0.115931835
o0/rand_3 0.115904113
o0/rand_4 0.167489541
o0/rand_5 0.056581926
o0/rand_6 0.187918404
o0/rand_7 0.231902855
o0/rand_8 0.216150747
o0/rand_9 0.231910651
o1/rand_0 0.231794484
o1/rand_1 0.216151377
o1/rand_2 0.231909207
o1/rand_3 0.231918152
o1/rand_4 0.231913559
o1/rand_5 0.188027071
o1/rand_6 0.115916242
o1/rand_7 0.104244828
o1/rand_8 0.115930224
o1/rand_9 0.115918354
o2/rand_0 0.115756870
o2/rand_1 0.115923020
o2/rand_2 0.104252680
o2/rand_3 0.115924520
o2/rand_4 0.115922668
o2/rand_5 0.115922076
o2/rand_6 0.115906557
o2/rand_7 0.104254328
o2/rand_8 0.104244829
o2/rand_9 0.115924001
o3/rand_0 0.115799556
o3/rand_1 0.115923760
o3/rand_2 0.140034630
o3/rand_3 0.167901192
o3/rand_4 0.148033260
o3/rand_5 0.155905314
o3/rand_6 0.216162395
o3/rand_7 0.048665390
o3/rand_8 0.143990490
o3/rand_9 0.231908633
o4/rand_0 0.215884059
o4/rand_1 0.231926522
o4/rand_2 0.168129657
o4/rand_3 0.115915983
o4/rand_4 0.115914020
o4/rand_5 0.115916001
o4/rand_6 0.115912631
o4/rand_7 0.104268606
o4/rand_8 0.115913187
o4/rand_9 0.115920576
o5/rand_0 0.127557786
o5/rand_1 0.152131010
o5/rand_2 0.159912508
o5/rand_3 0.164119851
o5/rand_4 0.159934545
o5/rand_5 0.175807729
o5/rand_6 0.164037128
o5/rand_7 0.167913545
o5/rand_8 0.168025749
o5/rand_9 0.231909615
o6/rand_0 0.216042339
o6/rand_1 0.231918170
o6/rand_2 0.231897170
o6/rand_3 0.216154154
o6/rand_4 0.148192983
o6/rand_5 0.115906853
o6/rand_6 0.115914668
o6/rand_7 0.048777984
o6/rand_8 0.108238615
o6/rand_9 0.104253236
o7/rand_0 0.115813741
o7/rand_1 0.115915779
o7/rand_2 0.144037824
o7/rand_3 0.164023777
o7/rand_4 0.172027184
o7/rand_5 0.159819674
o7/rand_6 0.179914164
o7/rand_7 0.183902340
o7/rand_8 0.164038462
o7/rand_9 0.207911376
o8/rand_0 0.216047154
o8/rand_1 0.231901504
o8/rand_2 0.231916411
o8/rand_3 0.216141172
o8/rand_4 0.231926318
o8/rand_5 0.207953801
o8/rand_6 0.115866964
o8/rand_7 0.104256625
o8/rand_8 0.115936057
o8/rand_9 0.115908057
o9/rand_0 0.115820020
o9/rand_1 0.115901427
o9/rand_2 0.104253699
o9/rand_3 0.116077281
o9/rand_4 0.144143066
o9/rand_5 0.163791683
o9/rand_6 0.156281149
o9/rand_7 0.183670782
o9/rand_8 0.152146140
o9/rand_9 0.175806673
p0/rand_0 0.143989102
p0/rand_1 0.080336108
p0/rand_2 0.048490667
p0/rand_3 0.037287201
p0/rand_4 0.031595291
p0/rand_5 0.031684181
p0/rand_6 0.031705977
p0/rand_7 0.031691829
p0/rand_8 0.031697681
p0/rand_9 0.031673995
p1/rand_0 0.031703737
p1/rand_1 0.031771866
p1/rand_2 0.031795644
p1/rand_3 0.031781867
p1/rand_4 0.067529873
p1/rand_5 0.052187693
p1/rand_6 0.056119886
p1/rand_7 0.056050923
p1/rand_8 0.059771430
p1/rand_9 0.059798671
p2/rand_0 0.048355852
p2/rand_1 0.059791911
p2/rand_2 0.071690716
p2/rand_3 0.067939486
p2/rand_4 0.111915881
p2/rand_5 0.104264384
p2/rand_6 0.115870464
p2/rand_7 0.115955706
p2/rand_8 0.115920853
p2/rand_9 0.115907261
p3/rand_0 0.104113050
p3/rand_1 0.119820843
p3/rand_2 0.115907613
p3/rand_3 0.115899557
p3/rand_4 0.104259607
p3/rand_5 0.115896594
p3/rand_6 0.115931261
p3/rand_7 0.115908724
p3/rand_8 0.115916761
p3/rand_9 0.104261810
p4/rand_0 0.115797557
p4/rand_1 0.115915150
p4/rand_2 0.115925409
p4/rand_3 0.115921520
p4/rand_4 0.108161837
p4/rand_5 0.119796251
p4/rand_6 0.108136800
p4/rand_7 0.119800807
p4/rand_8 0.108136522
p4/rand_9 0.115917538
p5/rand_0 0.115783741
p5/rand_1 0.115911520
p5/rand_2 0.104259569
p5/rand_3 0.115872446
p5/rand_4 0.115964669
p5/rand_5 0.115924483
p5/rand_6 0.115903946
p5/rand_7 0.104277328
p5/rand_8 0.119805417
p5/rand_9 5.667161066
p6/rand_0 0.067519020
p6/rand_1 0.047916515
p6/rand_2 0.035940729
p6/rand_3 0.031640440
p6/rand_4 0.031571773
p6/rand_5 0.031526273
p6/rand_6 0.031570402
p6/rand_7 0.031530754
p6/rand_8 0.031553458
p6/rand_9 0.031516347
p7/rand_0 0.031428087
p7/rand_1 0.031625329
p7/rand_2 0.031661514
p7/rand_3 0.031658292
p7/rand_4 0.031690310
p7/rand_5 0.031610773
p7/rand_6 0.031706682
p7/rand_7 0.031644255
p7/rand_8 0.032053795
p7/rand_9 0.031256567
p8/rand_0 0.031180585
p8/rand_1 0.030857638
p8/rand_2 0.030916823
p8/rand_3 0.030865731
p8/rand_4 0.030784971
p8/rand_5 0.030828528
p8/rand_6 0.031106344
p8/rand_7 0.031254271
p8/rand_8 0.031198548
p8/rand_9 0.115875668
p9/rand_0 0.052025062
p9/rand_1 0.075559409
p9/rand_2 0.112025049
p9/rand_3 0.115910502
p9/rand_4 0.115921057
p9/rand_5 0.104275089
p9/rand_6 0.115899298
p9/rand_7 0.115931835
p9/rand_8 0.115913595
p9/rand_9 0.115912724
q0/rand_0 0.104141883
q0/rand_1 0.115983614
q0/rand_2 0.115851594
q0/rand_3 0.115921501
q0/rand_4 0.115917669
q0/rand_5 0.115910001
q0/rand_6 0.104262236
q0/rand_7 0.115930520
q0/rand_8 0.115910242
q0/rand_9 0.115913132
q1/rand_0 0.115827779
q1/rand_1 0.104254996
q1/rand_2 0.115902021
q1/rand_3 0.115920132
q1/rand_4 0.115958039
q1/rand_5 0.115890224
q1/rand_6 0.104267885
q1/rand_7 0.104291051
q1/rand_8 0.115918168
q1/rand_9 0.115913724
q2/rand_0 0.115806575
q2/rand_1 0.115915168
q2/rand_2 0.104266292
q2/rand_3 0.115920557
q2/rand_4 0.115907668
q2/rand_5 0.115919538
q2/rand_6 0.048138276
q2/rand_7 0.064876761
q2/rand_8 0.119788492
q2/rand_9 0.115928409
q3/rand_0 0.115799501
q3/rand_1 0.124177373
q3/rand_2 0.143871713
q3/rand_3 0.208022580
q3/rand_4 0.231912022
q3/rand_5 0.231925356
q3/rand_6 0.216137803
q3/rand_7 0.223804689
q3/rand_8 0.124033650
q3/rand_9 0.115915483
q4/rand_0 0.108040559
q4/rand_1 0.115919928
q4/rand_2 0.115919891
q4/rand_3 0.104260458
q4/rand_4 0.104298236
q4/rand_5 0.115911927
q4/rand_6 0.115931798
q4/rand_7 0.115893446
q4/rand_8 0.120035030
q4/rand_9 0.163909536
q5/rand_0 0.159813174
q5/rand_1 0.152154899
q5/rand_2 0.159913638
q5/rand_3 0.152169288
q5/rand_4 0.152032565
q5/rand_5 0.216181211
q5/rand_6 0.231910763
q5/rand_7 0.231916653
q5/rand_8 0.216158914
q5/rand_9 0.153094943
q6/rand_0 0.115768778
q6/rand_1 0.119787213
q6/rand_2 0.104276089
q6/rand_3 0.115977613
q6/rand_4 0.115836223
q6/rand_5 0.104131883
q6/rand_6 0.103904956
q6/rand_7 0.103931345
q6/rand_8 0.103940272
q6/rand_9 0.103927512
q7/rand_0 0.092384895
q7/rand_1 0.048798003
q7/rand_2 0.058729089
q7/rand_3 0.044460843
q7/rand_4 0.055666513
q7/rand_5 0.044417435
q7/rand_6 0.107542389
q7/rand_7 0.095933827
q7/rand_8 0.103929420
q7/rand_9 0.103932845
q8/rand_0 0.103807788
q8/rand_1 0.092307580
q8/rand_2 0.103958642
q8/rand_3 0.103994105
q8/rand_4 0.103865900
q8/rand_5 0.103917900
q8/rand_6 0.103934086
q8/rand_7 0.096155625
q8/rand_8 0.103981197
q8/rand_9 0.103905697
q9/rand_0 0.103800400
q9/rand_1 0.103919105
q9/rand_2 0.103917789
q9/rand_3 0.103934031
q9/rand_4 0.092313320
q9/rand_5 0.103924178
q9/rand_6 0.048898707
q9/rand_7 0.040816707
q9/rand_8 0.032965042
q9/rand_9 0.033316470
r0/rand_0 0.032524094
r0/rand_1 0.032505613
r0/rand_2 0.032566409
r0/rand_3 0.032331149
r0/rand_4 0.072557167
r0/rand_5 0.044463862
r0/rand_6 0.055730124
r0/rand_7 0.044356509
r0/rand_8 0.059400779
r0/rand_9 0.044470750
r1/rand_0 0.055550142
r1/rand_1 0.044451713
r1/rand_2 0.055654957
r1/rand_3 0.055687439
r1/rand_4 0.048217277
r1/rand_5 0.044495844
r1/rand_6 0.055605568
r1/rand_7 0.055673310
r1/rand_8 0.044437677
r1/rand_9 0.055668124
r2/rand_0 0.044225786
r2/rand_1 0.055754940
r2/rand_2 0.055705235
r2/rand_3 0.044423824
r2/rand_4 0.055691569
r2/rand_5 0.048206739
r2/rand_6 0.055659309
r2/rand_7 0.048189961
r2/rand_8 0.079785975
r2/rand_9 0.064063497
r3/rand_0 0.099954726
r3/rand_1 0.103900290
r3/rand_2 0.103952623
r3/rand_3 0.103966402
r3/rand_4 0.103881715
r3/rand_5 0.103926105
r3/rand_6 0.103928030
r3/rand_7 0.092320414
r3/rand_8 0.103915160
r3/rand_9 0.103939308
r4/rand_0 0.103784863
r4/rand_1 0.103918549
r4/rand_2 0.103941142
r4/rand_3 0.103930253
r4/rand_4 0.103932438
r4/rand_5 0.092344339
r4/rand_6 0.103896567
r4/rand_7 0.103937178
r4/rand_8 0.103960938
r4/rand_9 0.103903845
r5/rand_0 0.103793400
r5/rand_1 0.103930327
r5/rand_2 0.092353117
r5/rand_3 0.103886771
r5/rand_4 0.103927271
r5/rand_5 0.103935364
r5/rand_6 0.103936216
r5/rand_7 0.103929938
r5/rand_8 0.103937919
r5/rand_9 0.103927900
r6/rand_0 0.092181006
r6/rand_1 0.103919975
r6/rand_2 0.103943975
r6/rand_3 5.566048033
r6/rand_4 0.046279615
r6/rand_5 0.058055751
r6/rand_6 0.034294625
r6/rand_7 0.033364674
r6/rand_8 0.031611292
r6/rand_9 0.031517865
r7/rand_0 0.031903165
r7/rand_1 0.031622847
r7/rand_2 0.031619033
r7/rand_3 0.031374012
r7/rand_4 0.031279845
r7/rand_5 0.031310030
r7/rand_6 0.031270734
r7/rand_7 0.031625774
r7/rand_8 0.032150314
r7/rand_9 0.032151573
r8/rand_0 0.032059814
r8/rand_1 0.031831423
r8/rand_2 0.032173833
r8/rand_3 0.032052536
r8/rand_4 0.031595625
r8/rand_5 0.031371345
r8/rand_6 0.032690762
r8/rand_7 0.031683681
r8/rand_8 0.031765959
r8/rand_9 0.031596996
r9/rand_0 0.031574810
r9/rand_1 0.031672126
r9/rand_2 0.031689329
r9/rand_3 0.031775459
r9/rand_4 0.031610013
r9/rand_5 0.031646181
r9/rand_6 0.031612533
r9/rand_7 0.031593402
r9/rand_8 0.031632755
r9/rand_9 0.031653367
s0/rand_0 0.032458983
s0/rand_1 0.031479199
s0/rand_2 0.031783404
s0/rand_3 0.031689070
s0/rand_4 0.031632366
s0/rand_5 0.031619440
s0/rand_6 0.031535532
s0/rand_7 0.031899090
s0/rand_8 0.031395179
s0/rand_9 0.031488309
s1/rand_0 0.031331086
s1/rand_1 0.031420753
s1/rand_2 0.031387975
s1/rand_3 0.031394827
s1/rand_4 0.031307808
s1/rand_5 0.139877778
s1/rand_6 0.103907605
s1/rand_7 0.103940549
s1/rand_8 0.103931827
s1/rand_9 0.103928586
s2/rand_0 0.092178098
s2/rand_1 0.103929252
s2/rand_2 0.103952383
s2/rand_3 0.103912253
s2/rand_4 0.103922623
s2/rand_5 0.104113439
s2/rand_6 0.103674955
s2/rand_7 0.103927623
s2/rand_8 0.092314006
s2/rand_9 0.103965420
s3/rand_0 0.123646018
s3/rand_1 0.103916642
s3/rand_2 0.103929438
s3/rand_3 0.092304672
s3/rand_4 0.103941289
s3/rand_5 0.103939697
s3/rand_6 0.103964864
s3/rand_7 0.103887252
s3/rand_8 0.123927298
s3/rand_9 0.104053957
s4/rand_0 0.127969622
s4/rand_1 0.151781934
s4/rand_2 0.139931112
s4/rand_3 0.152306456
s4/rand_4 0.167680303
s4/rand_5 0.140191632
s4/rand_6 0.090442956
s4/rand_7 0.048176424
s4/rand_8 0.059414058
s4/rand_9 0.048185554
s5/rand_0 0.048036738
s5/rand_1 0.055933108
s5/rand_2 0.048170128
s5/rand_3 0.103595362
s5/rand_4 0.103790215
s5/rand_5 0.092400970
s5/rand_6 0.103839474
s5/rand_7 0.103993272
s5/rand_8 0.103896011
s5/rand_9 0.103928142
s6/rand_0 0.103764455
s6/rand_1 0.103921586
s6/rand_2 0.103930864
s6/rand_3 0.092299895
s6/rand_4 0.103942105
s6/rand_5 0.103934105
s6/rand_6 0.103923475
s6/rand_7 0.103916216
s6/rand_8 0.103968290
s6/rand_9 0.103922734
s7/rand_0 0.092203080
s7/rand_1 0.103906493
s7/rand_2 0.104339089
s7/rand_3 0.103437027
s7/rand_4 0.103932364
s7/rand_5 0.103910752
s7/rand_6 0.103949790
s7/rand_7 0.103918382
s7/rand_8 0.092322154
s7/rand_9 0.103910586
s8/rand_0 0.103820992
s8/rand_1 0.103909845
s8/rand_2 0.103959364
s8/rand_3 0.103871938
s8/rand_4 0.103972864
s8/rand_5 0.092283617
s8/rand_6 0.103975605
s8/rand_7 0.104152125
s8/rand_8 0.103628899
s8/rand_9 0.103929938
s9/rand_0 0.103790400
s9/rand_1 0.103962327
s9/rand_2 0.103897827
s9/rand_3 0.092316284
s9/rand_4 0.103931697
s9/rand_5 0.103952178
s9/rand_6 0.103911345
s9/rand_7 0.103929420
s9/rand_8 0.103925456
s9/rand_9 0.091118628
t0/rand_0 0.048123535
t0/rand_1 0.059302686
t0/rand_2 0.048185906
t0/rand_3 0.048196629
t0/rand_4 0.055675884
t0/rand_5 0.044418787
t0/rand_6 0.055676624
t0/rand_7 0.055695735
t0/rand_8 0.048191369
t0/rand_9 0.044428640
t1/rand_0 0.055564161
t1/rand_1 0.055684032
t1/rand_2 0.044421510
t1/rand_3 0.055708735
t1/rand_4 0.044432621
t1/rand_5 0.055677124
t1/rand_6 0.055668828
t1/rand_7 0.044483750
t1/rand_8 0.055630013
t1/rand_9 0.048185165
t2/rand_0 0.067547391
t2/rand_1 0.096670703
t2/rand_2 0.103395305
t2/rand_3 0.103914827
t2/rand_4 0.103922494
t2/rand_5 0.103925697
t2/rand_6 0.103937790
t2/rand_7 0.103931086
t2/rand_8 0.092305747
t2/rand_9 0.103970253
t3/rand_0 0.103769474
t3/rand_1 0.103910753
t3/rand_2 0.103945938
t3/rand_3 0.103913252
t3/rand_4 0.103939827
t3/rand_5 0.092313840
t3/rand_6 0.092332784
t3/rand_7 0.103942809
t3/rand_8 0.103932734
t3/rand_9 0.103922123
t4/rand_0 0.103819938
t4/rand_1 0.103907752
t4/rand_2 0.103935623
t4/rand_3 0.092342284
t4/rand_4 0.103918087
t4/rand_5 0.103915993
t4/rand_6 0.103935383
t4/rand_7 0.104178421
t4/rand_8 0.093449718
t4/rand_9 0.103907623
t5/rand_0 0.103749492
t5/rand_1 0.103914179
t5/rand_2 0.103922290
t5/rand_3 0.103936697
t5/rand_4 0.103935994
t5/rand_5 0.092313432
t5/rand_6 0.092340950
t5/rand_7 0.103927956
t5/rand_8 0.103933271
t5/rand_9 6.119157523
t6/rand_0 0.048074461
t6/rand_1 0.040789725
t6/rand_2 0.032036850
t6/rand_3 0.031612866
t6/rand_4 3.978947745
t6/rand_5 0.034170014
t6/rand_6 0.034035605
t6/rand_7 0.031836701
t6/rand_8 0.031340827
t6/rand_9 0.031327697
t7/rand_0 0.031224159
t7/rand_1 0.031986331
t7/rand_2 0.031154715
t7/rand_3 0.031348457
t7/rand_4 0.031347568
t7/rand_5 0.031361568
t7/rand_6 0.031569310
t7/rand_7 0.031510995
t7/rand_8 0.031501365
t7/rand_9 0.031552958
t8/rand_0 0.031441105
t8/rand_1 0.031418939
t8/rand_2 0.031411346
t8/rand_3 0.031428975
t8/rand_4 0.031437680
t8/rand_5 0.031481068
t8/rand_6 0.031669033
t8/rand_7 0.050647905
t8/rand_8 0.031393402
t8/rand_9 0.031368142
t9/rand_0 0.031309752
t9/rand_1 0.031036232
t9/rand_2 0.031304883
t9/rand_3 0.055306844
t9/rand_4 0.040678707
t9/rand_5 0.051921080
t9/rand_6 0.051944024
t9/rand_7 0.055698439
t9/rand_8 0.055678532
t9/rand_9 0.048173906
u0/rand_0 0.044296787
u0/rand_1 0.055850422
u0/rand_2 0.055523734
u0/rand_3 0.048136239
u0/rand_4 0.044498918
u0/rand_5 0.055656735
u0/rand_6 0.055668032
u0/rand_7 0.048175721
u0/rand_8 0.055683162
u0/rand_9 0.044447121
u1/rand_0 0.055547420
u1/rand_1 0.044403492
u1/rand_2 0.055696754
u1/rand_3 0.095693844
u1/rand_4 0.100043504
u1/rand_5 0.103915438
u1/rand_6 0.092320654
u1/rand_7 0.092332840
u1/rand_8 0.103930401
u1/rand_9 0.103930827
u2/rand_0 0.103836382
u2/rand_1 0.096193663
u2/rand_2 0.092351229
u2/rand_3 0.103925030
u2/rand_4 0.103933586
u2/rand_5 0.103915678
u2/rand_6 0.096871463
u2/rand_7 0.094958728
u2/rand_8 0.103921698
u2/rand_9 0.096179959
u3/rand_0 0.103808456
u3/rand_1 0.103926327
u3/rand_2 0.103908401
u3/rand_3 0.104108699
u3/rand_4 0.103690400
u3/rand_5 0.103913456
u3/rand_6 0.092314636
u3/rand_7 0.092323544
u3/rand_8 0.103987902
u3/rand_9 0.103887901
u4/rand_0 0.103808678
u4/rand_1 0.103921494
u4/rand_2 0.103925808
u4/rand_3 0.048965171
u4/rand_4 0.041155376
u4/rand_5 0.032285297
u4/rand_6 0.033204100
u4/rand_7 0.055415771
u4/rand_8 0.100056486
u4/rand_9 0.103927698
u5/rand_0 0.103824512
u5/rand_1 0.103903938
u5/rand_2 0.103944661
u5/rand_3 0.103910790
u5/rand_4 0.092317450
u5/rand_5 0.103935902
u5/rand_6 0.103907142
u5/rand_7 0.103928383
u5/rand_8 0.103930031
u5/rand_9 0.104077125
u6/rand_0 0.123802279
u6/rand_1 0.200013212
u6/rand_2 0.200079934
u6/rand_3 0.200097953
u6/rand_4 0.200039285
u6/rand_5 0.123922187
u6/rand_6 0.103920808
u6/rand_7 0.103928568
u6/rand_8 0.103924976
u6/rand_9 0.092319543
u7/rand_0 0.103787456
u7/rand_1 0.103937975
u7/rand_2 0.103922364
u7/rand_3 0.103924308
u7/rand_4 0.103946254
u7/rand_5 0.103919068
u7/rand_6 0.100073486
u7/rand_7 0.100011893
u7/rand_8 0.103948439
u7/rand_9 0.103926068
u8/rand_0 0.171841313
u8/rand_1 0.184137602
u8/rand_2 0.200083620
u8/rand_3 0.200058674
u8/rand_4 0.304056798
u8/rand_5 0.103936457
u8/rand_6 0.200044415
u8/rand_7 0.200086452
u8/rand_8 0.200066360
u8/rand_9 0.200070193
u9/rand_0 0.215662209
u9/rand_1 0.200073434
u9/rand_2 0.200053619
u9/rand_3 0.215820246
u9/rand_4 0.200029768
u9/rand_5 0.200061730
u9/rand_6 0.195919424
u9/rand_7 0.103933549
u9/rand_8 0.103928364
u9/rand_9 0.092327636
v0/rand_0 0.167540876
v0/rand_1 0.156061964
v0/rand_2 0.200047989
v0/rand_3 0.215803376
v0/rand_4 0.200053601
v0/rand_5 0.200082379
v0/rand_6 0.200025508
v0/rand_7 0.200086601
v0/rand_8 0.200072823
v0/rand_9 0.200045656
v1/rand_0 0.215701708
v1/rand_1 0.302917050
v1/rand_2 0.097204466
v1/rand_3 0.215783061
v1/rand_4 0.200063119
v1/rand_5 0.200048008
v1/rand_6 0.200089267
v1/rand_7 0.200094119
v1/rand_8 0.200061749
v1/rand_9 0.152053936
v2/rand_0 0.107683501
v2/rand_1 0.096186107
v2/rand_2 0.107805409
v2/rand_3 0.136190364
v2/rand_4 0.171793406
v2/rand_5 0.200063916
v2/rand_6 0.136059789
v2/rand_7 0.200087805
v2/rand_8 0.200073119
v2/rand_9 0.200044934
v3/rand_0 0.215671708
v3/rand_1 0.200056971
v3/rand_2 0.200045638
v3/rand_3 0.215812172
v3/rand_4 0.200072897
v3/rand_5 0.200061638
v3/rand_6 0.200049545
v3/rand_7 0.200104305
v3/rand_8 5.143509203
v3/rand_9 0.048744503
v4/rand_0 0.039079918
v4/rand_1 0.031745386
v4/rand_2 0.031538550
v4/rand_3 0.031597125
v4/rand_4 0.031544569
v4/rand_5 0.031511032
v4/rand_6 0.031501403
v4/rand_7 0.031537514
v4/rand_8 0.031504199
v4/rand_9 0.031494365
v5/rand_0 0.031433291
v5/rand_1 0.031661607
v5/rand_2 0.031543977
v5/rand_3 0.031591292
v5/rand_4 0.032120555
v5/rand_5 0.032327686
v5/rand_6 0.032126611
v5/rand_7 0.031497810
v5/rand_8 0.031473865
v5/rand_9 0.034353866
v6/rand_0 0.032073572
v6/rand_1 0.031785571
v6/rand_2 0.031582940
v6/rand_3 0.031636200
v6/rand_4 0.031638643
v6/rand_5 0.031692663
v6/rand_6 0.031671311
v6/rand_7 0.031625885
v6/rand_8 0.031673015
v6/rand_9 0.031601162
v7/rand_0 0.978015425
v7/rand_1 1.028074067
v7/rand_2 0.263879245
v7/rand_3 0.248083877
v7/rand_4 0.267849791
v7/rand_5 0.252048089
v7/rand_6 0.208087675
v7/rand_7 0.207941711
v7/rand_8 0.207915062
v7/rand_9 0.207924711
v8/rand_0 0.207688394
v8/rand_1 6.710087318
v8/rand_2 0.049953011
v8/rand_3 0.042251069
v8/rand_4 0.033124358
v8/rand_5 0.032505373
v8/rand_6 0.032440223
v8/rand_7 0.032548465
v8/rand_8 0.032462779
v8/rand_9 0.033045783
v9/rand_0 0.031756608
v9/rand_1 0.031662237
v9/rand_2 0.031620959
v9/rand_3 0.031669200
v9/rand_4 0.031539828
v9/rand_5 0.031621829
v9/rand_6 0.031554866
v9/rand_7 0.031563069
v9/rand_8 0.031518458
v9/rand_9 0.031501383
w0/rand_0 0.031506902
w0/rand_1 0.031632070
w0/rand_2 0.031538847
w0/rand_3 0.074524885
w0/rand_4 0.067773116
w0/rand_5 0.064052923
w0/rand_6 0.063933181
w0/rand_7 0.067748708
w0/rand_8 0.060216544
w0/rand_9 0.063963126
w1/rand_0 0.063841292
w1/rand_1 0.063969478
w1/rand_2 0.060166748
w1/rand_3 0.071806088
w1/rand_4 0.056102164
w1/rand_5 0.075558151
w1/rand_6 0.096067810
w1/rand_7 0.127979678
w1/rand_8 0.127977068
w1/rand_9 0.127998882
w2/rand_0 0.127840566
w2/rand_1 0.127967234
w2/rand_2 0.127982234
w2/rand_3 0.127969401
w2/rand_4 0.128000716
w2/rand_5 0.127968975
w2/rand_6 0.127995289
w2/rand_7 0.127966215
w2/rand_8 0.127978123
w2/rand_9 0.127979382
w3/rand_0 0.127856030
w3/rand_1 0.183980287
w3/rand_2 0.127968993
w3/rand_3 0.152125567
w3/rand_4 0.156175928
w3/rand_5 0.128009123
w3/rand_6 0.127980012
w3/rand_7 0.172117261
w3/rand_8 0.191996601
w3/rand_9 0.207924230
w4/rand_0 0.207786544
w4/rand_1 2.700333780
w4/rand_2 0.048848355
w4/rand_3 0.041148951
w4/rand_4 0.032142444
w4/rand_5 0.031715200
w4/rand_6 0.031668940
w4/rand_7 0.031677311
w4/rand_8 0.031582589
w4/rand_9 0.031629718
w5/rand_0 0.031879387
w5/rand_1 0.031549144
w5/rand_2 0.031840923
w5/rand_3 0.031779645
w5/rand_4 0.057809306
w5/rand_5 0.031692256
w5/rand_6 0.031561440
w5/rand_7 0.031530347
w5/rand_8 0.031566977
w5/rand_9 0.031556422
w6/rand_0 0.031531514
w6/rand_1 0.031554236
w6/rand_2 0.031480717
w6/rand_3 0.031581977
w6/rand_4 0.075472058
w6/rand_5 0.063960904
w6/rand_6 0.060203693
w6/rand_7 0.060194304
w6/rand_8 0.071538623
w6/rand_9 0.064017589
w7/rand_0 0.063824551
w7/rand_1 0.063994996
w7/rand_2 0.063972719
w7/rand_3 0.064281314
w7/rand_4 0.063624809
w7/rand_5 0.083975524
w7/rand_6 0.056440871
w7/rand_7 0.119661991
w7/rand_8 0.107763594
w7/rand_9 0.092313081
w8/rand_0 0.107695539
w8/rand_1 0.107741409
w8/rand_2 0.092317081
w8/rand_3 0.107821077
w8/rand_4 7.489002218
w8/rand_5 0.107170091
w8/rand_6 0.048280962
w8/rand_7 0.037944114
w8/rand_8 0.031469328
w8/rand_9 0.031382198
w9/rand_0 0.031397828
w9/rand_1 0.031370790
w9/rand_2 0.031271641
w9/rand_3 0.031318438
w9/rand_4 0.031358772
w9/rand_5 0.031269771
w9/rand_6 0.031251734
w9/rand_7 0.031950850
w9/rand_8 0.031296771
w9/rand_9 0.031483236
x0/rand_0 0.031282012
x0/rand_1 0.031363401
x0/rand_2 0.031343309
x0/rand_3 0.031289197
x0/rand_4 0.031316771
x0/rand_5 0.031197011
x0/rand_6 0.031242345
x0/rand_7 0.031155770
x0/rand_8 0.031266956
x0/rand_9 0.031225456
x1/rand_0 0.031206270
x1/rand_1 0.031183215
x1/rand_2 0.031197419
x1/rand_3 0.031194586
x1/rand_4 0.032228519
x1/rand_5 0.031251827
x1/rand_6 0.059886820
x1/rand_7 0.031305308
x1/rand_8 0.067863190
x1/rand_9 0.056162980
x2/rand_0 0.067627688
x2/rand_1 0.063981589
x2/rand_2 0.064007219
x2/rand_3 0.063971312
x2/rand_4 0.063990441
x2/rand_5 0.063970089
x2/rand_6 0.063974070
x2/rand_7 0.063956293
x2/rand_8 0.064051941
x2/rand_9 0.063941181
x3/rand_0 0.063849829
x3/rand_1 0.063983645
x3/rand_2 0.064003719
x3/rand_3 0.063953441
x3/rand_4 0.063986163
x3/rand_5 0.063991682
x3/rand_6 0.060156007
x3/rand_7 0.135497304
x3/rand_8 0.127979882
x3/rand_9 0.127989975
x4/rand_0 0.127846641
x4/rand_1 0.127977993
x4/rand_2 0.127980123
x4/rand_3 0.127985531
x4/rand_4 0.127989641
x4/rand_5 0.127975178
x4/rand_6 0.127989457
x4/rand_7 0.127973512
x4/rand_8 0.127984920
x4/rand_9 0.127979401
x5/rand_0 0.127851603
x5/rand_1 0.127984845
x5/rand_2 0.108046004
x5/rand_3 0.092019449
x5/rand_4 0.092008004
x5/rand_5 0.092023264
x5/rand_6 0.092029505
x5/rand_7 0.092024430
x5/rand_8 0.092019857
x5/rand_9 0.175734730
x6/rand_0 0.396698198
x6/rand_1 0.048376852
x6/rand_2 0.041280451
x6/rand_3 0.031943239
x6/rand_4 0.031497106
x6/rand_5 0.031392568
x6/rand_6 0.031411902
x6/rand_7 0.031259678
x6/rand_8 0.031328456
x6/rand_9 0.031256567
x7/rand_0 0.031270364
x7/rand_1 0.031253493
x7/rand_2 0.031252623
x7/rand_3 0.031263864
x7/rand_4 0.031238956
x7/rand_5 0.031308624
x7/rand_6 0.031215919
x7/rand_7 0.031241345
x7/rand_8 0.031208493
x7/rand_9 0.031975276
x8/rand_0 0.030656693
x8/rand_1 0.047662607
x8/rand_2 0.030733619
x8/rand_3 0.030758860
x8/rand_4 0.030711637
x8/rand_5 0.039298530
x8/rand_6 0.030575433
x8/rand_7 0.030628915
x8/rand_8 0.030630970
x8/rand_9 0.030595174
x9/rand_0 0.057582194
x9/rand_1 0.063984719
x9/rand_2 0.067757116
x9/rand_3 0.060224045
x9/rand_4 0.063901163
x9/rand_5 0.071630142
x9/rand_6 0.063973053
x9/rand_7 0.063987015
x9/rand_8 0.063979664
x9/rand_9 0.063977589
y0/rand_0 0.063833088
y0/rand_1 0.060161896
y0/rand_2 0.064002516
y0/rand_3 0.060233878
y0/rand_4 0.071509659
y0/rand_5 0.064000219
y0/rand_6 0.088083644
y0/rand_7 0.127947456
y0/rand_8 0.128019197
y0/rand_9 0.127998382
y1/rand_0 0.127836197
y1/rand_1 0.128131679
y1/rand_2 0.127737622
y1/rand_3 0.127989716
y1/rand_4 0.127981105
y1/rand_5 0.127976864
y1/rand_6 0.127991660
y1/rand_7 0.127985086
y1/rand_8 0.127982438
y1/rand_9 0.127975235
y2/rand_0 0.151832992
y2/rand_1 0.179994593
y2/rand_2 0.263856820
y2/rand_3 0.248066988
y2/rand_4 0.263903468
y2/rand_5 0.105105892
y2/rand_6 0.048596779
y2/rand_7 0.039042454
y2/rand_8 0.039836423
y2/rand_9 0.063940903
y3/rand_0 0.067679985
y3/rand_1 0.063995645
y3/rand_2 0.063981533
y3/rand_3 0.064018052
y3/rand_4 0.063985089
y3/rand_5 0.063961737
y3/rand_6 0.071826476
y3/rand_7 0.084298303
y3/rand_8 0.092021486
y3/rand_9 0.091951097
y4/rand_0 0.091975986
y4/rand_1 0.095884716
y4/rand_2 0.095872346
y4/rand_3 0.095875846
y4/rand_4 0.095866364
y4/rand_5 0.095892383
y4/rand_6 0.092018245
y4/rand_7 0.092003893
y4/rand_8 0.092011987
y4/rand_9 0.092029430
y5/rand_0 0.091908245
y5/rand_1 0.111873438
y5/rand_2 0.191889490
y5/rand_3 0.176169326
y5/rand_4 0.191866546
y5/rand_5 0.176160178
y5/rand_6 0.176210048
y5/rand_7 0.191832323
y5/rand_8 0.176194567
y5/rand_9 0.191895545
y6/rand_0 0.191733082
y6/rand_1 0.176043788
y6/rand_2 0.175871990
y6/rand_3 0.160208475
y6/rand_4 0.175865083
y6/rand_5 0.175876621
y6/rand_6 0.160220160
y6/rand_7 0.127856900
y6/rand_8 4.751998510
y6/rand_9 0.048884041
y7/rand_0 0.039288734
y7/rand_1 0.032824356
y7/rand_2 0.031817535
y7/rand_3 0.031668145
y7/rand_4 0.031689349
y7/rand_5 0.031698052
y7/rand_6 0.031625070
y7/rand_7 0.031588903
y7/rand_8 0.031580088
y7/rand_9 0.031597607
y8/rand_0 0.031482180
y8/rand_1 0.031658311
y8/rand_2 0.031474310
y8/rand_3 0.031497866
y8/rand_4 0.031441662
y8/rand_5 0.031408735
y8/rand_6 0.031813793
y8/rand_7 0.031432680
y8/rand_8 0.031606421
y8/rand_9 0.031588848
y9/rand_0 0.031567069
y9/rand_1 0.031544718
y9/rand_2 0.031598015
y9/rand_3 0.031523569
y9/rand_4 0.031529533
y9/rand_5 0.031461180
y9/rand_6 0.031508717
y9/rand_7 0.031451513
y9/rand_8 0.031506495
y9/rand_9 0.031444328
z0/rand_0 0.031455217
z0/rand_1 0.031441606
z0/rand_2 0.032663281
z0/rand_3 0.031161863
z0/rand_4 0.031348345
z0/rand_5 0.031312216
z0/rand_6 0.031290438
z0/rand_7 0.031308845
z0/rand_8 0.031206530
z0/rand_9 0.031261141
z1/rand_0 0.031155863
z1/rand_1 0.031269086
z1/rand_2 0.031196678
z1/rand_3 0.031253900
z1/rand_4 0.031207567
z1/rand_5 0.031269975
z1/rand_6 0.031174771
z1/rand_7 0.032205500
z1/rand_8 0.031096678
z1/rand_9 0.031373532
z2/rand_0 0.031326549
z2/rand_1 0.031385383
z2/rand_2 0.559180430
z2/rand_3 0.263878376
z2/rand_4 0.248085285
z2/rand_5 0.263877949
z2/rand_6 0.243978165
z2/rand_7 0.168185290
z2/rand_8 0.127933919
z2/rand_9 0.127991901
z3/rand_0 0.127889142
z3/rand_1 0.175780879
z3/rand_2 0.247982691
z3/rand_3 0.248078026
z3/rand_4 0.263877005
z3/rand_5 0.248091174
z3/rand_6 0.263872431
z3/rand_7 0.248082674
z3/rand_8 0.263879079
z3/rand_9 0.248092489
z4/rand_0 0.263757763
z4/rand_1 0.248088785
z4/rand_2 0.058989352
z4/rand_3 0.047284511
z4/rand_4 0.035417540
z4/rand_5 0.031546218
z4/rand_6 0.031659756
z4/rand_7 0.031443847
z4/rand_8 0.031863739
z4/rand_9 0.031754330
z5/rand_0 0.031692663
z5/rand_1 0.031729293
z5/rand_2 0.031709200
z5/rand_3 0.031721052
z5/rand_4 0.032681577
z5/rand_5 0.031760626
z5/rand_6 0.104649630
z5/rand_7 0.080196479
z5/rand_8 0.209188999
z5/rand_9 0.043375059
z6/rand_0 0.039896442
z6/rand_1 0.062726970
z6/rand_2 0.076398304
z6/rand_3 0.087860977
z6/rand_4 0.091685651
z6/rand_5 0.076335564
z6/rand_6 0.091739633
z6/rand_7 0.076358730
z6/rand_8 0.091812930
z6/rand_9 0.076215488
z7/rand_0 0.091559298
z7/rand_1 0.091720392
z7/rand_2 0.076339953
z7/rand_3 0.091710095
z7/rand_4 0.076351063
z7/rand_5 0.091723984
z7/rand_6 0.091723466
z7/rand_7 0.076286822
z7/rand_8 0.091785651
z7/rand_9 0.076351934
z8/rand_0 0.123568371
z8/rand_1 0.175876361
z8/rand_2 0.175875362
z8/rand_3 0.160186419
z8/rand_4 0.159821565
z8/rand_5 0.159932751
z8/rand_6 0.144262014
z8/rand_7 0.107860077
z8/rand_8 0.144028215
z8/rand_9 0.127968716
z9/rand_0 0.143648232
z9/rand_1 0.096211738
z9/rand_2 0.095969181
z9/rand_3 0.075976598
z9/rand_4 0.060444621
z9/rand_5 0.071770310
z9/rand_6 0.071796384
z9/rand_7 0.071795606
z9/rand_8 0.087997773
z9/rand_9 0.128460830
TOTAL TIME: 421.794544392 seconds
