a0/rand_0 0.012940814
a0/rand_1 0.011780392
a0/rand_2 0.011771296
a0/rand_3 0.011772674
a0/rand_4 0.011792946
a0/rand_5 0.011769338
a0/rand_6 0.011775808
a0/rand_7 0.011782006
a0/rand_8 0.011766404
a0/rand_9 0.011783260
a1/rand_0 0.011790347
a1/rand_1 0.011773782
a1/rand_2 0.011763795
a1/rand_3 0.011774962
a1/rand_4 0.011773040
a1/rand_5 0.011775626
a1/rand_6 0.011762789
a1/rand_7 0.011780328
a1/rand_8 0.011764953
a1/rand_9 0.011782426
a2/rand_0 0.011773142
a2/rand_1 0.011807425
a2/rand_2 0.011779231
a2/rand_3 0.011783746
a2/rand_4 0.012924613
a2/rand_5 0.012125023
a2/rand_6 0.011819987
a2/rand_7 0.011773111
a2/rand_8 0.011759686
a2/rand_9 0.011773313
a3/rand_0 0.011789892
a3/rand_1 0.011779841
a3/rand_2 0.011785874
a3/rand_3 0.011782866
a3/rand_4 0.011781491
a3/rand_5 0.011767849
a3/rand_6 0.011771631
a3/rand_7 0.011771624
a3/rand_8 0.011775119
a3/rand_9 0.011764180
a4/rand_0 0.011787979
a4/rand_1 0.011788322
a4/rand_2 0.011784782
a4/rand_3 0.011768421
a4/rand_4 0.011838757
a4/rand_5 0.011769902
a4/rand_6 0.011780752
a4/rand_7 0.011778518
a4/rand_8 0.011776673
a4/rand_9 0.011841246
a5/rand_0 0.011786932
a5/rand_1 0.011759133
a5/rand_2 0.011769368
a5/rand_3 0.011786192
a5/rand_4 0.011764498
a5/rand_5 0.011766003
a5/rand_6 0.011789036
a5/rand_7 0.011769705
a5/rand_8 0.011777033
a5/rand_9 0.011784071
a6/rand_0 0.011780511
a6/rand_1 0.011781768
a6/rand_2 0.011775349
a6/rand_3 0.011784321
a6/rand_4 0.011784250
a6/rand_5 0.011781315
a6/rand_6 0.011763269
a6/rand_7 0.011773156
a6/rand_8 0.011790206
a6/rand_9 0.011759323
a7/rand_0 0.011782355
a7/rand_1 0.011770725
a7/rand_2 0.011776971
a7/rand_3 0.011773668
a7/rand_4 0.011804381
a7/rand_5 0.011780770
a7/rand_6 0.011775212
a7/rand_7 0.011770522
a7/rand_8 0.937555661
a7/rand_9 0.012016173
a8/rand_0 0.011773817
a8/rand_1 0.011801800
a8/rand_2 0.012006564
a8/rand_3 0.011823780
a8/rand_4 0.011988614
a8/rand_5 0.011773679
a8/rand_6 0.011856421
a8/rand_7 0.012001330
a8/rand_8 0.011886795
a8/rand_9 0.011852729
a9/rand_0 0.012060774
a9/rand_1 0.011875585
a9/rand_2 0.011842798
a9/rand_3 0.012015086
a9/rand_4 0.011823778
a9/rand_5 0.012043516
a9/rand_6 0.011827288
a9/rand_7 0.012060249
a9/rand_8 0.011937533
a9/rand_9 0.011939213
b0/rand_0 0.011845754
b0/rand_1 0.012085848
b0/rand_2 0.011910936
b0/rand_3 0.012075433
b0/rand_4 0.011830164
b0/rand_5 0.012112250
b0/rand_6 0.011870002
b0/rand_7 0.011873559
b0/rand_8 0.011973398
b0/rand_9 0.011834085
b1/rand_0 0.011861679
b1/rand_1 0.012026850
b1/rand_2 0.011869984
b1/rand_3 0.012107089
b1/rand_4 0.011794576
b1/rand_5 0.011906053
b1/rand_6 0.012114820
b1/rand_7 0.011860184
b1/rand_8 0.011874107
b1/rand_9 0.012047506
b2/rand_0 0.011906518
b2/rand_1 0.011970493
b2/rand_2 0.012041314
b2/rand_3 0.011911759
b2/rand_4 0.012040388
b2/rand_5 0.011968162
b2/rand_6 0.011872513
b2/rand_7 0.012141011
b2/rand_8 0.011830010
b2/rand_9 0.012267774
b3/rand_0 0.011966260
b3/rand_1 0.011973727
b3/rand_2 0.011964833
b3/rand_3 0.012002875
b3/rand_4 0.012002254
b3/rand_5 0.011967860
b3/rand_6 0.012173971
b3/rand_7 0.011925086
b3/rand_8 0.012180514
b3/rand_9 0.011858915
b4/rand_0 0.011968460
b4/rand_1 0.012021925
b4/rand_2 0.012039379
b4/rand_3 0.011907833
b4/rand_4 0.012172580
b4/rand_5 0.012019433
b4/rand_6 0.011988072
b4/rand_7 0.011981401
b4/rand_8 0.012044954
b4/rand_9 0.012004093
b5/rand_0 0.012256146
b5/rand_1 0.011936402
b5/rand_2 0.011844186
b5/rand_3 0.012188095
b5/rand_4 0.011968344
b5/rand_5 0.011978006
b5/rand_6 0.012065487
b5/rand_7 0.012070319
b5/rand_8 0.011927446
b5/rand_9 0.012117115
b6/rand_0 0.011989991
b6/rand_1 0.012131194
b6/rand_2 0.011824135
b6/rand_3 0.011962388
b6/rand_4 0.012216908
b6/rand_5 0.011978492
b6/rand_6 0.012003324
b6/rand_7 0.012085966
b6/rand_8 0.012026847
b6/rand_9 0.011968804
b7/rand_0 0.012067989
b7/rand_1 0.011961627
b7/rand_2 0.012227432
b7/rand_3 0.011862387
b7/rand_4 0.012077068
b7/rand_5 0.012139218
b7/rand_6 0.011901697
b7/rand_7 0.011980756
b7/rand_8 0.012086254
b7/rand_9 0.012043090
b8/rand_0 0.012049239
b8/rand_1 0.012178808
b8/rand_2 0.011991024
b8/rand_3 0.012322091
b8/rand_4 0.011989645
b8/rand_5 0.012048134
b8/rand_6 0.012274600
b8/rand_7 0.012021240
b8/rand_8 0.012003945
b8/rand_9 0.012172146
b9/rand_0 0.012062698
b9/rand_1 0.012046493
b9/rand_2 0.012291036
b9/rand_3 0.012055772
b9/rand_4 0.011972414
b9/rand_5 0.012073356
b9/rand_6 0.012292292
b9/rand_7 0.011939189
b9/rand_8 0.012073102
b9/rand_9 0.012258816
c0/rand_0 0.012015018
c0/rand_1 0.012020140
c0/rand_2 0.012268563
c0/rand_3 0.012056870
c0/rand_4 0.012218556
c0/rand_5 0.012097063
c0/rand_6 0.012013716
c0/rand_7 0.012134651
c0/rand_8 0.011995861
c0/rand_9 0.012119974
c1/rand_0 0.012245457
c1/rand_1 0.012024469
c1/rand_2 0.013153532
c1/rand_3 0.011987720
c1/rand_4 0.011970476
c1/rand_5 0.012273395
c1/rand_6 0.012104356
c1/rand_7 0.012130597
c1/rand_8 0.012227925
c1/rand_9 0.012004545
c2/rand_0 0.012140901
c2/rand_1 0.012266230
c2/rand_2 0.012078614
c2/rand_3 0.012312690
c2/rand_4 0.012049428
c2/rand_5 0.012083421
c2/rand_6 0.012214178
c2/rand_7 0.012104783
c2/rand_8 0.012036569
c2/rand_9 0.012226843
c3/rand_0 0.012101522
c3/rand_1 0.012273389
c3/rand_2 0.012072449
c3/rand_3 0.012099414
c3/rand_4 0.012321930
c3/rand_5 0.012138913
c3/rand_6 0.012111049
c3/rand_7 0.012098442
c3/rand_8 0.012058837
c3/rand_9 0.012005734
c4/rand_0 0.012208310
c4/rand_1 0.012088696
c4/rand_2 0.012246560
c4/rand_3 0.012117660
c4/rand_4 0.012060607
c4/rand_5 0.012312625
c4/rand_6 0.012100107
c4/rand_7 0.012276555
c4/rand_8 0.012020412
c4/rand_9 0.012191013
c5/rand_0 0.012235181
c5/rand_1 0.012073889
c5/rand_2 0.012147282
c5/rand_3 0.012345886
c5/rand_4 0.012121732
c5/rand_5 0.012311361
c5/rand_6 0.012096358
c5/rand_7 0.032286105
c5/rand_8 0.015155961
c5/rand_9 0.015375695
c6/rand_0 0.015359876
c6/rand_1 0.016002633
c6/rand_2 0.016209758
c6/rand_3 0.016825444
c6/rand_4 0.015865758
c6/rand_5 0.016133739
c6/rand_6 0.016091800
c6/rand_7 0.016261075
c6/rand_8 0.016291637
c6/rand_9 0.016279249
c7/rand_0 0.016468364
c7/rand_1 0.016863234
c7/rand_2 0.017164956
c7/rand_3 0.017413678
c7/rand_4 0.017552215
c7/rand_5 0.017728189
c7/rand_6 0.017456581
c7/rand_7 0.017840324
c7/rand_8 0.017959209
c7/rand_9 0.018294567
c8/rand_0 0.018236627
c8/rand_1 0.018567864
c8/rand_2 0.018025667
c8/rand_3 0.018760690
c8/rand_4 0.018551424
c8/rand_5 0.018477219
c8/rand_6 0.018941053
c8/rand_7 0.018911273
c8/rand_8 0.019226059
c8/rand_9 0.019460903
c9/rand_0 0.019524051
c9/rand_1 0.018976173
c9/rand_2 0.018917391
c9/rand_3 0.019403297
c9/rand_4 0.019535829
c9/rand_5 0.019548960
c9/rand_6 0.019862570
c9/rand_7 0.020230936
c9/rand_8 0.024522151
c9/rand_9 0.020059056
d0/rand_0 0.020716814
d0/rand_1 0.020998523
d0/rand_2 0.032987303
d0/rand_3 0.021605851
d0/rand_4 0.021097225
d0/rand_5 0.021550774
d0/rand_6 0.021324697
d0/rand_7 0.021611758
d0/rand_8 0.023652699
d0/rand_9 0.021842987
d1/rand_0 0.021918102
d1/rand_1 0.022408663
d1/rand_2 0.022667875
d1/rand_3 0.023274249
d1/rand_4 0.022941734
d1/rand_5 0.035407081
d1/rand_6 0.024109322
d1/rand_7 0.023734303
d1/rand_8 0.034178855
d1/rand_9 0.023662317
d2/rand_0 0.024200646
d2/rand_1 0.024367802
d2/rand_2 0.024831444
d2/rand_3 0.029045844
d2/rand_4 0.024972293
d2/rand_5 0.025017269
d2/rand_6 0.025760975
d2/rand_7 0.025984121
d2/rand_8 0.026049341
d2/rand_9 0.026484088
d3/rand_0 0.035579607
d3/rand_1 0.026388778
d3/rand_2 0.026734347
d3/rand_3 0.026792579
d3/rand_4 0.027124323
d3/rand_5 0.027764269
d3/rand_6 0.029269485
d3/rand_7 0.028408786
d3/rand_8 0.028636216
d3/rand_9 0.030055794
d4/rand_0 0.039060227
d4/rand_1 0.036364938
d4/rand_2 0.052308199
d4/rand_3 0.030462044
d4/rand_4 0.030605978
d4/rand_5 0.031086990
d4/rand_6 0.050997104
d4/rand_7 0.030810420
d4/rand_8 0.031171920
d4/rand_9 0.031662768
d5/rand_0 0.032138820
d5/rand_1 0.032698454
d5/rand_2 0.032439566
d5/rand_3 0.033205080
d5/rand_4 0.051490952
d5/rand_5 0.056174694
d5/rand_6 0.034770708
d5/rand_7 0.033991022
d5/rand_8 0.043408255
d5/rand_9 0.034582675
d6/rand_0 0.034813108
d6/rand_1 0.048506307
d6/rand_2 0.036638766
d6/rand_3 0.052470286
d6/rand_4 0.052803830
d6/rand_5 0.051639654
d6/rand_6 0.052912465
d6/rand_7 0.037781447
d6/rand_8 0.038517979
d6/rand_9 0.039061354
d7/rand_0 0.039580677
d7/rand_1 0.040096716
d7/rand_2 0.041424056
d7/rand_3 0.041608868
d7/rand_4 0.041772404
d7/rand_5 0.081364693
d7/rand_6 0.043011283
d7/rand_7 0.042356715
d7/rand_8 0.043508179
d7/rand_9 0.044258483
d8/rand_0 0.043746112
d8/rand_1 0.055477752
d8/rand_2 0.054871518
d8/rand_3 0.045210212
d8/rand_4 0.048275798
d8/rand_5 0.046614240
d8/rand_6 0.049573825
d8/rand_7 0.076188368
d8/rand_8 0.048188125
d8/rand_9 0.049274345
d9/rand_0 0.050084272
d9/rand_1 0.067098056
d9/rand_2 0.081849588
d9/rand_3 0.067572400
d9/rand_4 0.072943916
d9/rand_5 0.067907011
d9/rand_6 0.071446325
d9/rand_7 0.053400395
d9/rand_8 0.085019214
d9/rand_9 0.068275959
e0/rand_0 0.069193969
e0/rand_1 0.072315561
e0/rand_2 0.056535676
e0/rand_3 0.068782109
e0/rand_4 0.057371979
e0/rand_5 0.058796993
e0/rand_6 0.059506808
e0/rand_7 0.060427638
e0/rand_8 0.061258079
e0/rand_9 0.067886245
e1/rand_0 0.063045701
e1/rand_1 0.079482658
e1/rand_2 0.065468071
e1/rand_3 0.069329872
e1/rand_4 3.761856184
e1/rand_5 3.110238031
e1/rand_6 0.182033901
e1/rand_7 0.032368705
e1/rand_8 0.061039388
e1/rand_9 0.033668780
e2/rand_0 0.033162405
e2/rand_1 0.033826343
e2/rand_2 0.033536513
e2/rand_3 0.039041310
e2/rand_4 0.041638878
e2/rand_5 0.035033027
e2/rand_6 0.038281752
e2/rand_7 0.035532334
e2/rand_8 0.036421664
e2/rand_9 0.035832223
e3/rand_0 0.044488122
e3/rand_1 0.049694922
e3/rand_2 0.049800930
e3/rand_3 0.037888582
e3/rand_4 0.038532119
e3/rand_5 0.038941636
e3/rand_6 0.040815568
e3/rand_7 0.039850221
e3/rand_8 0.039919260
e3/rand_9 0.040544243
e4/rand_0 0.056580153
e4/rand_1 0.041654310
e4/rand_2 0.068630823
e4/rand_3 0.054108655
e4/rand_4 0.041803492
e4/rand_5 0.042968164
e4/rand_6 0.044354517
e4/rand_7 0.046067454
e4/rand_8 0.044744453
e4/rand_9 0.045679160
e5/rand_0 0.055926906
e5/rand_1 0.058353578
e5/rand_2 0.047690465
e5/rand_3 0.062970777
e5/rand_4 0.051336113
e5/rand_5 0.048435698
e5/rand_6 0.049431294
e5/rand_7 0.066431783
e5/rand_8 0.062660701
e5/rand_9 0.064783559
e6/rand_0 0.051604535
e6/rand_1 0.051421273
e6/rand_2 0.052926252
e6/rand_3 0.054284892
e6/rand_4 0.073556943
e6/rand_5 0.054664637
e6/rand_6 0.055324570
e6/rand_7 0.056251322
e6/rand_8 0.073245154
e6/rand_9 0.057946595
e7/rand_0 0.062133670
e7/rand_1 0.060088844
e7/rand_2 0.060712171
e7/rand_3 0.076393294
e7/rand_4 0.063108686
e7/rand_5 0.063378058
e7/rand_6 0.064090144
e7/rand_7 0.078565003
e7/rand_8 0.078135085
e7/rand_9 0.070635758
e8/rand_0 0.083647479
e8/rand_1 0.098529741
e8/rand_2 0.069674835
e8/rand_3 0.070739896
e8/rand_4 0.070949168
e8/rand_5 0.072496565
e8/rand_6 0.074033568
e8/rand_7 0.074956656
e8/rand_8 0.075496681
e8/rand_9 0.077436478
e9/rand_0 49.465628145
e9/rand_1 0.011960363
e9/rand_2 0.931896623
e9/rand_3 0.012195895
e9/rand_4 0.012210832
e9/rand_5 0.012223179
e9/rand_6 0.012123408
e9/rand_7 0.012250181
e9/rand_8 0.012113269
e9/rand_9 0.012109826
f0/rand_0 0.012230042
f0/rand_1 0.012129205
f0/rand_2 0.012259698
f0/rand_3 0.012147362
f0/rand_4 0.012114536
f0/rand_5 0.012242199
f0/rand_6 0.012127668
f0/rand_7 0.012132230
f0/rand_8 0.012269692
f0/rand_9 0.012144626
f1/rand_0 0.012280799
f1/rand_1 0.012123512
f1/rand_2 0.012109221
f1/rand_3 0.012237578
f1/rand_4 0.012169511
f1/rand_5 0.012274818
f1/rand_6 0.012179791
f1/rand_7 0.012324276
f1/rand_8 0.012228397
f1/rand_9 0.012302027
f2/rand_0 0.012270394
f2/rand_1 0.012155690
f2/rand_2 0.012315947
f2/rand_3 0.012385349
f2/rand_4 0.012276328
f2/rand_5 0.012102004
f2/rand_6 0.012521662
f2/rand_7 0.012180056
f2/rand_8 0.012335659
f2/rand_9 0.012249611
f3/rand_0 0.012250124
f3/rand_1 0.012336127
f3/rand_2 0.012236051
f3/rand_3 0.012313985
f3/rand_4 0.012281868
f3/rand_5 0.012227058
f3/rand_6 0.012245878
f3/rand_7 0.012565985
f3/rand_8 0.012231699
f3/rand_9 0.012183613
f4/rand_0 0.012379086
f4/rand_1 0.012151032
f4/rand_2 0.012228669
f4/rand_3 0.012357493
f4/rand_4 0.012289426
f4/rand_5 0.012389615
f4/rand_6 0.012370492
f4/rand_7 0.012122902
f4/rand_8 0.012352510
f4/rand_9 0.012310768
f5/rand_0 0.012306691
f5/rand_1 0.012320800
f5/rand_2 0.012186492
f5/rand_3 0.012177115
f5/rand_4 0.012284954
f5/rand_5 0.012313408
f5/rand_6 0.012432116
f5/rand_7 0.012110794
f5/rand_8 0.012247568
f5/rand_9 0.012375866
f6/rand_0 0.012378484
f6/rand_1 0.012422381
f6/rand_2 0.012265713
f6/rand_3 0.012338181
f6/rand_4 0.012302344
f6/rand_5 0.012131677
f6/rand_6 0.012423083
f6/rand_7 0.012189513
f6/rand_8 0.012331259
f6/rand_9 0.012354357
f7/rand_0 0.012141266
f7/rand_1 0.012466431
f7/rand_2 0.012167766
f7/rand_3 0.012447098
f7/rand_4 0.012420515
f7/rand_5 0.012356407
f7/rand_6 0.012316088
f7/rand_7 0.012397424
f7/rand_8 0.012422120
f7/rand_9 0.012319777
f8/rand_0 0.012451097
f8/rand_1 0.012332483
f8/rand_2 0.012392747
f8/rand_3 0.012356790
f8/rand_4 0.012284193
f8/rand_5 0.012450933
f8/rand_6 0.012287447
f8/rand_7 0.012178387
f8/rand_8 0.012270829
f8/rand_9 0.012341591
f9/rand_0 0.012398136
f9/rand_1 0.012343095
f9/rand_2 0.012297797
f9/rand_3 0.012452428
f9/rand_4 0.012310327
f9/rand_5 0.012255179
f9/rand_6 0.012503294
f9/rand_7 0.012411457
f9/rand_8 0.012284116
f9/rand_9 0.012297621
g0/rand_0 0.012300680
g0/rand_1 0.012465168
g0/rand_2 0.012392167
g0/rand_3 0.012319682
g0/rand_4 0.012502789
g0/rand_5 0.012329856
g0/rand_6 0.012372828
g0/rand_7 0.012355188
g0/rand_8 0.012433603
g0/rand_9 0.012399179
g1/rand_0 0.012411476
g1/rand_1 0.012339737
g1/rand_2 0.012428012
g1/rand_3 0.012277626
g1/rand_4 0.012311190
g1/rand_5 0.012489630
g1/rand_6 0.012364097
g1/rand_7 0.012519005
g1/rand_8 0.012775228
g1/rand_9 0.012302604
g2/rand_0 0.012360141
g2/rand_1 0.012441483
g2/rand_2 0.012411173
g2/rand_3 0.012344687
g2/rand_4 0.012432018
g2/rand_5 0.012389961
g2/rand_6 0.012337771
g2/rand_7 0.012290365
g2/rand_8 0.012347372
g2/rand_9 0.012371415
g3/rand_0 0.012433605
g3/rand_1 0.012246577
g3/rand_2 0.012433055
g3/rand_3 0.012438458
g3/rand_4 0.012346592
g3/rand_5 0.012461432
g3/rand_6 0.012365874
g3/rand_7 0.012438936
g3/rand_8 0.012399133
g3/rand_9 0.012369497
g4/rand_0 0.012454110
g4/rand_1 0.012498483
g4/rand_2 0.012442427
g4/rand_3 0.012362616
g4/rand_4 0.012298491
g4/rand_5 0.012397873
g4/rand_6 0.012611523
g4/rand_7 0.012489545
g4/rand_8 0.012207108
g4/rand_9 0.012589266
g5/rand_0 0.012336725
g5/rand_1 0.012541977
g5/rand_2 0.012440716
g5/rand_3 0.012459289
g5/rand_4 0.012645777
g5/rand_5 0.012453424
g5/rand_6 0.012484859
g5/rand_7 0.012551060
g5/rand_8 0.012495093
g5/rand_9 0.012507688
g6/rand_0 0.012425070
g6/rand_1 0.012457095
g6/rand_2 0.012345581
g6/rand_3 0.012225346
g6/rand_4 0.012503247
g6/rand_5 0.012507999
g6/rand_6 0.012273908
g6/rand_7 0.012571565
g6/rand_8 0.012364099
g6/rand_9 0.012409849
g7/rand_0 0.012477039
g7/rand_1 0.024933367
g7/rand_2 0.016767016
g7/rand_3 0.016049926
g7/rand_4 0.016112879
g7/rand_5 0.016136772
g7/rand_6 0.016014681
g7/rand_7 0.016302783
g7/rand_8 0.016297542
g7/rand_9 0.016618748
g8/rand_0 0.016801856
g8/rand_1 0.016774464
g8/rand_2 0.016860186
g8/rand_3 0.016799490
g8/rand_4 0.017115903
g8/rand_5 0.017070632
g8/rand_6 0.017281734
g8/rand_7 0.017420519
g8/rand_8 0.017614438
g8/rand_9 0.017564688
g9/rand_0 0.017825025
g9/rand_1 0.019622602
g9/rand_2 0.017581848
g9/rand_3 0.017781913
g9/rand_4 0.033281590
g9/rand_5 0.017823988
g9/rand_6 0.017823075
g9/rand_7 0.018159286
g9/rand_8 0.018102272
g9/rand_9 0.018173329
h0/rand_0 0.021135036
h0/rand_1 0.029571500
h0/rand_2 0.018907789
h0/rand_3 0.018906353
h0/rand_4 0.018806376
h0/rand_5 0.034931871
h0/rand_6 0.019438447
h0/rand_7 0.019595618
h0/rand_8 0.019388887
h0/rand_9 0.019543167
h1/rand_0 0.019651645
h1/rand_1 0.019947484
h1/rand_2 0.020256004
h1/rand_3 0.020492069
h1/rand_4 0.020562381
h1/rand_5 0.030308036
h1/rand_6 0.021108328
h1/rand_7 0.021329045
h1/rand_8 0.021544714
h1/rand_9 0.021857690
h2/rand_0 0.021803221
h2/rand_1 0.022143575
h2/rand_2 0.022303400
h2/rand_3 0.022430911
h2/rand_4 0.025083888
h2/rand_5 0.022630141
h2/rand_6 0.039231000
h2/rand_7 0.022967814
h2/rand_8 0.052562823
h2/rand_9 0.027747268
h3/rand_0 0.023160759
h3/rand_1 0.023910598
h3/rand_2 0.039234058
h3/rand_3 0.024955407
h3/rand_4 0.033682892
h3/rand_5 0.027929514
h3/rand_6 0.024081187
h3/rand_7 0.024359645
h3/rand_8 0.024543108
h3/rand_9 0.025013277
h4/rand_0 0.024971037
h4/rand_1 0.034913896
h4/rand_2 0.025958651
h4/rand_3 0.029622606
h4/rand_4 0.025917190
h4/rand_5 0.027090466
h4/rand_6 0.035573195
h4/rand_7 0.027081521
h4/rand_8 0.042713094
h4/rand_9 0.027686568
h5/rand_0 0.028124423
h5/rand_1 0.030008401
h5/rand_2 0.028212552
h5/rand_3 0.029030076
h5/rand_4 0.029145837
h5/rand_5 0.029935121
h5/rand_6 0.028879112
h5/rand_7 0.034234322
h5/rand_8 0.030806012
h5/rand_9 0.030687211
h6/rand_0 0.030290860
h6/rand_1 0.050731211
h6/rand_2 0.031649139
h6/rand_3 0.035230365
h6/rand_4 0.032243018
h6/rand_5 0.033815897
h6/rand_6 0.032131208
h6/rand_7 0.051843815
h6/rand_8 0.033724770
h6/rand_9 0.033209787
h7/rand_0 0.033477007
h7/rand_1 0.051260268
h7/rand_2 0.034539243
h7/rand_3 0.035243832
h7/rand_4 0.035410944
h7/rand_5 0.035305826
h7/rand_6 0.036349198
h7/rand_7 0.037061701
h7/rand_8 0.036748571
h7/rand_9 0.037541189
h8/rand_0 0.037979344
h8/rand_1 0.038424306
h8/rand_2 0.054014101
h8/rand_3 0.038761899
h8/rand_4 0.039676100
h8/rand_5 0.042964313
h8/rand_6 0.050758500
h8/rand_7 0.040418767
h8/rand_8 0.041601596
h8/rand_9 0.042134283
h9/rand_0 0.042476672
h9/rand_1 0.042903421
h9/rand_2 0.043967247
h9/rand_3 0.046399368
h9/rand_4 0.065097789
h9/rand_5 0.060159740
h9/rand_6 0.061492717
h9/rand_7 0.046082519
h9/rand_8 0.056415891
h9/rand_9 0.046935294
i0/rand_0 0.047346142
i0/rand_1 0.048485214
i0/rand_2 0.049193010
i0/rand_3 0.049116377
i0/rand_4 0.049995700
i0/rand_5 0.062682552
i0/rand_6 0.051492092
i0/rand_7 0.081921402
i0/rand_8 0.062495209
i0/rand_9 0.068121058
i1/rand_0 0.053589067
i1/rand_1 0.054798808
i1/rand_2 5.190800588
i1/rand_3 3.120737601
i1/rand_4 0.031674511
i1/rand_5 0.026216896
i1/rand_6 0.026577153
i1/rand_7 0.027182992
i1/rand_8 0.027414395
i1/rand_9 0.027977512
i2/rand_0 0.029716746
i2/rand_1 0.028209962
i2/rand_2 0.028776656
i2/rand_3 0.028899797
i2/rand_4 0.045399702
i2/rand_5 0.035774379
i2/rand_6 0.044460264
i2/rand_7 0.029743249
i2/rand_8 0.029377698
i2/rand_9 0.030184720
i3/rand_0 0.030622258
i3/rand_1 0.030876699
i3/rand_2 0.031210022
i3/rand_3 0.031668189
i3/rand_4 0.045215691
i3/rand_5 0.032241418
i3/rand_6 0.032558057
i3/rand_7 0.033174396
i3/rand_8 0.033021869
i3/rand_9 0.033749058
i4/rand_0 0.033872972
i4/rand_1 0.034420790
i4/rand_2 0.045814618
i4/rand_3 0.034896645
i4/rand_4 0.035438157
i4/rand_5 0.036059925
i4/rand_6 0.036359432
i4/rand_7 0.045542059
i4/rand_8 0.050451716
i4/rand_9 0.037072661
i5/rand_0 0.037189388
i5/rand_1 0.059754695
i5/rand_2 0.039122458
i5/rand_3 0.039037285
i5/rand_4 0.039539996
i5/rand_5 0.040001254
i5/rand_6 0.050080603
i5/rand_7 0.040626850
i5/rand_8 0.056177575
i5/rand_9 0.041267443
i6/rand_0 0.051289599
i6/rand_1 0.055788572
i6/rand_2 0.056237786
i6/rand_3 0.042806113
i6/rand_4 0.059567196
i6/rand_5 0.046504565
i6/rand_6 0.045317818
i6/rand_7 0.046325378
i6/rand_8 0.061971384
i6/rand_9 0.047432160
i7/rand_0 0.047414124
i7/rand_1 0.048402061
i7/rand_2 0.064300172
i7/rand_3 0.050099471
i7/rand_4 0.050392913
i7/rand_5 0.051304914
i7/rand_6 0.052192467
i7/rand_7 0.052587909
i7/rand_8 0.053416114
i7/rand_9 0.054369703
i8/rand_0 0.069412328
i8/rand_1 0.056251312
i8/rand_2 0.057118480
i8/rand_3 0.072797243
i8/rand_4 0.078349956
i8/rand_5 44.221837453
i8/rand_6 0.011894104
i8/rand_7 0.011850618
i8/rand_8 0.011799093
i8/rand_9 0.011803604
i9/rand_0 0.011973291
i9/rand_1 0.011789758
i9/rand_2 0.011836506
i9/rand_3 0.011909334
i9/rand_4 0.011833015
i9/rand_5 0.011850318
i9/rand_6 0.012052141
i9/rand_7 0.011991497
i9/rand_8 0.011980066
i9/rand_9 0.011860523
j0/rand_0 0.011984759
j0/rand_1 0.012081199
j0/rand_2 0.011898662
j0/rand_3 0.011852015
j0/rand_4 0.012093839
j0/rand_5 0.012025241
j0/rand_6 0.011982714
j0/rand_7 0.011870642
j0/rand_8 0.012465440
j0/rand_9 0.011963210
j1/rand_0 0.012147044
j1/rand_1 0.011888549
j1/rand_2 0.012047436
j1/rand_3 0.012043075
j1/rand_4 0.011980299
j1/rand_5 0.011948359
j1/rand_6 0.012129489
j1/rand_7 0.011976998
j1/rand_8 0.012065132
j1/rand_9 0.011980213
j2/rand_0 0.011961959
j2/rand_1 0.012140541
j2/rand_2 0.011993899
j2/rand_3 0.012053505
j2/rand_4 0.012087410
j2/rand_5 0.012001557
j2/rand_6 0.012188761
j2/rand_7 0.011982490
j2/rand_8 0.012157229
j2/rand_9 0.012037986
j3/rand_0 0.011929530
j3/rand_1 0.012227842
j3/rand_2 0.012065701
j3/rand_3 0.011867611
j3/rand_4 0.012188922
j3/rand_5 0.012028447
j3/rand_6 0.012054168
j3/rand_7 0.012219521
j3/rand_8 0.012023387
j3/rand_9 0.012145175
j4/rand_0 0.011897507
j4/rand_1 0.012085910
j4/rand_2 0.012130835
j4/rand_3 0.012108500
j4/rand_4 0.012032953
j4/rand_5 0.012175126
j4/rand_6 0.012057562
j4/rand_7 0.012083747
j4/rand_8 0.012048570
j4/rand_9 0.012004260
j5/rand_0 0.012091151
j5/rand_1 0.012019114
j5/rand_2 0.012011548
j5/rand_3 0.012149781
j5/rand_4 0.012068451
j5/rand_5 0.012067755
j5/rand_6 0.012029211
j5/rand_7 0.012187283
j5/rand_8 0.012092581
j5/rand_9 0.012072616
j6/rand_0 0.012009709
j6/rand_1 0.012330611
j6/rand_2 0.012077491
j6/rand_3 0.012049876
j6/rand_4 0.012215930
j6/rand_5 0.011982909
j6/rand_6 0.012204543
j6/rand_7 0.011974851
j6/rand_8 0.012248787
j6/rand_9 0.011997978
j7/rand_0 0.012275038
j7/rand_1 0.011955855
j7/rand_2 0.012094325
j7/rand_3 0.012301587
j7/rand_4 0.012172966
j7/rand_5 0.012059760
j7/rand_6 0.012128671
j7/rand_7 0.012185588
j7/rand_8 0.012015118
j7/rand_9 0.012007229
j8/rand_0 0.012221953
j8/rand_1 0.012068928
j8/rand_2 0.012083712
j8/rand_3 0.012044119
j8/rand_4 0.012348265
j8/rand_5 0.012113850
j8/rand_6 0.012267664
j8/rand_7 0.012069820
j8/rand_8 0.012082334
j8/rand_9 0.012282983
j9/rand_0 0.012191440
j9/rand_1 0.012009158
j9/rand_2 0.012095369
j9/rand_3 0.012303076
j9/rand_4 0.012072012
j9/rand_5 0.012099184
j9/rand_6 0.012052136
j9/rand_7 0.012231824
j9/rand_8 0.012062049
j9/rand_9 0.012100965
k0/rand_0 0.011998938
k0/rand_1 0.012428862
k0/rand_2 0.012206004
k0/rand_3 0.012128102
k0/rand_4 0.012074069
k0/rand_5 0.012300950
k0/rand_6 0.012042381
k0/rand_7 0.012129432
k0/rand_8 0.012303498
k0/rand_9 0.012102314
k1/rand_0 0.012503140
k1/rand_1 0.012123553
k1/rand_2 0.012100884
k1/rand_3 0.012332259
k1/rand_4 0.012137262
k1/rand_5 0.012316964
k1/rand_6 0.012040062
k1/rand_7 0.012266723
k1/rand_8 0.012094743
k1/rand_9 0.012091301
k2/rand_0 0.012429332
k2/rand_1 0.012157384
k2/rand_2 0.012133156
k2/rand_3 0.012301087
k2/rand_4 0.012145862
k2/rand_5 0.012303303
k2/rand_6 0.012126425
k2/rand_7 0.012112610
k2/rand_8 0.012072812
k2/rand_9 0.012270007
k3/rand_0 0.012106490
k3/rand_1 0.012335489
k3/rand_2 0.012095336
k3/rand_3 0.012293354
k3/rand_4 0.012104736
k3/rand_5 0.012337312
k3/rand_6 0.012081342
k3/rand_7 0.012382543
k3/rand_8 0.012110592
k3/rand_9 0.012183588
k4/rand_0 0.012183201
k4/rand_1 0.012170684
k4/rand_2 0.012184838
k4/rand_3 0.012522070
k4/rand_4 0.012223534
k4/rand_5 0.012165054
k4/rand_6 0.012227603
k4/rand_7 0.012178003
k4/rand_8 0.012380475
k4/rand_9 0.012199593
k5/rand_0 0.012138110
k5/rand_1 0.012388057
k5/rand_2 0.012182988
k5/rand_3 0.012096946
k5/rand_4 0.012372555
k5/rand_5 0.012172980
k5/rand_6 0.012327884
k5/rand_7 0.012167043
k5/rand_8 0.012334920
k5/rand_9 0.012182155
k6/rand_0 0.012357026
k6/rand_1 0.022272338
k6/rand_2 0.016133102
k6/rand_3 0.015331098
k6/rand_4 0.015565184
k6/rand_5 0.015437103
k6/rand_6 0.015551290
k6/rand_7 0.015717799
k6/rand_8 0.015575712
k6/rand_9 0.016869606
k7/rand_0 0.016319470
k7/rand_1 0.020600637
k7/rand_2 0.016598144
k7/rand_3 0.016577606
k7/rand_4 0.032494788
k7/rand_5 0.020885820
k7/rand_6 0.017006752
k7/rand_7 0.017351131
k7/rand_8 0.017625290
k7/rand_9 0.017558798
k8/rand_0 0.017225013
k8/rand_1 0.017375013
k8/rand_2 0.019875817
k8/rand_3 0.017451310
k8/rand_4 0.017626694
k8/rand_5 0.017946611
k8/rand_6 0.017866290
k8/rand_7 0.018195444
k8/rand_8 0.018073951
k8/rand_9 0.018217403
k9/rand_0 0.018301773
k9/rand_1 0.018499943
k9/rand_2 0.018691112
k9/rand_3 0.018855165
k9/rand_4 0.018859873
k9/rand_5 0.019056266
k9/rand_6 0.019726581
k9/rand_7 0.019715780
k9/rand_8 0.019744924
k9/rand_9 0.020515219
l0/rand_0 0.031271268
l0/rand_1 0.020402491
l0/rand_2 0.021178699
l0/rand_3 0.020961786
l0/rand_4 0.021088322
l0/rand_5 0.021392331
l0/rand_6 0.021447626
l0/rand_7 0.021698383
l0/rand_8 0.021718593
l0/rand_9 0.021733046
l1/rand_0 0.021828151
l1/rand_1 0.021988303
l1/rand_2 0.021990686
l1/rand_3 0.022118090
l1/rand_4 0.029275076
l1/rand_5 0.032082374
l1/rand_6 0.022399318
l1/rand_7 0.022915893
l1/rand_8 0.023629815
l1/rand_9 0.023695957
l2/rand_0 0.023578565
l2/rand_1 0.031714001
l2/rand_2 0.023973726
l2/rand_3 0.024469568
l2/rand_4 0.024675862
l2/rand_5 0.024799558
l2/rand_6 0.025211210
l2/rand_7 0.025882850
l2/rand_8 0.040783761
l2/rand_9 0.025377994
l3/rand_0 0.041323223
l3/rand_1 0.030212304
l3/rand_2 0.026185628
l3/rand_3 0.026749351
l3/rand_4 0.043173315
l3/rand_5 0.027906714
l3/rand_6 0.026816757
l3/rand_7 0.027007148
l3/rand_8 0.034495858
l3/rand_9 0.028688112
l4/rand_0 0.043566112
l4/rand_1 0.028730505
l4/rand_2 0.029018050
l4/rand_3 0.029211784
l4/rand_4 0.030043114
l4/rand_5 0.029588779
l4/rand_6 0.043283634
l4/rand_7 0.029750953
l4/rand_8 0.030840826
l4/rand_9 0.037912400
l5/rand_0 0.031070615
l5/rand_1 0.031651336
l5/rand_2 0.031821300
l5/rand_3 0.032279718
l5/rand_4 0.032768565
l5/rand_5 0.049851211
l5/rand_6 0.032742340
l5/rand_7 0.049356820
l5/rand_8 0.048899531
l5/rand_9 0.033966098
l6/rand_0 0.034202263
l6/rand_1 0.050732458
l6/rand_2 0.036257210
l6/rand_3 0.035480398
l6/rand_4 0.045553823
l6/rand_5 0.048381369
l6/rand_6 0.053055420
l6/rand_7 0.051641626
l6/rand_8 0.036922246
l6/rand_9 0.039007025
l7/rand_0 0.037777967
l7/rand_1 0.049618587
l7/rand_2 0.038987818
l7/rand_3 0.040011760
l7/rand_4 0.064672413
l7/rand_5 0.062293038
l7/rand_6 0.055373663
l7/rand_7 0.059228333
l7/rand_8 0.044950060
l7/rand_9 0.050729773
l8/rand_0 0.042762659
l8/rand_1 0.067215942
l8/rand_2 0.043792832
l8/rand_3 0.054333426
l8/rand_4 0.048980774
l8/rand_5 0.078593304
l8/rand_6 0.046078923
l8/rand_7 0.059503042
l8/rand_8 0.047696593
l8/rand_9 0.048203004
l9/rand_0 0.047992385
l9/rand_1 0.074365949
l9/rand_2 0.049849612
l9/rand_3 0.049886533
l9/rand_4 0.050692294
l9/rand_5 7.385925764
l9/rand_6 1.602523513
l9/rand_7 0.026471884
l9/rand_8 0.023380136
l9/rand_9 0.029175361
m0/rand_0 0.023868644
m0/rand_1 0.023687800
m0/rand_2 0.024501037
m0/rand_3 0.038388505
m0/rand_4 0.024504968
m0/rand_5 0.025232166
m0/rand_6 0.031370865
m0/rand_7 0.025496589
m0/rand_8 0.029856126
m0/rand_9 0.025381110
m1/rand_0 0.027988154
m1/rand_1 0.033563030
m1/rand_2 0.034945922
m1/rand_3 0.026829679
m1/rand_4 0.028139981
m1/rand_5 0.027574152
m1/rand_6 0.027604441
m1/rand_7 0.027906145
m1/rand_8 0.028631796
m1/rand_9 0.028476494
m2/rand_0 0.027990620
m2/rand_1 0.030967172
m2/rand_2 0.029018331
m2/rand_3 0.029615054
m2/rand_4 0.044599652
m2/rand_5 0.029370915
m2/rand_6 0.029852821
m2/rand_7 0.030129514
m2/rand_8 0.048220011
m2/rand_9 0.030657433
m3/rand_0 0.031926315
m3/rand_1 0.031393570
m3/rand_2 0.033088396
m3/rand_3 0.031572008
m3/rand_4 0.032508020
m3/rand_5 0.032686973
m3/rand_6 0.048624388
m3/rand_7 0.033504039
m3/rand_8 0.033881628
m3/rand_9 0.044173224
m4/rand_0 0.033371050
m4/rand_1 0.044070764
m4/rand_2 0.035018530
m4/rand_3 0.035653140
m4/rand_4 0.037324662
m4/rand_5 0.048994107
m4/rand_6 0.052672091
m4/rand_7 0.037259749
m4/rand_8 0.051793978
m4/rand_9 0.038629994
m5/rand_0 0.038104187
m5/rand_1 0.038230283
m5/rand_2 0.039222612
m5/rand_3 0.041128133
m5/rand_4 0.040422892
m5/rand_5 0.054083233
m5/rand_6 0.045977041
m5/rand_7 0.042306829
m5/rand_8 0.042547022
m5/rand_9 0.050335199
m6/rand_0 0.043367674
m6/rand_1 0.050852905
m6/rand_2 0.043852177
m6/rand_3 0.044988004
m6/rand_4 0.061279257
m6/rand_5 46.601071969
m6/rand_6 0.011937867
m6/rand_7 0.011924082
m6/rand_8 0.011867598
m6/rand_9 0.011821426
m7/rand_0 0.011888120
m7/rand_1 0.011851379
m7/rand_2 0.011820810
m7/rand_3 0.011816001
m7/rand_4 0.011868961
m7/rand_5 0.011866423
m7/rand_6 0.011826624
m7/rand_7 0.011793993
m7/rand_8 0.011836184
m7/rand_9 0.011896756
m8/rand_0 0.011877730
m8/rand_1 0.011806829
m8/rand_2 0.011905616
m8/rand_3 0.011862944
m8/rand_4 0.011791137
m8/rand_5 0.011888038
m8/rand_6 0.011827353
m8/rand_7 0.011838733
m8/rand_8 0.011783682
m8/rand_9 0.011870738
m9/rand_0 0.011890805
m9/rand_1 0.011870555
m9/rand_2 0.011807798
m9/rand_3 0.011856600
m9/rand_4 0.011860485
m9/rand_5 0.011875819
m9/rand_6 0.011807021
m9/rand_7 0.011857840
m9/rand_8 0.011858841
m9/rand_9 0.011862937
n0/rand_0 0.011823972
n0/rand_1 0.011868891
n0/rand_2 0.011858594
n0/rand_3 0.011860595
n0/rand_4 0.011805370
n0/rand_5 0.011864539
n0/rand_6 0.011883638
n0/rand_7 0.011867948
n0/rand_8 0.011810409
n0/rand_9 0.011853330
n1/rand_0 0.011944668
n1/rand_1 0.011859838
n1/rand_2 0.011873779
n1/rand_3 0.011932206
n1/rand_4 0.011892270
n1/rand_5 0.011892212
n1/rand_6 0.012160982
n1/rand_7 0.011870420
n1/rand_8 0.012118730
n1/rand_9 0.012003512
n2/rand_0 0.011950679
n2/rand_1 0.011982770
n2/rand_2 0.011823991
n2/rand_3 0.011804236
n2/rand_4 0.012023889
n2/rand_5 0.012009224
n2/rand_6 0.012336147
n2/rand_7 0.011968990
n2/rand_8 0.011825787
n2/rand_9 0.011966381
n3/rand_0 0.012092574
n3/rand_1 0.012096569
n3/rand_2 0.011869231
n3/rand_3 0.012101948
n3/rand_4 0.012031877
n3/rand_5 0.012144493
n3/rand_6 0.012447560
n3/rand_7 0.012523822
n3/rand_8 0.012338660
n3/rand_9 0.012559994
n4/rand_0 0.012347395
n4/rand_1 0.012453740
n4/rand_2 0.012353579
n4/rand_3 0.012667964
n4/rand_4 0.012250917
n4/rand_5 0.012266934
n4/rand_6 0.012438886
n4/rand_7 0.012433284
n4/rand_8 0.012502963
n4/rand_9 0.012320588
n5/rand_0 0.012185634
n5/rand_1 0.012392812
n5/rand_2 0.012376496
n5/rand_3 0.012402023
n5/rand_4 0.012700944
n5/rand_5 0.012343902
n5/rand_6 0.012465745
n5/rand_7 0.012302945
n5/rand_8 0.012395855
n5/rand_9 0.012342814
n6/rand_0 0.012274941
n6/rand_1 0.012448902
n6/rand_2 0.012279452
n6/rand_3 0.012381404
n6/rand_4 0.012299091
n6/rand_5 0.012460717
n6/rand_6 0.012371586
n6/rand_7 0.012366194
n6/rand_8 0.012259879
n6/rand_9 0.012495012
n7/rand_0 0.012582628
n7/rand_1 0.012331511
n7/rand_2 0.012312576
n7/rand_3 0.012368239
n7/rand_4 0.012399517
n7/rand_5 0.012427117
n7/rand_6 0.012368745
n7/rand_7 0.012450935
n7/rand_8 0.012494054
n7/rand_9 0.012617286
n8/rand_0 0.012278978
n8/rand_1 0.012507552
n8/rand_2 0.012399780
n8/rand_3 0.012605100
n8/rand_4 0.012454122
n8/rand_5 0.012560597
n8/rand_6 0.012504310
n8/rand_7 0.012505261
n8/rand_8 0.012376233
n8/rand_9 0.012523650
n9/rand_0 0.012489128
n9/rand_1 0.012484207
n9/rand_2 0.012418742
n9/rand_3 0.012425786
n9/rand_4 0.012357650
n9/rand_5 0.012421527
n9/rand_6 0.012327367
n9/rand_7 0.012571472
n9/rand_8 0.012411626
n9/rand_9 0.012426065
o0/rand_0 0.012288639
o0/rand_1 0.012491360
o0/rand_2 0.012319363
o0/rand_3 0.012346776
o0/rand_4 0.012605641
o0/rand_5 0.012427445
o0/rand_6 0.012358762
o0/rand_7 0.012933219
o0/rand_8 0.012377649
o0/rand_9 0.012502985
o1/rand_0 0.012271125
o1/rand_1 0.012490280
o1/rand_2 0.012292457
o1/rand_3 0.012575101
o1/rand_4 0.012385416
o1/rand_5 0.012545294
o1/rand_6 0.012438100
o1/rand_7 0.012443797
o1/rand_8 0.012494694
o1/rand_9 0.012493671
o2/rand_0 0.012405853
o2/rand_1 0.012435377
o2/rand_2 0.012544557
o2/rand_3 0.012529161
o2/rand_4 0.012444163
o2/rand_5 0.012501743
o2/rand_6 0.012481239
o2/rand_7 0.012326610
o2/rand_8 0.012548826
o2/rand_9 0.012473930
o3/rand_0 0.012390014
o3/rand_1 0.012507538
o3/rand_2 0.012515315
o3/rand_3 0.012502616
o3/rand_4 0.012521152
o3/rand_5 0.012477847
o3/rand_6 0.012493435
o3/rand_7 0.012393912
o3/rand_8 0.012558996
o3/rand_9 0.012434522
o4/rand_0 0.012387828
o4/rand_1 0.029398085
o4/rand_2 0.015896942
o4/rand_3 0.015992314
o4/rand_4 0.016197361
o4/rand_5 0.016075262
o4/rand_6 0.016031233
o4/rand_7 0.016500935
o4/rand_8 0.016554582
o4/rand_9 0.016403550
o5/rand_0 0.016156562
o5/rand_1 0.016768864
o5/rand_2 0.033589533
o5/rand_3 0.016969467
o5/rand_4 0.017106262
o5/rand_5 0.017367861
o5/rand_6 0.017484974
o5/rand_7 0.017585361
o5/rand_8 0.017693830
o5/rand_9 0.018092453
o6/rand_0 0.017711042
o6/rand_1 0.017962290
o6/rand_2 0.017867066
o6/rand_3 0.018236210
o6/rand_4 0.018394217
o6/rand_5 0.018610814
o6/rand_6 0.019210858
o6/rand_7 0.031755812
o6/rand_8 0.018498830
o6/rand_9 0.018361009
o7/rand_0 0.018526031
o7/rand_1 0.019116583
o7/rand_2 0.019474746
o7/rand_3 0.019638845
o7/rand_4 0.019632525
o7/rand_5 0.019285000
o7/rand_6 0.019445670
o7/rand_7 0.019618827
o7/rand_8 0.019558071
o7/rand_9 0.020482830
o8/rand_0 0.020387930
o8/rand_1 0.030311296
o8/rand_2 0.022262425
o8/rand_3 0.024160591
o8/rand_4 0.023930912
o8/rand_5 0.021575608
o8/rand_6 0.021681756
o8/rand_7 0.021784953
o8/rand_8 0.021825496
o8/rand_9 0.025861975
o9/rand_0 0.021665901
o9/rand_1 0.021599532
o9/rand_2 0.022478717
o9/rand_3 0.022821876
o9/rand_4 0.023202745
o9/rand_5 0.023324280
o9/rand_6 0.024925300
o9/rand_7 0.023586968
o9/rand_8 0.024040594
o9/rand_9 0.024279570
p0/rand_0 0.024291628
p0/rand_1 0.023856297
p0/rand_2 0.039852160
p0/rand_3 0.039858250
p0/rand_4 0.025700523
p0/rand_5 0.029030752
p0/rand_6 0.025153883
p0/rand_7 0.025634317
p0/rand_8 0.026430328
p0/rand_9 0.041392643
p1/rand_0 0.041734896
p1/rand_1 0.027513853
p1/rand_2 0.036573066
p1/rand_3 0.027039651
p1/rand_4 0.027391781
p1/rand_5 0.028097726
p1/rand_6 0.028262449
p1/rand_7 0.034139045
p1/rand_8 0.043843134
p1/rand_9 0.028736557
p2/rand_0 0.028922206
p2/rand_1 0.029407394
p2/rand_2 0.029404058
p2/rand_3 0.032364699
p2/rand_4 0.036437653
p2/rand_5 0.030079592
p2/rand_6 0.042869521
p2/rand_7 0.046275691
p2/rand_8 0.031841571
p2/rand_9 0.031631111
p3/rand_0 0.031991900
p3/rand_1 0.048692695
p3/rand_2 0.032710158
p3/rand_3 0.046149303
p3/rand_4 0.037603464
p3/rand_5 0.033413476
p3/rand_6 0.033769984
p3/rand_7 0.034402244
p3/rand_8 0.035068070
p3/rand_9 0.035926203
p4/rand_0 0.049757924
p4/rand_1 0.036340477
p4/rand_2 0.036587116
p4/rand_3 0.037105633
p4/rand_4 0.037965673
p4/rand_5 0.060919355
p4/rand_6 0.037767826
p4/rand_7 0.038561025
p4/rand_8 0.039269150
p4/rand_9 0.039683163
p5/rand_0 0.040215813
p5/rand_1 0.040985215
p5/rand_2 0.040811085
p5/rand_3 0.041461741
p5/rand_4 0.042201710
p5/rand_5 0.042240900
p5/rand_6 0.042586761
p5/rand_7 0.043968637
p5/rand_8 0.045870780
p5/rand_9 0.063338551
p6/rand_0 0.045054701
p6/rand_1 0.055562487
p6/rand_2 10.692483653
p6/rand_3 0.021167237
p6/rand_4 0.021390935
p6/rand_5 0.021702788
p6/rand_6 0.021631213
p6/rand_7 0.021772016
p6/rand_8 0.022103317
p6/rand_9 0.022207674
p7/rand_0 0.023295628
p7/rand_1 0.021713026
p7/rand_2 0.022266121
p7/rand_3 0.022363742
p7/rand_4 0.037804196
p7/rand_5 0.023202714
p7/rand_6 0.023468256
p7/rand_7 0.023373305
p7/rand_8 0.023772985
p7/rand_9 0.023362329
p8/rand_0 0.024235545
p8/rand_1 0.023575791
p8/rand_2 0.024556914
p8/rand_3 0.024069098
p8/rand_4 0.037900516
p8/rand_5 0.024420179
p8/rand_6 0.024914913
p8/rand_7 0.028488229
p8/rand_8 0.034040302
p8/rand_9 0.025763179
p9/rand_0 0.026173984
p9/rand_1 0.026241396
p9/rand_2 0.026508585
p9/rand_3 0.026713728
p9/rand_4 0.027033151
p9/rand_5 0.027335439
p9/rand_6 0.027854846
p9/rand_7 0.027946534
p9/rand_8 0.028032044
p9/rand_9 0.033423386
q0/rand_0 0.039026078
q0/rand_1 0.028787535
q0/rand_2 0.029064226
q0/rand_3 0.029248480
q0/rand_4 0.029579755
q0/rand_5 0.029534150
q0/rand_6 0.030086840
q0/rand_7 0.030189145
q0/rand_8 0.030443722
q0/rand_9 0.046179415
q1/rand_0 0.036897543
q1/rand_1 0.043314414
q1/rand_2 0.034153485
q1/rand_3 0.032399748
q1/rand_4 0.032879420
q1/rand_5 0.032763760
q1/rand_6 0.033670178
q1/rand_7 0.033380357
q1/rand_8 0.033961489
q1/rand_9 0.034048907
q2/rand_0 0.049448304
q2/rand_1 0.034285124
q2/rand_2 0.053571542
q2/rand_3 0.039839423
q2/rand_4 0.044579838
q2/rand_5 0.036063237
q2/rand_6 0.036948763
q2/rand_7 0.037828115
q2/rand_8 0.037596777
q2/rand_9 49.149792035
q3/rand_0 0.011891021
q3/rand_1 0.011908173
q3/rand_2 0.011849566
q3/rand_3 0.011860808
q3/rand_4 0.011809806
q3/rand_5 0.011865991
q3/rand_6 0.011886542
q3/rand_7 0.011858408
q3/rand_8 0.011808921
q3/rand_9 0.011870906
q4/rand_0 0.011899723
q4/rand_1 0.011870715
q4/rand_2 0.011822470
q4/rand_3 0.011870255
q4/rand_4 0.011869040
q4/rand_5 0.011877042
q4/rand_6 0.012207494
q4/rand_7 0.011876448
q4/rand_8 0.011853704
q4/rand_9 0.011854441
q5/rand_0 0.011834723
q5/rand_1 0.011865667
q5/rand_2 0.011866737
q5/rand_3 0.011869391
q5/rand_4 0.011810880
q5/rand_5 0.011865844
q5/rand_6 0.011888802
q5/rand_7 0.011866840
q5/rand_8 0.011807040
q5/rand_9 0.011868015
q6/rand_0 0.011893195
q6/rand_1 0.011844862
q6/rand_2 0.011825198
q6/rand_3 0.011923822
q6/rand_4 0.011873392
q6/rand_5 0.011795539
q6/rand_6 0.011865169
q6/rand_7 0.011860671
q6/rand_8 0.011866132
q6/rand_9 0.011807165
q7/rand_0 0.011889608
q7/rand_1 0.011866067
q7/rand_2 0.011877580
q7/rand_3 0.011784437
q7/rand_4 0.011858259
q7/rand_5 0.011853390
q7/rand_6 0.011864341
q7/rand_7 0.011812849
q7/rand_8 0.011879218
q7/rand_9 0.011860371
q8/rand_0 0.011883074
q8/rand_1 0.011807072
q8/rand_2 0.011867788
q8/rand_3 0.011860989
q8/rand_4 0.011902340
q8/rand_5 0.011822882
q8/rand_6 0.011872145
q8/rand_7 0.011866592
q8/rand_8 0.011868534
q8/rand_9 0.011808022
q9/rand_0 0.011900271
q9/rand_1 0.011862082
q9/rand_2 0.011837003
q9/rand_3 0.011830613
q9/rand_4 0.011856102
q9/rand_5 0.011860618
q9/rand_6 0.011938735
q9/rand_7 0.012271350
q9/rand_8 0.012393357
q9/rand_9 0.012441080
r0/rand_0 0.012205252
r0/rand_1 0.012337105
r0/rand_2 0.012383238
r0/rand_3 0.012307644
r0/rand_4 0.012193118
r0/rand_5 0.012207497
r0/rand_6 0.012224159
r0/rand_7 0.012158024
r0/rand_8 0.012182974
r0/rand_9 0.012219066
r1/rand_0 0.012272671
r1/rand_1 0.012258190
r1/rand_2 0.012261725
r1/rand_3 0.012353819
r1/rand_4 0.012116731
r1/rand_5 0.012334196
r1/rand_6 0.012186555
r1/rand_7 0.012173722
r1/rand_8 0.012413839
r1/rand_9 0.012332830
r2/rand_0 0.012114347
r2/rand_1 0.012242299
r2/rand_2 0.012307073
r2/rand_3 0.012180718
r2/rand_4 0.012216070
r2/rand_5 0.012408710
r2/rand_6 0.012201664
r2/rand_7 0.012207689
r2/rand_8 0.012398082
r2/rand_9 0.012546562
r3/rand_0 0.012304173
r3/rand_1 0.012104214
r3/rand_2 0.012295584
r3/rand_3 0.012129124
r3/rand_4 0.012221644
r3/rand_5 0.012271782
r3/rand_6 0.012180994
r3/rand_7 0.012178522
r3/rand_8 0.012310092
r3/rand_9 0.012185552
r4/rand_0 0.012160200
r4/rand_1 0.012255744
r4/rand_2 0.012122834
r4/rand_3 0.012305371
r4/rand_4 0.012273879
r4/rand_5 0.012218668
r4/rand_6 0.012336446
r4/rand_7 0.012284372
r4/rand_8 0.012247165
r4/rand_9 0.012461769
r5/rand_0 0.012083370
r5/rand_1 0.012224394
r5/rand_2 0.012283667
r5/rand_3 0.012278202
r5/rand_4 0.012242679
r5/rand_5 0.012285730
r5/rand_6 0.012105486
r5/rand_7 0.012307461
r5/rand_8 0.012176042
r5/rand_9 0.012403171
r6/rand_0 0.012217600
r6/rand_1 0.012341082
r6/rand_2 0.012389864
r6/rand_3 0.012332160
r6/rand_4 0.012214064
r6/rand_5 0.012363061
r6/rand_6 0.012257060
r6/rand_7 0.012201536
r6/rand_8 0.012374919
r6/rand_9 0.012320013
r7/rand_0 0.012293458
r7/rand_1 0.012169005
r7/rand_2 0.012351494
r7/rand_3 0.012442851
r7/rand_4 0.012338502
r7/rand_5 0.012397957
r7/rand_6 0.012232986
r7/rand_7 0.012331223
r7/rand_8 0.012309242
r7/rand_9 0.012314878
r8/rand_0 0.012338773
r8/rand_1 0.012232059
r8/rand_2 0.012266364
r8/rand_3 0.012218666
r8/rand_4 0.012285083
r8/rand_5 0.012280973
r8/rand_6 0.012289238
r8/rand_7 0.012253258
r8/rand_8 0.012373849
r8/rand_9 0.012315307
r9/rand_0 0.012238153
r9/rand_1 0.012338827
r9/rand_2 0.012262849
r9/rand_3 0.012433534
r9/rand_4 0.012491187
r9/rand_5 0.012339563
r9/rand_6 0.012246404
r9/rand_7 0.012286130
r9/rand_8 0.012511155
r9/rand_9 0.012299000
s0/rand_0 0.012386269
s0/rand_1 0.012358153
s0/rand_2 0.012220629
s0/rand_3 0.012452556
s0/rand_4 0.012560298
s0/rand_5 0.012206058
s0/rand_6 0.012465523
s0/rand_7 0.014496674
s0/rand_8 0.024186108
s0/rand_9 0.016912249
s1/rand_0 0.015789160
s1/rand_1 0.016067836
s1/rand_2 0.016297940
s1/rand_3 0.016057768
s1/rand_4 0.018842738
s1/rand_5 0.016164720
s1/rand_6 0.017456999
s1/rand_7 0.017345058
s1/rand_8 0.016252365
s1/rand_9 0.016414907
s2/rand_0 0.016485331
s2/rand_1 0.016642877
s2/rand_2 0.016723272
s2/rand_3 0.016866571
s2/rand_4 0.017512389
s2/rand_5 0.017317454
s2/rand_6 0.017650050
s2/rand_7 0.018121141
s2/rand_8 0.018030163
s2/rand_9 0.018667169
s3/rand_0 0.017668666
s3/rand_1 0.018345759
s3/rand_2 0.018910741
s3/rand_3 0.018148058
s3/rand_4 0.018210959
s3/rand_5 0.018444380
s3/rand_6 0.019805464
s3/rand_7 0.018693621
s3/rand_8 0.018880218
s3/rand_9 0.019018876
s4/rand_0 0.019136027
s4/rand_1 0.019701121
s4/rand_2 0.019954800
s4/rand_3 0.020031398
s4/rand_4 0.020399058
s4/rand_5 0.020636050
s4/rand_6 0.020719972
s4/rand_7 0.023116174
s4/rand_8 0.021699122
s4/rand_9 0.020602579
s5/rand_0 0.021087251
s5/rand_1 0.021491954
s5/rand_2 0.021723711
s5/rand_3 0.025298638
s5/rand_4 0.021502409
s5/rand_5 0.021792979
s5/rand_6 0.022314995
s5/rand_7 0.022648186
s5/rand_8 0.022856253
s5/rand_9 0.023122323
s6/rand_0 0.023990263
s6/rand_1 0.023413268
s6/rand_2 0.024005349
s6/rand_3 0.039103591
s6/rand_4 0.024307262
s6/rand_5 0.026618993
s6/rand_6 0.024117452
s6/rand_7 0.027616398
s6/rand_8 0.026010874
s6/rand_9 0.030939618
s7/rand_0 0.025073009
s7/rand_1 0.026157796
s7/rand_2 0.042650594
s7/rand_3 0.025783752
s7/rand_4 0.045817207
s7/rand_5 0.030143134
s7/rand_6 0.027016201
s7/rand_7 0.027728455
s7/rand_8 0.028200862
s7/rand_9 0.027414004
s8/rand_0 0.028862872
s8/rand_1 0.029631803
s8/rand_2 0.033740203
s8/rand_3 0.028583007
s8/rand_4 0.029503939
s8/rand_5 0.030880557
s8/rand_6 0.036228573
s8/rand_7 0.047314851
s8/rand_8 0.032365369
s8/rand_9 0.031435071
s9/rand_0 0.033558850
s9/rand_1 0.047616224
s9/rand_2 0.035708906
s9/rand_3 0.038571336
s9/rand_4 0.038593737
s9/rand_5 0.032762164
s9/rand_6 0.035354729
s9/rand_7 0.034666174
s9/rand_8 0.042084194
s9/rand_9 0.042844833
t0/rand_0 0.037109177
t0/rand_1 0.036819273
t0/rand_2 0.043309349
t0/rand_3 0.047958040
t0/rand_4 0.037355162
t0/rand_5 0.038080901
t0/rand_6 0.038280899
t0/rand_7 0.040066407
t0/rand_8 0.045716927
t0/rand_9 0.045679837
t1/rand_0 0.041180770
t1/rand_1 0.061650547
t1/rand_2 0.057324940
t1/rand_3 0.041729738
t1/rand_4 0.043080129
t1/rand_5 10.143162666
t1/rand_6 3.102368309
t1/rand_7 0.019741628
t1/rand_8 0.020245611
t1/rand_9 0.029311728
t2/rand_0 0.020229966
t2/rand_1 0.020752644
t2/rand_2 0.020538922
t2/rand_3 0.020816848
t2/rand_4 0.020384888
t2/rand_5 0.021036884
t2/rand_6 0.020896707
t2/rand_7 0.021662992
t2/rand_8 0.021842410
t2/rand_9 0.022029488
t3/rand_0 0.022987833
t3/rand_1 0.022409354
t3/rand_2 0.022561653
t3/rand_3 0.023479721
t3/rand_4 0.022797879
t3/rand_5 0.023163449
t3/rand_6 0.023084616
t3/rand_7 0.050832789
t3/rand_8 0.024501827
t3/rand_9 0.023301010
t4/rand_0 0.024587157
t4/rand_1 0.023402719
t4/rand_2 0.024182108
t4/rand_3 0.023724278
t4/rand_4 0.039190170
t4/rand_5 0.031939977
t4/rand_6 0.024330033
t4/rand_7 0.024440050
t4/rand_8 0.040030574
t4/rand_9 0.025396732
t5/rand_0 0.025855093
t5/rand_1 0.026079282
t5/rand_2 0.026314125
t5/rand_3 0.026563175
t5/rand_4 0.042744922
t5/rand_5 0.026358932
t5/rand_6 0.026272853
t5/rand_7 0.027196282
t5/rand_8 0.028231037
t5/rand_9 0.028322073
t6/rand_0 0.027459451
t6/rand_1 0.028730265
t6/rand_2 0.027930000
t6/rand_3 0.028285300
t6/rand_4 0.028381163
t6/rand_5 0.044448084
t6/rand_6 0.029325912
t6/rand_7 0.045619500
t6/rand_8 0.044556383
t6/rand_9 0.030413605
t7/rand_0 0.031039342
t7/rand_1 0.039085313
t7/rand_2 0.030957510
t7/rand_3 0.031395478
t7/rand_4 0.032688865
t7/rand_5 0.032612845
t7/rand_6 0.033074625
t7/rand_7 0.048933693
t7/rand_8 0.033319704
t7/rand_9 37.190164758
t8/rand_0 0.011975192
t8/rand_1 0.011902114
t8/rand_2 0.011807695
t8/rand_3 0.011846526
t8/rand_4 0.011860597
t8/rand_5 0.011932394
t8/rand_6 0.011793378
t8/rand_7 0.011816281
t8/rand_8 0.011874511
t8/rand_9 0.011962302
t9/rand_0 0.011917109
t9/rand_1 0.011958487
t9/rand_2 0.011970495
t9/rand_3 0.011943950
t9/rand_4 0.011915133
t9/rand_5 0.012031816
t9/rand_6 0.011957476
t9/rand_7 0.012097085
t9/rand_8 0.011944111
t9/rand_9 0.012022487
u0/rand_0 0.011962053
u0/rand_1 0.012034366
u0/rand_2 0.011970150
u0/rand_3 0.012049186
u0/rand_4 0.012067013
u0/rand_5 0.011951966
u0/rand_6 0.012037762
u0/rand_7 0.012040230
u0/rand_8 0.012088626
u0/rand_9 0.012152908
u1/rand_0 0.012026420
u1/rand_1 0.012035079
u1/rand_2 0.011970471
u1/rand_3 0.012067128
u1/rand_4 0.011963269
u1/rand_5 0.012021691
u1/rand_6 0.011890101
u1/rand_7 0.012058994
u1/rand_8 0.011899269
u1/rand_9 0.011994253
u2/rand_0 0.012182905
u2/rand_1 0.012056670
u2/rand_2 0.011962125
u2/rand_3 0.012161297
u2/rand_4 0.012123958
u2/rand_5 0.012008838
u2/rand_6 0.012139284
u2/rand_7 0.012061665
u2/rand_8 0.012035010
u2/rand_9 0.012204947
u3/rand_0 0.012112351
u3/rand_1 0.012093030
u3/rand_2 0.012078262
u3/rand_3 0.012134444
u3/rand_4 0.012144008
u3/rand_5 0.012152312
u3/rand_6 0.012133884
u3/rand_7 0.012125078
u3/rand_8 0.012089123
u3/rand_9 0.012460117
u4/rand_0 0.012084487
u4/rand_1 0.012152746
u4/rand_2 0.012158381
u4/rand_3 0.012153414
u4/rand_4 0.012141808
u4/rand_5 0.012070694
u4/rand_6 0.012061534
u4/rand_7 0.012219349
u4/rand_8 0.012005512
u4/rand_9 0.012135160
u5/rand_0 0.012284231
u5/rand_1 0.012058037
u5/rand_2 0.012424620
u5/rand_3 0.011996172
u5/rand_4 0.012125929
u5/rand_5 0.012037691
u5/rand_6 0.012052556
u5/rand_7 0.012008536
u5/rand_8 0.012364304
u5/rand_9 0.012084138
u6/rand_0 0.012037864
u6/rand_1 0.012136605
u6/rand_2 0.012270118
u6/rand_3 0.012072082
u6/rand_4 0.012140633
u6/rand_5 0.012359806
u6/rand_6 0.012109774
u6/rand_7 0.012346033
u6/rand_8 0.012161893
u6/rand_9 0.012044753
u7/rand_0 0.012398931
u7/rand_1 0.012077070
u7/rand_2 0.012333262
u7/rand_3 0.012062129
u7/rand_4 0.012104440
u7/rand_5 0.012366674
u7/rand_6 0.012111606
u7/rand_7 0.012055191
u7/rand_8 0.012362674
u7/rand_9 0.012136200
u8/rand_0 0.012415706
u8/rand_1 0.012075098
u8/rand_2 0.012129094
u8/rand_3 0.012348738
u8/rand_4 0.012143035
u8/rand_5 0.012355225
u8/rand_6 0.012146164
u8/rand_7 0.012196104
u8/rand_8 0.012382879
u8/rand_9 0.012176716
u9/rand_0 0.012413135
u9/rand_1 0.012210385
u9/rand_2 0.012132144
u9/rand_3 0.012335183
u9/rand_4 0.012101140
u9/rand_5 0.012177842
u9/rand_6 0.012430517
u9/rand_7 0.012124689
u9/rand_8 0.012379520
u9/rand_9 0.012112719
v0/rand_0 0.012117367
v0/rand_1 0.012374461
v0/rand_2 0.012124296
v0/rand_3 0.012122207
v0/rand_4 0.012401362
v0/rand_5 0.012107139
v0/rand_6 0.012224246
v0/rand_7 0.012170787
v0/rand_8 0.012408989
v0/rand_9 0.012128163
v1/rand_0 0.012399143
v1/rand_1 0.012142768
v1/rand_2 0.012190686
v1/rand_3 0.012427635
v1/rand_4 0.012493532
v1/rand_5 0.012505593
v1/rand_6 0.012743914
v1/rand_7 0.012464489
v1/rand_8 0.012751137
v1/rand_9 0.012372055
v2/rand_0 0.012411045
v2/rand_1 0.012707436
v2/rand_2 0.012399355
v2/rand_3 0.012735278
v2/rand_4 0.012454142
v2/rand_5 0.012465305
v2/rand_6 0.012675595
v2/rand_7 0.012478576
v2/rand_8 0.012696193
v2/rand_9 0.012435579
v3/rand_0 0.012400564
v3/rand_1 0.012667246
v3/rand_2 0.012485860
v3/rand_3 0.012738596
v3/rand_4 0.012272283
v3/rand_5 0.012148322
v3/rand_6 0.012411440
v3/rand_7 0.012168054
v3/rand_8 0.012383749
v3/rand_9 0.012436714
v4/rand_0 0.012444922
v4/rand_1 0.012688308
v4/rand_2 0.012424352
v4/rand_3 0.012699573
v4/rand_4 0.012445411
v4/rand_5 0.012448873
v4/rand_6 0.012809817
v4/rand_7 0.012568431
v4/rand_8 0.012466199
v4/rand_9 0.012758579
v5/rand_0 0.012405372
v5/rand_1 0.012371084
v5/rand_2 0.012641469
v5/rand_3 0.012458246
v5/rand_4 0.012697466
v5/rand_5 0.012410776
v5/rand_6 0.012444852
v5/rand_7 0.012647699
v5/rand_8 0.012346601
v5/rand_9 0.012462553
v6/rand_0 0.012647298
v6/rand_1 0.012347513
v6/rand_2 0.012706577
v6/rand_3 0.012433596
v6/rand_4 0.012461587
v6/rand_5 0.012667342
v6/rand_6 0.012364268
v6/rand_7 0.012753377
v6/rand_8 0.043693445
v6/rand_9 0.015566184
v7/rand_0 0.016502053
v7/rand_1 0.016087723
v7/rand_2 0.017423131
v7/rand_3 0.016036240
v7/rand_4 0.016442708
v7/rand_5 0.016844546
v7/rand_6 0.016639615
v7/rand_7 0.017060703
v7/rand_8 0.016946687
v7/rand_9 0.017165535
v8/rand_0 0.016687459
v8/rand_1 0.023642174
v8/rand_2 0.017144581
v8/rand_3 0.017537952
v8/rand_4 0.017801211
v8/rand_5 0.017607885
v8/rand_6 0.017990672
v8/rand_7 0.018076876
v8/rand_8 0.018071111
v8/rand_9 0.018247619
v9/rand_0 0.018264830
v9/rand_1 0.017919519
v9/rand_2 0.017717337
v9/rand_3 0.018131000
v9/rand_4 0.019258889
v9/rand_5 0.018957932
v9/rand_6 0.018508149
v9/rand_7 0.019771183
v9/rand_8 0.018739141
v9/rand_9 0.024678102
w0/rand_0 0.018657668
w0/rand_1 0.018996451
w0/rand_2 0.034941163
w0/rand_3 0.020092606
w0/rand_4 0.020360173
w0/rand_5 0.020201085
w0/rand_6 0.035774989
w0/rand_7 0.020519205
w0/rand_8 0.027913672
w0/rand_9 0.021016205
w1/rand_0 0.021176069
w1/rand_1 0.020620983
w1/rand_2 0.021330934
w1/rand_3 0.047566254
w1/rand_4 0.021023428
w1/rand_5 0.021735102
w1/rand_6 0.021928524
w1/rand_7 0.022177757
w1/rand_8 0.031158563
w1/rand_9 0.024966410
w2/rand_0 0.033903567
w2/rand_1 0.022715463
w2/rand_2 0.022312578
w2/rand_3 0.037992270
w2/rand_4 0.038085179
w2/rand_5 0.023458307
w2/rand_6 0.023211568
w2/rand_7 0.023908056
w2/rand_8 0.024138754
w2/rand_9 0.023380043
w3/rand_0 0.023951815
w3/rand_1 0.034629497
w3/rand_2 0.024508803
w3/rand_3 0.025005344
w3/rand_4 0.025230379
w3/rand_5 0.025916386
w3/rand_6 0.025282539
w3/rand_7 0.025448677
w3/rand_8 0.032565418
w3/rand_9 0.036014197
w4/rand_0 0.025604359
w4/rand_1 0.026353099
w4/rand_2 0.026711433
w4/rand_3 0.037220478
w4/rand_4 0.027751500
w4/rand_5 0.027042165
w4/rand_6 0.037125302
w4/rand_7 0.027670144
w4/rand_8 0.029418720
w4/rand_9 0.027972673
w5/rand_0 0.027899567
w5/rand_1 0.030807044
w5/rand_2 0.028828812
w5/rand_3 0.036879317
w5/rand_4 8.730103168
w5/rand_5 0.798798720
w5/rand_6 0.018408345
w5/rand_7 0.018512795
w5/rand_8 0.018714000
w5/rand_9 0.018853285
w6/rand_0 0.035109334
w6/rand_1 0.019859216
w6/rand_2 0.020573043
w6/rand_3 0.020610320
w6/rand_4 0.020408843
w6/rand_5 0.020581296
w6/rand_6 0.020664362
w6/rand_7 0.021011538
w6/rand_8 0.021397448
w6/rand_9 0.021240436
w7/rand_0 0.024551979
w7/rand_1 0.023434865
w7/rand_2 0.020871605
w7/rand_3 0.036820765
w7/rand_4 0.022103442
w7/rand_5 0.022276930
w7/rand_6 0.022492555
w7/rand_7 0.035772028
w7/rand_8 0.024799476
w7/rand_9 0.024787787
w8/rand_0 0.038633817
w8/rand_1 0.022627934
w8/rand_2 0.023248165
w8/rand_3 0.024801528
w8/rand_4 0.039012621
w8/rand_5 0.023836435
w8/rand_6 0.024035153
w8/rand_7 0.026465962
w8/rand_8 0.026271662
w8/rand_9 0.024639720
w9/rand_0 0.024853606
w9/rand_1 0.024939913
w9/rand_2 0.026603115
w9/rand_3 0.025655715
w9/rand_4 0.025985334
w9/rand_5 0.026205444
w9/rand_6 0.026503872
w9/rand_7 0.033338247
w9/rand_8 0.026722902
w9/rand_9 0.027390322
x0/rand_0 0.026735755
x0/rand_1 0.029859178
x0/rand_2 0.028183545
x0/rand_3 0.028205202
x0/rand_4 0.029684861
x0/rand_5 0.029095881
x0/rand_6 0.029908289
x0/rand_7 0.040447772
x0/rand_8 0.038461003
x0/rand_9 0.030444540
x1/rand_0 0.049790067
x1/rand_1 0.033746137
x1/rand_2 0.032021203
x1/rand_3 0.046744220
x1/rand_4 0.049064755
x1/rand_5 40.711728613
x1/rand_6 0.011919849
x1/rand_7 0.011916302
x1/rand_8 0.011834609
x1/rand_9 0.011952607
x2/rand_0 0.011922442
x2/rand_1 0.011840523
x2/rand_2 0.011850940
x2/rand_3 0.011804957
x2/rand_4 0.012031915
x2/rand_5 0.011833593
x2/rand_6 0.011894978
x2/rand_7 0.011811062
x2/rand_8 0.011908962
x2/rand_9 0.012009821
x3/rand_0 0.011862737
x3/rand_1 0.011809938
x3/rand_2 0.011881285
x3/rand_3 0.011847810
x3/rand_4 0.012025396
x3/rand_5 0.011813773
x3/rand_6 0.011854903
x3/rand_7 0.011894930
x3/rand_8 0.011869552
x3/rand_9 0.011936326
x4/rand_0 0.011909926
x4/rand_1 0.011870462
x4/rand_2 0.011838469
x4/rand_3 0.011813403
x4/rand_4 0.012024289
x4/rand_5 0.011875727
x4/rand_6 0.011844341
x4/rand_7 0.011821992
x4/rand_8 0.011870823
x4/rand_9 0.011965732
x5/rand_0 0.011843382
x5/rand_1 0.011806910
x5/rand_2 0.011876422
x5/rand_3 0.011847003
x5/rand_4 0.012150399
x5/rand_5 0.012067662
x5/rand_6 0.012121971
x5/rand_7 0.012071564
x5/rand_8 0.012644836
x5/rand_9 0.012355493
x6/rand_0 0.011983880
x6/rand_1 0.011816321
x6/rand_2 0.011961301
x6/rand_3 0.011803395
x6/rand_4 0.012015939
x6/rand_5 0.012188038
x6/rand_6 0.012208603
x6/rand_7 0.012201457
x6/rand_8 0.012171724
x6/rand_9 0.012390803
x7/rand_0 0.012261163
x7/rand_1 0.012302887
x7/rand_2 0.012250917
x7/rand_3 0.012345996
x7/rand_4 0.012346398
x7/rand_5 0.012137009
x7/rand_6 0.012444755
x7/rand_7 0.012542433
x7/rand_8 0.012660546
x7/rand_9 0.012661384
x8/rand_0 0.012835661
x8/rand_1 0.012832183
x8/rand_2 0.012495812
x8/rand_3 0.012790221
x8/rand_4 0.012784972
x8/rand_5 0.012562469
x8/rand_6 0.012697182
x8/rand_7 0.012734263
x8/rand_8 0.012771193
x8/rand_9 0.012785829
x9/rand_0 0.012684955
x9/rand_1 0.012640622
x9/rand_2 0.012604824
x9/rand_3 0.012752835
x9/rand_4 0.012883443
x9/rand_5 0.012627275
x9/rand_6 0.012571863
x9/rand_7 0.012829842
x9/rand_8 0.012574781
x9/rand_9 0.012880746
y0/rand_0 0.012561395
y0/rand_1 0.012604442
y0/rand_2 0.012712790
y0/rand_3 0.012687611
y0/rand_4 0.012874743
y0/rand_5 0.012473180
y0/rand_6 0.012738374
y0/rand_7 0.012612299
y0/rand_8 0.012671913
y0/rand_9 0.013057385
y1/rand_0 0.012668801
y1/rand_1 0.012679529
y1/rand_2 0.012672265
y1/rand_3 0.012514242
y1/rand_4 0.012895474
y1/rand_5 0.013821352
y1/rand_6 0.012724384
y1/rand_7 0.012605872
y1/rand_8 0.012763184
y1/rand_9 0.012715141
y2/rand_0 0.012545147
y2/rand_1 0.012746519
y2/rand_2 0.012652671
y2/rand_3 0.012678978
y2/rand_4 0.012899857
y2/rand_5 0.012740737
y2/rand_6 0.012645187
y2/rand_7 0.012671374
y2/rand_8 0.012731560
y2/rand_9 0.012899243
y3/rand_0 0.012522589
y3/rand_1 0.012735356
y3/rand_2 0.012649009
y3/rand_3 0.012617488
y3/rand_4 0.012830481
y3/rand_5 0.012700424
y3/rand_6 0.012631813
y3/rand_7 0.013124765
y3/rand_8 0.012607071
y3/rand_9 0.012681260
y4/rand_0 0.012413052
y4/rand_1 0.012425922
y4/rand_2 0.012332945
y4/rand_3 0.012372895
y4/rand_4 0.012758318
y4/rand_5 0.012609121
y4/rand_6 0.012659864
y4/rand_7 0.012741313
y4/rand_8 0.012645044
y4/rand_9 0.012904475
y5/rand_0 0.012678071
y5/rand_1 0.012543596
y5/rand_2 0.012727100
y5/rand_3 0.012749111
y5/rand_4 0.012957137
y5/rand_5 0.012746420
y5/rand_6 0.012729088
y5/rand_7 0.012724579
y5/rand_8 0.012792498
y5/rand_9 0.012939674
y6/rand_0 0.012666483
y6/rand_1 0.040005959
y6/rand_2 0.012897700
y6/rand_3 0.012783933
y6/rand_4 0.012956690
y6/rand_5 0.012785518
y6/rand_6 0.012646337
y6/rand_7 0.012666761
y6/rand_8 0.012705299
y6/rand_9 0.012845655
y7/rand_0 0.012639650
y7/rand_1 0.012742502
y7/rand_2 0.012658903
y7/rand_3 0.012773067
y7/rand_4 0.012859802
y7/rand_5 0.012886265
y7/rand_6 0.012466758
y7/rand_7 0.012747948
y7/rand_8 0.012684540
y7/rand_9 0.012955137
y8/rand_0 0.012668879
y8/rand_1 0.012571354
y8/rand_2 0.012685011
y8/rand_3 0.012707834
y8/rand_4 0.012834882
y8/rand_5 0.012714291
y8/rand_6 0.012737326
y8/rand_7 0.012523796
y8/rand_8 0.012663558
y8/rand_9 0.012984915
y9/rand_0 0.012636747
y9/rand_1 0.012618017
y9/rand_2 0.012796387
y9/rand_3 0.012784796
y9/rand_4 0.012946625
y9/rand_5 0.012617829
y9/rand_6 0.012771486
y9/rand_7 0.012765708
y9/rand_8 0.012742419
y9/rand_9 0.013089899
z0/rand_0 0.012676201
z0/rand_1 0.016993554
z0/rand_2 0.028912932
z0/rand_3 0.017471689
z0/rand_4 0.015533870
z0/rand_5 0.015695803
z0/rand_6 0.016400335
z0/rand_7 0.016555874
z0/rand_8 0.016492250
z0/rand_9 0.016993604
z1/rand_0 0.017288434
z1/rand_1 0.016820410
z1/rand_2 0.016937941
z1/rand_3 0.017054628
z1/rand_4 0.017138703
z1/rand_5 0.017186096
z1/rand_6 0.017539466
z1/rand_7 0.017713327
z1/rand_8 0.018000963
z1/rand_9 0.018015340
z2/rand_0 0.017781385
z2/rand_1 0.018003434
z2/rand_2 0.018257997
z2/rand_3 0.018388234
z2/rand_4 0.017858842
z2/rand_5 0.018610494
z2/rand_6 0.020631582
z2/rand_7 0.018449279
z2/rand_8 0.019651938
z2/rand_9 0.018603231
z3/rand_0 0.018632934
z3/rand_1 0.019331666
z3/rand_2 0.019490496
z3/rand_3 0.020150634
z3/rand_4 0.019633051
z3/rand_5 0.020103393
z3/rand_6 0.020185585
z3/rand_7 0.020639797
z3/rand_8 0.021019351
z3/rand_9 0.019957374
z4/rand_0 0.020174601
z4/rand_1 0.020581968
z4/rand_2 0.021050458
z4/rand_3 0.021143215
z4/rand_4 0.022391296
z4/rand_5 0.020893130
z4/rand_6 0.021080828
z4/rand_7 0.021391246
z4/rand_8 0.021785014
z4/rand_9 0.022365227
z5/rand_0 0.022383752
z5/rand_1 0.022605875
z5/rand_2 0.023468713
z5/rand_3 0.022792488
z5/rand_4 0.023176772
z5/rand_5 0.023899848
z5/rand_6 0.023120335
z5/rand_7 0.023748639
z5/rand_8 0.023670971
z5/rand_9 0.023542696
z6/rand_0 0.023636482
z6/rand_1 0.024355479
z6/rand_2 0.025469128
z6/rand_3 0.024085017
z6/rand_4 0.024313347
z6/rand_5 0.024839147
z6/rand_6 0.025000379
z6/rand_7 0.025784900
z6/rand_8 0.025951816
z6/rand_9 0.026484343
z7/rand_0 0.026965001
z7/rand_1 0.027188411
z7/rand_2 0.027132866
z7/rand_3 0.042884107
z7/rand_4 0.026903308
z7/rand_5 0.036376636
z7/rand_6 0.028753919
z7/rand_7 0.032750553
z7/rand_8 0.044049127
z7/rand_9 11.161620900
z8/rand_0 0.016476949
z8/rand_1 0.016321660
z8/rand_2 0.016945914
z8/rand_3 0.017314978
z8/rand_4 0.017369535
z8/rand_5 0.016936987
z8/rand_6 0.016951202
z8/rand_7 0.017201541
z8/rand_8 0.017012346
z8/rand_9 0.017599663
z9/rand_0 0.017932752
z9/rand_1 0.018815559
z9/rand_2 0.027657687
z9/rand_3 0.019081650
z9/rand_4 0.017977256
z9/rand_5 0.023827300
z9/rand_6 0.018170873
z9/rand_7 0.018264541
z9/rand_8 0.019258097
z9/rand_9 0.022979639
TOTAL_ELAPSED_TIME: 395.844074544 seconds
