1733515766.985277403
1733515766.986666781
1733515766.987779301
1733515766.988800511
1733515766.989861927
1733515766.990887375
1733515766.991926746
1733515766.993024919
1733515766.994105224
1733515766.995067401
1733515766.996049190
1733515766.997027279
1733515766.998056033
1733515766.999052692
1733515767.342710000
1733515767.102341600
1733515767.199660400
1733515767.299123900
1733515767.396629600
1733515767.492818300
1733515767.593813300
1733515767.690532600
1733515767.787763500
1733515767.893467600
1733515767.990986400
1733515767.108686660
1733515767.118234970
1733515767.128244030
1733515767.138246450
1733515767.148184160
1733515767.157963620
1733515767.167779040
1733515767.180705840
1733515767.190122770
1733515767.199620560
1733515767.209226520
1733515767.219101710
1733515767.228651330
1733515767.238787620
1733515767.247878780
1733515767.257424490
1733515767.266644320
1733515767.275571200
1733515767.284337740
1733515767.292776650
1733515767.300957260
1733515767.309793610
1733515767.318781890
1733515767.327987370
1733515767.337090740
1733515767.345994550
1733515767.354587500
1733515767.362748880
1733515767.370863490
1733515767.379918720
1733515767.388906350
1733515767.398399510
1733515767.407668700
1733515767.416313270
1733515767.424839050
1733515767.433356530
1733515767.441767340
1733515767.450105610
1733515767.459012310
1733515767.468227850
1733515767.477426930
1733515767.486213660
1733515767.494857940
1733515767.503092720
1733515767.511336610
1733515767.519968450
1733515767.528838480
1733515767.537752900
1733515767.546087760
1733515767.554428280
1733515767.562703710
1733515767.570706470
1733515767.579289830
1733515767.587927090
1733515767.596460200
1733515767.604679460
1733515767.613000050
1733515767.621097140
1733515767.629448730
1733515767.638379840
1733515767.647259650
1733515767.655745620
1733515767.663624360
1733515767.671626600
1733515767.679785110
1733515767.688302680
1733515767.696922530
1733515767.705760700
1733515767.714318260
1733515767.721958780
1733515767.733749990
1733515767.743665730
1733515767.751865570
1733515767.760187820
1733515767.768662400
