1734224104.495249000
1734224104.549052500
1734224104.603482500
1734224104.656752000
1734224104.710007500
1734224104.762760000
1734224104.815575500
1734224104.868621000
1734224104.921601500
1734224104.975265500
1734224105.294260000
1734224105.826115000
1734224105.134975000
1734224105.187446500
1734224105.240557000
1734224105.293402500
1734224105.346223000
1734224105.399415500
1734224105.453773000
1734224105.509172500
1734224105.562671500
1734224105.616167000
1734224105.669566500
1734224105.722985000
1734224105.776314500
1734224105.829987500
1734224105.883515000
1734224105.937364500
1734224105.990600000
1734224106.451090000
1734224106.988285000
1734224106.152533000
1734224106.206287000
1734224106.259447000
1734224106.314021000
1734224106.368194500
1734224106.421438500
1734224106.474969000
1734224106.528543500
1734224106.581705000
1734224106.635649500
1734224106.688848500
1734224106.742687000
1734224106.796222500
1734224106.850018500
1734224106.903082500
1734224106.957168500
1734224107.115125000
1734224107.653560000
1734224107.120078000
1734224107.173743500
1734224107.227038500
1734224107.280407000
1734224107.334309500
1734224107.387860500
1734224107.441774000
1734224107.495137000
1734224107.548360500
1734224107.601770000
1734224107.655236000
1734224107.708447500
1734224107.761932000
1734224107.816675500
1734224107.870023500
1734224107.923596500
1734224107.977646500
1734224108.320000000
1734224108.857460000
1734224108.139314000
1734224108.192358500
1734224108.246478500
1734224108.299750000
1734224108.353615000
1734224108.407343500
1734224108.461026500
1734224108.514269500
1734224108.568034500
1734224108.622358500
1734224108.676065500
1734224108.729561500
1734224108.783158500
1734224108.836914000
1734224108.890573500
1734224108.944836000
1734224108.998304500
1734224109.531220000
1734224109.107012500
1734224109.160234000
1734224109.213711000
1734224109.267306500
1734224109.320398000
1734224109.375244500
1734224109.429062500
1734224109.482348500
1734224109.535996000
1734224109.589133000
1734224109.642344000
1734224109.696139000
1734224109.749306500
1734224109.803059500
