dBUG : tried to load font "-xos4-terminus-medium-r-normal--16-160-72-72-c-80-iso10646-1"
Error 7 (BadFont (invalid Font parameter)): request 56.0
Error 15 (BadName (named color or font does not exist)): request 45.0
dBUG : we have an error code from XLoadFont() = 15
dBUG : tried to load font "-xos4-terminus-medium-r-normal--16-160-72-72-c-80-iso10646-1"
Error 15 (BadName (named color or font does not exist)): request 45.0
Error 1 (BadRequest (invalid request code or no such operation)): request 159.0
Error 16 (BadLength (poly request too large or internal Xlib length error)): request 3.0
Error 16 (BadLength (poly request too large or internal Xlib length error)): request 58.0
Error 3 (BadWindow (invalid Window parameter)): request 2.0
Error 16 (BadLength (poly request too large or internal Xlib length error)): request 42.0
Error 9 (BadDrawable (invalid Pixmap or Window parameter)): request 72.0
Error 9 (BadDrawable (invalid Pixmap or Window parameter)): request 66.0
Error 3 (BadWindow (invalid Window parameter)): request 2.0
Error 16 (BadLength (poly request too large or internal Xlib length error)): request 3.0
dBUG : we have an error code from XLoadFont() = 15
dBUG : tried to load font "-xos4-terminus-medium-r-normal--16-160-72-72-c-80-iso10646-1"
Error 15 (BadName (named color or font does not exist)): request 45.0
dBUG : we have an error code from XLoadFont() = 15
dBUG : tried to load font "-xos4-terminus-medium-r-normal--16-160-72-72-c-80-iso10646-1"
Error 15 (BadName (named color or font does not exist)): request 45.0
dBUG : we have an error code from XLoadFont() = 15
dBUG : tried to load font "-xos4-terminus-medium-r-normal--16-160-72-72-c-80-iso10646-1"
Error 15 (BadName (named color or font does not exist)): request 45.0
dBUG : we have an error code from XLoadFont() = 15
dBUG : tried to load font "-xos4-terminus-medium-r-normal--16-160-72-72-c-80-iso10646-1"
Error 15 (BadName (named color or font does not exist)): request 45.0
dBUG : we have an error code from XLoadFont() = 15
dBUG : tried to load font "-xos4-terminus-medium-r-normal--16-160-72-72-c-80-iso10646-1"
Error 15 (BadName (named color or font does not exist)): request 45.0
dBUG : we have an error code from XLoadFont() = 15
      scanline_pad = 32
                 }
PixmapFormat[02] {
             depth = 8
    bits_per_pixel = 8
      scanline_pad = 32
                 }
PixmapFormat[03] {
             depth = 15
    bits_per_pixel = 16
      scanline_pad = 32
                 }
PixmapFormat[04] {
             depth = 16
PixmapFormat[06] {
             depth = 32
    bits_per_pixel = 32
      scanline_pad = 32
                 }
------------------------------------------------
    ImageByteOrder returns LSBFirst
    BitmapBitOrder returns LSBFirst
------------------------------------------------
Error 15 (BadName (named color or font does not exist)): request 45.0
dBUG : we have an error code from XLoadFont() = 15
dBUG : tried to load font "-xos4-terminus-medium-r-normal--16-160-72-72-c-80-iso10646-1"
raw  [ 329  , 337  ]
left click
event registered, while mouse was at 329 337 
Error 15 (BadName (named color or font does not exist)): request 45.0
dBUG : we have an error code from XLoadFont() = 15
dBUG : tried to load font "-xos4-terminus-medium-r-normal--16-160-72-72-c-80-iso10646-1"
raw  [ 329  , 346  ]
right click
Error 15 (BadName (named color or font does not exist)): request 45.0
foobar = 0x3085e008e1e0
foobar.width  = 64
foobar.height = 64
foobar.byte_order       = LSBFirst
foobar.bitmap_bit_order = LSBFirst
foobar.bitmap_unit       = 32
event registered, while mouse was at 329 346 
try XGetImage() due to button3 right click
Error 15 (BadName (named color or font does not exist)): request 45.0
dBUG : we have an error code from XLoadFont() = 15
dBUG : tried to load font "-xos4-terminus-medium-r-normal--16-160-72-72-c-80-iso10646-1"
foobar = 0x3085e008e280
foobar.width  = 64
foobar.height = 64
foobar.byte_order       = LSBFirst
foobar.bitmap_bit_order = LSBFirst
foobar.bitmap_unit       = 32
Error 15 (BadName (named color or font does not exist)): request 45.0
dBUG : we have an error code from XLoadFont() = 15
dBUG : tried to load font "-xos4-terminus-medium-r-normal--16-160-72-72-c-80-iso10646-1"
raw  [ 287  , 451  ]
Middle click
event registered, while mouse was at 287 451 
Error 15 (BadName (named color or font does not exist)): request 45.0
dBUG : we have an error code from XLoadFont() = 15
dBUG : tried to load font "-xos4-terminus-medium-r-normal--16-160-72-72-c-80-iso10646-1"
Error 15 (BadName (named color or font does not exist)): request 45.0
dBUG : we have an error code from XLoadFont() = 15
dBUG : tried to load font "-xos4-terminus-medium-r-normal--16-160-72-72-c-80-iso10646-1"
'' was pressed
event registered, while mouse was at 349 301 
Error 15 (BadName (named color or font does not exist)): request 45.0
dBUG : we have an error code from XLoadFont() = 15
dBUG : tried to load font "-xos4-terminus-medium-r-normal--16-160-72-72-c-80-iso10646-1"
'' was pressed
Error 15 (BadName (named color or font does not exist)): request 45.0
dBUG : we have an error code from XLoadFont() = 15
dBUG : tried to load font "-xos4-terminus-medium-r-normal--16-160-72-72-c-80-iso10646-1"
'' was pressed
event registered, while mouse was at 562 320 
Error 15 (BadName (named color or font does not exist)): request 45.0
dBUG : we have an error code from XLoadFont() = 15
dBUG : tried to load font "-xos4-terminus-medium-r-normal--16-160-72-72-c-80-iso10646-1"
'c' was pressed
event registered, while mouse was at 562 320 
Error 15 (BadName (named color or font does not exist)): request 45.0
dBUG : we have an error code from XLoadFont() = 15
